HOME: /t3home/frejalom
USER: frejalom
SLURM_JOB_ID: 244294
HOSTNAME: t3wn60
CMSSW RELEASE BASE  /cvmfs/cms.cern.ch/slc7_amd64_gcc12/cms/cmssw/CMSSW_14_2_0_pre4
%MSG-i AlpakaService:  (NoModuleName) 02-Apr-2025 08:53:43 CEST pre-events
AlpakaServiceSerialSync succesfully initialised.
Found 1 device:
  - Intel(R) Xeon(R) Gold 6148 CPU @ 2.40GHz
%MSG
02-Apr-2025 08:53:49 CEST  Initiating request to open file root://t3dcachedb.psi.ch:1094///pnfs/psi.ch/cms/trivcat/store/user/werdmann/store/relval/CMSSW_14_2_0_pre4/RelValTTbar_14TeV/GEN-SIM-RECO/PU_141X_mcRun4_realistic_v3_STD_2026D110_PU-v2/2590000/e7004fb2-84f7-4ef2-9375-2c6783e6acb2.root
[2025-04-02 08:53:49.392316 +0200][Error  ][XRootDTransport   ][116289] [t3dcachedb.psi.ch:1094.0] Authentication with gsi failed: login failed
[2025-04-02 08:53:49.392395 +0200][Error  ][XRootDTransport   ][116289] [t3dcachedb.psi.ch:1094.0] No protocols left to try
[2025-04-02 08:53:49.392420 +0200][Error  ][AsyncSock         ][116289] [t3dcachedb.psi.ch:1094.0] Socket error while handshaking: [FATAL] Auth failed
[2025-04-02 08:53:49.392491 +0200][Error  ][PostMaster        ][116289] [t3dcachedb.psi.ch:1094] elapsed = 0, pConnectionWindow = 31 seconds.
[2025-04-02 08:53:49.392506 +0200][Error  ][PostMaster        ][116289] [t3dcachedb.psi.ch:1094] Unable to recover: [FATAL] Auth failed.
[2025-04-02 08:53:49.392520 +0200][Error  ][XRootD            ][116289] [t3dcachedb.psi.ch:1094] Impossible to send message kXR_prepare (flags: kXR_stage , priority: 0, paths: //pnfs/psi.ch/cms/trivcat/store/user/werdmann/store/relval/CMSSW_14_2_0_pre4/RelValTTbar_14TeV/GEN-SIM-RECO/PU_141X_mcRun4_realistic_v3_STD_2026D110_PU-v2/2590000/e7004fb2-84f7-4ef2-9375-2c6783e6acb2.root). Trying to recover.
[2025-04-02 08:53:49.392704 +0200][Error  ][XRootD            ][116289] [t3dcachedb.psi.ch:1094] Impossible to send message kXR_prepare (flags: kXR_stage , priority: 0, paths: //pnfs/psi.ch/cms/trivcat/store/user/werdmann/store/relval/CMSSW_14_2_0_pre4/RelValTTbar_14TeV/GEN-SIM-RECO/PU_141X_mcRun4_realistic_v3_STD_2026D110_PU-v2/2590000/f13dd1c9-4a96-4cc9-a502-5c0ab793e565.root). Trying to recover.
[2025-04-02 08:53:49.392745 +0200][Error  ][XRootD            ][116289] [t3dcachedb.psi.ch:1094] Impossible to send message kXR_prepare (flags: kXR_stage , priority: 0, paths: //pnfs/psi.ch/cms/trivcat/store/user/werdmann/store/relval/CMSSW_14_2_0_pre4/RelValTTbar_14TeV/GEN-SIM-RECO/PU_141X_mcRun4_realistic_v3_STD_2026D110_PU-v2/2590000/df54e383-9385-45c1-b889-e309ba2d3db3.root). Trying to recover.
[2025-04-02 08:53:49.392780 +0200][Error  ][XRootD            ][116289] [t3dcachedb.psi.ch:1094] Impossible to send message kXR_query (code: kXR_Qconfig, arg length: 9). Trying to recover.
[2025-04-02 08:53:50.447200 +0200][Error  ][XRootDTransport   ][116289] [t3dcachedb.psi.ch:1094.0] Authentication with gsi failed: login failed
[2025-04-02 08:53:50.447268 +0200][Error  ][XRootDTransport   ][116289] [t3dcachedb.psi.ch:1094.0] No protocols left to try
[2025-04-02 08:53:50.447287 +0200][Error  ][AsyncSock         ][116289] [t3dcachedb.psi.ch:1094.0] Socket error while handshaking: [FATAL] Auth failed
[2025-04-02 08:53:50.447326 +0200][Error  ][PostMaster        ][116289] [t3dcachedb.psi.ch:1094] elapsed = 0, pConnectionWindow = 31 seconds.
[2025-04-02 08:53:50.447337 +0200][Error  ][PostMaster        ][116289] [t3dcachedb.psi.ch:1094] Unable to recover: [FATAL] Auth failed.
[2025-04-02 08:53:50.447348 +0200][Error  ][XRootD            ][116289] [t3dcachedb.psi.ch:1094] Impossible to send message kXR_open (file: /pnfs/psi.ch/cms/trivcat/store/user/werdmann/store/relval/CMSSW_14_2_0_pre4/RelValTTbar_14TeV/GEN-SIM-RECO/PU_141X_mcRun4_realistic_v3_STD_2026D110_PU-v2/2590000/e7004fb2-84f7-4ef2-9375-2c6783e6acb2.root, mode: 0660, flags: kXR_open_read kXR_async kXR_retstat ). Trying to recover.
%MSG-w XrdAdaptorInternal:  file_open 02-Apr-2025 08:53:50 CEST pre-events
Failed to open file at URL root://t3dcachedb.psi.ch:1094//pnfs/psi.ch/cms/trivcat/store/user/werdmann/store/relval/CMSSW_14_2_0_pre4/RelValTTbar_14TeV/GEN-SIM-RECO/PU_141X_mcRun4_realistic_v3_STD_2026D110_PU-v2/2590000/e7004fb2-84f7-4ef2-9375-2c6783e6acb2.root?xrdcl.requuid=f3ff0942-72d1-4aae-834c-68a335ee5153.
%MSG
[2025-04-02 08:53:50.492245 +0200][Error  ][XRootDTransport   ][116289] [t3dcachedb.psi.ch:1094.0] Authentication with gsi failed: login failed
[2025-04-02 08:53:50.492302 +0200][Error  ][XRootDTransport   ][116289] [t3dcachedb.psi.ch:1094.0] No protocols left to try
[2025-04-02 08:53:50.492317 +0200][Error  ][AsyncSock         ][116289] [t3dcachedb.psi.ch:1094.0] Socket error while handshaking: [FATAL] Auth failed
[2025-04-02 08:53:50.492351 +0200][Error  ][PostMaster        ][116289] [t3dcachedb.psi.ch:1094] elapsed = 0, pConnectionWindow = 31 seconds.
[2025-04-02 08:53:50.492360 +0200][Error  ][PostMaster        ][116289] [t3dcachedb.psi.ch:1094] Unable to recover: [FATAL] Auth failed.
[2025-04-02 08:53:50.492370 +0200][Error  ][XRootD            ][116289] [t3dcachedb.psi.ch:1094] Impossible to send message kXR_open (file: /pnfs/psi.ch/cms/trivcat/store/user/werdmann/store/relval/CMSSW_14_2_0_pre4/RelValTTbar_14TeV/GEN-SIM-RECO/PU_141X_mcRun4_realistic_v3_STD_2026D110_PU-v2/2590000/e7004fb2-84f7-4ef2-9375-2c6783e6acb2.root?tried=, mode: 0660, flags: kXR_open_read kXR_async kXR_retstat ). Trying to recover.
%MSG-w XrdAdaptorInternal:  file_open 02-Apr-2025 08:53:50 CEST pre-events
Failed to open file at URL root://t3dcachedb.psi.ch:1094//pnfs/psi.ch/cms/trivcat/store/user/werdmann/store/relval/CMSSW_14_2_0_pre4/RelValTTbar_14TeV/GEN-SIM-RECO/PU_141X_mcRun4_realistic_v3_STD_2026D110_PU-v2/2590000/e7004fb2-84f7-4ef2-9375-2c6783e6acb2.root?tried=&xrdcl.requuid=2f79c995-8d9c-4491-be58-61ec43e09305.
%MSG
----- Begin Fatal Exception 02-Apr-2025 08:53:50 CEST-----------------------
An exception of category 'FileOpenError' occurred while
   [0] Constructing the EventProcessor
   [1] Constructing input source of type PoolSource
   [2] Calling RootInputFileSequence::initTheFile()
   [3] Calling StorageFactory::open()
   [4] Calling XrdFile::open()
Exception Message:
Failed to open the file 'root://t3dcachedb.psi.ch//pnfs/psi.ch/cms/trivcat/store/user/werdmann/store/relval/CMSSW_14_2_0_pre4/RelValTTbar_14TeV/GEN-SIM-RECO/PU_141X_mcRun4_realistic_v3_STD_2026D110_PU-v2/2590000/e7004fb2-84f7-4ef2-9375-2c6783e6acb2.root'
   Additional Info:
      [a] Input file root://t3dcachedb.psi.ch:1094///pnfs/psi.ch/cms/trivcat/store/user/werdmann/store/relval/CMSSW_14_2_0_pre4/RelValTTbar_14TeV/GEN-SIM-RECO/PU_141X_mcRun4_realistic_v3_STD_2026D110_PU-v2/2590000/e7004fb2-84f7-4ef2-9375-2c6783e6acb2.root could not be opened.
      [b] XrdCl::File::Open(name='root://t3dcachedb.psi.ch//pnfs/psi.ch/cms/trivcat/store/user/werdmann/store/relval/CMSSW_14_2_0_pre4/RelValTTbar_14TeV/GEN-SIM-RECO/PU_141X_mcRun4_realistic_v3_STD_2026D110_PU-v2/2590000/e7004fb2-84f7-4ef2-9375-2c6783e6acb2.root', flags=0x10, permissions=0660) => error '[FATAL] Auth failed: No protocols left to try' (errno=0, code=204). No additional data servers were found.
      [c] Last URL tried: root://t3dcachedb.psi.ch:1094//pnfs/psi.ch/cms/trivcat/store/user/werdmann/store/relval/CMSSW_14_2_0_pre4/RelValTTbar_14TeV/GEN-SIM-RECO/PU_141X_mcRun4_realistic_v3_STD_2026D110_PU-v2/2590000/e7004fb2-84f7-4ef2-9375-2c6783e6acb2.root?tried=&xrdcl.requuid=2f79c995-8d9c-4491-be58-61ec43e09305
      [d] Problematic data server: t3dcachedb.psi.ch:1094
      [e] Disabled source: t3dcachedb.psi.ch:1094
----- End Fatal Exception -------------------------------------------------
logfile
pv_cfg.py
cp: cannot stat 'pv.root': No such file or directory
