HOME: /t3home/msaxer
USER: msaxer
SLURM_JOB_ID: 367154
HOSTNAME: t3wn39
CMSSW RELEASE BASE  /cvmfs/cms.cern.ch/slc7_amd64_gcc12/cms/cmssw/CMSSW_14_1_0_pre7
%MSG-i AlpakaService:  (NoModuleName) 20-Nov-2024 17:05:10 CET pre-events
AlpakaServiceSerialSync succesfully initialised.
Found 1 device:
  - Intel(R) Xeon(R) CPU E5-2670 0 @ 2.60GHz
%MSG
20-Nov-2024 17:05:25 CET  Initiating request to open file root://xrootd-cms.infn.it//store/relval/CMSSW_14_1_0_pre7/RelValTTbar_14TeV/GEN-SIM-RECO/141X_mcRun4_realistic_v1_STD_2026D110_PU-v1/2580000/f1c0f125-807b-4bbb-92d8-04b49be031d6.root
20-Nov-2024 17:05:57 CET  Successfully opened file root://xrootd-cms.infn.it//store/relval/CMSSW_14_1_0_pre7/RelValTTbar_14TeV/GEN-SIM-RECO/141X_mcRun4_realistic_v1_STD_2026D110_PU-v1/2580000/f1c0f125-807b-4bbb-92d8-04b49be031d6.root
%MSG-w XrdAdaptorLvl3:  source 20-Nov-2024 17:06:22 CET PreSource
Deactivating st-096-hh151745.cern.ch from active sources because its quality (1319) is higher than 260 and 4 times larger than the other active server st-048-cc8199ad.cern.ch (87) 
%MSG
Begin processing the 1st record. Run 1, Event 5401, LumiSection 55 on stream 0 at 20-Nov-2024 17:06:22.920 CET
[2024-11-20 17:10:58.035733 +0100][Error  ][PostMaster        ][125634] [eoscms-ns-ip563.cern.ch:1098] Forcing error on disconnect: [ERROR] Operation interrupted.
