HOME: /t3home/msaxer
USER: msaxer
SLURM_JOB_ID: 154082
HOSTNAME: t3wn35
CMSSW RELEASE BASE 
%MSG-i AlpakaService:  (NoModuleName) 06-Dec-2024 08:43:23 CET pre-events
AlpakaServiceSerialSync succesfully initialised.
Found 1 device:
  - Intel(R) Xeon(R) CPU E5-2670 0 @ 2.60GHz
%MSG
06-Dec-2024 08:43:55 CET  Initiating request to open file root://t3dcachedb.psi.ch:1094///pnfs/psi.ch/cms/trivcat/store/user/werdmann/store/relval/CMSSW_14_1_0_pre7/RelValTTbar_14TeV/GEN-SIM-RECO/141X_mcRun4_realistic_v1_STD_2026D110_PU-v1/2580000/d7a7c619-06d6-451a-a1fc-9ca3e17e4e27.root
06-Dec-2024 08:44:30 CET  Successfully opened file root://t3dcachedb.psi.ch:1094///pnfs/psi.ch/cms/trivcat/store/user/werdmann/store/relval/CMSSW_14_1_0_pre7/RelValTTbar_14TeV/GEN-SIM-RECO/141X_mcRun4_realistic_v1_STD_2026D110_PU-v1/2580000/d7a7c619-06d6-451a-a1fc-9ca3e17e4e27.root
Begin processing the 1st record. Run 1, Event 8801, LumiSection 89 on stream 0 at 06-Dec-2024 08:45:01.101 CET
06-Dec-2024 08:53:41 CET  Closed file root://t3dcachedb.psi.ch:1094///pnfs/psi.ch/cms/trivcat/store/user/werdmann/store/relval/CMSSW_14_1_0_pre7/RelValTTbar_14TeV/GEN-SIM-RECO/141X_mcRun4_realistic_v1_STD_2026D110_PU-v1/2580000/d7a7c619-06d6-451a-a1fc-9ca3e17e4e27.root
06-Dec-2024 08:53:41 CET  Initiating request to open file root://xrootd-cms.infn.it//store/relval/CMSSW_14_1_0_pre7/RelValTTbar_14TeV/GEN-SIM-RECO/141X_mcRun4_realistic_v1_STD_2026D110_PU-v1/2580000/2424944d-f8a4-4e69-9ac5-1af16d48adbe.root
06-Dec-2024 08:53:44 CET  Successfully opened file root://xrootd-cms.infn.it//store/relval/CMSSW_14_1_0_pre7/RelValTTbar_14TeV/GEN-SIM-RECO/141X_mcRun4_realistic_v1_STD_2026D110_PU-v1/2580000/2424944d-f8a4-4e69-9ac5-1af16d48adbe.root
[2024-12-06 08:58:57.004526 +0100][Error  ][PostMaster        ][22659] [t3fs01.psi.ch:21677] Forcing error on disconnect: [ERROR] Operation interrupted.
[2024-12-06 08:59:08.759102 +0100][Error  ][PostMaster        ][22659] [eoscms-ns-ip700.cern.ch:1098] Forcing error on disconnect: [ERROR] Operation interrupted.
06-Dec-2024 09:05:16 CET  Closed file root://xrootd-cms.infn.it//store/relval/CMSSW_14_1_0_pre7/RelValTTbar_14TeV/GEN-SIM-RECO/141X_mcRun4_realistic_v1_STD_2026D110_PU-v1/2580000/2424944d-f8a4-4e69-9ac5-1af16d48adbe.root
06-Dec-2024 09:05:16 CET  Initiating request to open file root://xrootd-cms.infn.it//store/relval/CMSSW_14_1_0_pre7/RelValTTbar_14TeV/GEN-SIM-RECO/141X_mcRun4_realistic_v1_STD_2026D110_PU-v1/2580000/24e73678-1fb5-47f2-995e-b935934e7a15.root
06-Dec-2024 09:05:19 CET  Successfully opened file root://xrootd-cms.infn.it//store/relval/CMSSW_14_1_0_pre7/RelValTTbar_14TeV/GEN-SIM-RECO/141X_mcRun4_realistic_v1_STD_2026D110_PU-v1/2580000/24e73678-1fb5-47f2-995e-b935934e7a15.root
[2024-12-06 09:10:17.242126 +0100][Error  ][PostMaster        ][22659] [p06636710j43661.cern.ch:1095] Forcing error on disconnect: [ERROR] Operation interrupted.
[2024-12-06 09:10:17.242582 +0100][Error  ][PostMaster        ][22659] [p06636710s48830.cern.ch:1095] Forcing error on disconnect: [ERROR] Operation interrupted.
[2024-12-06 09:10:43.350135 +0100][Error  ][PostMaster        ][22659] [eoscms-ns-ip700.cern.ch:1098] Forcing error on disconnect: [ERROR] Operation interrupted.
[2024-12-06 09:13:07.035114 +0100][Error  ][PostMaster        ][22659] [t3dcachedb.psi.ch:1094] Forcing error on disconnect: [ERROR] Operation interrupted.
06-Dec-2024 09:16:44 CET  Closed file root://xrootd-cms.infn.it//store/relval/CMSSW_14_1_0_pre7/RelValTTbar_14TeV/GEN-SIM-RECO/141X_mcRun4_realistic_v1_STD_2026D110_PU-v1/2580000/24e73678-1fb5-47f2-995e-b935934e7a15.root
06-Dec-2024 09:16:44 CET  Initiating request to open file root://xrootd-cms.infn.it//store/relval/CMSSW_14_1_0_pre7/RelValTTbar_14TeV/GEN-SIM-RECO/141X_mcRun4_realistic_v1_STD_2026D110_PU-v1/2580000/862c7208-d9b6-4a31-b38c-d54a2f0625b0.root
06-Dec-2024 09:16:47 CET  Successfully opened file root://xrootd-cms.infn.it//store/relval/CMSSW_14_1_0_pre7/RelValTTbar_14TeV/GEN-SIM-RECO/141X_mcRun4_realistic_v1_STD_2026D110_PU-v1/2580000/862c7208-d9b6-4a31-b38c-d54a2f0625b0.root
%MSG-w XrdAdaptorLvl3:  PreProcPath MPV 06-Dec-2024 09:17:59 CET  Run: 1 Event: 7509
Deactivating p06636710v96864.cern.ch from active sources because the quality (5759) is above 5130 and it is not the only active server
%MSG
%MSG-w XrdAdaptorLvl3:  PreProcPath MPV 06-Dec-2024 09:17:59 CET  Run: 1 Event: 7509
Deactivating p06636710v96864.cern.ch from active sources because its quality (5759) is higher than 260 and 4 times larger than the other active server p06636710u87101.cern.ch (789) 
%MSG
[2024-12-06 09:21:45.070225 +0100][Error  ][PostMaster        ][22659] [st-096-100gb-ip313-4d084.cern.ch:1095] Forcing error on disconnect: [ERROR] Operation interrupted.
[2024-12-06 09:21:45.070790 +0100][Error  ][PostMaster        ][22659] [st-096-dd905bc9.cern.ch:1095] Forcing error on disconnect: [ERROR] Operation interrupted.
06-Dec-2024 09:28:41 CET  Closed file root://xrootd-cms.infn.it//store/relval/CMSSW_14_1_0_pre7/RelValTTbar_14TeV/GEN-SIM-RECO/141X_mcRun4_realistic_v1_STD_2026D110_PU-v1/2580000/862c7208-d9b6-4a31-b38c-d54a2f0625b0.root
06-Dec-2024 09:28:41 CET  Initiating request to open file root://xrootd-cms.infn.it//store/relval/CMSSW_14_1_0_pre7/RelValTTbar_14TeV/GEN-SIM-RECO/141X_mcRun4_realistic_v1_STD_2026D110_PU-v1/2580000/e0d06464-f0aa-4bfe-8fe0-49e1533b4dfc.root
06-Dec-2024 09:28:43 CET  Successfully opened file root://xrootd-cms.infn.it//store/relval/CMSSW_14_1_0_pre7/RelValTTbar_14TeV/GEN-SIM-RECO/141X_mcRun4_realistic_v1_STD_2026D110_PU-v1/2580000/e0d06464-f0aa-4bfe-8fe0-49e1533b4dfc.root
[2024-12-06 09:33:50.266332 +0100][Error  ][PostMaster        ][22659] [eoscms-ns-ip700.cern.ch:1098] Forcing error on disconnect: [ERROR] Operation interrupted.
[2024-12-06 09:33:56.272653 +0100][Error  ][PostMaster        ][22659] [p06636710u87101.cern.ch:1095] Forcing error on disconnect: [ERROR] Operation interrupted.
[2024-12-06 09:33:56.541118 +0100][Error  ][PostMaster        ][22659] [p06636710v96864.cern.ch:1095] Forcing error on disconnect: [ERROR] Operation interrupted.
06-Dec-2024 09:40:26 CET  Closed file root://xrootd-cms.infn.it//store/relval/CMSSW_14_1_0_pre7/RelValTTbar_14TeV/GEN-SIM-RECO/141X_mcRun4_realistic_v1_STD_2026D110_PU-v1/2580000/e0d06464-f0aa-4bfe-8fe0-49e1533b4dfc.root
06-Dec-2024 09:40:26 CET  Initiating request to open file root://xrootd-cms.infn.it//store/relval/CMSSW_14_1_0_pre7/RelValTTbar_14TeV/GEN-SIM-RECO/141X_mcRun4_realistic_v1_STD_2026D110_PU-v1/2580000/822a294d-79ed-46f1-b8e5-7fe51b316557.root
06-Dec-2024 09:40:28 CET  Successfully opened file root://xrootd-cms.infn.it//store/relval/CMSSW_14_1_0_pre7/RelValTTbar_14TeV/GEN-SIM-RECO/141X_mcRun4_realistic_v1_STD_2026D110_PU-v1/2580000/822a294d-79ed-46f1-b8e5-7fe51b316557.root
[2024-12-06 09:45:27.271298 +0100][Error  ][PostMaster        ][22659] [st-096-gg500gy4.cern.ch:1095] Forcing error on disconnect: [ERROR] Operation interrupted.
[2024-12-06 09:45:36.238140 +0100][Error  ][PostMaster        ][22659] [eoscms-ns-ip563.cern.ch:1098] Forcing error on disconnect: [ERROR] Operation interrupted.
[2024-12-06 09:45:41.764285 +0100][Error  ][PostMaster        ][22659] [st-096-ii2019bd.cern.ch:1095] Forcing error on disconnect: [ERROR] Operation interrupted.
[2024-12-06 09:45:42.812107 +0100][Error  ][PostMaster        ][22659] [eoscms-ns-ip700.cern.ch:1098] Forcing error on disconnect: [ERROR] Operation interrupted.
06-Dec-2024 09:51:42 CET  Closed file root://xrootd-cms.infn.it//store/relval/CMSSW_14_1_0_pre7/RelValTTbar_14TeV/GEN-SIM-RECO/141X_mcRun4_realistic_v1_STD_2026D110_PU-v1/2580000/822a294d-79ed-46f1-b8e5-7fe51b316557.root
06-Dec-2024 09:51:42 CET  Initiating request to open file root://xrootd-cms.infn.it//store/relval/CMSSW_14_1_0_pre7/RelValTTbar_14TeV/GEN-SIM-RECO/141X_mcRun4_realistic_v1_STD_2026D110_PU-v1/2580000/ffed9e1e-d406-43ef-b23b-17b63018d497.root
06-Dec-2024 09:51:44 CET  Successfully opened file root://xrootd-cms.infn.it//store/relval/CMSSW_14_1_0_pre7/RelValTTbar_14TeV/GEN-SIM-RECO/141X_mcRun4_realistic_v1_STD_2026D110_PU-v1/2580000/ffed9e1e-d406-43ef-b23b-17b63018d497.root
[2024-12-06 09:56:49.050408 +0100][Error  ][PostMaster        ][22659] [eoscms-ns-ip700.cern.ch:1098] Forcing error on disconnect: [ERROR] Operation interrupted.
[2024-12-06 09:56:57.691106 +0100][Error  ][PostMaster        ][22659] [st-096-ii201c4e.cern.ch:1095] Forcing error on disconnect: [ERROR] Operation interrupted.
[2024-12-06 09:56:57.691478 +0100][Error  ][PostMaster        ][22659] [st-096-ff809e4a.cern.ch:1095] Forcing error on disconnect: [ERROR] Operation interrupted.
06-Dec-2024 10:02:38 CET  Closed file root://xrootd-cms.infn.it//store/relval/CMSSW_14_1_0_pre7/RelValTTbar_14TeV/GEN-SIM-RECO/141X_mcRun4_realistic_v1_STD_2026D110_PU-v1/2580000/ffed9e1e-d406-43ef-b23b-17b63018d497.root
06-Dec-2024 10:02:38 CET  Initiating request to open file root://xrootd-cms.infn.it//store/relval/CMSSW_14_1_0_pre7/RelValTTbar_14TeV/GEN-SIM-RECO/141X_mcRun4_realistic_v1_STD_2026D110_PU-v1/2580000/06f06ac3-cc77-484d-9196-66e6784b7983.root
06-Dec-2024 10:02:40 CET  Successfully opened file root://xrootd-cms.infn.it//store/relval/CMSSW_14_1_0_pre7/RelValTTbar_14TeV/GEN-SIM-RECO/141X_mcRun4_realistic_v1_STD_2026D110_PU-v1/2580000/06f06ac3-cc77-484d-9196-66e6784b7983.root
[2024-12-06 10:07:47.179094 +0100][Error  ][PostMaster        ][22659] [eoscms-ns-ip700.cern.ch:1098] Forcing error on disconnect: [ERROR] Operation interrupted.
[2024-12-06 10:07:53.185284 +0100][Error  ][PostMaster        ][22659] [st-048-019593bf.cern.ch:1095] Forcing error on disconnect: [ERROR] Operation interrupted.
[2024-12-06 10:07:53.370123 +0100][Error  ][PostMaster        ][22659] [st-096-gg5005ps.cern.ch:1095] Forcing error on disconnect: [ERROR] Operation interrupted.
06-Dec-2024 10:13:54 CET  Closed file root://xrootd-cms.infn.it//store/relval/CMSSW_14_1_0_pre7/RelValTTbar_14TeV/GEN-SIM-RECO/141X_mcRun4_realistic_v1_STD_2026D110_PU-v1/2580000/06f06ac3-cc77-484d-9196-66e6784b7983.root
06-Dec-2024 10:13:54 CET  Initiating request to open file root://xrootd-cms.infn.it//store/relval/CMSSW_14_1_0_pre7/RelValTTbar_14TeV/GEN-SIM-RECO/141X_mcRun4_realistic_v1_STD_2026D110_PU-v1/2580000/c4141a74-679f-4de3-9bb4-2f52309ba3e2.root
06-Dec-2024 10:13:56 CET  Successfully opened file root://xrootd-cms.infn.it//store/relval/CMSSW_14_1_0_pre7/RelValTTbar_14TeV/GEN-SIM-RECO/141X_mcRun4_realistic_v1_STD_2026D110_PU-v1/2580000/c4141a74-679f-4de3-9bb4-2f52309ba3e2.root
[2024-12-06 10:19:09.438133 +0100][Error  ][PostMaster        ][22659] [st-096-dd905f33.cern.ch:1095] Forcing error on disconnect: [ERROR] Operation interrupted.
[2024-12-06 10:19:09.696107 +0100][Error  ][PostMaster        ][22659] [st-096-dd904d00.cern.ch:1095] Forcing error on disconnect: [ERROR] Operation interrupted.
[2024-12-06 10:19:19.701176 +0100][Error  ][PostMaster        ][22659] [eoscms-ns-ip700.cern.ch:1098] Forcing error on disconnect: [ERROR] Operation interrupted.
06-Dec-2024 10:25:28 CET  Closed file root://xrootd-cms.infn.it//store/relval/CMSSW_14_1_0_pre7/RelValTTbar_14TeV/GEN-SIM-RECO/141X_mcRun4_realistic_v1_STD_2026D110_PU-v1/2580000/c4141a74-679f-4de3-9bb4-2f52309ba3e2.root
06-Dec-2024 10:25:28 CET  Initiating request to open file root://xrootd-cms.infn.it//store/relval/CMSSW_14_1_0_pre7/RelValTTbar_14TeV/GEN-SIM-RECO/141X_mcRun4_realistic_v1_STD_2026D110_PU-v1/2580000/d033a93e-5073-4430-906e-26ad3edf7bf0.root
06-Dec-2024 10:25:31 CET  Successfully opened file root://xrootd-cms.infn.it//store/relval/CMSSW_14_1_0_pre7/RelValTTbar_14TeV/GEN-SIM-RECO/141X_mcRun4_realistic_v1_STD_2026D110_PU-v1/2580000/d033a93e-5073-4430-906e-26ad3edf7bf0.root
[2024-12-06 10:30:29.275110 +0100][Error  ][PostMaster        ][22659] [st-096-ii201bfc.cern.ch:1095] Forcing error on disconnect: [ERROR] Operation interrupted.
[2024-12-06 10:30:29.275810 +0100][Error  ][PostMaster        ][22659] [p06636710k97183.cern.ch:1095] Forcing error on disconnect: [ERROR] Operation interrupted.
[2024-12-06 10:30:54.369153 +0100][Error  ][PostMaster        ][22659] [eoscms-ns-ip700.cern.ch:1098] Forcing error on disconnect: [ERROR] Operation interrupted.
06-Dec-2024 10:36:36 CET  Closed file root://xrootd-cms.infn.it//store/relval/CMSSW_14_1_0_pre7/RelValTTbar_14TeV/GEN-SIM-RECO/141X_mcRun4_realistic_v1_STD_2026D110_PU-v1/2580000/d033a93e-5073-4430-906e-26ad3edf7bf0.root
TestAnalyzer::endJob: done
TimeReport> Time report complete in 6868.44 seconds
 Time Summary: 
 - Min event:   3.47098
 - Max event:   28.0524
 - Avg event:   5.45313
 - Total loop:  6713.11
 - Total init:  154.283
 - Total job:   6868.44
 - Total EventSetup: 22.8868
 - Total non-module: 95.5817
 Event Throughput: 0.148962 ev/s
 CPU Summary: 
 - Total loop:     4298.5
 - Total init:     64.3428
 - Total extra:    0
 - Total children: 0.212656
 - Total job:      4363.29
 Processing Summary: 
 - Number of Events:  1000
 - Number of Global Begin Lumi Calls:  10
 - Number of Global Begin Run Calls: 1


TrigReport ---------- Event  Summary ------------
TrigReport Events total = 1000 passed = 1000 failed = 0

TrigReport ---------- Path   Summary ------------
TrigReport  Trig Bit#   Executed     Passed     Failed      Error Name
TrigReport     1    0       1000       1000          0          0 MPV
TrigReport     1    1       1000       1000          0          0 analyze


TrigReport -------End-Path   Summary ------------
TrigReport  Trig Bit#   Executed     Passed     Failed      Error Name


TrigReport ---------- Modules in Path: MPV ------------
TrigReport  Trig Bit#    Visited     Passed     Failed      Error Name
TrigReport     1    0       1000       1000          0          0 testVertices


TrigReport ---------- Modules in Path: analyze ------------
TrigReport  Trig Bit#    Visited     Passed     Failed      Error Name
TrigReport     1    0       1000       1000          0          0 tpClusterProducer
TrigReport     1    1       1000       1000          0          0 quickTrackAssociatorByHits
TrigReport     1    2       1000       1000          0          0 trackingParticleRecoTrackAsssociation
TrigReport     1    3       1000       1000          0          0 oldVertexAnalysis


TrigReport ---------- Module Summary ------------
TrigReport    Visited   Executed     Passed     Failed      Error Name
TrigReport       1000       1000       1000          0          0 MPV
TrigReport       1000       1000       1000          0          0 TriggerResults
TrigReport       1000       1000       1000          0          0 analyze
TrigReport       1000       1000       1000          0          0 oldVertexAnalysis
TrigReport       1000       1000       1000          0          0 quickTrackAssociatorByHits
TrigReport       1000       1000       1000          0          0 testVertices
TrigReport       1000       1000       1000          0          0 tpClusterProducer
TrigReport       1000       1000       1000          0          0 trackingParticleRecoTrackAsssociation


TimeReport ---------- Event  Summary ---[sec]----
TimeReport       event loop CPU/event = 4.298505
TimeReport      event loop Real/event = 6.713120
TimeReport     sum Streams Real/event = 6.603981
TimeReport efficiency CPU/Real/thread = 0.640314

TimeReport ---------- Path   Summary ---[Real sec]----
TimeReport  per event     per exec  Name
TimeReport   5.452883     5.452883  MPV
TimeReport   5.453098     5.453098  analyze

TimeReport  per event     per exec  Name

TimeReport -------End-Path   Summary ---[Real sec]----
TimeReport  per event     per exec  Name

TimeReport  per event     per exec  Name

TimeReport ---------- Modules in Path: MPV ---[Real sec]----
TimeReport  per event    per visit  Name
TimeReport   1.008221     1.008221  testVertices


TimeReport ---------- Modules in Path: analyze ---[Real sec]----
TimeReport  per event    per visit  Name
TimeReport   1.231521     1.231521  tpClusterProducer
TimeReport   0.000012     0.000012  quickTrackAssociatorByHits
TimeReport   0.222939     0.222939  trackingParticleRecoTrackAsssociation
TimeReport   0.159988     0.159988  oldVertexAnalysis

TimeReport  per event    per visit  Name

TimeReport ---------- Module Summary ---[Real sec]----
TimeReport  per event     per exec    per visit  Name
TimeReport   0.000002     0.000002     0.000002  MPV
TimeReport   0.000003     0.000003     0.000003  TriggerResults
TimeReport   0.000014     0.000014     0.000014  analyze
TimeReport   0.159988     0.159988     0.159988  oldVertexAnalysis
TimeReport   0.000012     0.000012     0.000012  quickTrackAssociatorByHits
TimeReport   1.008221     1.008221     1.008221  testVertices
TimeReport   1.231521     1.231521     1.231521  tpClusterProducer
TimeReport   0.222939     0.222939     0.222939  trackingParticleRecoTrackAsssociation

TimeReport  per event     per exec    per visit  Name

T---Report end!


