HOME: /t3home/msaxer
USER: msaxer
SLURM_JOB_ID: 366735
HOSTNAME: t3wn31
CMSSW RELEASE BASE  /cvmfs/cms.cern.ch/slc7_amd64_gcc12/cms/cmssw/CMSSW_14_1_0_pre7
%MSG-i AlpakaService:  (NoModuleName) 19-Nov-2024 22:09:02 CET pre-events
AlpakaServiceSerialSync succesfully initialised.
Found 1 device:
  - Intel(R) Xeon(R) CPU E5-2670 0 @ 2.60GHz
%MSG
19-Nov-2024 22:09:25 CET  Initiating request to open file root://t3dcachedb.psi.ch:1094///pnfs/psi.ch/cms/trivcat/store/user/werdmann/store/relval/CMSSW_14_1_0_pre7/RelValUpsilon1SToMuMu_14/GEN-SIM-RECO/141X_mcRun4_realistic_v1_STD_2026D110_PU-v1/2580000/4e878f09-6b50-4210-8f3f-a83a4a020c83.root
