HOME: /t3home/msaxer
USER: msaxer
SLURM_JOB_ID: 485876
HOSTNAME: t3wn61
CMSSW RELEASE BASE  /cvmfs/cms.cern.ch/slc7_amd64_gcc12/cms/cmssw/CMSSW_14_1_0_pre7
%MSG-i AlpakaService:  (NoModuleName) 23-Oct-2024 12:43:39 CEST pre-events
AlpakaServiceSerialSync succesfully initialised.
Found 1 device:
  - Intel(R) Xeon(R) Gold 6148 CPU @ 2.40GHz
%MSG
23-Oct-2024 12:43:50 CEST  Initiating request to open file root://xrootd-cms.infn.it//store/relval/CMSSW_14_1_0_pre7/RelValTTbar_14TeV/GEN-SIM-RECO/141X_mcRun4_realistic_v1_STD_2026D110_PU-v1/2580000/ca2b0150-4479-4e20-ad78-808e792ab287.root
23-Oct-2024 12:44:38 CEST  Successfully opened file root://xrootd-cms.infn.it//store/relval/CMSSW_14_1_0_pre7/RelValTTbar_14TeV/GEN-SIM-RECO/141X_mcRun4_realistic_v1_STD_2026D110_PU-v1/2580000/ca2b0150-4479-4e20-ad78-808e792ab287.root
Begin processing the 1st record. Run 1, Event 2402, LumiSection 25 on stream 0 at 23-Oct-2024 12:45:05.738 CEST
[2024-10-23 12:49:06.663034 +0200][Error  ][PostMaster        ][243277] [eoscms-ns-ip700.cern.ch:1098] Forcing error on disconnect: [ERROR] Operation interrupted.
[2024-10-23 12:49:53.447641 +0200][Error  ][PostMaster        ][243277] [eoscms-ns-ip563.cern.ch:1098] Forcing error on disconnect: [ERROR] Operation interrupted.
23-Oct-2024 12:59:41 CEST  Closed file root://xrootd-cms.infn.it//store/relval/CMSSW_14_1_0_pre7/RelValTTbar_14TeV/GEN-SIM-RECO/141X_mcRun4_realistic_v1_STD_2026D110_PU-v1/2580000/ca2b0150-4479-4e20-ad78-808e792ab287.root
TestAnalyzer::endJob: done
TimeReport> Time report complete in 1020.48 seconds
 Time Summary: 
 - Min event:   6.06309
 - Max event:   49.0421
 - Avg event:   8.39365
 - Total loop:  877.072
 - Total init:  143.241
 - Total job:   1020.48
 - Total EventSetup: 39.4916
 - Total non-module: 9.39124
 Event Throughput: 0.114016 ev/s
 CPU Summary: 
 - Total loop:     823.991
 - Total init:     127.693
 - Total extra:    0
 - Total children: 0.262911
 - Total job:      951.852
 Processing Summary: 
 - Number of Events:  100
 - Number of Global Begin Lumi Calls:  1
 - Number of Global Begin Run Calls: 1


TrigReport ---------- Event  Summary ------------
TrigReport Events total = 100 passed = 100 failed = 0

TrigReport ---------- Path   Summary ------------
TrigReport  Trig Bit#   Executed     Passed     Failed      Error Name
TrigReport     1    0        100        100          0          0 MPV
TrigReport     1    1        100        100          0          0 analyze


TrigReport -------End-Path   Summary ------------
TrigReport  Trig Bit#   Executed     Passed     Failed      Error Name


TrigReport ---------- Modules in Path: MPV ------------
TrigReport  Trig Bit#    Visited     Passed     Failed      Error Name
TrigReport     1    0        100        100          0          0 testVertices


TrigReport ---------- Modules in Path: analyze ------------
TrigReport  Trig Bit#    Visited     Passed     Failed      Error Name
TrigReport     1    0        100        100          0          0 tpClusterProducer
TrigReport     1    1        100        100          0          0 quickTrackAssociatorByHits
TrigReport     1    2        100        100          0          0 trackingParticleRecoTrackAsssociation
TrigReport     1    3        100        100          0          0 oldVertexAnalysis


TrigReport ---------- Module Summary ------------
TrigReport    Visited   Executed     Passed     Failed      Error Name
TrigReport        100        100        100          0          0 MPV
TrigReport        100        100        100          0          0 TriggerResults
TrigReport        100        100        100          0          0 analyze
TrigReport        100        100        100          0          0 oldVertexAnalysis
TrigReport        100        100        100          0          0 quickTrackAssociatorByHits
TrigReport        100        100        100          0          0 testVertices
TrigReport        100        100        100          0          0 tpClusterProducer
TrigReport        100        100        100          0          0 trackingParticleRecoTrackAsssociation


TimeReport ---------- Event  Summary ---[sec]----
TimeReport       event loop CPU/event = 8.240022
TimeReport      event loop Real/event = 8.770837
TimeReport     sum Streams Real/event = 8.670617
TimeReport efficiency CPU/Real/thread = 0.939480

TimeReport ---------- Path   Summary ---[Real sec]----
TimeReport  per event     per exec  Name
TimeReport   8.389565     8.389565  MPV
TimeReport   8.393589     8.393589  analyze

TimeReport  per event     per exec  Name

TimeReport -------End-Path   Summary ---[Real sec]----
TimeReport  per event     per exec  Name

TimeReport  per event     per exec  Name

TimeReport ---------- Modules in Path: MPV ---[Real sec]----
TimeReport  per event    per visit  Name
TimeReport   0.626505     0.626505  testVertices


TimeReport ---------- Modules in Path: analyze ---[Real sec]----
TimeReport  per event    per visit  Name
TimeReport   2.726305     2.726305  tpClusterProducer
TimeReport   0.000020     0.000020  quickTrackAssociatorByHits
TimeReport   0.540965     0.540965  trackingParticleRecoTrackAsssociation
TimeReport   0.322138     0.322138  oldVertexAnalysis

TimeReport  per event    per visit  Name

TimeReport ---------- Module Summary ---[Real sec]----
TimeReport  per event     per exec    per visit  Name
TimeReport   0.000003     0.000003     0.000003  MPV
TimeReport   0.000006     0.000006     0.000006  TriggerResults
TimeReport   0.000019     0.000019     0.000019  analyze
TimeReport   0.322138     0.322138     0.322138  oldVertexAnalysis
TimeReport   0.000020     0.000020     0.000020  quickTrackAssociatorByHits
TimeReport   0.626505     0.626505     0.626505  testVertices
TimeReport   2.726305     2.726305     2.726305  tpClusterProducer
TimeReport   0.540965     0.540965     0.540965  trackingParticleRecoTrackAsssociation

TimeReport  per event     per exec    per visit  Name

T---Report end!


