HOME: /t3home/msaxer
USER: msaxer
SLURM_JOB_ID: 486036
HOSTNAME: t3wn72
CMSSW RELEASE BASE  /cvmfs/cms.cern.ch/slc7_amd64_gcc12/cms/cmssw/CMSSW_14_1_0_pre7
%MSG-i AlpakaService:  (NoModuleName) 23-Oct-2024 13:15:17 CEST pre-events
AlpakaServiceSerialSync succesfully initialised.
Found 1 device:
  - AMD EPYC 7702P 64-Core Processor
%MSG
23-Oct-2024 13:15:23 CEST  Initiating request to open file root://xrootd-cms.infn.it//store/relval/CMSSW_14_1_0_pre7/RelValTTbar_14TeV/GEN-SIM-RECO/141X_mcRun4_realistic_v1_STD_2026D110_PU-v1/2580000/9b91e551-3e2a-43b0-8bc6-d6e3407dd824.root
23-Oct-2024 13:15:50 CEST  Successfully opened file root://xrootd-cms.infn.it//store/relval/CMSSW_14_1_0_pre7/RelValTTbar_14TeV/GEN-SIM-RECO/141X_mcRun4_realistic_v1_STD_2026D110_PU-v1/2580000/9b91e551-3e2a-43b0-8bc6-d6e3407dd824.root
%MSG-w XrdAdaptorLvl3:  source 23-Oct-2024 13:16:08 CEST PreSource
Deactivating st-096-gg50030i.cern.ch from active sources because its quality (281) is higher than 260 and 4 times larger than the other active server st-096-100gb-ip310-722bd.cern.ch (15) 
%MSG
Begin processing the 1st record. Run 1, Event 901, LumiSection 10 on stream 0 at 23-Oct-2024 13:16:08.249 CEST
[2024-10-23 13:21:05.376367 +0200][Error  ][PostMaster        ][83828] [eoscms-ns-ip700.cern.ch:1098] Forcing error on disconnect: [ERROR] Operation interrupted.
23-Oct-2024 13:25:48 CEST  Closed file root://xrootd-cms.infn.it//store/relval/CMSSW_14_1_0_pre7/RelValTTbar_14TeV/GEN-SIM-RECO/141X_mcRun4_realistic_v1_STD_2026D110_PU-v1/2580000/9b91e551-3e2a-43b0-8bc6-d6e3407dd824.root
TestAnalyzer::endJob: done
TimeReport> Time report complete in 654.944 seconds
 Time Summary: 
 - Min event:   4.08663
 - Max event:   26.961
 - Avg event:   5.24787
 - Total loop:  581.278
 - Total init:  73.5653
 - Total job:   654.944
 - Total EventSetup: 22.4878
 - Total non-module: 5.74231
 Event Throughput: 0.172035 ev/s
 CPU Summary: 
 - Total loop:     490.784
 - Total init:     69.3905
 - Total extra:    0
 - Total children: 0.143816
 - Total job:      560.271
 Processing Summary: 
 - Number of Events:  100
 - Number of Global Begin Lumi Calls:  1
 - Number of Global Begin Run Calls: 1


TrigReport ---------- Event  Summary ------------
TrigReport Events total = 100 passed = 100 failed = 0

TrigReport ---------- Path   Summary ------------
TrigReport  Trig Bit#   Executed     Passed     Failed      Error Name
TrigReport     1    0        100        100          0          0 MPV
TrigReport     1    1        100        100          0          0 analyze


TrigReport -------End-Path   Summary ------------
TrigReport  Trig Bit#   Executed     Passed     Failed      Error Name


TrigReport ---------- Modules in Path: MPV ------------
TrigReport  Trig Bit#    Visited     Passed     Failed      Error Name
TrigReport     1    0        100        100          0          0 testVertices


TrigReport ---------- Modules in Path: analyze ------------
TrigReport  Trig Bit#    Visited     Passed     Failed      Error Name
TrigReport     1    0        100        100          0          0 tpClusterProducer
TrigReport     1    1        100        100          0          0 quickTrackAssociatorByHits
TrigReport     1    2        100        100          0          0 trackingParticleRecoTrackAsssociation
TrigReport     1    3        100        100          0          0 oldVertexAnalysis


TrigReport ---------- Module Summary ------------
TrigReport    Visited   Executed     Passed     Failed      Error Name
TrigReport        100        100        100          0          0 MPV
TrigReport        100        100        100          0          0 TriggerResults
TrigReport        100        100        100          0          0 analyze
TrigReport        100        100        100          0          0 oldVertexAnalysis
TrigReport        100        100        100          0          0 quickTrackAssociatorByHits
TrigReport        100        100        100          0          0 testVertices
TrigReport        100        100        100          0          0 tpClusterProducer
TrigReport        100        100        100          0          0 trackingParticleRecoTrackAsssociation


TimeReport ---------- Event  Summary ---[sec]----
TimeReport       event loop CPU/event = 4.907919
TimeReport      event loop Real/event = 5.812868
TimeReport     sum Streams Real/event = 5.751187
TimeReport efficiency CPU/Real/thread = 0.844320

TimeReport ---------- Path   Summary ---[Real sec]----
TimeReport  per event     per exec  Name
TimeReport   5.246049     5.246049  MPV
TimeReport   5.247841     5.247841  analyze

TimeReport  per event     per exec  Name

TimeReport -------End-Path   Summary ---[Real sec]----
TimeReport  per event     per exec  Name

TimeReport  per event     per exec  Name

TimeReport ---------- Modules in Path: MPV ---[Real sec]----
TimeReport  per event    per visit  Name
TimeReport   0.388695     0.388695  testVertices


TimeReport ---------- Modules in Path: analyze ---[Real sec]----
TimeReport  per event    per visit  Name
TimeReport   1.755592     1.755592  tpClusterProducer
TimeReport   0.000015     0.000015  quickTrackAssociatorByHits
TimeReport   0.319491     0.319491  trackingParticleRecoTrackAsssociation
TimeReport   0.190079     0.190079  oldVertexAnalysis

TimeReport  per event    per visit  Name

TimeReport ---------- Module Summary ---[Real sec]----
TimeReport  per event     per exec    per visit  Name
TimeReport   0.000002     0.000002     0.000002  MPV
TimeReport   0.000003     0.000003     0.000003  TriggerResults
TimeReport   0.000014     0.000014     0.000014  analyze
TimeReport   0.190079     0.190079     0.190079  oldVertexAnalysis
TimeReport   0.000015     0.000015     0.000015  quickTrackAssociatorByHits
TimeReport   0.388695     0.388695     0.388695  testVertices
TimeReport   1.755592     1.755592     1.755592  tpClusterProducer
TimeReport   0.319491     0.319491     0.319491  trackingParticleRecoTrackAsssociation

TimeReport  per event     per exec    per visit  Name

T---Report end!


