HOME: /t3home/msaxer
USER: msaxer
SLURM_JOB_ID: 277552
HOSTNAME: t3wn73
CMSSW RELEASE BASE  /cvmfs/cms.cern.ch/slc7_amd64_gcc12/cms/cmssw/CMSSW_14_1_0_pre7
%MSG-i AlpakaService:  (NoModuleName) 18-Oct-2024 00:48:35 CEST pre-events
AlpakaServiceSerialSync succesfully initialised.
Found 1 device:
  - AMD EPYC 7702P 64-Core Processor
%MSG
18-Oct-2024 00:48:44 CEST  Initiating request to open file root://xrootd-cms.infn.it//store/relval/CMSSW_14_1_0_pre7/RelValTTbar_14TeV/GEN-SIM-RECO/141X_mcRun4_realistic_v1_STD_2026D110_PU-v1/2580000/0f43112a-6f54-450a-a343-0d8b3aa72eb1.root
18-Oct-2024 00:49:21 CEST  Successfully opened file root://xrootd-cms.infn.it//store/relval/CMSSW_14_1_0_pre7/RelValTTbar_14TeV/GEN-SIM-RECO/141X_mcRun4_realistic_v1_STD_2026D110_PU-v1/2580000/0f43112a-6f54-450a-a343-0d8b3aa72eb1.root
%MSG-w XrdAdaptorLvl3:  source 18-Oct-2024 00:49:49 CEST PreSource
Deactivating st-096-ii2019bd.cern.ch from active sources because its quality (1764) is higher than 260 and 4 times larger than the other active server st-096-100gb-ip313-4d084.cern.ch (83) 
%MSG
Begin processing the 1st record. Run 1, Event 5001, LumiSection 51 on stream 0 at 18-Oct-2024 00:49:49.200 CEST
18-Oct-2024 01:02:00 CEST  Closed file root://xrootd-cms.infn.it//store/relval/CMSSW_14_1_0_pre7/RelValTTbar_14TeV/GEN-SIM-RECO/141X_mcRun4_realistic_v1_STD_2026D110_PU-v1/2580000/0f43112a-6f54-450a-a343-0d8b3aa72eb1.root
TestAnalyzer::endJob: done
TimeReport> Time report complete in 835.986 seconds
 Time Summary: 
 - Min event:   4.74112
 - Max event:   37.6587
 - Avg event:   6.51893
 - Total loop:  734.163
 - Total init:  101.637
 - Total job:   835.986
 - Total EventSetup: 31.2495
 - Total non-module: 13.4868
 Event Throughput: 0.136209 ev/s
 CPU Summary: 
 - Total loop:     615.06
 - Total init:     93.9668
 - Total extra:    0
 - Total children: 0.193901
 - Total job:      709.199
 Processing Summary: 
 - Number of Events:  100
 - Number of Global Begin Lumi Calls:  1
 - Number of Global Begin Run Calls: 1


TrigReport ---------- Event  Summary ------------
TrigReport Events total = 100 passed = 100 failed = 0

TrigReport ---------- Path   Summary ------------
TrigReport  Trig Bit#   Executed     Passed     Failed      Error Name
TrigReport     1    0        100        100          0          0 MPV
TrigReport     1    1        100        100          0          0 analyze


TrigReport -------End-Path   Summary ------------
TrigReport  Trig Bit#   Executed     Passed     Failed      Error Name


TrigReport ---------- Modules in Path: MPV ------------
TrigReport  Trig Bit#    Visited     Passed     Failed      Error Name
TrigReport     1    0        100        100          0          0 testVertices


TrigReport ---------- Modules in Path: analyze ------------
TrigReport  Trig Bit#    Visited     Passed     Failed      Error Name
TrigReport     1    0        100        100          0          0 tpClusterProducer
TrigReport     1    1        100        100          0          0 quickTrackAssociatorByHits
TrigReport     1    2        100        100          0          0 trackingParticleRecoTrackAsssociation
TrigReport     1    3        100        100          0          0 oldVertexAnalysis


TrigReport ---------- Module Summary ------------
TrigReport    Visited   Executed     Passed     Failed      Error Name
TrigReport        100        100        100          0          0 MPV
TrigReport        100        100        100          0          0 TriggerResults
TrigReport        100        100        100          0          0 analyze
TrigReport        100        100        100          0          0 oldVertexAnalysis
TrigReport        100        100        100          0          0 quickTrackAssociatorByHits
TrigReport        100        100        100          0          0 testVertices
TrigReport        100        100        100          0          0 tpClusterProducer
TrigReport        100        100        100          0          0 trackingParticleRecoTrackAsssociation


TimeReport ---------- Event  Summary ---[sec]----
TimeReport       event loop CPU/event = 6.150776
TimeReport      event loop Real/event = 7.341810
TimeReport     sum Streams Real/event = 7.202371
TimeReport efficiency CPU/Real/thread = 0.837774

TimeReport ---------- Path   Summary ---[Real sec]----
TimeReport  per event     per exec  Name
TimeReport   6.516327     6.516327  MPV
TimeReport   6.518875     6.518875  analyze

TimeReport  per event     per exec  Name

TimeReport -------End-Path   Summary ---[Real sec]----
TimeReport  per event     per exec  Name

TimeReport  per event     per exec  Name

TimeReport ---------- Modules in Path: MPV ---[Real sec]----
TimeReport  per event    per visit  Name
TimeReport   0.574686     0.574686  testVertices


TimeReport ---------- Modules in Path: analyze ---[Real sec]----
TimeReport  per event    per visit  Name
TimeReport   2.140839     2.140839  tpClusterProducer
TimeReport   0.000024     0.000024  quickTrackAssociatorByHits
TimeReport   0.462611     0.462611  trackingParticleRecoTrackAsssociation
TimeReport   0.262091     0.262091  oldVertexAnalysis

TimeReport  per event    per visit  Name

TimeReport ---------- Module Summary ---[Real sec]----
TimeReport  per event     per exec    per visit  Name
TimeReport   0.000003     0.000003     0.000003  MPV
TimeReport   0.000005     0.000005     0.000005  TriggerResults
TimeReport   0.000025     0.000025     0.000025  analyze
TimeReport   0.262091     0.262091     0.262091  oldVertexAnalysis
TimeReport   0.000024     0.000024     0.000024  quickTrackAssociatorByHits
TimeReport   0.574686     0.574686     0.574686  testVertices
TimeReport   2.140839     2.140839     2.140839  tpClusterProducer
TimeReport   0.462611     0.462611     0.462611  trackingParticleRecoTrackAsssociation

TimeReport  per event     per exec    per visit  Name

T---Report end!


