HOME: /t3home/msaxer
USER: msaxer
SLURM_JOB_ID: 699642
HOSTNAME: t3wn70
CMSSW RELEASE BASE  /cvmfs/cms.cern.ch/slc7_amd64_gcc12/cms/cmssw/CMSSW_14_2_0_pre4
%MSG-i AlpakaService:  (NoModuleName) 07-Mar-2025 15:48:26 CET pre-events
AlpakaServiceSerialSync succesfully initialised.
Found 1 device:
  - AMD EPYC 7702P 64-Core Processor
%MSG
07-Mar-2025 15:48:29 CET  Initiating request to open file root://xrootd-cms.infn.it//store/relval/CMSSW_14_2_0_pre4/RelValTTbar_14TeV/GEN-SIM-RECO/PU_141X_mcRun4_realistic_v3_STD_2026D110_PU-v2/2590000/f6600449-5fa8-4e84-81cf-4f9df8425f9c.root
07-Mar-2025 15:48:46 CET  Successfully opened file root://xrootd-cms.infn.it//store/relval/CMSSW_14_2_0_pre4/RelValTTbar_14TeV/GEN-SIM-RECO/PU_141X_mcRun4_realistic_v3_STD_2026D110_PU-v2/2590000/f6600449-5fa8-4e84-81cf-4f9df8425f9c.root
Begin processing the 1st record. Run 1, Event 2501, LumiSection 26 on stream 0 at 07-Mar-2025 15:49:01.643 CET
[2025-03-07 15:51:42.964394 +0100][Error  ][XRootD            ][29937] [cms-xrd-global.cern.ch:1094] Unable to get the response to request kXR_open (file: /store/relval/CMSSW_14_2_0_pre4/RelValTTbar_14TeV/GEN-SIM-RECO/PU_141X_mcRun4_realistic_v3_STD_2026D110_PU-v2/2590000/f6600449-5fa8-4e84-81cf-4f9df8425f9c.root?tried=+1213xrootd-redic.pi.infn.it,+1213xrootd-cms-redir-int.cr.cnaf.infn.it,+1213llrxrd-redir.in2p3.fr,cms03.lcg.cscs.ch&triedrc=resel, mode: 0460, flags: kXR_open_read kXR_async kXR_retstat )
[2025-03-07 15:53:46.770660 +0100][Error  ][PostMaster        ][29937] [cms03.lcg.cscs.ch:1094] Forcing error on disconnect: [ERROR] Operation interrupted.
[2025-03-07 15:56:37.987999 +0100][Error  ][XRootD            ][29937] [cms-xrd-global.cern.ch:1094] Unable to get the response to request kXR_open (file: /store/relval/CMSSW_14_2_0_pre4/RelValTTbar_14TeV/GEN-SIM-RECO/PU_141X_mcRun4_realistic_v3_STD_2026D110_PU-v2/2590000/f6600449-5fa8-4e84-81cf-4f9df8425f9c.root?tried=+1098cms-xrd-global01.cern.ch,+1213xrootd-redic.pi.infn.it,+1213xrootd-cms-redir-int.cr.cnaf.infn.it,+1213llrxrd-redir.in2p3.fr,cms03.lcg.cscs.ch,cms-xrd-transit.cern.ch&triedrc=resel,enoent, mode: 0460, flags: kXR_open_read kXR_async kXR_retstat )
07-Mar-2025 15:58:49 CET  Closed file root://xrootd-cms.infn.it//store/relval/CMSSW_14_2_0_pre4/RelValTTbar_14TeV/GEN-SIM-RECO/PU_141X_mcRun4_realistic_v3_STD_2026D110_PU-v2/2590000/f6600449-5fa8-4e84-81cf-4f9df8425f9c.root
07-Mar-2025 15:58:49 CET  Initiating request to open file root://xrootd-cms.infn.it//store/relval/CMSSW_14_2_0_pre4/RelValTTbar_14TeV/GEN-SIM-RECO/PU_141X_mcRun4_realistic_v3_STD_2026D110_PU-v2/2590000/2c145a63-991c-499a-916d-64de4a7c8c74.root
07-Mar-2025 15:58:51 CET  Successfully opened file root://xrootd-cms.infn.it//store/relval/CMSSW_14_2_0_pre4/RelValTTbar_14TeV/GEN-SIM-RECO/PU_141X_mcRun4_realistic_v3_STD_2026D110_PU-v2/2590000/2c145a63-991c-499a-916d-64de4a7c8c74.root
[2025-03-07 16:01:37.013951 +0100][Error  ][XRootD            ][29937] [cms-xrd-global.cern.ch:1094] Unable to get the response to request kXR_open (file: /store/relval/CMSSW_14_2_0_pre4/RelValTTbar_14TeV/GEN-SIM-RECO/PU_141X_mcRun4_realistic_v3_STD_2026D110_PU-v2/2590000/f6600449-5fa8-4e84-81cf-4f9df8425f9c.root?tried=+1098cms-xrd-global01.cern.ch,+1213xrootd-cms-redir-int.cr.cnaf.infn.it,+1213xrootd-redic.pi.infn.it,+1213llrxrd-redir.in2p3.fr,cms03.lcg.cscs.ch,cms-xrd-transit.cern.ch&triedrc=resel,enoent, mode: 0460, flags: kXR_open_read kXR_async kXR_retstat )
[2025-03-07 16:01:53.015409 +0100][Error  ][XRootD            ][29937] [cms-xrd-global.cern.ch:1094] Unable to get the response to request kXR_open (file: /store/relval/CMSSW_14_2_0_pre4/RelValTTbar_14TeV/GEN-SIM-RECO/PU_141X_mcRun4_realistic_v3_STD_2026D110_PU-v2/2590000/2c145a63-991c-499a-916d-64de4a7c8c74.root?tried=+1213xrootd-redic.pi.infn.it,+1213xrootd-cms-redir-int.cr.cnaf.infn.it,+1213llrxrd-redir.in2p3.fr,cms03.lcg.cscs.ch&triedrc=resel, mode: 0460, flags: kXR_open_read kXR_async kXR_retstat )
[2025-03-07 16:03:51.093514 +0100][Error  ][PostMaster        ][29937] [cms03.lcg.cscs.ch:1094] Forcing error on disconnect: [ERROR] Operation interrupted.
[2025-03-07 16:04:04.960454 +0100][Error  ][PostMaster        ][29937] [se09.cscs.ch:36015] Forcing error on disconnect: [ERROR] Operation interrupted.
[2025-03-07 16:06:45.038669 +0100][Error  ][XRootD            ][29937] [cms-xrd-global.cern.ch:1094] Unable to get the response to request kXR_open (file: /store/relval/CMSSW_14_2_0_pre4/RelValTTbar_14TeV/GEN-SIM-RECO/PU_141X_mcRun4_realistic_v3_STD_2026D110_PU-v2/2590000/2c145a63-991c-499a-916d-64de4a7c8c74.root?tried=+1098cms-xrd-global01.cern.ch,+1213xrootd-cms-redir-int.cr.cnaf.infn.it,+1213xrootd-redic.pi.infn.it,+1213llrxrd-redir.in2p3.fr,cms03.lcg.cscs.ch,cms-xrd-transit.cern.ch&triedrc=resel,enoent, mode: 0460, flags: kXR_open_read kXR_async kXR_retstat )
07-Mar-2025 16:08:13 CET  Closed file root://xrootd-cms.infn.it//store/relval/CMSSW_14_2_0_pre4/RelValTTbar_14TeV/GEN-SIM-RECO/PU_141X_mcRun4_realistic_v3_STD_2026D110_PU-v2/2590000/2c145a63-991c-499a-916d-64de4a7c8c74.root
07-Mar-2025 16:08:13 CET  Initiating request to open file root://xrootd-cms.infn.it//store/relval/CMSSW_14_2_0_pre4/RelValTTbar_14TeV/GEN-SIM-RECO/PU_141X_mcRun4_realistic_v3_STD_2026D110_PU-v2/2590000/06389bf4-6539-46ee-a319-a60bb719dc16.root
07-Mar-2025 16:08:15 CET  Successfully opened file root://xrootd-cms.infn.it//store/relval/CMSSW_14_2_0_pre4/RelValTTbar_14TeV/GEN-SIM-RECO/PU_141X_mcRun4_realistic_v3_STD_2026D110_PU-v2/2590000/06389bf4-6539-46ee-a319-a60bb719dc16.root
[2025-03-07 16:11:17.065318 +0100][Error  ][XRootD            ][29937] [cms-xrd-global.cern.ch:1094] Unable to get the response to request kXR_open (file: /store/relval/CMSSW_14_2_0_pre4/RelValTTbar_14TeV/GEN-SIM-RECO/PU_141X_mcRun4_realistic_v3_STD_2026D110_PU-v2/2590000/06389bf4-6539-46ee-a319-a60bb719dc16.root?tried=+1213xrootd-cms-redir-int.cr.cnaf.infn.it,+1213xrootd-redic.pi.infn.it,+1213llrxrd-redir.in2p3.fr,cms03.lcg.cscs.ch&triedrc=resel, mode: 0460, flags: kXR_open_read kXR_async kXR_retstat )
[2025-03-07 16:13:28.636415 +0100][Error  ][PostMaster        ][29937] [se12.cscs.ch:36053] Forcing error on disconnect: [ERROR] Operation interrupted.
[2025-03-07 16:13:29.083540 +0100][Error  ][PostMaster        ][29937] [cms03.lcg.cscs.ch:1094] Forcing error on disconnect: [ERROR] Operation interrupted.
[2025-03-07 16:16:08.089312 +0100][Error  ][XRootD            ][29937] [cms-xrd-global.cern.ch:1094] Unable to get the response to request kXR_open (file: /store/relval/CMSSW_14_2_0_pre4/RelValTTbar_14TeV/GEN-SIM-RECO/PU_141X_mcRun4_realistic_v3_STD_2026D110_PU-v2/2590000/06389bf4-6539-46ee-a319-a60bb719dc16.root?tried=+1213xrootd-redic.pi.infn.it,+1213xrootd-cms-redir-int.cr.cnaf.infn.it,+1213llrxrd-redir.in2p3.fr,cms03.lcg.cscs.ch&triedrc=resel, mode: 0460, flags: kXR_open_read kXR_async kXR_retstat )
07-Mar-2025 16:17:26 CET  Closed file root://xrootd-cms.infn.it//store/relval/CMSSW_14_2_0_pre4/RelValTTbar_14TeV/GEN-SIM-RECO/PU_141X_mcRun4_realistic_v3_STD_2026D110_PU-v2/2590000/06389bf4-6539-46ee-a319-a60bb719dc16.root
07-Mar-2025 16:17:26 CET  Initiating request to open file root://xrootd-cms.infn.it//store/relval/CMSSW_14_2_0_pre4/RelValTTbar_14TeV/GEN-SIM-RECO/PU_141X_mcRun4_realistic_v3_STD_2026D110_PU-v2/2590000/24a50fb1-4b1a-48c5-86e0-26ece4851373.root
07-Mar-2025 16:17:28 CET  Successfully opened file root://xrootd-cms.infn.it//store/relval/CMSSW_14_2_0_pre4/RelValTTbar_14TeV/GEN-SIM-RECO/PU_141X_mcRun4_realistic_v3_STD_2026D110_PU-v2/2590000/24a50fb1-4b1a-48c5-86e0-26ece4851373.root
[2025-03-07 16:20:30.111426 +0100][Error  ][XRootD            ][29937] [cms-xrd-global.cern.ch:1094] Unable to get the response to request kXR_open (file: /store/relval/CMSSW_14_2_0_pre4/RelValTTbar_14TeV/GEN-SIM-RECO/PU_141X_mcRun4_realistic_v3_STD_2026D110_PU-v2/2590000/24a50fb1-4b1a-48c5-86e0-26ece4851373.root?tried=+1213xrootd-cms-redir-int.cr.cnaf.infn.it,+1213xrootd-redic.pi.infn.it,+1213llrxrd-redir.in2p3.fr,cms03.lcg.cscs.ch&triedrc=resel, mode: 0460, flags: kXR_open_read kXR_async kXR_retstat )
[2025-03-07 16:22:27.047439 +0100][Error  ][PostMaster        ][29937] [se25.cscs.ch:36070] Forcing error on disconnect: [ERROR] Operation interrupted.
[2025-03-07 16:22:42.725486 +0100][Error  ][PostMaster        ][29937] [cms03.lcg.cscs.ch:1094] Forcing error on disconnect: [ERROR] Operation interrupted.
[2025-03-07 16:25:23.135989 +0100][Error  ][XRootD            ][29937] [cms-xrd-global.cern.ch:1094] Unable to get the response to request kXR_open (file: /store/relval/CMSSW_14_2_0_pre4/RelValTTbar_14TeV/GEN-SIM-RECO/PU_141X_mcRun4_realistic_v3_STD_2026D110_PU-v2/2590000/24a50fb1-4b1a-48c5-86e0-26ece4851373.root?tried=+1213xrootd-cms-redir-int.cr.cnaf.infn.it,+1213xrootd-redic.pi.infn.it,+1213llrxrd-redir.in2p3.fr,cms03.lcg.cscs.ch&triedrc=resel, mode: 0460, flags: kXR_open_read kXR_async kXR_retstat )
[2025-03-07 16:26:06.226497 +0100][Error  ][PostMaster        ][29937] [cms-xrd-transit.cern.ch:1094] Forcing error on disconnect: [ERROR] Operation interrupted.
07-Mar-2025 16:26:55 CET  Closed file root://xrootd-cms.infn.it//store/relval/CMSSW_14_2_0_pre4/RelValTTbar_14TeV/GEN-SIM-RECO/PU_141X_mcRun4_realistic_v3_STD_2026D110_PU-v2/2590000/24a50fb1-4b1a-48c5-86e0-26ece4851373.root
07-Mar-2025 16:26:55 CET  Initiating request to open file root://xrootd-cms.infn.it//store/relval/CMSSW_14_2_0_pre4/RelValTTbar_14TeV/GEN-SIM-RECO/PU_141X_mcRun4_realistic_v3_STD_2026D110_PU-v2/2590000/41aa6d97-4e98-4899-90f2-6aef56dc314f.root
07-Mar-2025 16:26:58 CET  Successfully opened file root://xrootd-cms.infn.it//store/relval/CMSSW_14_2_0_pre4/RelValTTbar_14TeV/GEN-SIM-RECO/PU_141X_mcRun4_realistic_v3_STD_2026D110_PU-v2/2590000/41aa6d97-4e98-4899-90f2-6aef56dc314f.root
[2025-03-07 16:30:00.158352 +0100][Error  ][XRootD            ][29937] [cms-xrd-global.cern.ch:1094] Unable to get the response to request kXR_open (file: /store/relval/CMSSW_14_2_0_pre4/RelValTTbar_14TeV/GEN-SIM-RECO/PU_141X_mcRun4_realistic_v3_STD_2026D110_PU-v2/2590000/41aa6d97-4e98-4899-90f2-6aef56dc314f.root?tried=+1213xrootd-cms-redir-int.cr.cnaf.infn.it,+1213xrootd-redic.pi.infn.it,+1213llrxrd-redir.in2p3.fr,cms03.lcg.cscs.ch&triedrc=resel, mode: 0460, flags: kXR_open_read kXR_async kXR_retstat )
[2025-03-07 16:31:56.271503 +0100][Error  ][PostMaster        ][29937] [se09.cscs.ch:36381] Forcing error on disconnect: [ERROR] Operation interrupted.
[2025-03-07 16:32:12.168833 +0100][Error  ][PostMaster        ][29937] [cms03.lcg.cscs.ch:1094] Forcing error on disconnect: [ERROR] Operation interrupted.
