HOME: /t3home/msaxer
USER: msaxer
SLURM_JOB_ID: 486054
HOSTNAME: t3wn56
CMSSW RELEASE BASE  /cvmfs/cms.cern.ch/slc7_amd64_gcc12/cms/cmssw/CMSSW_14_1_0_pre7
%MSG-i AlpakaService:  (NoModuleName) 23-Oct-2024 13:17:08 CEST pre-events
AlpakaServiceSerialSync succesfully initialised.
Found 1 device:
  - Intel(R) Xeon(R) CPU E5-2698 v3 @ 2.30GHz
%MSG
23-Oct-2024 13:17:26 CEST  Initiating request to open file root://xrootd-cms.infn.it//store/relval/CMSSW_14_1_0_pre7/RelValTTbar_14TeV/GEN-SIM-RECO/141X_mcRun4_realistic_v1_STD_2026D110_PU-v1/2580000/417eeed0-f497-4d8e-a57e-9e5b37cbdac4.root
23-Oct-2024 13:18:04 CEST  Successfully opened file root://xrootd-cms.infn.it//store/relval/CMSSW_14_1_0_pre7/RelValTTbar_14TeV/GEN-SIM-RECO/141X_mcRun4_realistic_v1_STD_2026D110_PU-v1/2580000/417eeed0-f497-4d8e-a57e-9e5b37cbdac4.root
Begin processing the 1st record. Run 1, Event 2, LumiSection 1 on stream 0 at 23-Oct-2024 13:18:24.063 CEST
[2024-10-23 13:23:19.822309 +0200][Error  ][PostMaster        ][29953] [eoscms-ns-ip563.cern.ch:1098] Forcing error on disconnect: [ERROR] Operation interrupted.
23-Oct-2024 13:30:24 CEST  Closed file root://xrootd-cms.infn.it//store/relval/CMSSW_14_1_0_pre7/RelValTTbar_14TeV/GEN-SIM-RECO/141X_mcRun4_realistic_v1_STD_2026D110_PU-v1/2580000/417eeed0-f497-4d8e-a57e-9e5b37cbdac4.root
TestAnalyzer::endJob: done
TimeReport> Time report complete in 866.725 seconds
 Time Summary: 
 - Min event:   3.58993
 - Max event:   37.417
 - Avg event:   6.90961
 - Total loop:  721.427
 - Total init:  145.116
 - Total job:   866.725
 - Total EventSetup: 31.4112
 - Total non-module: 6.96219
 Event Throughput: 0.138614 ev/s
 CPU Summary: 
 - Total loop:     665.858
 - Total init:     83.8581
 - Total extra:    0
 - Total children: 0.193965
 - Total job:      749.857
 Processing Summary: 
 - Number of Events:  100
 - Number of Global Begin Lumi Calls:  1
 - Number of Global Begin Run Calls: 1


TrigReport ---------- Event  Summary ------------
TrigReport Events total = 100 passed = 100 failed = 0

TrigReport ---------- Path   Summary ------------
TrigReport  Trig Bit#   Executed     Passed     Failed      Error Name
TrigReport     1    0        100        100          0          0 MPV
TrigReport     1    1        100        100          0          0 analyze


TrigReport -------End-Path   Summary ------------
TrigReport  Trig Bit#   Executed     Passed     Failed      Error Name


TrigReport ---------- Modules in Path: MPV ------------
TrigReport  Trig Bit#    Visited     Passed     Failed      Error Name
TrigReport     1    0        100        100          0          0 testVertices


TrigReport ---------- Modules in Path: analyze ------------
TrigReport  Trig Bit#    Visited     Passed     Failed      Error Name
TrigReport     1    0        100        100          0          0 tpClusterProducer
TrigReport     1    1        100        100          0          0 quickTrackAssociatorByHits
TrigReport     1    2        100        100          0          0 trackingParticleRecoTrackAsssociation
TrigReport     1    3        100        100          0          0 oldVertexAnalysis


TrigReport ---------- Module Summary ------------
TrigReport    Visited   Executed     Passed     Failed      Error Name
TrigReport        100        100        100          0          0 MPV
TrigReport        100        100        100          0          0 TriggerResults
TrigReport        100        100        100          0          0 analyze
TrigReport        100        100        100          0          0 oldVertexAnalysis
TrigReport        100        100        100          0          0 quickTrackAssociatorByHits
TrigReport        100        100        100          0          0 testVertices
TrigReport        100        100        100          0          0 tpClusterProducer
TrigReport        100        100        100          0          0 trackingParticleRecoTrackAsssociation


TimeReport ---------- Event  Summary ---[sec]----
TimeReport       event loop CPU/event = 6.658662
TimeReport      event loop Real/event = 7.214358
TimeReport     sum Streams Real/event = 7.138950
TimeReport efficiency CPU/Real/thread = 0.922974

TimeReport ---------- Path   Summary ---[Real sec]----
TimeReport  per event     per exec  Name
TimeReport   6.906741     6.906741  MPV
TimeReport   6.909568     6.909568  analyze

TimeReport  per event     per exec  Name

TimeReport -------End-Path   Summary ---[Real sec]----
TimeReport  per event     per exec  Name

TimeReport  per event     per exec  Name

TimeReport ---------- Modules in Path: MPV ---[Real sec]----
TimeReport  per event    per visit  Name
TimeReport   0.892854     0.892854  testVertices


TimeReport ---------- Modules in Path: analyze ---[Real sec]----
TimeReport  per event    per visit  Name
TimeReport   2.078117     2.078117  tpClusterProducer
TimeReport   0.000017     0.000017  quickTrackAssociatorByHits
TimeReport   0.405803     0.405803  trackingParticleRecoTrackAsssociation
TimeReport   0.270780     0.270780  oldVertexAnalysis

TimeReport  per event    per visit  Name

TimeReport ---------- Module Summary ---[Real sec]----
TimeReport  per event     per exec    per visit  Name
TimeReport   0.000002     0.000002     0.000002  MPV
TimeReport   0.000004     0.000004     0.000004  TriggerResults
TimeReport   0.000016     0.000016     0.000016  analyze
TimeReport   0.270780     0.270780     0.270780  oldVertexAnalysis
TimeReport   0.000017     0.000017     0.000017  quickTrackAssociatorByHits
TimeReport   0.892854     0.892854     0.892854  testVertices
TimeReport   2.078117     2.078117     2.078117  tpClusterProducer
TimeReport   0.405803     0.405803     0.405803  trackingParticleRecoTrackAsssociation

TimeReport  per event     per exec    per visit  Name

T---Report end!


