HOME: /t3home/msaxer
USER: msaxer
SLURM_JOB_ID: 277532
HOSTNAME: t3wn61
CMSSW RELEASE BASE  /cvmfs/cms.cern.ch/slc7_amd64_gcc12/cms/cmssw/CMSSW_14_1_0_pre7
%MSG-i AlpakaService:  (NoModuleName) 18-Oct-2024 00:48:21 CEST pre-events
AlpakaServiceSerialSync succesfully initialised.
Found 1 device:
  - Intel(R) Xeon(R) Gold 6148 CPU @ 2.40GHz
%MSG
18-Oct-2024 00:48:32 CEST  Initiating request to open file root://xrootd-cms.infn.it//store/relval/CMSSW_14_1_0_pre7/RelValTTbar_14TeV/GEN-SIM-RECO/141X_mcRun4_realistic_v1_STD_2026D110_PU-v1/2580000/9b91e551-3e2a-43b0-8bc6-d6e3407dd824.root
18-Oct-2024 00:48:58 CEST  Successfully opened file root://xrootd-cms.infn.it//store/relval/CMSSW_14_1_0_pre7/RelValTTbar_14TeV/GEN-SIM-RECO/141X_mcRun4_realistic_v1_STD_2026D110_PU-v1/2580000/9b91e551-3e2a-43b0-8bc6-d6e3407dd824.root
Begin processing the 1st record. Run 1, Event 901, LumiSection 10 on stream 0 at 18-Oct-2024 00:49:16.345 CEST
[2024-10-18 00:53:48.542223 +0200][Error  ][PostMaster        ][30975] [eoscms-ns-ip700.cern.ch:1098] Forcing error on disconnect: [ERROR] Operation interrupted.
[2024-10-18 00:53:59.132717 +0200][Error  ][PostMaster        ][30975] [eoscms-ns-ip563.cern.ch:1098] Forcing error on disconnect: [ERROR] Operation interrupted.
18-Oct-2024 01:00:13 CEST  Closed file root://xrootd-cms.infn.it//store/relval/CMSSW_14_1_0_pre7/RelValTTbar_14TeV/GEN-SIM-RECO/141X_mcRun4_realistic_v1_STD_2026D110_PU-v1/2580000/9b91e551-3e2a-43b0-8bc6-d6e3407dd824.root
TestAnalyzer::endJob: done
TimeReport> Time report complete in 738.116 seconds
 Time Summary: 
 - Min event:   4.76862
 - Max event:   33.2212
 - Avg event:   6.12539
 - Total loop:  658.218
 - Total init:  79.7589
 - Total job:   738.116
 - Total EventSetup: 28.3191
 - Total non-module: 6.24442
 Event Throughput: 0.151925 ev/s
 CPU Summary: 
 - Total loop:     574.125
 - Total init:     64.1313
 - Total extra:    0
 - Total children: 0.168421
 - Total job:      638.366
 Processing Summary: 
 - Number of Events:  100
 - Number of Global Begin Lumi Calls:  1
 - Number of Global Begin Run Calls: 1


TrigReport ---------- Event  Summary ------------
TrigReport Events total = 100 passed = 100 failed = 0

TrigReport ---------- Path   Summary ------------
TrigReport  Trig Bit#   Executed     Passed     Failed      Error Name
TrigReport     1    0        100        100          0          0 MPV
TrigReport     1    1        100        100          0          0 analyze


TrigReport -------End-Path   Summary ------------
TrigReport  Trig Bit#   Executed     Passed     Failed      Error Name


TrigReport ---------- Modules in Path: MPV ------------
TrigReport  Trig Bit#    Visited     Passed     Failed      Error Name
TrigReport     1    0        100        100          0          0 testVertices


TrigReport ---------- Modules in Path: analyze ------------
TrigReport  Trig Bit#    Visited     Passed     Failed      Error Name
TrigReport     1    0        100        100          0          0 tpClusterProducer
TrigReport     1    1        100        100          0          0 quickTrackAssociatorByHits
TrigReport     1    2        100        100          0          0 trackingParticleRecoTrackAsssociation
TrigReport     1    3        100        100          0          0 oldVertexAnalysis


TrigReport ---------- Module Summary ------------
TrigReport    Visited   Executed     Passed     Failed      Error Name
TrigReport        100        100        100          0          0 MPV
TrigReport        100        100        100          0          0 TriggerResults
TrigReport        100        100        100          0          0 analyze
TrigReport        100        100        100          0          0 oldVertexAnalysis
TrigReport        100        100        100          0          0 quickTrackAssociatorByHits
TrigReport        100        100        100          0          0 testVertices
TrigReport        100        100        100          0          0 tpClusterProducer
TrigReport        100        100        100          0          0 trackingParticleRecoTrackAsssociation


TimeReport ---------- Event  Summary ---[sec]----
TimeReport       event loop CPU/event = 5.741315
TimeReport      event loop Real/event = 6.582240
TimeReport     sum Streams Real/event = 6.516012
TimeReport efficiency CPU/Real/thread = 0.872243

TimeReport ---------- Path   Summary ---[Real sec]----
TimeReport  per event     per exec  Name
TimeReport   6.122849     6.122849  MPV
TimeReport   6.125344     6.125344  analyze

TimeReport  per event     per exec  Name

TimeReport -------End-Path   Summary ---[Real sec]----
TimeReport  per event     per exec  Name

TimeReport  per event     per exec  Name

TimeReport ---------- Modules in Path: MPV ---[Real sec]----
TimeReport  per event    per visit  Name
TimeReport   0.566969     0.566969  testVertices


TimeReport ---------- Modules in Path: analyze ---[Real sec]----
TimeReport  per event    per visit  Name
TimeReport   1.927535     1.927535  tpClusterProducer
TimeReport   0.000018     0.000018  quickTrackAssociatorByHits
TimeReport   0.382764     0.382764  trackingParticleRecoTrackAsssociation
TimeReport   0.225960     0.225960  oldVertexAnalysis

TimeReport  per event    per visit  Name

TimeReport ---------- Module Summary ---[Real sec]----
TimeReport  per event     per exec    per visit  Name
TimeReport   0.000003     0.000003     0.000003  MPV
TimeReport   0.000004     0.000004     0.000004  TriggerResults
TimeReport   0.000018     0.000018     0.000018  analyze
TimeReport   0.225960     0.225960     0.225960  oldVertexAnalysis
TimeReport   0.000018     0.000018     0.000018  quickTrackAssociatorByHits
TimeReport   0.566969     0.566969     0.566969  testVertices
TimeReport   1.927535     1.927535     1.927535  tpClusterProducer
TimeReport   0.382764     0.382764     0.382764  trackingParticleRecoTrackAsssociation

TimeReport  per event     per exec    per visit  Name

T---Report end!


