HOME: /t3home/frejalom
USER: frejalom
SLURM_JOB_ID: 244163
HOSTNAME: t3wn60
CMSSW RELEASE BASE  /cvmfs/cms.cern.ch/slc7_amd64_gcc12/cms/cmssw/CMSSW_14_2_0_pre4
%MSG-i AlpakaService:  (NoModuleName) 02-Apr-2025 08:44:34 CEST pre-events
AlpakaServiceSerialSync succesfully initialised.
Found 1 device:
  - Intel(R) Xeon(R) Gold 6148 CPU @ 2.40GHz
%MSG
02-Apr-2025 08:44:38 CEST  Initiating request to open file root://t3dcachedb.psi.ch:1094///pnfs/psi.ch/cms/trivcat/store/user/werdmann/store/relval/CMSSW_14_2_0_pre4/RelValTTbar_14TeV/GEN-SIM-RECO/PU_141X_mcRun4_realistic_v3_STD_2026D110_PU-v2/2590000/429a9799-650f-4258-b772-d84d48bb9035.root
[2025-04-02 08:44:38.679677 +0200][Error  ][XRootDTransport   ][88305] [t3dcachedb.psi.ch:1094.0] Authentication with gsi failed: login failed
[2025-04-02 08:44:38.679742 +0200][Error  ][XRootDTransport   ][88305] [t3dcachedb.psi.ch:1094.0] No protocols left to try
[2025-04-02 08:44:38.679759 +0200][Error  ][AsyncSock         ][88305] [t3dcachedb.psi.ch:1094.0] Socket error while handshaking: [FATAL] Auth failed
[2025-04-02 08:44:38.679805 +0200][Error  ][PostMaster        ][88305] [t3dcachedb.psi.ch:1094] elapsed = 0, pConnectionWindow = 31 seconds.
[2025-04-02 08:44:38.679814 +0200][Error  ][PostMaster        ][88305] [t3dcachedb.psi.ch:1094] Unable to recover: [FATAL] Auth failed.
[2025-04-02 08:44:38.679825 +0200][Error  ][XRootD            ][88305] [t3dcachedb.psi.ch:1094] Impossible to send message kXR_prepare (flags: kXR_stage , priority: 0, paths: //pnfs/psi.ch/cms/trivcat/store/user/werdmann/store/relval/CMSSW_14_2_0_pre4/RelValTTbar_14TeV/GEN-SIM-RECO/PU_141X_mcRun4_realistic_v3_STD_2026D110_PU-v2/2590000/429a9799-650f-4258-b772-d84d48bb9035.root). Trying to recover.
[2025-04-02 08:44:38.679989 +0200][Error  ][XRootD            ][88305] [t3dcachedb.psi.ch:1094] Impossible to send message kXR_prepare (flags: kXR_stage , priority: 0, paths: //pnfs/psi.ch/cms/trivcat/store/user/werdmann/store/relval/CMSSW_14_2_0_pre4/RelValTTbar_14TeV/GEN-SIM-RECO/PU_141X_mcRun4_realistic_v3_STD_2026D110_PU-v2/2590000/366f7652-47cd-4e75-abdd-9d34b5dd7c1d.root). Trying to recover.
[2025-04-02 08:44:38.680020 +0200][Error  ][XRootD            ][88305] [t3dcachedb.psi.ch:1094] Impossible to send message kXR_prepare (flags: kXR_stage , priority: 0, paths: //pnfs/psi.ch/cms/trivcat/store/user/werdmann/store/relval/CMSSW_14_2_0_pre4/RelValTTbar_14TeV/GEN-SIM-RECO/PU_141X_mcRun4_realistic_v3_STD_2026D110_PU-v2/2590000/f6477f6a-d881-4de9-8b69-23ce39c5eb8c.root). Trying to recover.
[2025-04-02 08:44:38.680046 +0200][Error  ][XRootD            ][88305] [t3dcachedb.psi.ch:1094] Impossible to send message kXR_query (code: kXR_Qconfig, arg length: 9). Trying to recover.
[2025-04-02 08:44:39.707695 +0200][Error  ][XRootDTransport   ][88305] [t3dcachedb.psi.ch:1094.0] Authentication with gsi failed: login failed
[2025-04-02 08:44:39.707781 +0200][Error  ][XRootDTransport   ][88305] [t3dcachedb.psi.ch:1094.0] No protocols left to try
[2025-04-02 08:44:39.707804 +0200][Error  ][AsyncSock         ][88305] [t3dcachedb.psi.ch:1094.0] Socket error while handshaking: [FATAL] Auth failed
[2025-04-02 08:44:39.707855 +0200][Error  ][PostMaster        ][88305] [t3dcachedb.psi.ch:1094] elapsed = 0, pConnectionWindow = 31 seconds.
[2025-04-02 08:44:39.707867 +0200][Error  ][PostMaster        ][88305] [t3dcachedb.psi.ch:1094] Unable to recover: [FATAL] Auth failed.
[2025-04-02 08:44:39.707878 +0200][Error  ][XRootD            ][88305] [t3dcachedb.psi.ch:1094] Impossible to send message kXR_open (file: /pnfs/psi.ch/cms/trivcat/store/user/werdmann/store/relval/CMSSW_14_2_0_pre4/RelValTTbar_14TeV/GEN-SIM-RECO/PU_141X_mcRun4_realistic_v3_STD_2026D110_PU-v2/2590000/429a9799-650f-4258-b772-d84d48bb9035.root, mode: 0660, flags: kXR_open_read kXR_async kXR_retstat ). Trying to recover.
%MSG-w XrdAdaptorInternal:  file_open 02-Apr-2025 08:44:39 CEST pre-events
Failed to open file at URL root://t3dcachedb.psi.ch:1094//pnfs/psi.ch/cms/trivcat/store/user/werdmann/store/relval/CMSSW_14_2_0_pre4/RelValTTbar_14TeV/GEN-SIM-RECO/PU_141X_mcRun4_realistic_v3_STD_2026D110_PU-v2/2590000/429a9799-650f-4258-b772-d84d48bb9035.root?xrdcl.requuid=f83cfc77-e2e4-40c0-aaef-0af7ecaac103.
%MSG
[2025-04-02 08:44:39.737599 +0200][Error  ][XRootDTransport   ][88305] [t3dcachedb.psi.ch:1094.0] Authentication with gsi failed: login failed
[2025-04-02 08:44:39.737649 +0200][Error  ][XRootDTransport   ][88305] [t3dcachedb.psi.ch:1094.0] No protocols left to try
[2025-04-02 08:44:39.737661 +0200][Error  ][AsyncSock         ][88305] [t3dcachedb.psi.ch:1094.0] Socket error while handshaking: [FATAL] Auth failed
[2025-04-02 08:44:39.737687 +0200][Error  ][PostMaster        ][88305] [t3dcachedb.psi.ch:1094] elapsed = 0, pConnectionWindow = 31 seconds.
[2025-04-02 08:44:39.737695 +0200][Error  ][PostMaster        ][88305] [t3dcachedb.psi.ch:1094] Unable to recover: [FATAL] Auth failed.
[2025-04-02 08:44:39.737703 +0200][Error  ][XRootD            ][88305] [t3dcachedb.psi.ch:1094] Impossible to send message kXR_open (file: /pnfs/psi.ch/cms/trivcat/store/user/werdmann/store/relval/CMSSW_14_2_0_pre4/RelValTTbar_14TeV/GEN-SIM-RECO/PU_141X_mcRun4_realistic_v3_STD_2026D110_PU-v2/2590000/429a9799-650f-4258-b772-d84d48bb9035.root?tried=, mode: 0660, flags: kXR_open_read kXR_async kXR_retstat ). Trying to recover.
%MSG-w XrdAdaptorInternal:  file_open 02-Apr-2025 08:44:39 CEST pre-events
Failed to open file at URL root://t3dcachedb.psi.ch:1094//pnfs/psi.ch/cms/trivcat/store/user/werdmann/store/relval/CMSSW_14_2_0_pre4/RelValTTbar_14TeV/GEN-SIM-RECO/PU_141X_mcRun4_realistic_v3_STD_2026D110_PU-v2/2590000/429a9799-650f-4258-b772-d84d48bb9035.root?tried=&xrdcl.requuid=eb355a5a-75de-4836-b9fc-fb1023a2d3d2.
%MSG
----- Begin Fatal Exception 02-Apr-2025 08:44:39 CEST-----------------------
An exception of category 'FileOpenError' occurred while
   [0] Constructing the EventProcessor
   [1] Constructing input source of type PoolSource
   [2] Calling RootInputFileSequence::initTheFile()
   [3] Calling StorageFactory::open()
   [4] Calling XrdFile::open()
Exception Message:
Failed to open the file 'root://t3dcachedb.psi.ch//pnfs/psi.ch/cms/trivcat/store/user/werdmann/store/relval/CMSSW_14_2_0_pre4/RelValTTbar_14TeV/GEN-SIM-RECO/PU_141X_mcRun4_realistic_v3_STD_2026D110_PU-v2/2590000/429a9799-650f-4258-b772-d84d48bb9035.root'
   Additional Info:
      [a] Input file root://t3dcachedb.psi.ch:1094///pnfs/psi.ch/cms/trivcat/store/user/werdmann/store/relval/CMSSW_14_2_0_pre4/RelValTTbar_14TeV/GEN-SIM-RECO/PU_141X_mcRun4_realistic_v3_STD_2026D110_PU-v2/2590000/429a9799-650f-4258-b772-d84d48bb9035.root could not be opened.
      [b] XrdCl::File::Open(name='root://t3dcachedb.psi.ch//pnfs/psi.ch/cms/trivcat/store/user/werdmann/store/relval/CMSSW_14_2_0_pre4/RelValTTbar_14TeV/GEN-SIM-RECO/PU_141X_mcRun4_realistic_v3_STD_2026D110_PU-v2/2590000/429a9799-650f-4258-b772-d84d48bb9035.root', flags=0x10, permissions=0660) => error '[FATAL] Auth failed: No protocols left to try' (errno=0, code=204). No additional data servers were found.
      [c] Last URL tried: root://t3dcachedb.psi.ch:1094//pnfs/psi.ch/cms/trivcat/store/user/werdmann/store/relval/CMSSW_14_2_0_pre4/RelValTTbar_14TeV/GEN-SIM-RECO/PU_141X_mcRun4_realistic_v3_STD_2026D110_PU-v2/2590000/429a9799-650f-4258-b772-d84d48bb9035.root?tried=&xrdcl.requuid=eb355a5a-75de-4836-b9fc-fb1023a2d3d2
      [d] Problematic data server: t3dcachedb.psi.ch:1094
      [e] Disabled source: t3dcachedb.psi.ch:1094
----- End Fatal Exception -------------------------------------------------
logfile
pv_cfg.py
cp: cannot stat 'pv.root': No such file or directory
