HOME: /t3home/msaxer
USER: msaxer
SLURM_JOB_ID: 366741
HOSTNAME: t3wn59
CMSSW RELEASE BASE  /cvmfs/cms.cern.ch/slc7_amd64_gcc12/cms/cmssw/CMSSW_14_1_0_pre7
%MSG-i AlpakaService:  (NoModuleName) 19-Nov-2024 22:09:00 CET pre-events
AlpakaServiceSerialSync succesfully initialised.
Found 1 device:
  - Intel(R) Xeon(R) CPU E5-2698 v3 @ 2.30GHz
%MSG
19-Nov-2024 22:09:29 CET  Initiating request to open file root://xrootd-cms.infn.it//store/relval/CMSSW_14_1_0_pre7/RelValZMM_14/GEN-SIM-RECO/141X_mcRun4_realistic_v1_STD_2026D110_PU-v1/2580000/aff13ed4-36a9-4f58-ae56-56fa34700808.root
19-Nov-2024 22:10:13 CET  Successfully opened file root://xrootd-cms.infn.it//store/relval/CMSSW_14_1_0_pre7/RelValZMM_14/GEN-SIM-RECO/141X_mcRun4_realistic_v1_STD_2026D110_PU-v1/2580000/aff13ed4-36a9-4f58-ae56-56fa34700808.root
Begin processing the 1st record. Run 1, Event 11002, LumiSection 111 on stream 0 at 19-Nov-2024 22:10:37.018 CET
