HOME: /t3home/msaxer
USER: msaxer
SLURM_JOB_ID: 485865
HOSTNAME: t3wn61
CMSSW RELEASE BASE  /cvmfs/cms.cern.ch/slc7_amd64_gcc12/cms/cmssw/CMSSW_14_1_0_pre7
%MSG-i AlpakaService:  (NoModuleName) 23-Oct-2024 12:42:16 CEST pre-events
AlpakaServiceSerialSync succesfully initialised.
Found 1 device:
  - Intel(R) Xeon(R) Gold 6148 CPU @ 2.40GHz
%MSG
23-Oct-2024 12:42:23 CEST  Initiating request to open file root://xrootd-cms.infn.it//store/relval/CMSSW_14_1_0_pre7/RelValTTbar_14TeV/GEN-SIM-RECO/141X_mcRun4_realistic_v1_STD_2026D110_PU-v1/2580000/ca2b0150-4479-4e20-ad78-808e792ab287.root
23-Oct-2024 12:42:48 CEST  Successfully opened file root://xrootd-cms.infn.it//store/relval/CMSSW_14_1_0_pre7/RelValTTbar_14TeV/GEN-SIM-RECO/141X_mcRun4_realistic_v1_STD_2026D110_PU-v1/2580000/ca2b0150-4479-4e20-ad78-808e792ab287.root
Begin processing the 1st record. Run 1, Event 2402, LumiSection 25 on stream 0 at 23-Oct-2024 12:43:02.408 CEST
[2024-10-23 12:47:49.224327 +0200][Error  ][PostMaster        ][242821] [eoscms-ns-ip563.cern.ch:1098] Forcing error on disconnect: [ERROR] Operation interrupted.
23-Oct-2024 12:49:59 CEST  Closed file root://xrootd-cms.infn.it//store/relval/CMSSW_14_1_0_pre7/RelValTTbar_14TeV/GEN-SIM-RECO/141X_mcRun4_realistic_v1_STD_2026D110_PU-v1/2580000/ca2b0150-4479-4e20-ad78-808e792ab287.root
TestAnalyzer::endJob: done
TimeReport> Time report complete in 489.274 seconds
 Time Summary: 
 - Min event:   2.73907
 - Max event:   23.9305
 - Avg event:   3.80516
 - Total loop:  417.903
 - Total init:  71.2701
 - Total job:   489.274
 - Total EventSetup: 19.8328
 - Total non-module: 4.72996
 Event Throughput: 0.23929 ev/s
 CPU Summary: 
 - Total loop:     356.864
 - Total init:     54.1851
 - Total extra:    0
 - Total children: 0.156513
 - Total job:      411.132
 Processing Summary: 
 - Number of Events:  100
 - Number of Global Begin Lumi Calls:  1
 - Number of Global Begin Run Calls: 1


TrigReport ---------- Event  Summary ------------
TrigReport Events total = 100 passed = 100 failed = 0

TrigReport ---------- Path   Summary ------------
TrigReport  Trig Bit#   Executed     Passed     Failed      Error Name
TrigReport     1    0        100        100          0          0 MPV
TrigReport     1    1        100        100          0          0 analyze


TrigReport -------End-Path   Summary ------------
TrigReport  Trig Bit#   Executed     Passed     Failed      Error Name


TrigReport ---------- Modules in Path: MPV ------------
TrigReport  Trig Bit#    Visited     Passed     Failed      Error Name
TrigReport     1    0        100        100          0          0 testVertices


TrigReport ---------- Modules in Path: analyze ------------
TrigReport  Trig Bit#    Visited     Passed     Failed      Error Name
TrigReport     1    0        100        100          0          0 tpClusterProducer
TrigReport     1    1        100        100          0          0 quickTrackAssociatorByHits
TrigReport     1    2        100        100          0          0 trackingParticleRecoTrackAsssociation
TrigReport     1    3        100        100          0          0 oldVertexAnalysis


TrigReport ---------- Module Summary ------------
TrigReport    Visited   Executed     Passed     Failed      Error Name
TrigReport        100        100        100          0          0 MPV
TrigReport        100        100        100          0          0 TriggerResults
TrigReport        100        100        100          0          0 analyze
TrigReport        100        100        100          0          0 oldVertexAnalysis
TrigReport        100        100        100          0          0 quickTrackAssociatorByHits
TrigReport        100        100        100          0          0 testVertices
TrigReport        100        100        100          0          0 tpClusterProducer
TrigReport        100        100        100          0          0 trackingParticleRecoTrackAsssociation


TimeReport ---------- Event  Summary ---[sec]----
TimeReport       event loop CPU/event = 3.568704
TimeReport      event loop Real/event = 4.179097
TimeReport     sum Streams Real/event = 4.127861
TimeReport efficiency CPU/Real/thread = 0.853941

TimeReport ---------- Path   Summary ---[Real sec]----
TimeReport  per event     per exec  Name
TimeReport   3.803386     3.803386  MPV
TimeReport   3.805130     3.805130  analyze

TimeReport  per event     per exec  Name

TimeReport -------End-Path   Summary ---[Real sec]----
TimeReport  per event     per exec  Name

TimeReport  per event     per exec  Name

TimeReport ---------- Modules in Path: MPV ---[Real sec]----
TimeReport  per event    per visit  Name
TimeReport   0.281510     0.281510  testVertices


TimeReport ---------- Modules in Path: analyze ---[Real sec]----
TimeReport  per event    per visit  Name
TimeReport   1.295419     1.295419  tpClusterProducer
TimeReport   0.000020     0.000020  quickTrackAssociatorByHits
TimeReport   0.241739     0.241739  trackingParticleRecoTrackAsssociation
TimeReport   0.160318     0.160318  oldVertexAnalysis

TimeReport  per event    per visit  Name

TimeReport ---------- Module Summary ---[Real sec]----
TimeReport  per event     per exec    per visit  Name
TimeReport   0.000002     0.000002     0.000002  MPV
TimeReport   0.000003     0.000003     0.000003  TriggerResults
TimeReport   0.000013     0.000013     0.000013  analyze
TimeReport   0.160318     0.160318     0.160318  oldVertexAnalysis
TimeReport   0.000020     0.000020     0.000020  quickTrackAssociatorByHits
TimeReport   0.281510     0.281510     0.281510  testVertices
TimeReport   1.295419     1.295419     1.295419  tpClusterProducer
TimeReport   0.241739     0.241739     0.241739  trackingParticleRecoTrackAsssociation

TimeReport  per event     per exec    per visit  Name

T---Report end!


