HOME: /t3home/frejalom
USER: frejalom
SLURM_JOB_ID: 244129
HOSTNAME: t3wn60
CMSSW RELEASE BASE  /cvmfs/cms.cern.ch/slc7_amd64_gcc12/cms/cmssw/CMSSW_14_2_0_pre4
%MSG-i AlpakaService:  (NoModuleName) 02-Apr-2025 08:41:46 CEST pre-events
AlpakaServiceSerialSync succesfully initialised.
Found 1 device:
  - Intel(R) Xeon(R) Gold 6148 CPU @ 2.40GHz
%MSG
02-Apr-2025 08:41:49 CEST  Initiating request to open file root://xrootd-cms.infn.it//store/relval/CMSSW_14_2_0_pre4/RelValTTbar_14TeV/GEN-SIM-RECO/PU_141X_mcRun4_realistic_v3_STD_2026D110_PU-v2/2590000/6ce2b869-924c-481a-9970-e34c3d0bea52.root
[2025-04-02 08:41:51.230777 +0200][Error  ][XRootDTransport   ][81776] [storage01.lcg.cscs.ch:1095.0] Authentication with gsi failed: login failed
[2025-04-02 08:41:51.230871 +0200][Error  ][XRootDTransport   ][81776] [storage01.lcg.cscs.ch:1095.0] No protocols left to try
[2025-04-02 08:41:51.230903 +0200][Error  ][AsyncSock         ][81776] [storage01.lcg.cscs.ch:1095.0] Socket error while handshaking: [FATAL] Auth failed
[2025-04-02 08:41:51.231064 +0200][Error  ][PostMaster        ][81776] [storage01.lcg.cscs.ch:1095] elapsed = 0, pConnectionWindow = 31 seconds.
[2025-04-02 08:41:51.231082 +0200][Error  ][PostMaster        ][81776] [storage01.lcg.cscs.ch:1095] Unable to recover: [FATAL] Auth failed.
[2025-04-02 08:41:51.231099 +0200][Error  ][XRootD            ][81776] [storage01.lcg.cscs.ch:1095] Impossible to send message kXR_open (file: /store/relval/CMSSW_14_2_0_pre4/RelValTTbar_14TeV/GEN-SIM-RECO/PU_141X_mcRun4_realistic_v3_STD_2026D110_PU-v2/2590000/6ce2b869-924c-481a-9970-e34c3d0bea52.root, mode: 0660, flags: kXR_open_read kXR_async kXR_retstat ). Trying to recover.
[2025-04-02 08:44:47.983894 +0200][Error  ][XRootD            ][81776] [cms-xrd-global.cern.ch:1094] Unable to get the response to request kXR_open (file: /store/relval/CMSSW_14_2_0_pre4/RelValTTbar_14TeV/GEN-SIM-RECO/PU_141X_mcRun4_realistic_v3_STD_2026D110_PU-v2/2590000/6ce2b869-924c-481a-9970-e34c3d0bea52.root?tried=+1213llrxrd-redir.in2p3.fr,+1213xrootd-redic.pi.infn.it,cms03.lcg.cscs.ch&triedrc=srverr, mode: 0460, flags: kXR_open_read kXR_async kXR_retstat )
%MSG-w XrdAdaptorInternal:  file_open 02-Apr-2025 08:44:47 CEST pre-events
Failed to open file at URL root://cms-xrd-global.cern.ch:1094//store/relval/CMSSW_14_2_0_pre4/RelValTTbar_14TeV/GEN-SIM-RECO/PU_141X_mcRun4_realistic_v3_STD_2026D110_PU-v2/2590000/6ce2b869-924c-481a-9970-e34c3d0bea52.root?tried=+1213llrxrd-redir.in2p3.fr,+1213xrootd-redic.pi.infn.it,cms03.lcg.cscs.ch&xrdcl.requuid=8be51eba-e4a9-4685-8a1e-691038d147ad.
%MSG
[2025-04-02 08:44:48.099049 +0200][Error  ][XRootDTransport   ][81776] [storage01.lcg.cscs.ch:1095.0] Authentication with gsi failed: login failed
[2025-04-02 08:44:48.099152 +0200][Error  ][XRootDTransport   ][81776] [storage01.lcg.cscs.ch:1095.0] No protocols left to try
[2025-04-02 08:44:48.099178 +0200][Error  ][AsyncSock         ][81776] [storage01.lcg.cscs.ch:1095.0] Socket error while handshaking: [FATAL] Auth failed
[2025-04-02 08:44:48.099285 +0200][Error  ][PostMaster        ][81776] [storage01.lcg.cscs.ch:1095] elapsed = 0, pConnectionWindow = 31 seconds.
[2025-04-02 08:44:48.099300 +0200][Error  ][PostMaster        ][81776] [storage01.lcg.cscs.ch:1095] Unable to recover: [FATAL] Auth failed.
[2025-04-02 08:44:48.099311 +0200][Error  ][XRootD            ][81776] [storage01.lcg.cscs.ch:1095] Impossible to send message kXR_open (file: /store/relval/CMSSW_14_2_0_pre4/RelValTTbar_14TeV/GEN-SIM-RECO/PU_141X_mcRun4_realistic_v3_STD_2026D110_PU-v2/2590000/6ce2b869-924c-481a-9970-e34c3d0bea52.root?tried=, mode: 0660, flags: kXR_open_read kXR_async kXR_retstat ). Trying to recover.
[2025-04-02 08:47:44.012881 +0200][Error  ][XRootD            ][81776] [cms-xrd-global.cern.ch:1094] Unable to get the response to request kXR_open (file: /store/relval/CMSSW_14_2_0_pre4/RelValTTbar_14TeV/GEN-SIM-RECO/PU_141X_mcRun4_realistic_v3_STD_2026D110_PU-v2/2590000/6ce2b869-924c-481a-9970-e34c3d0bea52.root?tried=+1098cms-xrd-global011098cms-xrd-global02.cern.ch,+1213llrxrd-redir.in2p3.fr,+1213xrootd-redic.pi.infn.it,cms03.lcg.cscs.ch,cms-xrd-transit.cern.ch&triedrc=srverr,enoent, mode: 0460, flags: kXR_open_read kXR_async kXR_retstat )
%MSG-w XrdAdaptorInternal:  file_open 02-Apr-2025 08:47:44 CEST pre-events
Failed to open file at URL root://cms-xrd-global.cern.ch:1094//store/relval/CMSSW_14_2_0_pre4/RelValTTbar_14TeV/GEN-SIM-RECO/PU_141X_mcRun4_realistic_v3_STD_2026D110_PU-v2/2590000/6ce2b869-924c-481a-9970-e34c3d0bea52.root?tried=+1213llrxrd-redir.in2p3.fr,+1213xrootd-redic.pi.infn.it,cms03.lcg.cscs.ch&xrdcl.requuid=7c39200c-b88f-4945-819c-7a0fd394aec9.
%MSG
----- Begin Fatal Exception 02-Apr-2025 08:47:44 CEST-----------------------
An exception of category 'FileOpenError' occurred while
   [0] Constructing the EventProcessor
   [1] Constructing input source of type PoolSource
   [2] Calling RootInputFileSequence::initTheFile()
   [3] Calling StorageFactory::open()
   [4] Calling XrdFile::open()
Exception Message:
Failed to open the file 'root://xrootd-cms.infn.it//store/relval/CMSSW_14_2_0_pre4/RelValTTbar_14TeV/GEN-SIM-RECO/PU_141X_mcRun4_realistic_v3_STD_2026D110_PU-v2/2590000/6ce2b869-924c-481a-9970-e34c3d0bea52.root'
   Additional Info:
      [a] Input file root://xrootd-cms.infn.it//store/relval/CMSSW_14_2_0_pre4/RelValTTbar_14TeV/GEN-SIM-RECO/PU_141X_mcRun4_realistic_v3_STD_2026D110_PU-v2/2590000/6ce2b869-924c-481a-9970-e34c3d0bea52.root could not be opened.
      [b] XrdCl::File::Open(name='root://xrootd-cms.infn.it//store/relval/CMSSW_14_2_0_pre4/RelValTTbar_14TeV/GEN-SIM-RECO/PU_141X_mcRun4_realistic_v3_STD_2026D110_PU-v2/2590000/6ce2b869-924c-481a-9970-e34c3d0bea52.root', flags=0x10, permissions=0660) => error '[ERROR] Operation expired' (errno=0, code=206). No additional data servers were found.
      [c] Last URL tried: root://cms-xrd-global.cern.ch:1094//store/relval/CMSSW_14_2_0_pre4/RelValTTbar_14TeV/GEN-SIM-RECO/PU_141X_mcRun4_realistic_v3_STD_2026D110_PU-v2/2590000/6ce2b869-924c-481a-9970-e34c3d0bea52.root?tried=+1213llrxrd-redir.in2p3.fr,+1213xrootd-redic.pi.infn.it,cms03.lcg.cscs.ch&xrdcl.requuid=7c39200c-b88f-4945-819c-7a0fd394aec9
      [d] Problematic data server: cms-xrd-global.cern.ch:1094
      [e] Disabled source: cms-xrd-global.cern.ch:1094
----- End Fatal Exception -------------------------------------------------
logfile
pv_cfg.py
cp: cannot stat 'pv.root': No such file or directory
