HOME: /t3home/frejalom
USER: frejalom
SLURM_JOB_ID: 244114
HOSTNAME: t3wn60
CMSSW RELEASE BASE  /cvmfs/cms.cern.ch/slc7_amd64_gcc12/cms/cmssw/CMSSW_14_2_0_pre4
%MSG-i AlpakaService:  (NoModuleName) 02-Apr-2025 08:41:32 CEST pre-events
AlpakaServiceSerialSync succesfully initialised.
Found 1 device:
  - Intel(R) Xeon(R) Gold 6148 CPU @ 2.40GHz
%MSG
02-Apr-2025 08:41:36 CEST  Initiating request to open file root://t3dcachedb.psi.ch:1094///pnfs/psi.ch/cms/trivcat/store/user/werdmann/store/relval/CMSSW_14_2_0_pre4/RelValTTbar_14TeV/GEN-SIM-RECO/PU_141X_mcRun4_realistic_v3_STD_2026D110_PU-v2/2590000/e7004fb2-84f7-4ef2-9375-2c6783e6acb2.root
[2025-04-02 08:41:36.741641 +0200][Error  ][XRootDTransport   ][78599] [t3dcachedb.psi.ch:1094.0] Authentication with gsi failed: login failed
[2025-04-02 08:41:36.741713 +0200][Error  ][XRootDTransport   ][78599] [t3dcachedb.psi.ch:1094.0] No protocols left to try
[2025-04-02 08:41:36.741730 +0200][Error  ][AsyncSock         ][78599] [t3dcachedb.psi.ch:1094.0] Socket error while handshaking: [FATAL] Auth failed
[2025-04-02 08:41:36.741777 +0200][Error  ][PostMaster        ][78599] [t3dcachedb.psi.ch:1094] elapsed = 0, pConnectionWindow = 31 seconds.
[2025-04-02 08:41:36.741786 +0200][Error  ][PostMaster        ][78599] [t3dcachedb.psi.ch:1094] Unable to recover: [FATAL] Auth failed.
[2025-04-02 08:41:36.741797 +0200][Error  ][XRootD            ][78599] [t3dcachedb.psi.ch:1094] Impossible to send message kXR_prepare (flags: kXR_stage , priority: 0, paths: //pnfs/psi.ch/cms/trivcat/store/user/werdmann/store/relval/CMSSW_14_2_0_pre4/RelValTTbar_14TeV/GEN-SIM-RECO/PU_141X_mcRun4_realistic_v3_STD_2026D110_PU-v2/2590000/e7004fb2-84f7-4ef2-9375-2c6783e6acb2.root). Trying to recover.
[2025-04-02 08:41:36.741915 +0200][Error  ][XRootD            ][78599] [t3dcachedb.psi.ch:1094] Impossible to send message kXR_prepare (flags: kXR_stage , priority: 0, paths: //pnfs/psi.ch/cms/trivcat/store/user/werdmann/store/relval/CMSSW_14_2_0_pre4/RelValTTbar_14TeV/GEN-SIM-RECO/PU_141X_mcRun4_realistic_v3_STD_2026D110_PU-v2/2590000/f13dd1c9-4a96-4cc9-a502-5c0ab793e565.root). Trying to recover.
[2025-04-02 08:41:36.741944 +0200][Error  ][XRootD            ][78599] [t3dcachedb.psi.ch:1094] Impossible to send message kXR_prepare (flags: kXR_stage , priority: 0, paths: //pnfs/psi.ch/cms/trivcat/store/user/werdmann/store/relval/CMSSW_14_2_0_pre4/RelValTTbar_14TeV/GEN-SIM-RECO/PU_141X_mcRun4_realistic_v3_STD_2026D110_PU-v2/2590000/df54e383-9385-45c1-b889-e309ba2d3db3.root). Trying to recover.
[2025-04-02 08:41:36.741977 +0200][Error  ][XRootD            ][78599] [t3dcachedb.psi.ch:1094] Impossible to send message kXR_query (code: kXR_Qconfig, arg length: 9). Trying to recover.
[2025-04-02 08:41:37.766023 +0200][Error  ][XRootDTransport   ][78599] [t3dcachedb.psi.ch:1094.0] Authentication with gsi failed: login failed
[2025-04-02 08:41:37.766098 +0200][Error  ][XRootDTransport   ][78599] [t3dcachedb.psi.ch:1094.0] No protocols left to try
[2025-04-02 08:41:37.766117 +0200][Error  ][AsyncSock         ][78599] [t3dcachedb.psi.ch:1094.0] Socket error while handshaking: [FATAL] Auth failed
[2025-04-02 08:41:37.766158 +0200][Error  ][PostMaster        ][78599] [t3dcachedb.psi.ch:1094] elapsed = 0, pConnectionWindow = 31 seconds.
[2025-04-02 08:41:37.766168 +0200][Error  ][PostMaster        ][78599] [t3dcachedb.psi.ch:1094] Unable to recover: [FATAL] Auth failed.
[2025-04-02 08:41:37.766178 +0200][Error  ][XRootD            ][78599] [t3dcachedb.psi.ch:1094] Impossible to send message kXR_open (file: /pnfs/psi.ch/cms/trivcat/store/user/werdmann/store/relval/CMSSW_14_2_0_pre4/RelValTTbar_14TeV/GEN-SIM-RECO/PU_141X_mcRun4_realistic_v3_STD_2026D110_PU-v2/2590000/e7004fb2-84f7-4ef2-9375-2c6783e6acb2.root, mode: 0660, flags: kXR_open_read kXR_async kXR_retstat ). Trying to recover.
%MSG-w XrdAdaptorInternal:  file_open 02-Apr-2025 08:41:37 CEST pre-events
Failed to open file at URL root://t3dcachedb.psi.ch:1094//pnfs/psi.ch/cms/trivcat/store/user/werdmann/store/relval/CMSSW_14_2_0_pre4/RelValTTbar_14TeV/GEN-SIM-RECO/PU_141X_mcRun4_realistic_v3_STD_2026D110_PU-v2/2590000/e7004fb2-84f7-4ef2-9375-2c6783e6acb2.root?xrdcl.requuid=bc69308d-a90d-449a-95d3-d814cf4ed4f3.
%MSG
[2025-04-02 08:41:37.808361 +0200][Error  ][XRootDTransport   ][78599] [t3dcachedb.psi.ch:1094.0] Authentication with gsi failed: login failed
[2025-04-02 08:41:37.808443 +0200][Error  ][XRootDTransport   ][78599] [t3dcachedb.psi.ch:1094.0] No protocols left to try
[2025-04-02 08:41:37.808476 +0200][Error  ][AsyncSock         ][78599] [t3dcachedb.psi.ch:1094.0] Socket error while handshaking: [FATAL] Auth failed
[2025-04-02 08:41:37.808519 +0200][Error  ][PostMaster        ][78599] [t3dcachedb.psi.ch:1094] elapsed = 0, pConnectionWindow = 31 seconds.
[2025-04-02 08:41:37.808527 +0200][Error  ][PostMaster        ][78599] [t3dcachedb.psi.ch:1094] Unable to recover: [FATAL] Auth failed.
[2025-04-02 08:41:37.808535 +0200][Error  ][XRootD            ][78599] [t3dcachedb.psi.ch:1094] Impossible to send message kXR_open (file: /pnfs/psi.ch/cms/trivcat/store/user/werdmann/store/relval/CMSSW_14_2_0_pre4/RelValTTbar_14TeV/GEN-SIM-RECO/PU_141X_mcRun4_realistic_v3_STD_2026D110_PU-v2/2590000/e7004fb2-84f7-4ef2-9375-2c6783e6acb2.root?tried=, mode: 0660, flags: kXR_open_read kXR_async kXR_retstat ). Trying to recover.
%MSG-w XrdAdaptorInternal:  file_open 02-Apr-2025 08:41:37 CEST pre-events
Failed to open file at URL root://t3dcachedb.psi.ch:1094//pnfs/psi.ch/cms/trivcat/store/user/werdmann/store/relval/CMSSW_14_2_0_pre4/RelValTTbar_14TeV/GEN-SIM-RECO/PU_141X_mcRun4_realistic_v3_STD_2026D110_PU-v2/2590000/e7004fb2-84f7-4ef2-9375-2c6783e6acb2.root?tried=&xrdcl.requuid=799d4fb4-ddbd-4679-b8d3-e15d06c01ab1.
%MSG
----- Begin Fatal Exception 02-Apr-2025 08:41:37 CEST-----------------------
An exception of category 'FileOpenError' occurred while
   [0] Constructing the EventProcessor
   [1] Constructing input source of type PoolSource
   [2] Calling RootInputFileSequence::initTheFile()
   [3] Calling StorageFactory::open()
   [4] Calling XrdFile::open()
Exception Message:
Failed to open the file 'root://t3dcachedb.psi.ch//pnfs/psi.ch/cms/trivcat/store/user/werdmann/store/relval/CMSSW_14_2_0_pre4/RelValTTbar_14TeV/GEN-SIM-RECO/PU_141X_mcRun4_realistic_v3_STD_2026D110_PU-v2/2590000/e7004fb2-84f7-4ef2-9375-2c6783e6acb2.root'
   Additional Info:
      [a] Input file root://t3dcachedb.psi.ch:1094///pnfs/psi.ch/cms/trivcat/store/user/werdmann/store/relval/CMSSW_14_2_0_pre4/RelValTTbar_14TeV/GEN-SIM-RECO/PU_141X_mcRun4_realistic_v3_STD_2026D110_PU-v2/2590000/e7004fb2-84f7-4ef2-9375-2c6783e6acb2.root could not be opened.
      [b] XrdCl::File::Open(name='root://t3dcachedb.psi.ch//pnfs/psi.ch/cms/trivcat/store/user/werdmann/store/relval/CMSSW_14_2_0_pre4/RelValTTbar_14TeV/GEN-SIM-RECO/PU_141X_mcRun4_realistic_v3_STD_2026D110_PU-v2/2590000/e7004fb2-84f7-4ef2-9375-2c6783e6acb2.root', flags=0x10, permissions=0660) => error '[FATAL] Auth failed: No protocols left to try' (errno=0, code=204). No additional data servers were found.
      [c] Last URL tried: root://t3dcachedb.psi.ch:1094//pnfs/psi.ch/cms/trivcat/store/user/werdmann/store/relval/CMSSW_14_2_0_pre4/RelValTTbar_14TeV/GEN-SIM-RECO/PU_141X_mcRun4_realistic_v3_STD_2026D110_PU-v2/2590000/e7004fb2-84f7-4ef2-9375-2c6783e6acb2.root?tried=&xrdcl.requuid=799d4fb4-ddbd-4679-b8d3-e15d06c01ab1
      [d] Problematic data server: t3dcachedb.psi.ch:1094
      [e] Disabled source: t3dcachedb.psi.ch:1094
----- End Fatal Exception -------------------------------------------------
logfile
pv_cfg.py
cp: cannot stat 'pv.root': No such file or directory
