HOME: /t3home/msaxer
USER: msaxer
SLURM_JOB_ID: 485976
HOSTNAME: t3wn71
CMSSW RELEASE BASE  /cvmfs/cms.cern.ch/slc7_amd64_gcc12/cms/cmssw/CMSSW_14_1_0_pre7
%MSG-i AlpakaService:  (NoModuleName) 23-Oct-2024 12:57:56 CEST pre-events
AlpakaServiceSerialSync succesfully initialised.
Found 1 device:
  - AMD EPYC 7702P 64-Core Processor
%MSG
23-Oct-2024 12:58:04 CEST  Initiating request to open file root://xrootd-cms.infn.it//store/relval/CMSSW_14_1_0_pre7/RelValTTbar_14TeV/GEN-SIM-RECO/141X_mcRun4_realistic_v1_STD_2026D110_PU-v1/2580000/f1c0f125-807b-4bbb-92d8-04b49be031d6.root
23-Oct-2024 12:58:37 CEST  Successfully opened file root://xrootd-cms.infn.it//store/relval/CMSSW_14_1_0_pre7/RelValTTbar_14TeV/GEN-SIM-RECO/141X_mcRun4_realistic_v1_STD_2026D110_PU-v1/2580000/f1c0f125-807b-4bbb-92d8-04b49be031d6.root
%MSG-w XrdAdaptorLvl3:  source 23-Oct-2024 12:58:59 CEST PreSource
Deactivating st-048-cc8199ad.cern.ch from active sources because its quality (296) is higher than 260 and 4 times larger than the other active server st-096-hh151745.cern.ch (68) 
%MSG
Begin processing the 1st record. Run 1, Event 5401, LumiSection 55 on stream 0 at 23-Oct-2024 12:58:59.023 CEST
[2024-10-23 13:05:57.063905 +0200][Error  ][PostMaster        ][30231] [eoscms-ns-ip563.cern.ch:1098] Forcing error on disconnect: [ERROR] Operation interrupted.
23-Oct-2024 13:11:48 CEST  Closed file root://xrootd-cms.infn.it//store/relval/CMSSW_14_1_0_pre7/RelValTTbar_14TeV/GEN-SIM-RECO/141X_mcRun4_realistic_v1_STD_2026D110_PU-v1/2580000/f1c0f125-807b-4bbb-92d8-04b49be031d6.root
TestAnalyzer::endJob: done
TimeReport> Time report complete in 864.902 seconds
 Time Summary: 
 - Min event:   4.39476
 - Max event:   30.9564
 - Avg event:   6.27917
 - Total loop:  771.397
 - Total init:  93.3943
 - Total job:   864.902
 - Total EventSetup: 25.242
 - Total non-module: 5.60026
 Event Throughput: 0.129635 ev/s
 CPU Summary: 
 - Total loop:     514.013
 - Total init:     84.2517
 - Total extra:    0
 - Total children: 0.20053
 - Total job:      598.369
 Processing Summary: 
 - Number of Events:  100
 - Number of Global Begin Lumi Calls:  1
 - Number of Global Begin Run Calls: 1


TrigReport ---------- Event  Summary ------------
TrigReport Events total = 100 passed = 100 failed = 0

TrigReport ---------- Path   Summary ------------
TrigReport  Trig Bit#   Executed     Passed     Failed      Error Name
TrigReport     1    0        100        100          0          0 MPV
TrigReport     1    1        100        100          0          0 analyze


TrigReport -------End-Path   Summary ------------
TrigReport  Trig Bit#   Executed     Passed     Failed      Error Name


TrigReport ---------- Modules in Path: MPV ------------
TrigReport  Trig Bit#    Visited     Passed     Failed      Error Name
TrigReport     1    0        100        100          0          0 testVertices


TrigReport ---------- Modules in Path: analyze ------------
TrigReport  Trig Bit#    Visited     Passed     Failed      Error Name
TrigReport     1    0        100        100          0          0 tpClusterProducer
TrigReport     1    1        100        100          0          0 quickTrackAssociatorByHits
TrigReport     1    2        100        100          0          0 trackingParticleRecoTrackAsssociation
TrigReport     1    3        100        100          0          0 oldVertexAnalysis


TrigReport ---------- Module Summary ------------
TrigReport    Visited   Executed     Passed     Failed      Error Name
TrigReport        100        100        100          0          0 MPV
TrigReport        100        100        100          0          0 TriggerResults
TrigReport        100        100        100          0          0 analyze
TrigReport        100        100        100          0          0 oldVertexAnalysis
TrigReport        100        100        100          0          0 quickTrackAssociatorByHits
TrigReport        100        100        100          0          0 testVertices
TrigReport        100        100        100          0          0 tpClusterProducer
TrigReport        100        100        100          0          0 trackingParticleRecoTrackAsssociation


TimeReport ---------- Event  Summary ---[sec]----
TimeReport       event loop CPU/event = 5.140207
TimeReport      event loop Real/event = 7.714053
TimeReport     sum Streams Real/event = 7.652454
TimeReport efficiency CPU/Real/thread = 0.666343

TimeReport ---------- Path   Summary ---[Real sec]----
TimeReport  per event     per exec  Name
TimeReport   6.277763     6.277763  MPV
TimeReport   6.279134     6.279134  analyze

TimeReport  per event     per exec  Name

TimeReport -------End-Path   Summary ---[Real sec]----
TimeReport  per event     per exec  Name

TimeReport  per event     per exec  Name

TimeReport ---------- Modules in Path: MPV ---[Real sec]----
TimeReport  per event    per visit  Name
TimeReport   0.392608     0.392608  testVertices


TimeReport ---------- Modules in Path: analyze ---[Real sec]----
TimeReport  per event    per visit  Name
TimeReport   1.797072     1.797072  tpClusterProducer
TimeReport   0.000014     0.000014  quickTrackAssociatorByHits
TimeReport   0.324762     0.324762  trackingParticleRecoTrackAsssociation
TimeReport   0.189073     0.189073  oldVertexAnalysis

TimeReport  per event    per visit  Name

TimeReport ---------- Module Summary ---[Real sec]----
TimeReport  per event     per exec    per visit  Name
TimeReport   0.000002     0.000002     0.000002  MPV
TimeReport   0.000003     0.000003     0.000003  TriggerResults
TimeReport   0.000014     0.000014     0.000014  analyze
TimeReport   0.189073     0.189073     0.189073  oldVertexAnalysis
TimeReport   0.000014     0.000014     0.000014  quickTrackAssociatorByHits
TimeReport   0.392608     0.392608     0.392608  testVertices
TimeReport   1.797072     1.797072     1.797072  tpClusterProducer
TimeReport   0.324762     0.324762     0.324762  trackingParticleRecoTrackAsssociation

TimeReport  per event     per exec    per visit  Name

T---Report end!


