HOME: /t3home/msaxer
USER: msaxer
SLURM_JOB_ID: 276906
HOSTNAME: t3wn56
CMSSW RELEASE BASE  /cvmfs/cms.cern.ch/slc7_amd64_gcc12/cms/cmssw/CMSSW_14_1_0_pre7
%MSG-i AlpakaService:  (NoModuleName) 18-Oct-2024 00:09:45 CEST pre-events
AlpakaServiceSerialSync succesfully initialised.
Found 1 device:
  - Intel(R) Xeon(R) CPU E5-2698 v3 @ 2.30GHz
%MSG
18-Oct-2024 00:10:05 CEST  Initiating request to open file root://xrootd-cms.infn.it//store/relval/CMSSW_14_1_0_pre7/RelValTTbar_14TeV/GEN-SIM-RECO/141X_mcRun4_realistic_v1_STD_2026D110_PU-v1/2580000/822a294d-79ed-46f1-b8e5-7fe51b316557.root
18-Oct-2024 00:10:49 CEST  Successfully opened file root://xrootd-cms.infn.it//store/relval/CMSSW_14_1_0_pre7/RelValTTbar_14TeV/GEN-SIM-RECO/141X_mcRun4_realistic_v1_STD_2026D110_PU-v1/2580000/822a294d-79ed-46f1-b8e5-7fe51b316557.root
Begin processing the 1st record. Run 1, Event 4501, LumiSection 46 on stream 0 at 18-Oct-2024 00:11:14.422 CEST
18-Oct-2024 00:11:49 CEST  Closed file root://xrootd-cms.infn.it//store/relval/CMSSW_14_1_0_pre7/RelValTTbar_14TeV/GEN-SIM-RECO/141X_mcRun4_realistic_v1_STD_2026D110_PU-v1/2580000/822a294d-79ed-46f1-b8e5-7fe51b316557.root
TestAnalyzer::endJob: done
TimeReport> Time report complete in 197.356 seconds
 Time Summary: 
 - Min event:   34.8145
 - Max event:   34.8145
 - Avg event:   34.8145
 - Total loop:  35.9537
 - Total init:  161.26
 - Total job:   197.356
 - Total EventSetup: 29.1559
 - Total non-module: 0.123902
 Event Throughput: 0.0278136 ev/s
 CPU Summary: 
 - Total loop:     30.7764
 - Total init:     100.05
 - Total extra:    0
 - Total children: 0.190835
 - Total job:      130.951
 Processing Summary: 
 - Number of Events:  1
 - Number of Global Begin Lumi Calls:  1
 - Number of Global Begin Run Calls: 1


TrigReport ---------- Event  Summary ------------
TrigReport Events total = 1 passed = 1 failed = 0

TrigReport ---------- Path   Summary ------------
TrigReport  Trig Bit#   Executed     Passed     Failed      Error Name
TrigReport     1    0          1          1          0          0 MPV
TrigReport     1    1          1          1          0          0 analyze


TrigReport -------End-Path   Summary ------------
TrigReport  Trig Bit#   Executed     Passed     Failed      Error Name


TrigReport ---------- Modules in Path: MPV ------------
TrigReport  Trig Bit#    Visited     Passed     Failed      Error Name
TrigReport     1    0          1          1          0          0 testVertices


TrigReport ---------- Modules in Path: analyze ------------
TrigReport  Trig Bit#    Visited     Passed     Failed      Error Name
TrigReport     1    0          1          1          0          0 tpClusterProducer
TrigReport     1    1          1          1          0          0 quickTrackAssociatorByHits
TrigReport     1    2          1          1          0          0 trackingParticleRecoTrackAsssociation
TrigReport     1    3          1          1          0          0 oldVertexAnalysis


TrigReport ---------- Module Summary ------------
TrigReport    Visited   Executed     Passed     Failed      Error Name
TrigReport          1          1          1          0          0 MPV
TrigReport          1          1          1          0          0 TriggerResults
TrigReport          1          1          1          0          0 analyze
TrigReport          1          1          1          0          0 oldVertexAnalysis
TrigReport          1          1          1          0          0 quickTrackAssociatorByHits
TrigReport          1          1          1          0          0 testVertices
TrigReport          1          1          1          0          0 tpClusterProducer
TrigReport          1          1          1          0          0 trackingParticleRecoTrackAsssociation


TimeReport ---------- Event  Summary ---[sec]----
TimeReport       event loop CPU/event = 30.786467
TimeReport      event loop Real/event = 35.963678
TimeReport     sum Streams Real/event = 35.219247
TimeReport efficiency CPU/Real/thread = 0.856043

TimeReport ---------- Path   Summary ---[Real sec]----
TimeReport  per event     per exec  Name
TimeReport  34.567851    34.567851  MPV
TimeReport  34.814388    34.814388  analyze

TimeReport  per event     per exec  Name

TimeReport -------End-Path   Summary ---[Real sec]----
TimeReport  per event     per exec  Name

TimeReport  per event     per exec  Name

TimeReport ---------- Modules in Path: MPV ---[Real sec]----
TimeReport  per event    per visit  Name
TimeReport   0.486214     0.486214  testVertices


TimeReport ---------- Modules in Path: analyze ---[Real sec]----
TimeReport  per event    per visit  Name
TimeReport   1.418692     1.418692  tpClusterProducer
TimeReport   0.000311     0.000311  quickTrackAssociatorByHits
TimeReport   0.378165     0.378165  trackingParticleRecoTrackAsssociation
TimeReport   0.232727     0.232727  oldVertexAnalysis

TimeReport  per event    per visit  Name

TimeReport ---------- Module Summary ---[Real sec]----
TimeReport  per event     per exec    per visit  Name
TimeReport   0.000008     0.000008     0.000008  MPV
TimeReport   0.000004     0.000004     0.000004  TriggerResults
TimeReport   0.000015     0.000015     0.000015  analyze
TimeReport   0.232727     0.232727     0.232727  oldVertexAnalysis
TimeReport   0.000311     0.000311     0.000311  quickTrackAssociatorByHits
TimeReport   0.486214     0.486214     0.486214  testVertices
TimeReport   1.418692     1.418692     1.418692  tpClusterProducer
TimeReport   0.378165     0.378165     0.378165  trackingParticleRecoTrackAsssociation

TimeReport  per event     per exec    per visit  Name

T---Report end!


