HOME: /t3home/frejalom
USER: frejalom
SLURM_JOB_ID: 320356
HOSTNAME: t3wn51
CMSSW RELEASE BASE  /cvmfs/cms.cern.ch/slc7_amd64_gcc12/cms/cmssw/CMSSW_14_2_0_pre4
%MSG-i AlpakaService:  (NoModuleName) 10-Apr-2025 22:49:20 CEST pre-events
AlpakaServiceSerialSync succesfully initialised.
Found 1 device:
  - Intel(R) Xeon(R) CPU E5-2698 v3 @ 2.30GHz
%MSG
10-Apr-2025 22:49:30 CEST  Initiating request to open file root://xrootd-cms.infn.it//store/relval/CMSSW_14_2_0_pre4/RelValTTbar_14TeV/GEN-SIM-RECO/PU_141X_mcRun4_realistic_v3_STD_2026D110_PU-v2/2590000/e36b3f7f-5915-40dc-9f39-637a0259e803.root
%MSG-w XrdAdaptorInternal:  file_open 10-Apr-2025 22:50:24 CEST pre-events
Failed to open file at URL root://cms-xrd-global.cern.ch:1094//store/relval/CMSSW_14_2_0_pre4/RelValTTbar_14TeV/GEN-SIM-RECO/PU_141X_mcRun4_realistic_v3_STD_2026D110_PU-v2/2590000/e36b3f7f-5915-40dc-9f39-637a0259e803.root?tried=+1213xrootd-cms-redir-int.cr.cnaf.infn.it&xrdcl.requuid=73bd943b-35d8-4e85-8a0a-9d9d90e50ecd.
%MSG
%MSG-w XrdAdaptorInternal:  file_open 10-Apr-2025 22:50:25 CEST pre-events
Failed to open file at URL root://cms-xrd-global.cern.ch:1094//store/relval/CMSSW_14_2_0_pre4/RelValTTbar_14TeV/GEN-SIM-RECO/PU_141X_mcRun4_realistic_v3_STD_2026D110_PU-v2/2590000/e36b3f7f-5915-40dc-9f39-637a0259e803.root?tried=+1213xrootd-cms-redir-int.cr.cnaf.infn.it,&xrdcl.requuid=f899542c-7dd7-45ac-9547-5d556fa82f48.
%MSG
----- Begin Fatal Exception 10-Apr-2025 22:50:25 CEST-----------------------
An exception of category 'FileOpenError' occurred while
   [0] Constructing the EventProcessor
   [1] Constructing input source of type PoolSource
   [2] Calling RootInputFileSequence::initTheFile()
   [3] Calling StorageFactory::open()
   [4] Calling XrdFile::open()
Exception Message:
Failed to open the file 'root://xrootd-cms.infn.it//store/relval/CMSSW_14_2_0_pre4/RelValTTbar_14TeV/GEN-SIM-RECO/PU_141X_mcRun4_realistic_v3_STD_2026D110_PU-v2/2590000/e36b3f7f-5915-40dc-9f39-637a0259e803.root'
   Additional Info:
      [a] Input file root://xrootd-cms.infn.it//store/relval/CMSSW_14_2_0_pre4/RelValTTbar_14TeV/GEN-SIM-RECO/PU_141X_mcRun4_realistic_v3_STD_2026D110_PU-v2/2590000/e36b3f7f-5915-40dc-9f39-637a0259e803.root could not be opened.
      [b] XrdCl::File::Open(name='root://xrootd-cms.infn.it//store/relval/CMSSW_14_2_0_pre4/RelValTTbar_14TeV/GEN-SIM-RECO/PU_141X_mcRun4_realistic_v3_STD_2026D110_PU-v2/2590000/e36b3f7f-5915-40dc-9f39-637a0259e803.root', flags=0x10, permissions=0660) => error '[ERROR] Server responded with an error: [3011] No servers are available to read the file.
' (errno=3011, code=400). No additional data servers were found.
      [c] Last URL tried: root://cms-xrd-global.cern.ch:1094//store/relval/CMSSW_14_2_0_pre4/RelValTTbar_14TeV/GEN-SIM-RECO/PU_141X_mcRun4_realistic_v3_STD_2026D110_PU-v2/2590000/e36b3f7f-5915-40dc-9f39-637a0259e803.root?tried=+1213xrootd-cms-redir-int.cr.cnaf.infn.it,&xrdcl.requuid=f899542c-7dd7-45ac-9547-5d556fa82f48
      [d] Problematic data server: cms-xrd-global.cern.ch:1094
      [e] Disabled source: cms-xrd-global.cern.ch:1094
----- End Fatal Exception -------------------------------------------------
logfile
pv_cfg.py
cp: cannot stat 'pv.root': No such file or directory
