HOME: /t3home/frejalom
USER: frejalom
SLURM_JOB_ID: 244126
HOSTNAME: t3wn60
CMSSW RELEASE BASE  /cvmfs/cms.cern.ch/slc7_amd64_gcc12/cms/cmssw/CMSSW_14_2_0_pre4
%MSG-i AlpakaService:  (NoModuleName) 02-Apr-2025 08:41:41 CEST pre-events
AlpakaServiceSerialSync succesfully initialised.
Found 1 device:
  - Intel(R) Xeon(R) Gold 6148 CPU @ 2.40GHz
%MSG
02-Apr-2025 08:41:47 CEST  Initiating request to open file root://xrootd-cms.infn.it//store/relval/CMSSW_14_2_0_pre4/RelValTTbar_14TeV/GEN-SIM-RECO/PU_141X_mcRun4_realistic_v3_STD_2026D110_PU-v2/2590000/8e65ca13-9d65-45c0-b043-b6a484697b59.root
[2025-04-02 08:41:48.602415 +0200][Error  ][XRootDTransport   ][80931] [storage01.lcg.cscs.ch:1095.0] Authentication with gsi failed: login failed
[2025-04-02 08:41:48.602501 +0200][Error  ][XRootDTransport   ][80931] [storage01.lcg.cscs.ch:1095.0] No protocols left to try
[2025-04-02 08:41:48.602524 +0200][Error  ][AsyncSock         ][80931] [storage01.lcg.cscs.ch:1095.0] Socket error while handshaking: [FATAL] Auth failed
[2025-04-02 08:41:48.602661 +0200][Error  ][PostMaster        ][80931] [storage01.lcg.cscs.ch:1095] elapsed = 0, pConnectionWindow = 31 seconds.
[2025-04-02 08:41:48.602677 +0200][Error  ][PostMaster        ][80931] [storage01.lcg.cscs.ch:1095] Unable to recover: [FATAL] Auth failed.
[2025-04-02 08:41:48.602692 +0200][Error  ][XRootD            ][80931] [storage01.lcg.cscs.ch:1095] Impossible to send message kXR_open (file: /store/relval/CMSSW_14_2_0_pre4/RelValTTbar_14TeV/GEN-SIM-RECO/PU_141X_mcRun4_realistic_v3_STD_2026D110_PU-v2/2590000/8e65ca13-9d65-45c0-b043-b6a484697b59.root, mode: 0660, flags: kXR_open_read kXR_async kXR_retstat ). Trying to recover.
%MSG-w XrdAdaptorInternal:  file_open 02-Apr-2025 08:44:28 CEST pre-events
Failed to open file at URL root://cms-xrd-global.cern.ch:1094//store/relval/CMSSW_14_2_0_pre4/RelValTTbar_14TeV/GEN-SIM-RECO/PU_141X_mcRun4_realistic_v3_STD_2026D110_PU-v2/2590000/8e65ca13-9d65-45c0-b043-b6a484697b59.root?tried=+1213llrxrd-redir.in2p3.fr,+1213xrootd-redic.pi.infn.it,cms03.lcg.cscs.ch&xrdcl.requuid=f7d6ca84-dd64-4704-973b-cdd249fa30b4.
%MSG
[2025-04-02 08:44:28.338990 +0200][Error  ][XRootDTransport   ][80931] [storage01.lcg.cscs.ch:1095.0] Authentication with gsi failed: login failed
[2025-04-02 08:44:28.339061 +0200][Error  ][XRootDTransport   ][80931] [storage01.lcg.cscs.ch:1095.0] No protocols left to try
[2025-04-02 08:44:28.339075 +0200][Error  ][AsyncSock         ][80931] [storage01.lcg.cscs.ch:1095.0] Socket error while handshaking: [FATAL] Auth failed
[2025-04-02 08:44:28.339139 +0200][Error  ][PostMaster        ][80931] [storage01.lcg.cscs.ch:1095] elapsed = 0, pConnectionWindow = 31 seconds.
[2025-04-02 08:44:28.339148 +0200][Error  ][PostMaster        ][80931] [storage01.lcg.cscs.ch:1095] Unable to recover: [FATAL] Auth failed.
[2025-04-02 08:44:28.339155 +0200][Error  ][XRootD            ][80931] [storage01.lcg.cscs.ch:1095] Impossible to send message kXR_open (file: /store/relval/CMSSW_14_2_0_pre4/RelValTTbar_14TeV/GEN-SIM-RECO/PU_141X_mcRun4_realistic_v3_STD_2026D110_PU-v2/2590000/8e65ca13-9d65-45c0-b043-b6a484697b59.root?tried=, mode: 0660, flags: kXR_open_read kXR_async kXR_retstat ). Trying to recover.
%MSG-w XrdAdaptorInternal:  file_open 02-Apr-2025 08:44:53 CEST pre-events
Failed to open file at URL root://cms-xrd-global.cern.ch:1094//store/relval/CMSSW_14_2_0_pre4/RelValTTbar_14TeV/GEN-SIM-RECO/PU_141X_mcRun4_realistic_v3_STD_2026D110_PU-v2/2590000/8e65ca13-9d65-45c0-b043-b6a484697b59.root?tried=+1213llrxrd-redir.in2p3.fr,+1213xrootd-redic.pi.infn.it,cms03.lcg.cscs.ch&xrdcl.requuid=cffa38c9-1e16-412c-a774-76ed4c5d6005.
%MSG
----- Begin Fatal Exception 02-Apr-2025 08:44:53 CEST-----------------------
An exception of category 'FileOpenError' occurred while
   [0] Constructing the EventProcessor
   [1] Constructing input source of type PoolSource
   [2] Calling RootInputFileSequence::initTheFile()
   [3] Calling StorageFactory::open()
   [4] Calling XrdFile::open()
Exception Message:
Failed to open the file 'root://xrootd-cms.infn.it//store/relval/CMSSW_14_2_0_pre4/RelValTTbar_14TeV/GEN-SIM-RECO/PU_141X_mcRun4_realistic_v3_STD_2026D110_PU-v2/2590000/8e65ca13-9d65-45c0-b043-b6a484697b59.root'
   Additional Info:
      [a] Input file root://xrootd-cms.infn.it//store/relval/CMSSW_14_2_0_pre4/RelValTTbar_14TeV/GEN-SIM-RECO/PU_141X_mcRun4_realistic_v3_STD_2026D110_PU-v2/2590000/8e65ca13-9d65-45c0-b043-b6a484697b59.root could not be opened.
      [b] XrdCl::File::Open(name='root://xrootd-cms.infn.it//store/relval/CMSSW_14_2_0_pre4/RelValTTbar_14TeV/GEN-SIM-RECO/PU_141X_mcRun4_realistic_v3_STD_2026D110_PU-v2/2590000/8e65ca13-9d65-45c0-b043-b6a484697b59.root', flags=0x10, permissions=0660) => error '[ERROR] Server responded with an error: [3011] No servers are available to read the file.
' (errno=3011, code=400). No additional data servers were found.
      [c] Last URL tried: root://cms-xrd-global.cern.ch:1094//store/relval/CMSSW_14_2_0_pre4/RelValTTbar_14TeV/GEN-SIM-RECO/PU_141X_mcRun4_realistic_v3_STD_2026D110_PU-v2/2590000/8e65ca13-9d65-45c0-b043-b6a484697b59.root?tried=+1213llrxrd-redir.in2p3.fr,+1213xrootd-redic.pi.infn.it,cms03.lcg.cscs.ch&xrdcl.requuid=cffa38c9-1e16-412c-a774-76ed4c5d6005
      [d] Problematic data server: cms-xrd-global.cern.ch:1094
      [e] Disabled source: cms-xrd-global.cern.ch:1094
----- End Fatal Exception -------------------------------------------------
logfile
pv_cfg.py
cp: cannot stat 'pv.root': No such file or directory
