HOME: /t3home/msaxer
USER: msaxer
SLURM_JOB_ID: 51632
HOSTNAME: t3wn70
CMSSW RELEASE BASE  /cvmfs/cms.cern.ch/slc7_amd64_gcc12/cms/cmssw/CMSSW_14_1_0_pre7
%MSG-i AlpakaService:  (NoModuleName) 27-Feb-2025 12:11:14 CET pre-events
AlpakaServiceSerialSync succesfully initialised.
Found 1 device:
  - AMD EPYC 7702P 64-Core Processor
%MSG
27-Feb-2025 12:11:19 CET  Initiating request to open file root://xrootd-cms.infn.it//store/relval/CMSSW_14_1_0_pre7/RelValTTbar_14TeV/GEN-SIM-RECO/141X_mcRun4_realistic_v1_STD_2026D110_PU-v1/2580000/f1c0f125-807b-4bbb-92d8-04b49be031d6.root
%MSG-w XrdAdaptorInternal:  file_open 27-Feb-2025 12:11:56 CET pre-events
Failed to open file at URL root://cms-xrd-global.cern.ch:1094//store/relval/CMSSW_14_1_0_pre7/RelValTTbar_14TeV/GEN-SIM-RECO/141X_mcRun4_realistic_v1_STD_2026D110_PU-v1/2580000/f1c0f125-807b-4bbb-92d8-04b49be031d6.root?tried=+1213xrootd-cms-redir-int.cr.cnaf.infn.it&xrdcl.requuid=0c521d04-1bcc-424a-850d-f2aec1bc0add.
%MSG
%MSG-w XrdAdaptorInternal:  file_open 27-Feb-2025 12:11:56 CET pre-events
Failed to open file at URL root://cms-xrd-global.cern.ch:1094//store/relval/CMSSW_14_1_0_pre7/RelValTTbar_14TeV/GEN-SIM-RECO/141X_mcRun4_realistic_v1_STD_2026D110_PU-v1/2580000/f1c0f125-807b-4bbb-92d8-04b49be031d6.root?tried=+1213xrootd-cms-redir-int.cr.cnaf.infn.it,&xrdcl.requuid=8aef5d3c-f976-40a5-9e5a-68eb3e2b6674.
%MSG
----- Begin Fatal Exception 27-Feb-2025 12:11:56 CET-----------------------
An exception of category 'FileOpenError' occurred while
   [0] Constructing the EventProcessor
   [1] Constructing input source of type PoolSource
   [2] Calling RootInputFileSequence::initTheFile()
   [3] Calling StorageFactory::open()
   [4] Calling XrdFile::open()
Exception Message:
Failed to open the file 'root://xrootd-cms.infn.it//store/relval/CMSSW_14_1_0_pre7/RelValTTbar_14TeV/GEN-SIM-RECO/141X_mcRun4_realistic_v1_STD_2026D110_PU-v1/2580000/f1c0f125-807b-4bbb-92d8-04b49be031d6.root'
   Additional Info:
      [a] Input file root://xrootd-cms.infn.it//store/relval/CMSSW_14_1_0_pre7/RelValTTbar_14TeV/GEN-SIM-RECO/141X_mcRun4_realistic_v1_STD_2026D110_PU-v1/2580000/f1c0f125-807b-4bbb-92d8-04b49be031d6.root could not be opened.
      [b] XrdCl::File::Open(name='root://xrootd-cms.infn.it//store/relval/CMSSW_14_1_0_pre7/RelValTTbar_14TeV/GEN-SIM-RECO/141X_mcRun4_realistic_v1_STD_2026D110_PU-v1/2580000/f1c0f125-807b-4bbb-92d8-04b49be031d6.root', flags=0x10, permissions=0660) => error '[ERROR] Server responded with an error: [3011] No servers are available to read the file.
' (errno=3011, code=400). No additional data servers were found.
      [c] Last URL tried: root://cms-xrd-global.cern.ch:1094//store/relval/CMSSW_14_1_0_pre7/RelValTTbar_14TeV/GEN-SIM-RECO/141X_mcRun4_realistic_v1_STD_2026D110_PU-v1/2580000/f1c0f125-807b-4bbb-92d8-04b49be031d6.root?tried=+1213xrootd-cms-redir-int.cr.cnaf.infn.it,&xrdcl.requuid=8aef5d3c-f976-40a5-9e5a-68eb3e2b6674
      [d] Problematic data server: cms-xrd-global.cern.ch:1094
      [e] Disabled source: cms-xrd-global.cern.ch:1094
----- End Fatal Exception -------------------------------------------------
cp: cannot stat 'pv.root': No such file or directory
