HOME: /t3home/msaxer
USER: msaxer
SLURM_JOB_ID: 486029
HOSTNAME: t3wn71
CMSSW RELEASE BASE  /cvmfs/cms.cern.ch/slc7_amd64_gcc12/cms/cmssw/CMSSW_14_1_0_pre7
%MSG-i AlpakaService:  (NoModuleName) 23-Oct-2024 13:15:02 CEST pre-events
AlpakaServiceSerialSync succesfully initialised.
Found 1 device:
  - AMD EPYC 7702P 64-Core Processor
%MSG
23-Oct-2024 13:15:09 CEST  Initiating request to open file root://xrootd-cms.infn.it//store/relval/CMSSW_14_1_0_pre7/RelValTTbar_14TeV/GEN-SIM-RECO/141X_mcRun4_realistic_v1_STD_2026D110_PU-v1/2580000/b4e4be42-4426-4a73-91fc-8961813f9abd.root
23-Oct-2024 13:15:42 CEST  Successfully opened file root://xrootd-cms.infn.it//store/relval/CMSSW_14_1_0_pre7/RelValTTbar_14TeV/GEN-SIM-RECO/141X_mcRun4_realistic_v1_STD_2026D110_PU-v1/2580000/b4e4be42-4426-4a73-91fc-8961813f9abd.root
Begin processing the 1st record. Run 1, Event 802, LumiSection 9 on stream 0 at 23-Oct-2024 13:16:03.469 CEST
[2024-10-23 13:20:43.158917 +0200][Error  ][PostMaster        ][93803] [eoscms-ns-ip700.cern.ch:1098] Forcing error on disconnect: [ERROR] Operation interrupted.
23-Oct-2024 13:27:27 CEST  Closed file root://xrootd-cms.infn.it//store/relval/CMSSW_14_1_0_pre7/RelValTTbar_14TeV/GEN-SIM-RECO/141X_mcRun4_realistic_v1_STD_2026D110_PU-v1/2580000/b4e4be42-4426-4a73-91fc-8961813f9abd.root
TestAnalyzer::endJob: done
TimeReport> Time report complete in 776.251 seconds
 Time Summary: 
 - Min event:   4.04986
 - Max event:   38.1732
 - Avg event:   6.2884
 - Total loop:  684.745
 - Total init:  91.3908
 - Total job:   776.251
 - Total EventSetup: 31.0249
 - Total non-module: 6.04437
 Event Throughput: 0.14604 ev/s
 CPU Summary: 
 - Total loop:     570.839
 - Total init:     85.65
 - Total extra:    0
 - Total children: 0.194539
 - Total job:      656.599
 Processing Summary: 
 - Number of Events:  100
 - Number of Global Begin Lumi Calls:  1
 - Number of Global Begin Run Calls: 1


TrigReport ---------- Event  Summary ------------
TrigReport Events total = 100 passed = 100 failed = 0

TrigReport ---------- Path   Summary ------------
TrigReport  Trig Bit#   Executed     Passed     Failed      Error Name
TrigReport     1    0        100        100          0          0 MPV
TrigReport     1    1        100        100          0          0 analyze


TrigReport -------End-Path   Summary ------------
TrigReport  Trig Bit#   Executed     Passed     Failed      Error Name


TrigReport ---------- Modules in Path: MPV ------------
TrigReport  Trig Bit#    Visited     Passed     Failed      Error Name
TrigReport     1    0        100        100          0          0 testVertices


TrigReport ---------- Modules in Path: analyze ------------
TrigReport  Trig Bit#    Visited     Passed     Failed      Error Name
TrigReport     1    0        100        100          0          0 tpClusterProducer
TrigReport     1    1        100        100          0          0 quickTrackAssociatorByHits
TrigReport     1    2        100        100          0          0 trackingParticleRecoTrackAsssociation
TrigReport     1    3        100        100          0          0 oldVertexAnalysis


TrigReport ---------- Module Summary ------------
TrigReport    Visited   Executed     Passed     Failed      Error Name
TrigReport        100        100        100          0          0 MPV
TrigReport        100        100        100          0          0 TriggerResults
TrigReport        100        100        100          0          0 analyze
TrigReport        100        100        100          0          0 oldVertexAnalysis
TrigReport        100        100        100          0          0 quickTrackAssociatorByHits
TrigReport        100        100        100          0          0 testVertices
TrigReport        100        100        100          0          0 tpClusterProducer
TrigReport        100        100        100          0          0 trackingParticleRecoTrackAsssociation


TimeReport ---------- Event  Summary ---[sec]----
TimeReport       event loop CPU/event = 5.708485
TimeReport      event loop Real/event = 6.847545
TimeReport     sum Streams Real/event = 6.782225
TimeReport efficiency CPU/Real/thread = 0.833654

TimeReport ---------- Path   Summary ---[Real sec]----
TimeReport  per event     per exec  Name
TimeReport   6.285904     6.285904  MPV
TimeReport   6.288369     6.288369  analyze

TimeReport  per event     per exec  Name

TimeReport -------End-Path   Summary ---[Real sec]----
TimeReport  per event     per exec  Name

TimeReport  per event     per exec  Name

TimeReport ---------- Modules in Path: MPV ---[Real sec]----
TimeReport  per event    per visit  Name
TimeReport   0.720615     0.720615  testVertices


TimeReport ---------- Modules in Path: analyze ---[Real sec]----
TimeReport  per event    per visit  Name
TimeReport   1.909075     1.909075  tpClusterProducer
TimeReport   0.000015     0.000015  quickTrackAssociatorByHits
TimeReport   0.337922     0.337922  trackingParticleRecoTrackAsssociation
TimeReport   0.194877     0.194877  oldVertexAnalysis

TimeReport  per event    per visit  Name

TimeReport ---------- Module Summary ---[Real sec]----
TimeReport  per event     per exec    per visit  Name
TimeReport   0.000002     0.000002     0.000002  MPV
TimeReport   0.000003     0.000003     0.000003  TriggerResults
TimeReport   0.000014     0.000014     0.000014  analyze
TimeReport   0.194877     0.194877     0.194877  oldVertexAnalysis
TimeReport   0.000015     0.000015     0.000015  quickTrackAssociatorByHits
TimeReport   0.720615     0.720615     0.720615  testVertices
TimeReport   1.909075     1.909075     1.909075  tpClusterProducer
TimeReport   0.337922     0.337922     0.337922  trackingParticleRecoTrackAsssociation

TimeReport  per event     per exec    per visit  Name

T---Report end!


