HOME: /t3home/msaxer
USER: msaxer
SLURM_JOB_ID: 486027
HOSTNAME: t3wn72
CMSSW RELEASE BASE  /cvmfs/cms.cern.ch/slc7_amd64_gcc12/cms/cmssw/CMSSW_14_1_0_pre7
%MSG-i AlpakaService:  (NoModuleName) 23-Oct-2024 13:15:01 CEST pre-events
AlpakaServiceSerialSync succesfully initialised.
Found 1 device:
  - AMD EPYC 7702P 64-Core Processor
%MSG
23-Oct-2024 13:15:08 CEST  Initiating request to open file root://xrootd-cms.infn.it//store/relval/CMSSW_14_1_0_pre7/RelValTTbar_14TeV/GEN-SIM-RECO/141X_mcRun4_realistic_v1_STD_2026D110_PU-v1/2580000/b4e4be42-4426-4a73-91fc-8961813f9abd.root
23-Oct-2024 13:15:38 CEST  Successfully opened file root://xrootd-cms.infn.it//store/relval/CMSSW_14_1_0_pre7/RelValTTbar_14TeV/GEN-SIM-RECO/141X_mcRun4_realistic_v1_STD_2026D110_PU-v1/2580000/b4e4be42-4426-4a73-91fc-8961813f9abd.root
Begin processing the 1st record. Run 1, Event 802, LumiSection 9 on stream 0 at 23-Oct-2024 13:15:55.419 CEST
[2024-10-23 13:20:53.766339 +0200][Error  ][PostMaster        ][83229] [eoscms-ns-ip563.cern.ch:1098] Forcing error on disconnect: [ERROR] Operation interrupted.
23-Oct-2024 13:25:41 CEST  Closed file root://xrootd-cms.infn.it//store/relval/CMSSW_14_1_0_pre7/RelValTTbar_14TeV/GEN-SIM-RECO/141X_mcRun4_realistic_v1_STD_2026D110_PU-v1/2580000/b4e4be42-4426-4a73-91fc-8961813f9abd.root
TestAnalyzer::endJob: done
TimeReport> Time report complete in 673.884 seconds
 Time Summary: 
 - Min event:   3.79366
 - Max event:   28.7984
 - Avg event:   5.40547
 - Total loop:  587.366
 - Total init:  86.4215
 - Total job:   673.884
 - Total EventSetup: 23.5145
 - Total non-module: 5.73094
 Event Throughput: 0.170252 ev/s
 CPU Summary: 
 - Total loop:     498.759
 - Total init:     71.8547
 - Total extra:    0
 - Total children: 0.139635
 - Total job:      570.707
 Processing Summary: 
 - Number of Events:  100
 - Number of Global Begin Lumi Calls:  1
 - Number of Global Begin Run Calls: 1


TrigReport ---------- Event  Summary ------------
TrigReport Events total = 100 passed = 100 failed = 0

TrigReport ---------- Path   Summary ------------
TrigReport  Trig Bit#   Executed     Passed     Failed      Error Name
TrigReport     1    0        100        100          0          0 MPV
TrigReport     1    1        100        100          0          0 analyze


TrigReport -------End-Path   Summary ------------
TrigReport  Trig Bit#   Executed     Passed     Failed      Error Name


TrigReport ---------- Modules in Path: MPV ------------
TrigReport  Trig Bit#    Visited     Passed     Failed      Error Name
TrigReport     1    0        100        100          0          0 testVertices


TrigReport ---------- Modules in Path: analyze ------------
TrigReport  Trig Bit#    Visited     Passed     Failed      Error Name
TrigReport     1    0        100        100          0          0 tpClusterProducer
TrigReport     1    1        100        100          0          0 quickTrackAssociatorByHits
TrigReport     1    2        100        100          0          0 trackingParticleRecoTrackAsssociation
TrigReport     1    3        100        100          0          0 oldVertexAnalysis


TrigReport ---------- Module Summary ------------
TrigReport    Visited   Executed     Passed     Failed      Error Name
TrigReport        100        100        100          0          0 MPV
TrigReport        100        100        100          0          0 TriggerResults
TrigReport        100        100        100          0          0 analyze
TrigReport        100        100        100          0          0 oldVertexAnalysis
TrigReport        100        100        100          0          0 quickTrackAssociatorByHits
TrigReport        100        100        100          0          0 testVertices
TrigReport        100        100        100          0          0 tpClusterProducer
TrigReport        100        100        100          0          0 trackingParticleRecoTrackAsssociation


TimeReport ---------- Event  Summary ---[sec]----
TimeReport       event loop CPU/event = 4.987672
TimeReport      event loop Real/event = 5.873745
TimeReport     sum Streams Real/event = 5.812239
TimeReport efficiency CPU/Real/thread = 0.849147

TimeReport ---------- Path   Summary ---[Real sec]----
TimeReport  per event     per exec  Name
TimeReport   5.403496     5.403496  MPV
TimeReport   5.405438     5.405438  analyze

TimeReport  per event     per exec  Name

TimeReport -------End-Path   Summary ---[Real sec]----
TimeReport  per event     per exec  Name

TimeReport  per event     per exec  Name

TimeReport ---------- Modules in Path: MPV ---[Real sec]----
TimeReport  per event    per visit  Name
TimeReport   0.431603     0.431603  testVertices


TimeReport ---------- Modules in Path: analyze ---[Real sec]----
TimeReport  per event    per visit  Name
TimeReport   1.784852     1.784852  tpClusterProducer
TimeReport   0.000015     0.000015  quickTrackAssociatorByHits
TimeReport   0.329992     0.329992  trackingParticleRecoTrackAsssociation
TimeReport   0.185685     0.185685  oldVertexAnalysis

TimeReport  per event    per visit  Name

TimeReport ---------- Module Summary ---[Real sec]----
TimeReport  per event     per exec    per visit  Name
TimeReport   0.000002     0.000002     0.000002  MPV
TimeReport   0.000003     0.000003     0.000003  TriggerResults
TimeReport   0.000014     0.000014     0.000014  analyze
TimeReport   0.185685     0.185685     0.185685  oldVertexAnalysis
TimeReport   0.000015     0.000015     0.000015  quickTrackAssociatorByHits
TimeReport   0.431603     0.431603     0.431603  testVertices
TimeReport   1.784852     1.784852     1.784852  tpClusterProducer
TimeReport   0.329992     0.329992     0.329992  trackingParticleRecoTrackAsssociation

TimeReport  per event     per exec    per visit  Name

T---Report end!


