HOME: /t3home/msaxer
USER: msaxer
SLURM_JOB_ID: 10477
HOSTNAME: t3wn56
CMSSW RELEASE BASE  /cvmfs/cms.cern.ch/slc7_amd64_gcc12/cms/cmssw/CMSSW_14_1_0_pre7
%MSG-i AlpakaService:  (NoModuleName) 27-Nov-2024 11:04:31 CET pre-events
AlpakaServiceSerialSync succesfully initialised.
Found 1 device:
  - Intel(R) Xeon(R) CPU E5-2698 v3 @ 2.30GHz
%MSG
27-Nov-2024 11:04:46 CET  Initiating request to open file root://xrootd-cms.infn.it//store/relval/CMSSW_14_1_0_pre7/RelValTTbar_14TeV/GEN-SIM-RECO/141X_mcRun4_realistic_v1_STD_2026D110_PU-v1/2580000/f1c0f125-807b-4bbb-92d8-04b49be031d6.root
27-Nov-2024 11:05:34 CET  Successfully opened file root://xrootd-cms.infn.it//store/relval/CMSSW_14_1_0_pre7/RelValTTbar_14TeV/GEN-SIM-RECO/141X_mcRun4_realistic_v1_STD_2026D110_PU-v1/2580000/f1c0f125-807b-4bbb-92d8-04b49be031d6.root
%MSG-w XrdAdaptorLvl3:  source 27-Nov-2024 11:06:12 CET PreSource
Deactivating st-096-hh151745.cern.ch from active sources because its quality (631) is higher than 260 and 4 times larger than the other active server st-048-cc8199ad.cern.ch (44) 
%MSG
Begin processing the 1st record. Run 1, Event 5401, LumiSection 55 on stream 0 at 27-Nov-2024 11:06:12.843 CET
[2024-11-27 11:13:21.872028 +0100][Error  ][PostMaster        ][ 2695] [eoscms-ns-ip563.cern.ch:1098] Forcing error on disconnect: [ERROR] Operation interrupted.
27-Nov-2024 11:21:01 CET  Closed file root://xrootd-cms.infn.it//store/relval/CMSSW_14_1_0_pre7/RelValTTbar_14TeV/GEN-SIM-RECO/141X_mcRun4_realistic_v1_STD_2026D110_PU-v1/2580000/f1c0f125-807b-4bbb-92d8-04b49be031d6.root
27-Nov-2024 11:21:01 CET  Initiating request to open file root://xrootd-cms.infn.it//store/relval/CMSSW_14_1_0_pre7/RelValTTbar_14TeV/GEN-SIM-RECO/141X_mcRun4_realistic_v1_STD_2026D110_PU-v1/2580000/a53db118-5ef9-49f6-b9d7-242b30eab82e.root
27-Nov-2024 11:21:03 CET  Successfully opened file root://xrootd-cms.infn.it//store/relval/CMSSW_14_1_0_pre7/RelValTTbar_14TeV/GEN-SIM-RECO/141X_mcRun4_realistic_v1_STD_2026D110_PU-v1/2580000/a53db118-5ef9-49f6-b9d7-242b30eab82e.root
[2024-11-27 11:26:16.520166 +0100][Error  ][PostMaster        ][ 2695] [st-096-hh151745.cern.ch:1095] Forcing error on disconnect: [ERROR] Operation interrupted.
[2024-11-27 11:26:16.520675 +0100][Error  ][PostMaster        ][ 2695] [st-048-cc8199ad.cern.ch:1095] Forcing error on disconnect: [ERROR] Operation interrupted.
[2024-11-27 11:26:27.852187 +0100][Error  ][PostMaster        ][ 2695] [eoscms-ns-ip700.cern.ch:1098] Forcing error on disconnect: [ERROR] Operation interrupted.
27-Nov-2024 11:35:16 CET  Closed file root://xrootd-cms.infn.it//store/relval/CMSSW_14_1_0_pre7/RelValTTbar_14TeV/GEN-SIM-RECO/141X_mcRun4_realistic_v1_STD_2026D110_PU-v1/2580000/a53db118-5ef9-49f6-b9d7-242b30eab82e.root
27-Nov-2024 11:35:16 CET  Initiating request to open file root://xrootd-cms.infn.it//store/relval/CMSSW_14_1_0_pre7/RelValTTbar_14TeV/GEN-SIM-RECO/141X_mcRun4_realistic_v1_STD_2026D110_PU-v1/2580000/45570743-aad5-4012-8988-11481880176b.root
27-Nov-2024 11:35:18 CET  Successfully opened file root://xrootd-cms.infn.it//store/relval/CMSSW_14_1_0_pre7/RelValTTbar_14TeV/GEN-SIM-RECO/141X_mcRun4_realistic_v1_STD_2026D110_PU-v1/2580000/45570743-aad5-4012-8988-11481880176b.root
%MSG-w XrdAdaptorLvl3:   TrackAssociatorEDProducer:trackingParticleRecoTrackAsssociation  27-Nov-2024 11:35:33 CET Run: 1 Event: 3803
Deactivating p06636710r90783.cern.ch from active sources because its quality (344) is higher than 260 and 4 times larger than the other active server st-096-100gb-ip304-31834.cern.ch (15) 
%MSG
[2024-11-27 11:40:31.366129 +0100][Error  ][PostMaster        ][ 2695] [st-096-gg500rrf.cern.ch:1095] Forcing error on disconnect: [ERROR] Operation interrupted.
[2024-11-27 11:40:31.366898 +0100][Error  ][PostMaster        ][ 2695] [st-096-dd904234.cern.ch:1095] Forcing error on disconnect: [ERROR] Operation interrupted.
27-Nov-2024 11:49:37 CET  Closed file root://xrootd-cms.infn.it//store/relval/CMSSW_14_1_0_pre7/RelValTTbar_14TeV/GEN-SIM-RECO/141X_mcRun4_realistic_v1_STD_2026D110_PU-v1/2580000/45570743-aad5-4012-8988-11481880176b.root
27-Nov-2024 11:49:37 CET  Initiating request to open file root://xrootd-cms.infn.it//store/relval/CMSSW_14_1_0_pre7/RelValTTbar_14TeV/GEN-SIM-RECO/141X_mcRun4_realistic_v1_STD_2026D110_PU-v1/2580000/bfce0f9a-aedb-4461-960f-a363ebd6cd1c.root
27-Nov-2024 11:49:39 CET  Successfully opened file root://xrootd-cms.infn.it//store/relval/CMSSW_14_1_0_pre7/RelValTTbar_14TeV/GEN-SIM-RECO/141X_mcRun4_realistic_v1_STD_2026D110_PU-v1/2580000/bfce0f9a-aedb-4461-960f-a363ebd6cd1c.root
[2024-11-27 11:54:52.396312 +0100][Error  ][PostMaster        ][ 2695] [st-096-100gb-ip304-31834.cern.ch:1095] Forcing error on disconnect: [ERROR] Operation interrupted.
[2024-11-27 11:54:52.422065 +0100][Error  ][PostMaster        ][ 2695] [p06636710r90783.cern.ch:1095] Forcing error on disconnect: [ERROR] Operation interrupted.
[2024-11-27 11:55:02.432141 +0100][Error  ][PostMaster        ][ 2695] [eoscms-ns-ip700.cern.ch:1098] Forcing error on disconnect: [ERROR] Operation interrupted.
27-Nov-2024 12:03:45 CET  Closed file root://xrootd-cms.infn.it//store/relval/CMSSW_14_1_0_pre7/RelValTTbar_14TeV/GEN-SIM-RECO/141X_mcRun4_realistic_v1_STD_2026D110_PU-v1/2580000/bfce0f9a-aedb-4461-960f-a363ebd6cd1c.root
27-Nov-2024 12:03:45 CET  Initiating request to open file root://xrootd-cms.infn.it//store/relval/CMSSW_14_1_0_pre7/RelValTTbar_14TeV/GEN-SIM-RECO/141X_mcRun4_realistic_v1_STD_2026D110_PU-v1/2580000/a462251f-4e50-4ec6-a9fe-90d8372e319b.root
27-Nov-2024 12:03:47 CET  Successfully opened file root://xrootd-cms.infn.it//store/relval/CMSSW_14_1_0_pre7/RelValTTbar_14TeV/GEN-SIM-RECO/141X_mcRun4_realistic_v1_STD_2026D110_PU-v1/2580000/a462251f-4e50-4ec6-a9fe-90d8372e319b.root
%MSG-w XrdAdaptorLvl3:  source 27-Nov-2024 12:03:57 CET PreSource
Deactivating st-096-dd904234.cern.ch from active sources because its quality (693) is higher than 260 and 4 times larger than the other active server st-096-dd9063a0.cern.ch (60) 
%MSG
[2024-11-27 12:09:00.736210 +0100][Error  ][PostMaster        ][ 2695] [st-096-100gb-ip313-4d084.cern.ch:1095] Forcing error on disconnect: [ERROR] Operation interrupted.
[2024-11-27 12:09:00.758099 +0100][Error  ][PostMaster        ][ 2695] [st-096-ii2019bd.cern.ch:1095] Forcing error on disconnect: [ERROR] Operation interrupted.
27-Nov-2024 12:17:58 CET  Closed file root://xrootd-cms.infn.it//store/relval/CMSSW_14_1_0_pre7/RelValTTbar_14TeV/GEN-SIM-RECO/141X_mcRun4_realistic_v1_STD_2026D110_PU-v1/2580000/a462251f-4e50-4ec6-a9fe-90d8372e319b.root
27-Nov-2024 12:17:58 CET  Initiating request to open file root://xrootd-cms.infn.it//store/relval/CMSSW_14_1_0_pre7/RelValTTbar_14TeV/GEN-SIM-RECO/141X_mcRun4_realistic_v1_STD_2026D110_PU-v1/2580000/7629b858-9911-4be5-9f05-f2f164c748dc.root
27-Nov-2024 12:18:00 CET  Successfully opened file root://xrootd-cms.infn.it//store/relval/CMSSW_14_1_0_pre7/RelValTTbar_14TeV/GEN-SIM-RECO/141X_mcRun4_realistic_v1_STD_2026D110_PU-v1/2580000/7629b858-9911-4be5-9f05-f2f164c748dc.root
%MSG-w XrdAdaptorLvl3:  PreProcPath MPV 27-Nov-2024 12:18:12 CET  Run: 1 Event: 1101
Deactivating st-096-ii2019bd.cern.ch from active sources because its quality (405) is higher than 260 and 4 times larger than the other active server st-096-100gb-ip304-27a7f.cern.ch (26) 
%MSG
[2024-11-27 12:23:13.902095 +0100][Error  ][PostMaster        ][ 2695] [st-096-dd9063a0.cern.ch:1095] Forcing error on disconnect: [ERROR] Operation interrupted.
[2024-11-27 12:23:13.902542 +0100][Error  ][PostMaster        ][ 2695] [st-096-dd904234.cern.ch:1095] Forcing error on disconnect: [ERROR] Operation interrupted.
27-Nov-2024 12:31:49 CET  Closed file root://xrootd-cms.infn.it//store/relval/CMSSW_14_1_0_pre7/RelValTTbar_14TeV/GEN-SIM-RECO/141X_mcRun4_realistic_v1_STD_2026D110_PU-v1/2580000/7629b858-9911-4be5-9f05-f2f164c748dc.root
27-Nov-2024 12:31:49 CET  Initiating request to open file root://xrootd-cms.infn.it//store/relval/CMSSW_14_1_0_pre7/RelValTTbar_14TeV/GEN-SIM-RECO/141X_mcRun4_realistic_v1_STD_2026D110_PU-v1/2580000/e884391b-e766-4df6-b89b-1518223f0327.root
27-Nov-2024 12:31:51 CET  Successfully opened file root://xrootd-cms.infn.it//store/relval/CMSSW_14_1_0_pre7/RelValTTbar_14TeV/GEN-SIM-RECO/141X_mcRun4_realistic_v1_STD_2026D110_PU-v1/2580000/e884391b-e766-4df6-b89b-1518223f0327.root
[2024-11-27 12:37:00.177155 +0100][Error  ][PostMaster        ][ 2695] [eoscms-ns-ip700.cern.ch:1098] Forcing error on disconnect: [ERROR] Operation interrupted.
[2024-11-27 12:37:04.431109 +0100][Error  ][PostMaster        ][ 2695] [st-096-ii2019bd.cern.ch:1095] Forcing error on disconnect: [ERROR] Operation interrupted.
[2024-11-27 12:37:04.431262 +0100][Error  ][PostMaster        ][ 2695] [st-096-100gb-ip304-27a7f.cern.ch:1095] Forcing error on disconnect: [ERROR] Operation interrupted.
27-Nov-2024 12:45:34 CET  Closed file root://xrootd-cms.infn.it//store/relval/CMSSW_14_1_0_pre7/RelValTTbar_14TeV/GEN-SIM-RECO/141X_mcRun4_realistic_v1_STD_2026D110_PU-v1/2580000/e884391b-e766-4df6-b89b-1518223f0327.root
27-Nov-2024 12:45:34 CET  Initiating request to open file root://xrootd-cms.infn.it//store/relval/CMSSW_14_1_0_pre7/RelValTTbar_14TeV/GEN-SIM-RECO/141X_mcRun4_realistic_v1_STD_2026D110_PU-v1/2580000/022ffcb9-8446-46ad-9f04-7e48e66be96f.root
27-Nov-2024 12:45:36 CET  Successfully opened file root://xrootd-cms.infn.it//store/relval/CMSSW_14_1_0_pre7/RelValTTbar_14TeV/GEN-SIM-RECO/141X_mcRun4_realistic_v1_STD_2026D110_PU-v1/2580000/022ffcb9-8446-46ad-9f04-7e48e66be96f.root
[2024-11-27 12:50:49.363118 +0100][Error  ][PostMaster        ][ 2695] [st-096-ii201701.cern.ch:1095] Forcing error on disconnect: [ERROR] Operation interrupted.
[2024-11-27 12:50:49.363556 +0100][Error  ][PostMaster        ][ 2695] [st-048-cc820ce4.cern.ch:1095] Forcing error on disconnect: [ERROR] Operation interrupted.
[2024-11-27 12:51:01.587086 +0100][Error  ][PostMaster        ][ 2695] [eoscms-ns-ip700.cern.ch:1098] Forcing error on disconnect: [ERROR] Operation interrupted.
27-Nov-2024 12:59:31 CET  Closed file root://xrootd-cms.infn.it//store/relval/CMSSW_14_1_0_pre7/RelValTTbar_14TeV/GEN-SIM-RECO/141X_mcRun4_realistic_v1_STD_2026D110_PU-v1/2580000/022ffcb9-8446-46ad-9f04-7e48e66be96f.root
27-Nov-2024 12:59:31 CET  Initiating request to open file root://xrootd-cms.infn.it//store/relval/CMSSW_14_1_0_pre7/RelValTTbar_14TeV/GEN-SIM-RECO/141X_mcRun4_realistic_v1_STD_2026D110_PU-v1/2580000/544c4ffb-39ee-47bb-9d37-cbbd1652c308.root
27-Nov-2024 12:59:33 CET  Successfully opened file root://xrootd-cms.infn.it//store/relval/CMSSW_14_1_0_pre7/RelValTTbar_14TeV/GEN-SIM-RECO/141X_mcRun4_realistic_v1_STD_2026D110_PU-v1/2580000/544c4ffb-39ee-47bb-9d37-cbbd1652c308.root
%MSG-w XrdAdaptorLvl3:  source 27-Nov-2024 12:59:39 CET PreSource
Deactivating st-096-100gb-ip313-4d084.cern.ch from active sources because its quality (607) is higher than 260 and 4 times larger than the other active server st-096-gg561cnv.cern.ch (82) 
%MSG
[2024-11-27 13:04:46.406123 +0100][Error  ][PostMaster        ][ 2695] [st-096-gg50030i.cern.ch:1095] Forcing error on disconnect: [ERROR] Operation interrupted.
[2024-11-27 13:04:46.873094 +0100][Error  ][PostMaster        ][ 2695] [st-096-hh151911.cern.ch:1095] Forcing error on disconnect: [ERROR] Operation interrupted.
[2024-11-27 13:04:52.661117 +0100][Error  ][PostMaster        ][ 2695] [eoscms-ns-ip563.cern.ch:1098] Forcing error on disconnect: [ERROR] Operation interrupted.
27-Nov-2024 13:13:33 CET  Closed file root://xrootd-cms.infn.it//store/relval/CMSSW_14_1_0_pre7/RelValTTbar_14TeV/GEN-SIM-RECO/141X_mcRun4_realistic_v1_STD_2026D110_PU-v1/2580000/544c4ffb-39ee-47bb-9d37-cbbd1652c308.root
27-Nov-2024 13:13:33 CET  Initiating request to open file root://xrootd-cms.infn.it//store/relval/CMSSW_14_1_0_pre7/RelValTTbar_14TeV/GEN-SIM-RECO/141X_mcRun4_realistic_v1_STD_2026D110_PU-v1/2580000/d7e586d0-2a4c-4515-9b54-b687652fba6e.root
27-Nov-2024 13:13:35 CET  Successfully opened file root://xrootd-cms.infn.it//store/relval/CMSSW_14_1_0_pre7/RelValTTbar_14TeV/GEN-SIM-RECO/141X_mcRun4_realistic_v1_STD_2026D110_PU-v1/2580000/d7e586d0-2a4c-4515-9b54-b687652fba6e.root
%MSG-w XrdAdaptorLvl3:  PreProcPath MPV 27-Nov-2024 13:13:43 CET  Run: 1 Event: 7102
Deactivating st-096-hh151745.cern.ch from active sources because its quality (631) is higher than 260 and 4 times larger than the other active server st-096-100gb-ip306-40da9.cern.ch (28) 
%MSG
[2024-11-27 13:18:48.916096 +0100][Error  ][PostMaster        ][ 2695] [st-096-gg561cnv.cern.ch:1095] Forcing error on disconnect: [ERROR] Operation interrupted.
[2024-11-27 13:18:48.916553 +0100][Error  ][PostMaster        ][ 2695] [st-096-100gb-ip313-4d084.cern.ch:1095] Forcing error on disconnect: [ERROR] Operation interrupted.
27-Nov-2024 13:27:43 CET  Closed file root://xrootd-cms.infn.it//store/relval/CMSSW_14_1_0_pre7/RelValTTbar_14TeV/GEN-SIM-RECO/141X_mcRun4_realistic_v1_STD_2026D110_PU-v1/2580000/d7e586d0-2a4c-4515-9b54-b687652fba6e.root
27-Nov-2024 13:27:43 CET  Initiating request to open file root://xrootd-cms.infn.it//store/relval/CMSSW_14_1_0_pre7/RelValTTbar_14TeV/GEN-SIM-RECO/141X_mcRun4_realistic_v1_STD_2026D110_PU-v1/2580000/1b154a8e-fed4-4b35-9d1e-e9da6f9307f2.root
27-Nov-2024 13:27:45 CET  Successfully opened file root://xrootd-cms.infn.it//store/relval/CMSSW_14_1_0_pre7/RelValTTbar_14TeV/GEN-SIM-RECO/141X_mcRun4_realistic_v1_STD_2026D110_PU-v1/2580000/1b154a8e-fed4-4b35-9d1e-e9da6f9307f2.root
Begin processing the 1001st record. Run 1, Event 2801, LumiSection 29 on stream 0 at 27-Nov-2024 13:27:53.745 CET
[2024-11-27 13:32:58.611109 +0100][Error  ][PostMaster        ][ 2695] [st-096-100gb-ip306-40da9.cern.ch:1095] Forcing error on disconnect: [ERROR] Operation interrupted.
[2024-11-27 13:32:58.612714 +0100][Error  ][PostMaster        ][ 2695] [st-096-hh151745.cern.ch:1095] Forcing error on disconnect: [ERROR] Operation interrupted.
[2024-11-27 13:33:08.412097 +0100][Error  ][PostMaster        ][ 2695] [eoscms-ns-ip700.cern.ch:1098] Forcing error on disconnect: [ERROR] Operation interrupted.
%MSG-w TSCPBuilderNoMaterial:  PrimaryVertexProducer:testVertices  27-Nov-2024 13:41:22 CET Run: 1 Event: 2898
Propagation to perigee plane failed!
%MSG
27-Nov-2024 13:41:39 CET  Closed file root://xrootd-cms.infn.it//store/relval/CMSSW_14_1_0_pre7/RelValTTbar_14TeV/GEN-SIM-RECO/141X_mcRun4_realistic_v1_STD_2026D110_PU-v1/2580000/1b154a8e-fed4-4b35-9d1e-e9da6f9307f2.root
27-Nov-2024 13:41:39 CET  Initiating request to open file root://xrootd-cms.infn.it//store/relval/CMSSW_14_1_0_pre7/RelValTTbar_14TeV/GEN-SIM-RECO/141X_mcRun4_realistic_v1_STD_2026D110_PU-v1/2580000/3f406359-9f51-4bb4-a8d7-db48b1b5d918.root
27-Nov-2024 13:41:42 CET  Successfully opened file root://xrootd-cms.infn.it//store/relval/CMSSW_14_1_0_pre7/RelValTTbar_14TeV/GEN-SIM-RECO/141X_mcRun4_realistic_v1_STD_2026D110_PU-v1/2580000/3f406359-9f51-4bb4-a8d7-db48b1b5d918.root
[2024-11-27 13:46:51.081185 +0100][Error  ][PostMaster        ][ 2695] [eoscms-ns-ip700.cern.ch:1098] Forcing error on disconnect: [ERROR] Operation interrupted.
[2024-11-27 13:46:54.084155 +0100][Error  ][PostMaster        ][ 2695] [st-096-100gb-ip308-69665.cern.ch:1095] Forcing error on disconnect: [ERROR] Operation interrupted.
[2024-11-27 13:46:54.576291 +0100][Error  ][PostMaster        ][ 2695] [st-096-gg500f11.cern.ch:1095] Forcing error on disconnect: [ERROR] Operation interrupted.
27-Nov-2024 13:55:39 CET  Closed file root://xrootd-cms.infn.it//store/relval/CMSSW_14_1_0_pre7/RelValTTbar_14TeV/GEN-SIM-RECO/141X_mcRun4_realistic_v1_STD_2026D110_PU-v1/2580000/3f406359-9f51-4bb4-a8d7-db48b1b5d918.root
27-Nov-2024 13:55:39 CET  Initiating request to open file root://xrootd-cms.infn.it//store/relval/CMSSW_14_1_0_pre7/RelValTTbar_14TeV/GEN-SIM-RECO/141X_mcRun4_realistic_v1_STD_2026D110_PU-v1/2580000/26b16f9b-8210-46dd-b7a6-9ffec1531638.root
27-Nov-2024 13:55:41 CET  Successfully opened file root://xrootd-cms.infn.it//store/relval/CMSSW_14_1_0_pre7/RelValTTbar_14TeV/GEN-SIM-RECO/141X_mcRun4_realistic_v1_STD_2026D110_PU-v1/2580000/26b16f9b-8210-46dd-b7a6-9ffec1531638.root
%MSG-w XrdAdaptorLvl3:  PreProcPath MPV 27-Nov-2024 13:56:43 CET  Run: 1 Event: 6707
Deactivating st-096-ii201d5b.cern.ch from active sources because its quality (709) is higher than 260 and 4 times larger than the other active server st-096-100gb-ip308-66e5f.cern.ch (161) 
%MSG
[2024-11-27 14:00:54.715080 +0100][Error  ][PostMaster        ][ 2695] [st-096-ii201d18.cern.ch:1095] Forcing error on disconnect: [ERROR] Operation interrupted.
[2024-11-27 14:00:54.718034 +0100][Error  ][PostMaster        ][ 2695] [st-096-ff809e4a.cern.ch:1095] Forcing error on disconnect: [ERROR] Operation interrupted.
27-Nov-2024 14:09:59 CET  Closed file root://xrootd-cms.infn.it//store/relval/CMSSW_14_1_0_pre7/RelValTTbar_14TeV/GEN-SIM-RECO/141X_mcRun4_realistic_v1_STD_2026D110_PU-v1/2580000/26b16f9b-8210-46dd-b7a6-9ffec1531638.root
27-Nov-2024 14:09:59 CET  Initiating request to open file root://xrootd-cms.infn.it//store/relval/CMSSW_14_1_0_pre7/RelValTTbar_14TeV/GEN-SIM-RECO/141X_mcRun4_realistic_v1_STD_2026D110_PU-v1/2580000/6a8ff7cf-e6d2-4246-819b-45ae001f1df4.root
27-Nov-2024 14:10:01 CET  Successfully opened file root://xrootd-cms.infn.it//store/relval/CMSSW_14_1_0_pre7/RelValTTbar_14TeV/GEN-SIM-RECO/141X_mcRun4_realistic_v1_STD_2026D110_PU-v1/2580000/6a8ff7cf-e6d2-4246-819b-45ae001f1df4.root
%MSG-w XrdAdaptorLvl3:  source 27-Nov-2024 14:11:04 CET PreSource
Deactivating st-096-dd907844.cern.ch from active sources because its quality (578) is higher than 260 and 4 times larger than the other active server st-096-ii201c4a.cern.ch (87) 
%MSG
[2024-11-27 14:15:14.633103 +0100][Error  ][PostMaster        ][ 2695] [st-096-ii201d5b.cern.ch:1095] Forcing error on disconnect: [ERROR] Operation interrupted.
[2024-11-27 14:15:14.633564 +0100][Error  ][PostMaster        ][ 2695] [st-096-100gb-ip308-66e5f.cern.ch:1095] Forcing error on disconnect: [ERROR] Operation interrupted.
27-Nov-2024 14:23:32 CET  Closed file root://xrootd-cms.infn.it//store/relval/CMSSW_14_1_0_pre7/RelValTTbar_14TeV/GEN-SIM-RECO/141X_mcRun4_realistic_v1_STD_2026D110_PU-v1/2580000/6a8ff7cf-e6d2-4246-819b-45ae001f1df4.root
27-Nov-2024 14:23:32 CET  Initiating request to open file root://xrootd-cms.infn.it//store/relval/CMSSW_14_1_0_pre7/RelValTTbar_14TeV/GEN-SIM-RECO/141X_mcRun4_realistic_v1_STD_2026D110_PU-v1/2580000/a4d354ff-0b78-4000-9834-efdf92677628.root
27-Nov-2024 14:23:34 CET  Successfully opened file root://xrootd-cms.infn.it//store/relval/CMSSW_14_1_0_pre7/RelValTTbar_14TeV/GEN-SIM-RECO/141X_mcRun4_realistic_v1_STD_2026D110_PU-v1/2580000/a4d354ff-0b78-4000-9834-efdf92677628.root
[2024-11-27 14:28:47.758077 +0100][Error  ][PostMaster        ][ 2695] [st-096-dd907844.cern.ch:1095] Forcing error on disconnect: [ERROR] Operation interrupted.
[2024-11-27 14:28:47.759030 +0100][Error  ][PostMaster        ][ 2695] [st-096-ii201c4a.cern.ch:1095] Forcing error on disconnect: [ERROR] Operation interrupted.
[2024-11-27 14:28:56.972069 +0100][Error  ][PostMaster        ][ 2695] [eoscms-ns-ip700.cern.ch:1098] Forcing error on disconnect: [ERROR] Operation interrupted.
27-Nov-2024 14:36:50 CET  Closed file root://xrootd-cms.infn.it//store/relval/CMSSW_14_1_0_pre7/RelValTTbar_14TeV/GEN-SIM-RECO/141X_mcRun4_realistic_v1_STD_2026D110_PU-v1/2580000/a4d354ff-0b78-4000-9834-efdf92677628.root
27-Nov-2024 14:36:50 CET  Initiating request to open file root://xrootd-cms.infn.it//store/relval/CMSSW_14_1_0_pre7/RelValTTbar_14TeV/GEN-SIM-RECO/141X_mcRun4_realistic_v1_STD_2026D110_PU-v1/2580000/b4e4be42-4426-4a73-91fc-8961813f9abd.root
27-Nov-2024 14:36:52 CET  Successfully opened file root://xrootd-cms.infn.it//store/relval/CMSSW_14_1_0_pre7/RelValTTbar_14TeV/GEN-SIM-RECO/141X_mcRun4_realistic_v1_STD_2026D110_PU-v1/2580000/b4e4be42-4426-4a73-91fc-8961813f9abd.root
[2024-11-27 14:42:05.766144 +0100][Error  ][PostMaster        ][ 2695] [st-096-hh15170e.cern.ch:1095] Forcing error on disconnect: [ERROR] Operation interrupted.
[2024-11-27 14:42:05.885127 +0100][Error  ][PostMaster        ][ 2695] [st-096-hh15180c.cern.ch:1095] Forcing error on disconnect: [ERROR] Operation interrupted.
[2024-11-27 14:42:15.776073 +0100][Error  ][PostMaster        ][ 2695] [eoscms-ns-ip700.cern.ch:1098] Forcing error on disconnect: [ERROR] Operation interrupted.
