HOME: /t3home/msaxer
USER: msaxer
SLURM_JOB_ID: 158535
HOSTNAME: t3wn33
CMSSW RELEASE BASE  /cvmfs/cms.cern.ch/slc7_amd64_gcc12/cms/cmssw/CMSSW_14_1_0_pre7
%MSG-i AlpakaService:  (NoModuleName) 06-Dec-2024 11:46:24 CET pre-events
AlpakaServiceSerialSync succesfully initialised.
Found 1 device:
  - Intel(R) Xeon(R) CPU E5-2670 0 @ 2.60GHz
%MSG
06-Dec-2024 11:47:00 CET  Initiating request to open file root://t3dcachedb.psi.ch:1094///pnfs/psi.ch/cms/trivcat/store/user/werdmann/store/relval/CMSSW_14_1_0_pre7/RelValTTbar_14TeV/GEN-SIM-RECO/141X_mcRun4_realistic_v1_STD_2026D110_PU-v1/2580000/d7a7c619-06d6-451a-a1fc-9ca3e17e4e27.root
06-Dec-2024 11:47:36 CET  Successfully opened file root://t3dcachedb.psi.ch:1094///pnfs/psi.ch/cms/trivcat/store/user/werdmann/store/relval/CMSSW_14_1_0_pre7/RelValTTbar_14TeV/GEN-SIM-RECO/141X_mcRun4_realistic_v1_STD_2026D110_PU-v1/2580000/d7a7c619-06d6-451a-a1fc-9ca3e17e4e27.root
Begin processing the 1st record. Run 1, Event 8801, LumiSection 89 on stream 0 at 06-Dec-2024 11:47:55.821 CET
06-Dec-2024 11:57:04 CET  Closed file root://t3dcachedb.psi.ch:1094///pnfs/psi.ch/cms/trivcat/store/user/werdmann/store/relval/CMSSW_14_1_0_pre7/RelValTTbar_14TeV/GEN-SIM-RECO/141X_mcRun4_realistic_v1_STD_2026D110_PU-v1/2580000/d7a7c619-06d6-451a-a1fc-9ca3e17e4e27.root
06-Dec-2024 11:57:04 CET  Initiating request to open file root://xrootd-cms.infn.it//store/relval/CMSSW_14_1_0_pre7/RelValTTbar_14TeV/GEN-SIM-RECO/141X_mcRun4_realistic_v1_STD_2026D110_PU-v1/2580000/2424944d-f8a4-4e69-9ac5-1af16d48adbe.root
06-Dec-2024 11:57:07 CET  Successfully opened file root://xrootd-cms.infn.it//store/relval/CMSSW_14_1_0_pre7/RelValTTbar_14TeV/GEN-SIM-RECO/141X_mcRun4_realistic_v1_STD_2026D110_PU-v1/2580000/2424944d-f8a4-4e69-9ac5-1af16d48adbe.root
[2024-12-06 12:02:05.095036 +0100][Error  ][PostMaster        ][63841] [t3fs01.psi.ch:21677] Forcing error on disconnect: [ERROR] Operation interrupted.
[2024-12-06 12:02:15.014985 +0100][Error  ][PostMaster        ][63841] [eoscms-ns-ip563.cern.ch:1098] Forcing error on disconnect: [ERROR] Operation interrupted.
06-Dec-2024 12:09:05 CET  Closed file root://xrootd-cms.infn.it//store/relval/CMSSW_14_1_0_pre7/RelValTTbar_14TeV/GEN-SIM-RECO/141X_mcRun4_realistic_v1_STD_2026D110_PU-v1/2580000/2424944d-f8a4-4e69-9ac5-1af16d48adbe.root
06-Dec-2024 12:09:05 CET  Initiating request to open file root://xrootd-cms.infn.it//store/relval/CMSSW_14_1_0_pre7/RelValTTbar_14TeV/GEN-SIM-RECO/141X_mcRun4_realistic_v1_STD_2026D110_PU-v1/2580000/24e73678-1fb5-47f2-995e-b935934e7a15.root
06-Dec-2024 12:09:08 CET  Successfully opened file root://xrootd-cms.infn.it//store/relval/CMSSW_14_1_0_pre7/RelValTTbar_14TeV/GEN-SIM-RECO/141X_mcRun4_realistic_v1_STD_2026D110_PU-v1/2580000/24e73678-1fb5-47f2-995e-b935934e7a15.root
[2024-12-06 12:14:06.151894 +0100][Error  ][PostMaster        ][63841] [p06636710j43661.cern.ch:1095] Forcing error on disconnect: [ERROR] Operation interrupted.
[2024-12-06 12:14:06.152420 +0100][Error  ][PostMaster        ][63841] [p06636710s48830.cern.ch:1095] Forcing error on disconnect: [ERROR] Operation interrupted.
[2024-12-06 12:14:27.450990 +0100][Error  ][PostMaster        ][63841] [eoscms-ns-ip563.cern.ch:1098] Forcing error on disconnect: [ERROR] Operation interrupted.
[2024-12-06 12:16:28.612895 +0100][Error  ][PostMaster        ][63841] [t3dcachedb.psi.ch:1094] Forcing error on disconnect: [ERROR] Operation interrupted.
06-Dec-2024 12:20:38 CET  Closed file root://xrootd-cms.infn.it//store/relval/CMSSW_14_1_0_pre7/RelValTTbar_14TeV/GEN-SIM-RECO/141X_mcRun4_realistic_v1_STD_2026D110_PU-v1/2580000/24e73678-1fb5-47f2-995e-b935934e7a15.root
06-Dec-2024 12:20:38 CET  Initiating request to open file root://xrootd-cms.infn.it//store/relval/CMSSW_14_1_0_pre7/RelValTTbar_14TeV/GEN-SIM-RECO/141X_mcRun4_realistic_v1_STD_2026D110_PU-v1/2580000/862c7208-d9b6-4a31-b38c-d54a2f0625b0.root
06-Dec-2024 12:20:41 CET  Successfully opened file root://xrootd-cms.infn.it//store/relval/CMSSW_14_1_0_pre7/RelValTTbar_14TeV/GEN-SIM-RECO/141X_mcRun4_realistic_v1_STD_2026D110_PU-v1/2580000/862c7208-d9b6-4a31-b38c-d54a2f0625b0.root
[2024-12-06 12:25:39.293990 +0100][Error  ][PostMaster        ][63841] [st-096-dd905bc9.cern.ch:1095] Forcing error on disconnect: [ERROR] Operation interrupted.
[2024-12-06 12:25:39.294857 +0100][Error  ][PostMaster        ][63841] [st-096-100gb-ip313-4d084.cern.ch:1095] Forcing error on disconnect: [ERROR] Operation interrupted.
[2024-12-06 12:25:55.351942 +0100][Error  ][PostMaster        ][63841] [eoscms-ns-ip700.cern.ch:1098] Forcing error on disconnect: [ERROR] Operation interrupted.
[2024-12-06 12:26:03.511148 +0100][Error  ][PostMaster        ][63841] [eoscms-ns-ip563.cern.ch:1098] Forcing error on disconnect: [ERROR] Operation interrupted.
06-Dec-2024 12:32:19 CET  Closed file root://xrootd-cms.infn.it//store/relval/CMSSW_14_1_0_pre7/RelValTTbar_14TeV/GEN-SIM-RECO/141X_mcRun4_realistic_v1_STD_2026D110_PU-v1/2580000/862c7208-d9b6-4a31-b38c-d54a2f0625b0.root
06-Dec-2024 12:32:19 CET  Initiating request to open file root://xrootd-cms.infn.it//store/relval/CMSSW_14_1_0_pre7/RelValTTbar_14TeV/GEN-SIM-RECO/141X_mcRun4_realistic_v1_STD_2026D110_PU-v1/2580000/e0d06464-f0aa-4bfe-8fe0-49e1533b4dfc.root
06-Dec-2024 12:32:21 CET  Successfully opened file root://xrootd-cms.infn.it//store/relval/CMSSW_14_1_0_pre7/RelValTTbar_14TeV/GEN-SIM-RECO/141X_mcRun4_realistic_v1_STD_2026D110_PU-v1/2580000/e0d06464-f0aa-4bfe-8fe0-49e1533b4dfc.root
[2024-12-06 12:37:34.448052 +0100][Error  ][PostMaster        ][63841] [p06636710v96864.cern.ch:1095] Forcing error on disconnect: [ERROR] Operation interrupted.
[2024-12-06 12:37:34.816103 +0100][Error  ][PostMaster        ][63841] [p06636710u87101.cern.ch:1095] Forcing error on disconnect: [ERROR] Operation interrupted.
[2024-12-06 12:37:35.840180 +0100][Error  ][PostMaster        ][63841] [eoscms-ns-ip563.cern.ch:1098] Forcing error on disconnect: [ERROR] Operation interrupted.
[2024-12-06 12:37:43.848077 +0100][Error  ][PostMaster        ][63841] [eoscms-ns-ip700.cern.ch:1098] Forcing error on disconnect: [ERROR] Operation interrupted.
06-Dec-2024 12:44:38 CET  Closed file root://xrootd-cms.infn.it//store/relval/CMSSW_14_1_0_pre7/RelValTTbar_14TeV/GEN-SIM-RECO/141X_mcRun4_realistic_v1_STD_2026D110_PU-v1/2580000/e0d06464-f0aa-4bfe-8fe0-49e1533b4dfc.root
06-Dec-2024 12:44:38 CET  Initiating request to open file root://xrootd-cms.infn.it//store/relval/CMSSW_14_1_0_pre7/RelValTTbar_14TeV/GEN-SIM-RECO/141X_mcRun4_realistic_v1_STD_2026D110_PU-v1/2580000/822a294d-79ed-46f1-b8e5-7fe51b316557.root
06-Dec-2024 12:44:41 CET  Successfully opened file root://xrootd-cms.infn.it//store/relval/CMSSW_14_1_0_pre7/RelValTTbar_14TeV/GEN-SIM-RECO/141X_mcRun4_realistic_v1_STD_2026D110_PU-v1/2580000/822a294d-79ed-46f1-b8e5-7fe51b316557.root
[2024-12-06 12:49:48.205918 +0100][Error  ][PostMaster        ][63841] [eoscms-ns-ip700.cern.ch:1098] Forcing error on disconnect: [ERROR] Operation interrupted.
[2024-12-06 12:49:53.596975 +0100][Error  ][PostMaster        ][63841] [st-096-gg500gy4.cern.ch:1095] Forcing error on disconnect: [ERROR] Operation interrupted.
[2024-12-06 12:49:53.597123 +0100][Error  ][PostMaster        ][63841] [st-096-ii2019bd.cern.ch:1095] Forcing error on disconnect: [ERROR] Operation interrupted.
06-Dec-2024 12:56:52 CET  Closed file root://xrootd-cms.infn.it//store/relval/CMSSW_14_1_0_pre7/RelValTTbar_14TeV/GEN-SIM-RECO/141X_mcRun4_realistic_v1_STD_2026D110_PU-v1/2580000/822a294d-79ed-46f1-b8e5-7fe51b316557.root
06-Dec-2024 12:56:52 CET  Initiating request to open file root://xrootd-cms.infn.it//store/relval/CMSSW_14_1_0_pre7/RelValTTbar_14TeV/GEN-SIM-RECO/141X_mcRun4_realistic_v1_STD_2026D110_PU-v1/2580000/ffed9e1e-d406-43ef-b23b-17b63018d497.root
06-Dec-2024 12:56:55 CET  Successfully opened file root://xrootd-cms.infn.it//store/relval/CMSSW_14_1_0_pre7/RelValTTbar_14TeV/GEN-SIM-RECO/141X_mcRun4_realistic_v1_STD_2026D110_PU-v1/2580000/ffed9e1e-d406-43ef-b23b-17b63018d497.root
[2024-12-06 13:01:53.165977 +0100][Error  ][PostMaster        ][63841] [st-096-ff809e4a.cern.ch:1095] Forcing error on disconnect: [ERROR] Operation interrupted.
[2024-12-06 13:01:53.166428 +0100][Error  ][PostMaster        ][63841] [st-096-ii201c4e.cern.ch:1095] Forcing error on disconnect: [ERROR] Operation interrupted.
[2024-12-06 13:02:08.275914 +0100][Error  ][PostMaster        ][63841] [eoscms-ns-ip700.cern.ch:1098] Forcing error on disconnect: [ERROR] Operation interrupted.
[2024-12-06 13:02:18.315939 +0100][Error  ][PostMaster        ][63841] [eoscms-ns-ip563.cern.ch:1098] Forcing error on disconnect: [ERROR] Operation interrupted.
06-Dec-2024 13:08:20 CET  Closed file root://xrootd-cms.infn.it//store/relval/CMSSW_14_1_0_pre7/RelValTTbar_14TeV/GEN-SIM-RECO/141X_mcRun4_realistic_v1_STD_2026D110_PU-v1/2580000/ffed9e1e-d406-43ef-b23b-17b63018d497.root
06-Dec-2024 13:08:20 CET  Initiating request to open file root://xrootd-cms.infn.it//store/relval/CMSSW_14_1_0_pre7/RelValTTbar_14TeV/GEN-SIM-RECO/141X_mcRun4_realistic_v1_STD_2026D110_PU-v1/2580000/06f06ac3-cc77-484d-9196-66e6784b7983.root
06-Dec-2024 13:08:22 CET  Successfully opened file root://xrootd-cms.infn.it//store/relval/CMSSW_14_1_0_pre7/RelValTTbar_14TeV/GEN-SIM-RECO/141X_mcRun4_realistic_v1_STD_2026D110_PU-v1/2580000/06f06ac3-cc77-484d-9196-66e6784b7983.root
[2024-12-06 13:13:35.693993 +0100][Error  ][PostMaster        ][63841] [st-096-gg5005ps.cern.ch:1095] Forcing error on disconnect: [ERROR] Operation interrupted.
[2024-12-06 13:13:35.977961 +0100][Error  ][PostMaster        ][63841] [st-048-019593bf.cern.ch:1095] Forcing error on disconnect: [ERROR] Operation interrupted.
[2024-12-06 13:13:36.734144 +0100][Error  ][PostMaster        ][63841] [eoscms-ns-ip563.cern.ch:1098] Forcing error on disconnect: [ERROR] Operation interrupted.
[2024-12-06 13:13:41.961963 +0100][Error  ][PostMaster        ][63841] [eoscms-ns-ip700.cern.ch:1098] Forcing error on disconnect: [ERROR] Operation interrupted.
06-Dec-2024 13:20:15 CET  Closed file root://xrootd-cms.infn.it//store/relval/CMSSW_14_1_0_pre7/RelValTTbar_14TeV/GEN-SIM-RECO/141X_mcRun4_realistic_v1_STD_2026D110_PU-v1/2580000/06f06ac3-cc77-484d-9196-66e6784b7983.root
06-Dec-2024 13:20:15 CET  Initiating request to open file root://xrootd-cms.infn.it//store/relval/CMSSW_14_1_0_pre7/RelValTTbar_14TeV/GEN-SIM-RECO/141X_mcRun4_realistic_v1_STD_2026D110_PU-v1/2580000/c4141a74-679f-4de3-9bb4-2f52309ba3e2.root
06-Dec-2024 13:20:17 CET  Successfully opened file root://xrootd-cms.infn.it//store/relval/CMSSW_14_1_0_pre7/RelValTTbar_14TeV/GEN-SIM-RECO/141X_mcRun4_realistic_v1_STD_2026D110_PU-v1/2580000/c4141a74-679f-4de3-9bb4-2f52309ba3e2.root
[2024-12-06 13:25:30.660968 +0100][Error  ][PostMaster        ][63841] [st-096-dd905f33.cern.ch:1095] Forcing error on disconnect: [ERROR] Operation interrupted.
[2024-12-06 13:25:30.661442 +0100][Error  ][PostMaster        ][63841] [st-096-dd904d00.cern.ch:1095] Forcing error on disconnect: [ERROR] Operation interrupted.
[2024-12-06 13:25:31.708921 +0100][Error  ][PostMaster        ][63841] [eoscms-ns-ip563.cern.ch:1098] Forcing error on disconnect: [ERROR] Operation interrupted.
[2024-12-06 13:25:40.647935 +0100][Error  ][PostMaster        ][63841] [eoscms-ns-ip700.cern.ch:1098] Forcing error on disconnect: [ERROR] Operation interrupted.
06-Dec-2024 13:31:54 CET  Closed file root://xrootd-cms.infn.it//store/relval/CMSSW_14_1_0_pre7/RelValTTbar_14TeV/GEN-SIM-RECO/141X_mcRun4_realistic_v1_STD_2026D110_PU-v1/2580000/c4141a74-679f-4de3-9bb4-2f52309ba3e2.root
06-Dec-2024 13:31:54 CET  Initiating request to open file root://xrootd-cms.infn.it//store/relval/CMSSW_14_1_0_pre7/RelValTTbar_14TeV/GEN-SIM-RECO/141X_mcRun4_realistic_v1_STD_2026D110_PU-v1/2580000/d033a93e-5073-4430-906e-26ad3edf7bf0.root
06-Dec-2024 13:31:57 CET  Successfully opened file root://xrootd-cms.infn.it//store/relval/CMSSW_14_1_0_pre7/RelValTTbar_14TeV/GEN-SIM-RECO/141X_mcRun4_realistic_v1_STD_2026D110_PU-v1/2580000/d033a93e-5073-4430-906e-26ad3edf7bf0.root
[2024-12-06 13:36:55.106084 +0100][Error  ][PostMaster        ][63841] [st-096-ii201bfc.cern.ch:1095] Forcing error on disconnect: [ERROR] Operation interrupted.
[2024-12-06 13:36:55.106697 +0100][Error  ][PostMaster        ][63841] [p06636710k97183.cern.ch:1095] Forcing error on disconnect: [ERROR] Operation interrupted.
[2024-12-06 13:37:19.555994 +0100][Error  ][PostMaster        ][63841] [eoscms-ns-ip563.cern.ch:1098] Forcing error on disconnect: [ERROR] Operation interrupted.
06-Dec-2024 13:43:14 CET  Closed file root://xrootd-cms.infn.it//store/relval/CMSSW_14_1_0_pre7/RelValTTbar_14TeV/GEN-SIM-RECO/141X_mcRun4_realistic_v1_STD_2026D110_PU-v1/2580000/d033a93e-5073-4430-906e-26ad3edf7bf0.root
TestAnalyzer::endJob: done
TimeReport> Time report complete in 7093.72 seconds
 Time Summary: 
 - Min event:   3.54779
 - Max event:   27.7033
 - Avg event:   5.68935
 - Total loop:  6922.58
 - Total init:  168.282
 - Total job:   7093.72
 - Total EventSetup: 22.6863
 - Total non-module: 102.377
 Event Throughput: 0.144455 ev/s
 CPU Summary: 
 - Total loop:     4531.64
 - Total init:     68.8319
 - Total extra:    0
 - Total children: 0.230387
 - Total job:      4600.94
 Processing Summary: 
 - Number of Events:  1000
 - Number of Global Begin Lumi Calls:  10
 - Number of Global Begin Run Calls: 1


TrigReport ---------- Event  Summary ------------
TrigReport Events total = 1000 passed = 1000 failed = 0

TrigReport ---------- Path   Summary ------------
TrigReport  Trig Bit#   Executed     Passed     Failed      Error Name
TrigReport     1    0       1000       1000          0          0 MPV
TrigReport     1    1       1000       1000          0          0 analyze


TrigReport -------End-Path   Summary ------------
TrigReport  Trig Bit#   Executed     Passed     Failed      Error Name


TrigReport ---------- Modules in Path: MPV ------------
TrigReport  Trig Bit#    Visited     Passed     Failed      Error Name
TrigReport     1    0       1000       1000          0          0 testVertices


TrigReport ---------- Modules in Path: analyze ------------
TrigReport  Trig Bit#    Visited     Passed     Failed      Error Name
TrigReport     1    0       1000       1000          0          0 tpClusterProducer
TrigReport     1    1       1000       1000          0          0 quickTrackAssociatorByHits
TrigReport     1    2       1000       1000          0          0 trackingParticleRecoTrackAsssociation
TrigReport     1    3       1000       1000          0          0 oldVertexAnalysis


TrigReport ---------- Module Summary ------------
TrigReport    Visited   Executed     Passed     Failed      Error Name
TrigReport       1000       1000       1000          0          0 MPV
TrigReport       1000       1000       1000          0          0 TriggerResults
TrigReport       1000       1000       1000          0          0 analyze
TrigReport       1000       1000       1000          0          0 oldVertexAnalysis
TrigReport       1000       1000       1000          0          0 quickTrackAssociatorByHits
TrigReport       1000       1000       1000          0          0 testVertices
TrigReport       1000       1000       1000          0          0 tpClusterProducer
TrigReport       1000       1000       1000          0          0 trackingParticleRecoTrackAsssociation


TimeReport ---------- Event  Summary ---[sec]----
TimeReport       event loop CPU/event = 4.531645
TimeReport      event loop Real/event = 6.922588
TimeReport     sum Streams Real/event = 6.820278
TimeReport efficiency CPU/Real/thread = 0.654617

TimeReport ---------- Path   Summary ---[Real sec]----
TimeReport  per event     per exec  Name
TimeReport   5.689020     5.689020  MPV
TimeReport   5.689320     5.689320  analyze

TimeReport  per event     per exec  Name

TimeReport -------End-Path   Summary ---[Real sec]----
TimeReport  per event     per exec  Name

TimeReport  per event     per exec  Name

TimeReport ---------- Modules in Path: MPV ---[Real sec]----
TimeReport  per event    per visit  Name
TimeReport   1.068179     1.068179  testVertices


TimeReport ---------- Modules in Path: analyze ---[Real sec]----
TimeReport  per event    per visit  Name
TimeReport   1.309494     1.309494  tpClusterProducer
TimeReport   0.000027     0.000027  quickTrackAssociatorByHits
TimeReport   0.250442     0.250442  trackingParticleRecoTrackAsssociation
TimeReport   0.174074     0.174074  oldVertexAnalysis

TimeReport  per event    per visit  Name

TimeReport ---------- Module Summary ---[Real sec]----
TimeReport  per event     per exec    per visit  Name
TimeReport   0.000002     0.000002     0.000002  MPV
TimeReport   0.000003     0.000003     0.000003  TriggerResults
TimeReport   0.000013     0.000013     0.000013  analyze
TimeReport   0.174074     0.174074     0.174074  oldVertexAnalysis
TimeReport   0.000027     0.000027     0.000027  quickTrackAssociatorByHits
TimeReport   1.068179     1.068179     1.068179  testVertices
TimeReport   1.309494     1.309494     1.309494  tpClusterProducer
TimeReport   0.250442     0.250442     0.250442  trackingParticleRecoTrackAsssociation

TimeReport  per event     per exec    per visit  Name

T---Report end!




Fatal system signal has occurred during exit
