HOME: /t3home/msaxer
USER: msaxer
SLURM_JOB_ID: 494833
HOSTNAME: t3wn31
CMSSW RELEASE BASE  /cvmfs/cms.cern.ch/slc7_amd64_gcc12/cms/cmssw/CMSSW_14_1_0_pre7
%MSG-i AlpakaService:  (NoModuleName) 23-Oct-2024 18:28:38 CEST pre-events
AlpakaServiceSerialSync succesfully initialised.
Found 1 device:
  - Intel(R) Xeon(R) CPU E5-2670 0 @ 2.60GHz
%MSG
23-Oct-2024 18:29:02 CEST  Initiating request to open file root://xrootd-cms.infn.it//store/relval/CMSSW_14_1_0_pre7/RelValH125GGgluonfusion_14/GEN-SIM-RECO/141X_mcRun4_realistic_v1_STD_2026D110_PU-v1/2580000/77aa0c63-30da-41bc-bd45-682e205dddea.root
23-Oct-2024 18:29:37 CEST  Successfully opened file root://xrootd-cms.infn.it//store/relval/CMSSW_14_1_0_pre7/RelValH125GGgluonfusion_14/GEN-SIM-RECO/141X_mcRun4_realistic_v1_STD_2026D110_PU-v1/2580000/77aa0c63-30da-41bc-bd45-682e205dddea.root
%MSG-w XrdAdaptorLvl3:  source 23-Oct-2024 18:29:57 CEST PreSource
Deactivating st-096-ee857a70.cern.ch from active sources because its quality (1532) is higher than 260 and 4 times larger than the other active server st-096-gg5003qo.cern.ch (253) 
%MSG
Begin processing the 1st record. Run 1, Event 4802, LumiSection 97 on stream 0 at 23-Oct-2024 18:29:57.537 CEST
23-Oct-2024 18:36:24 CEST  Closed file root://xrootd-cms.infn.it//store/relval/CMSSW_14_1_0_pre7/RelValH125GGgluonfusion_14/GEN-SIM-RECO/141X_mcRun4_realistic_v1_STD_2026D110_PU-v1/2580000/77aa0c63-30da-41bc-bd45-682e205dddea.root
23-Oct-2024 18:36:24 CEST  Initiating request to open file root://xrootd-cms.infn.it//store/relval/CMSSW_14_1_0_pre7/RelValH125GGgluonfusion_14/GEN-SIM-RECO/141X_mcRun4_realistic_v1_STD_2026D110_PU-v1/2580000/19c16d6c-8f66-4c03-8130-5075c8e6752a.root
23-Oct-2024 18:36:26 CEST  Successfully opened file root://xrootd-cms.infn.it//store/relval/CMSSW_14_1_0_pre7/RelValH125GGgluonfusion_14/GEN-SIM-RECO/141X_mcRun4_realistic_v1_STD_2026D110_PU-v1/2580000/19c16d6c-8f66-4c03-8130-5075c8e6752a.root
[2024-10-23 18:37:01.762201 +0200][Error  ][PostMaster        ][21359] [eoscms-ns-ip563.cern.ch:1098] Forcing error on disconnect: [ERROR] Operation interrupted.
[2024-10-23 18:41:39.767061 +0200][Error  ][PostMaster        ][21359] [st-096-ee857a70.cern.ch:1095] Forcing error on disconnect: [ERROR] Operation interrupted.
[2024-10-23 18:41:39.767607 +0200][Error  ][PostMaster        ][21359] [st-096-gg5003qo.cern.ch:1095] Forcing error on disconnect: [ERROR] Operation interrupted.
[2024-10-23 18:41:50.344103 +0200][Error  ][PostMaster        ][21359] [eoscms-ns-ip700.cern.ch:1098] Forcing error on disconnect: [ERROR] Operation interrupted.
23-Oct-2024 18:42:25 CEST  Closed file root://xrootd-cms.infn.it//store/relval/CMSSW_14_1_0_pre7/RelValH125GGgluonfusion_14/GEN-SIM-RECO/141X_mcRun4_realistic_v1_STD_2026D110_PU-v1/2580000/19c16d6c-8f66-4c03-8130-5075c8e6752a.root
23-Oct-2024 18:42:25 CEST  Initiating request to open file root://xrootd-cms.infn.it//store/relval/CMSSW_14_1_0_pre7/RelValH125GGgluonfusion_14/GEN-SIM-RECO/141X_mcRun4_realistic_v1_STD_2026D110_PU-v1/2580000/6b37bea3-45b4-4462-a1b0-e2cebe672c09.root
23-Oct-2024 18:42:28 CEST  Successfully opened file root://xrootd-cms.infn.it//store/relval/CMSSW_14_1_0_pre7/RelValH125GGgluonfusion_14/GEN-SIM-RECO/141X_mcRun4_realistic_v1_STD_2026D110_PU-v1/2580000/6b37bea3-45b4-4462-a1b0-e2cebe672c09.root
[2024-10-23 18:47:40.353056 +0200][Error  ][PostMaster        ][21359] [st-096-100gb-ip306-28341.cern.ch:1095] Forcing error on disconnect: [ERROR] Operation interrupted.
[2024-10-23 18:47:40.353479 +0200][Error  ][PostMaster        ][21359] [st-096-ff809e4a.cern.ch:1095] Forcing error on disconnect: [ERROR] Operation interrupted.
[2024-10-23 18:47:47.717039 +0200][Error  ][PostMaster        ][21359] [eoscms-ns-ip700.cern.ch:1098] Forcing error on disconnect: [ERROR] Operation interrupted.
23-Oct-2024 18:48:28 CEST  Closed file root://xrootd-cms.infn.it//store/relval/CMSSW_14_1_0_pre7/RelValH125GGgluonfusion_14/GEN-SIM-RECO/141X_mcRun4_realistic_v1_STD_2026D110_PU-v1/2580000/6b37bea3-45b4-4462-a1b0-e2cebe672c09.root
23-Oct-2024 18:48:28 CEST  Initiating request to open file root://xrootd-cms.infn.it//store/relval/CMSSW_14_1_0_pre7/RelValH125GGgluonfusion_14/GEN-SIM-RECO/141X_mcRun4_realistic_v1_STD_2026D110_PU-v1/2580000/60adca79-a662-4924-ac19-4638e2a0be63.root
23-Oct-2024 18:48:30 CEST  Successfully opened file root://xrootd-cms.infn.it//store/relval/CMSSW_14_1_0_pre7/RelValH125GGgluonfusion_14/GEN-SIM-RECO/141X_mcRun4_realistic_v1_STD_2026D110_PU-v1/2580000/60adca79-a662-4924-ac19-4638e2a0be63.root
[2024-10-23 18:53:43.386040 +0200][Error  ][PostMaster        ][21359] [st-096-gg5005ps.cern.ch:1095] Forcing error on disconnect: [ERROR] Operation interrupted.
[2024-10-23 18:53:43.513047 +0200][Error  ][PostMaster        ][21359] [p06636710m46495.cern.ch:1095] Forcing error on disconnect: [ERROR] Operation interrupted.
[2024-10-23 18:53:53.396013 +0200][Error  ][PostMaster        ][21359] [eoscms-ns-ip700.cern.ch:1098] Forcing error on disconnect: [ERROR] Operation interrupted.
23-Oct-2024 18:54:23 CEST  Closed file root://xrootd-cms.infn.it//store/relval/CMSSW_14_1_0_pre7/RelValH125GGgluonfusion_14/GEN-SIM-RECO/141X_mcRun4_realistic_v1_STD_2026D110_PU-v1/2580000/60adca79-a662-4924-ac19-4638e2a0be63.root
23-Oct-2024 18:54:23 CEST  Initiating request to open file root://xrootd-cms.infn.it//store/relval/CMSSW_14_1_0_pre7/RelValH125GGgluonfusion_14/GEN-SIM-RECO/141X_mcRun4_realistic_v1_STD_2026D110_PU-v1/2580000/6b2f8bb0-708e-4c8d-b6a1-8dc44bfccdd2.root
23-Oct-2024 18:54:25 CEST  Successfully opened file root://xrootd-cms.infn.it//store/relval/CMSSW_14_1_0_pre7/RelValH125GGgluonfusion_14/GEN-SIM-RECO/141X_mcRun4_realistic_v1_STD_2026D110_PU-v1/2580000/6b2f8bb0-708e-4c8d-b6a1-8dc44bfccdd2.root
%MSG-w XrdAdaptorLvl3:  PreProcPath MPV 23-Oct-2024 18:54:40 CEST  Run: 1 Event: 1552
Deactivating st-096-gg500sda.cern.ch from active sources because its quality (295) is higher than 260 and 4 times larger than the other active server st-096-ii201a6a.cern.ch (12) 
%MSG
[2024-10-23 18:59:36.073127 +0200][Error  ][PostMaster        ][21359] [eoscms-ns-ip700.cern.ch:1098] Forcing error on disconnect: [ERROR] Operation interrupted.
[2024-10-23 18:59:38.553034 +0200][Error  ][PostMaster        ][21359] [st-096-ii201684.cern.ch:1095] Forcing error on disconnect: [ERROR] Operation interrupted.
[2024-10-23 18:59:38.744023 +0200][Error  ][PostMaster        ][21359] [p06636710j45805.cern.ch:1095] Forcing error on disconnect: [ERROR] Operation interrupted.
23-Oct-2024 19:00:40 CEST  Closed file root://xrootd-cms.infn.it//store/relval/CMSSW_14_1_0_pre7/RelValH125GGgluonfusion_14/GEN-SIM-RECO/141X_mcRun4_realistic_v1_STD_2026D110_PU-v1/2580000/6b2f8bb0-708e-4c8d-b6a1-8dc44bfccdd2.root
23-Oct-2024 19:00:40 CEST  Initiating request to open file root://xrootd-cms.infn.it//store/relval/CMSSW_14_1_0_pre7/RelValH125GGgluonfusion_14/GEN-SIM-RECO/141X_mcRun4_realistic_v1_STD_2026D110_PU-v1/2580000/045f84b2-3129-4cdc-a38d-dd5d90419c6b.root
23-Oct-2024 19:00:42 CEST  Successfully opened file root://xrootd-cms.infn.it//store/relval/CMSSW_14_1_0_pre7/RelValH125GGgluonfusion_14/GEN-SIM-RECO/141X_mcRun4_realistic_v1_STD_2026D110_PU-v1/2580000/045f84b2-3129-4cdc-a38d-dd5d90419c6b.root
[2024-10-23 19:05:41.057088 +0200][Error  ][PostMaster        ][21359] [st-096-gg500sda.cern.ch:1095] Forcing error on disconnect: [ERROR] Operation interrupted.
[2024-10-23 19:05:41.057732 +0200][Error  ][PostMaster        ][21359] [st-096-ii201a6a.cern.ch:1095] Forcing error on disconnect: [ERROR] Operation interrupted.
[2024-10-23 19:06:04.394059 +0200][Error  ][PostMaster        ][21359] [eoscms-ns-ip563.cern.ch:1098] Forcing error on disconnect: [ERROR] Operation interrupted.
23-Oct-2024 19:06:26 CEST  Closed file root://xrootd-cms.infn.it//store/relval/CMSSW_14_1_0_pre7/RelValH125GGgluonfusion_14/GEN-SIM-RECO/141X_mcRun4_realistic_v1_STD_2026D110_PU-v1/2580000/045f84b2-3129-4cdc-a38d-dd5d90419c6b.root
23-Oct-2024 19:06:26 CEST  Initiating request to open file root://xrootd-cms.infn.it//store/relval/CMSSW_14_1_0_pre7/RelValH125GGgluonfusion_14/GEN-SIM-RECO/141X_mcRun4_realistic_v1_STD_2026D110_PU-v1/2580000/f7284f2c-9496-4763-a524-9e9905049d50.root
23-Oct-2024 19:06:29 CEST  Successfully opened file root://xrootd-cms.infn.it//store/relval/CMSSW_14_1_0_pre7/RelValH125GGgluonfusion_14/GEN-SIM-RECO/141X_mcRun4_realistic_v1_STD_2026D110_PU-v1/2580000/f7284f2c-9496-4763-a524-9e9905049d50.root
[2024-10-23 19:11:27.243052 +0200][Error  ][PostMaster        ][21359] [st-096-100gb-ip313-4d084.cern.ch:1095] Forcing error on disconnect: [ERROR] Operation interrupted.
[2024-10-23 19:11:27.243694 +0200][Error  ][PostMaster        ][21359] [st-096-100gb-ip309-275aa.cern.ch:1095] Forcing error on disconnect: [ERROR] Operation interrupted.
[2024-10-23 19:11:42.898056 +0200][Error  ][PostMaster        ][21359] [eoscms-ns-ip563.cern.ch:1098] Forcing error on disconnect: [ERROR] Operation interrupted.
[2024-10-23 19:11:51.937063 +0200][Error  ][PostMaster        ][21359] [eoscms-ns-ip700.cern.ch:1098] Forcing error on disconnect: [ERROR] Operation interrupted.
23-Oct-2024 19:12:11 CEST  Closed file root://xrootd-cms.infn.it//store/relval/CMSSW_14_1_0_pre7/RelValH125GGgluonfusion_14/GEN-SIM-RECO/141X_mcRun4_realistic_v1_STD_2026D110_PU-v1/2580000/f7284f2c-9496-4763-a524-9e9905049d50.root
23-Oct-2024 19:12:11 CEST  Initiating request to open file root://xrootd-cms.infn.it//store/relval/CMSSW_14_1_0_pre7/RelValH125GGgluonfusion_14/GEN-SIM-RECO/141X_mcRun4_realistic_v1_STD_2026D110_PU-v1/2580000/9997f594-130c-4251-a3f1-c07bc15be697.root
23-Oct-2024 19:12:13 CEST  Successfully opened file root://xrootd-cms.infn.it//store/relval/CMSSW_14_1_0_pre7/RelValH125GGgluonfusion_14/GEN-SIM-RECO/141X_mcRun4_realistic_v1_STD_2026D110_PU-v1/2580000/9997f594-130c-4251-a3f1-c07bc15be697.root
[2024-10-23 19:17:26.376052 +0200][Error  ][PostMaster        ][21359] [st-096-dd905bc9.cern.ch:1095] Forcing error on disconnect: [ERROR] Operation interrupted.
[2024-10-23 19:17:26.376656 +0200][Error  ][PostMaster        ][21359] [st-096-hh15170e.cern.ch:1095] Forcing error on disconnect: [ERROR] Operation interrupted.
[2024-10-23 19:17:36.480065 +0200][Error  ][PostMaster        ][21359] [eoscms-ns-ip700.cern.ch:1098] Forcing error on disconnect: [ERROR] Operation interrupted.
23-Oct-2024 19:17:58 CEST  Closed file root://xrootd-cms.infn.it//store/relval/CMSSW_14_1_0_pre7/RelValH125GGgluonfusion_14/GEN-SIM-RECO/141X_mcRun4_realistic_v1_STD_2026D110_PU-v1/2580000/9997f594-130c-4251-a3f1-c07bc15be697.root
23-Oct-2024 19:17:58 CEST  Initiating request to open file root://xrootd-cms.infn.it//store/relval/CMSSW_14_1_0_pre7/RelValH125GGgluonfusion_14/GEN-SIM-RECO/141X_mcRun4_realistic_v1_STD_2026D110_PU-v1/2580000/90c84d5e-7f8a-4779-ac15-bedd2a0730ad.root
23-Oct-2024 19:18:01 CEST  Successfully opened file root://xrootd-cms.infn.it//store/relval/CMSSW_14_1_0_pre7/RelValH125GGgluonfusion_14/GEN-SIM-RECO/141X_mcRun4_realistic_v1_STD_2026D110_PU-v1/2580000/90c84d5e-7f8a-4779-ac15-bedd2a0730ad.root
[2024-10-23 19:22:59.266056 +0200][Error  ][PostMaster        ][21359] [st-096-100gb-ip308-69665.cern.ch:1095] Forcing error on disconnect: [ERROR] Operation interrupted.
[2024-10-23 19:22:59.266498 +0200][Error  ][PostMaster        ][21359] [p06636710y02072.cern.ch:1095] Forcing error on disconnect: [ERROR] Operation interrupted.
[2024-10-23 19:23:15.319895 +0200][Error  ][PostMaster        ][21359] [eoscms-ns-ip563.cern.ch:1098] Forcing error on disconnect: [ERROR] Operation interrupted.
[2024-10-23 19:23:23.732154 +0200][Error  ][PostMaster        ][21359] [eoscms-ns-ip700.cern.ch:1098] Forcing error on disconnect: [ERROR] Operation interrupted.
23-Oct-2024 19:23:47 CEST  Closed file root://xrootd-cms.infn.it//store/relval/CMSSW_14_1_0_pre7/RelValH125GGgluonfusion_14/GEN-SIM-RECO/141X_mcRun4_realistic_v1_STD_2026D110_PU-v1/2580000/90c84d5e-7f8a-4779-ac15-bedd2a0730ad.root
23-Oct-2024 19:23:47 CEST  Initiating request to open file root://xrootd-cms.infn.it//store/relval/CMSSW_14_1_0_pre7/RelValH125GGgluonfusion_14/GEN-SIM-RECO/141X_mcRun4_realistic_v1_STD_2026D110_PU-v1/2580000/460ce99a-b887-4c6b-84c8-b4f254a5af3d.root
23-Oct-2024 19:23:49 CEST  Successfully opened file root://xrootd-cms.infn.it//store/relval/CMSSW_14_1_0_pre7/RelValH125GGgluonfusion_14/GEN-SIM-RECO/141X_mcRun4_realistic_v1_STD_2026D110_PU-v1/2580000/460ce99a-b887-4c6b-84c8-b4f254a5af3d.root
%MSG-w XrdAdaptorLvl3:  PreProcPath MPV 23-Oct-2024 19:24:00 CEST  Run: 1 Event: 7453
Deactivating st-096-ii201a6a.cern.ch from active sources because its quality (1327) is higher than 260 and 4 times larger than the other active server st-096-hh151758.cern.ch (173) 
%MSG
[2024-10-23 19:29:02.420061 +0200][Error  ][PostMaster        ][21359] [p06636710y50388.cern.ch:1095] Forcing error on disconnect: [ERROR] Operation interrupted.
[2024-10-23 19:29:02.797063 +0200][Error  ][PostMaster        ][21359] [p06636710d60221.cern.ch:1095] Forcing error on disconnect: [ERROR] Operation interrupted.
23-Oct-2024 19:29:53 CEST  Closed file root://xrootd-cms.infn.it//store/relval/CMSSW_14_1_0_pre7/RelValH125GGgluonfusion_14/GEN-SIM-RECO/141X_mcRun4_realistic_v1_STD_2026D110_PU-v1/2580000/460ce99a-b887-4c6b-84c8-b4f254a5af3d.root
23-Oct-2024 19:29:53 CEST  Initiating request to open file root://xrootd-cms.infn.it//store/relval/CMSSW_14_1_0_pre7/RelValH125GGgluonfusion_14/GEN-SIM-RECO/141X_mcRun4_realistic_v1_STD_2026D110_PU-v1/2580000/69fd7d0c-4624-4c22-bb54-fced4b4f7ff1.root
23-Oct-2024 19:29:55 CEST  Successfully opened file root://xrootd-cms.infn.it//store/relval/CMSSW_14_1_0_pre7/RelValH125GGgluonfusion_14/GEN-SIM-RECO/141X_mcRun4_realistic_v1_STD_2026D110_PU-v1/2580000/69fd7d0c-4624-4c22-bb54-fced4b4f7ff1.root
[2024-10-23 19:34:54.005086 +0200][Error  ][PostMaster        ][21359] [st-096-hh151758.cern.ch:1095] Forcing error on disconnect: [ERROR] Operation interrupted.
[2024-10-23 19:35:08.540103 +0200][Error  ][PostMaster        ][21359] [st-096-ii201a6a.cern.ch:1095] Forcing error on disconnect: [ERROR] Operation interrupted.
[2024-10-23 19:35:18.013072 +0200][Error  ][PostMaster        ][21359] [eoscms-ns-ip700.cern.ch:1098] Forcing error on disconnect: [ERROR] Operation interrupted.
23-Oct-2024 19:35:32 CEST  Closed file root://xrootd-cms.infn.it//store/relval/CMSSW_14_1_0_pre7/RelValH125GGgluonfusion_14/GEN-SIM-RECO/141X_mcRun4_realistic_v1_STD_2026D110_PU-v1/2580000/69fd7d0c-4624-4c22-bb54-fced4b4f7ff1.root
23-Oct-2024 19:35:32 CEST  Initiating request to open file root://xrootd-cms.infn.it//store/relval/CMSSW_14_1_0_pre7/RelValH125GGgluonfusion_14/GEN-SIM-RECO/141X_mcRun4_realistic_v1_STD_2026D110_PU-v1/2580000/6ae2f7ad-93eb-457c-bb04-9e42a957e537.root
23-Oct-2024 19:35:34 CEST  Successfully opened file root://xrootd-cms.infn.it//store/relval/CMSSW_14_1_0_pre7/RelValH125GGgluonfusion_14/GEN-SIM-RECO/141X_mcRun4_realistic_v1_STD_2026D110_PU-v1/2580000/6ae2f7ad-93eb-457c-bb04-9e42a957e537.root
[2024-10-23 19:40:47.686190 +0200][Error  ][PostMaster        ][21359] [st-096-100gb-ip306-40da9.cern.ch:1095] Forcing error on disconnect: [ERROR] Operation interrupted.
[2024-10-23 19:40:56.937117 +0200][Error  ][PostMaster        ][21359] [eoscms-ns-ip563.cern.ch:1098] Forcing error on disconnect: [ERROR] Operation interrupted.
23-Oct-2024 19:41:27 CEST  Closed file root://xrootd-cms.infn.it//store/relval/CMSSW_14_1_0_pre7/RelValH125GGgluonfusion_14/GEN-SIM-RECO/141X_mcRun4_realistic_v1_STD_2026D110_PU-v1/2580000/6ae2f7ad-93eb-457c-bb04-9e42a957e537.root
23-Oct-2024 19:41:27 CEST  Initiating request to open file root://xrootd-cms.infn.it//store/relval/CMSSW_14_1_0_pre7/RelValH125GGgluonfusion_14/GEN-SIM-RECO/141X_mcRun4_realistic_v1_STD_2026D110_PU-v1/2580000/0865a928-1825-4ba3-9568-d520c27aeb36.root
23-Oct-2024 19:41:29 CEST  Successfully opened file root://xrootd-cms.infn.it//store/relval/CMSSW_14_1_0_pre7/RelValH125GGgluonfusion_14/GEN-SIM-RECO/141X_mcRun4_realistic_v1_STD_2026D110_PU-v1/2580000/0865a928-1825-4ba3-9568-d520c27aeb36.root
%MSG-w XrdAdaptorLvl3:  PreProcPath MPV 23-Oct-2024 19:41:43 CEST  Run: 1 Event: 4951
Deactivating st-096-hh151911.cern.ch from active sources because its quality (285) is higher than 260 and 4 times larger than the other active server st-096-ii201ad2.cern.ch (30) 
%MSG
[2024-10-23 19:46:42.503100 +0200][Error  ][PostMaster        ][21359] [st-096-ii201eee.cern.ch:1095] Forcing error on disconnect: [ERROR] Operation interrupted.
[2024-10-23 19:46:42.503683 +0200][Error  ][PostMaster        ][21359] [st-048-cc820ce4.cern.ch:1095] Forcing error on disconnect: [ERROR] Operation interrupted.
23-Oct-2024 19:47:56 CEST  Closed file root://xrootd-cms.infn.it//store/relval/CMSSW_14_1_0_pre7/RelValH125GGgluonfusion_14/GEN-SIM-RECO/141X_mcRun4_realistic_v1_STD_2026D110_PU-v1/2580000/0865a928-1825-4ba3-9568-d520c27aeb36.root
23-Oct-2024 19:47:56 CEST  Initiating request to open file root://xrootd-cms.infn.it//store/relval/CMSSW_14_1_0_pre7/RelValH125GGgluonfusion_14/GEN-SIM-RECO/141X_mcRun4_realistic_v1_STD_2026D110_PU-v1/2580000/fe9cfd1d-9a43-4da1-852b-31d43fdf86d4.root
23-Oct-2024 19:47:58 CEST  Successfully opened file root://xrootd-cms.infn.it//store/relval/CMSSW_14_1_0_pre7/RelValH125GGgluonfusion_14/GEN-SIM-RECO/141X_mcRun4_realistic_v1_STD_2026D110_PU-v1/2580000/fe9cfd1d-9a43-4da1-852b-31d43fdf86d4.root
%MSG-w XrdAdaptorLvl3:  PreProcPath MPV 23-Oct-2024 19:48:08 CEST  Run: 1 Event: 1601
Deactivating st-096-100gb-ip313-4d084.cern.ch from active sources because its quality (1134) is higher than 260 and 4 times larger than the other active server st-096-ii2016fb.cern.ch (152) 
%MSG
[2024-10-23 19:50:48.263053 +0200][Error  ][PostMaster        ][21359] [eoscms-ns-ip700.cern.ch:1098] Forcing error on disconnect: [ERROR] Operation interrupted.
[2024-10-23 19:52:57.004119 +0200][Error  ][PostMaster        ][21359] [st-096-hh151911.cern.ch:1095] Forcing error on disconnect: [ERROR] Operation interrupted.
[2024-10-23 19:52:57.004585 +0200][Error  ][PostMaster        ][21359] [st-096-ii201ad2.cern.ch:1095] Forcing error on disconnect: [ERROR] Operation interrupted.
23-Oct-2024 19:54:18 CEST  Closed file root://xrootd-cms.infn.it//store/relval/CMSSW_14_1_0_pre7/RelValH125GGgluonfusion_14/GEN-SIM-RECO/141X_mcRun4_realistic_v1_STD_2026D110_PU-v1/2580000/fe9cfd1d-9a43-4da1-852b-31d43fdf86d4.root
23-Oct-2024 19:54:18 CEST  Initiating request to open file root://xrootd-cms.infn.it//store/relval/CMSSW_14_1_0_pre7/RelValH125GGgluonfusion_14/GEN-SIM-RECO/141X_mcRun4_realistic_v1_STD_2026D110_PU-v1/2580000/46c5ddbd-0535-480a-94a1-25a3b8a4387e.root
23-Oct-2024 19:54:21 CEST  Successfully opened file root://xrootd-cms.infn.it//store/relval/CMSSW_14_1_0_pre7/RelValH125GGgluonfusion_14/GEN-SIM-RECO/141X_mcRun4_realistic_v1_STD_2026D110_PU-v1/2580000/46c5ddbd-0535-480a-94a1-25a3b8a4387e.root
%MSG-w XrdAdaptorLvl3:  PreProcPath MPV 23-Oct-2024 19:54:37 CEST  Run: 1 Event: 803
Deactivating st-096-ii201b02.cern.ch from active sources because its quality (317) is higher than 260 and 4 times larger than the other active server st-096-100gb-ip313-4d084.cern.ch (25) 
%MSG
[2024-10-23 19:59:33.834072 +0200][Error  ][PostMaster        ][21359] [st-096-ii2016fb.cern.ch:1095] Forcing error on disconnect: [ERROR] Operation interrupted.
[2024-10-23 19:59:48.681276 +0200][Error  ][PostMaster        ][21359] [eoscms-ns-ip700.cern.ch:1098] Forcing error on disconnect: [ERROR] Operation interrupted.
23-Oct-2024 20:00:59 CEST  Closed file root://xrootd-cms.infn.it//store/relval/CMSSW_14_1_0_pre7/RelValH125GGgluonfusion_14/GEN-SIM-RECO/141X_mcRun4_realistic_v1_STD_2026D110_PU-v1/2580000/46c5ddbd-0535-480a-94a1-25a3b8a4387e.root
23-Oct-2024 20:00:59 CEST  Initiating request to open file root://xrootd-cms.infn.it//store/relval/CMSSW_14_1_0_pre7/RelValH125GGgluonfusion_14/GEN-SIM-RECO/141X_mcRun4_realistic_v1_STD_2026D110_PU-v1/2580000/8f169ede-bc91-475d-8855-d26d97ce99ef.root
23-Oct-2024 20:01:01 CEST  Successfully opened file root://xrootd-cms.infn.it//store/relval/CMSSW_14_1_0_pre7/RelValH125GGgluonfusion_14/GEN-SIM-RECO/141X_mcRun4_realistic_v1_STD_2026D110_PU-v1/2580000/8f169ede-bc91-475d-8855-d26d97ce99ef.root
[2024-10-23 20:06:14.588067 +0200][Error  ][PostMaster        ][21359] [st-096-ii201b02.cern.ch:1095] Forcing error on disconnect: [ERROR] Operation interrupted.
[2024-10-23 20:06:14.588444 +0200][Error  ][PostMaster        ][21359] [st-096-100gb-ip313-4d084.cern.ch:1095] Forcing error on disconnect: [ERROR] Operation interrupted.
[2024-10-23 20:06:15.651041 +0200][Error  ][PostMaster        ][21359] [eoscms-ns-ip700.cern.ch:1098] Forcing error on disconnect: [ERROR] Operation interrupted.
[2024-10-23 20:06:22.989129 +0200][Error  ][PostMaster        ][21359] [eoscms-ns-ip563.cern.ch:1098] Forcing error on disconnect: [ERROR] Operation interrupted.
23-Oct-2024 20:06:51 CEST  Closed file root://xrootd-cms.infn.it//store/relval/CMSSW_14_1_0_pre7/RelValH125GGgluonfusion_14/GEN-SIM-RECO/141X_mcRun4_realistic_v1_STD_2026D110_PU-v1/2580000/8f169ede-bc91-475d-8855-d26d97ce99ef.root
23-Oct-2024 20:06:52 CEST  Initiating request to open file root://xrootd-cms.infn.it//store/relval/CMSSW_14_1_0_pre7/RelValH125GGgluonfusion_14/GEN-SIM-RECO/141X_mcRun4_realistic_v1_STD_2026D110_PU-v1/2580000/59190ebf-4232-4127-bbe4-0bc9cd8ea08c.root
23-Oct-2024 20:06:54 CEST  Successfully opened file root://xrootd-cms.infn.it//store/relval/CMSSW_14_1_0_pre7/RelValH125GGgluonfusion_14/GEN-SIM-RECO/141X_mcRun4_realistic_v1_STD_2026D110_PU-v1/2580000/59190ebf-4232-4127-bbe4-0bc9cd8ea08c.root
[2024-10-23 20:12:07.313075 +0200][Error  ][PostMaster        ][21359] [st-096-cc5547cc.cern.ch:1095] Forcing error on disconnect: [ERROR] Operation interrupted.
[2024-10-23 20:12:07.313524 +0200][Error  ][PostMaster        ][21359] [p06636710k97183.cern.ch:1095] Forcing error on disconnect: [ERROR] Operation interrupted.
[2024-10-23 20:12:16.867080 +0200][Error  ][PostMaster        ][21359] [eoscms-ns-ip700.cern.ch:1098] Forcing error on disconnect: [ERROR] Operation interrupted.
23-Oct-2024 20:12:24 CEST  Closed file root://xrootd-cms.infn.it//store/relval/CMSSW_14_1_0_pre7/RelValH125GGgluonfusion_14/GEN-SIM-RECO/141X_mcRun4_realistic_v1_STD_2026D110_PU-v1/2580000/59190ebf-4232-4127-bbe4-0bc9cd8ea08c.root
23-Oct-2024 20:12:24 CEST  Initiating request to open file root://xrootd-cms.infn.it//store/relval/CMSSW_14_1_0_pre7/RelValH125GGgluonfusion_14/GEN-SIM-RECO/141X_mcRun4_realistic_v1_STD_2026D110_PU-v1/2580000/270b7ad5-250c-458a-ad1b-108b50e84b3d.root
23-Oct-2024 20:12:26 CEST  Successfully opened file root://xrootd-cms.infn.it//store/relval/CMSSW_14_1_0_pre7/RelValH125GGgluonfusion_14/GEN-SIM-RECO/141X_mcRun4_realistic_v1_STD_2026D110_PU-v1/2580000/270b7ad5-250c-458a-ad1b-108b50e84b3d.root
[2024-10-23 20:17:39.370049 +0200][Error  ][PostMaster        ][21359] [st-048-bb833db1.cern.ch:1095] Forcing error on disconnect: [ERROR] Operation interrupted.
[2024-10-23 20:17:39.603044 +0200][Error  ][PostMaster        ][21359] [st-096-100gb-ip309-275aa.cern.ch:1095] Forcing error on disconnect: [ERROR] Operation interrupted.
[2024-10-23 20:17:48.612038 +0200][Error  ][PostMaster        ][21359] [eoscms-ns-ip700.cern.ch:1098] Forcing error on disconnect: [ERROR] Operation interrupted.
23-Oct-2024 20:18:09 CEST  Closed file root://xrootd-cms.infn.it//store/relval/CMSSW_14_1_0_pre7/RelValH125GGgluonfusion_14/GEN-SIM-RECO/141X_mcRun4_realistic_v1_STD_2026D110_PU-v1/2580000/270b7ad5-250c-458a-ad1b-108b50e84b3d.root
23-Oct-2024 20:18:09 CEST  Initiating request to open file root://xrootd-cms.infn.it//store/relval/CMSSW_14_1_0_pre7/RelValH125GGgluonfusion_14/GEN-SIM-RECO/141X_mcRun4_realistic_v1_STD_2026D110_PU-v1/2580000/fec6256b-92db-4b80-8511-b7a91189f148.root
23-Oct-2024 20:18:12 CEST  Successfully opened file root://xrootd-cms.infn.it//store/relval/CMSSW_14_1_0_pre7/RelValH125GGgluonfusion_14/GEN-SIM-RECO/141X_mcRun4_realistic_v1_STD_2026D110_PU-v1/2580000/fec6256b-92db-4b80-8511-b7a91189f148.root
%MSG-w XrdAdaptorLvl3:  PreProcPath MPV 23-Oct-2024 20:18:21 CEST  Run: 1 Event: 952
Deactivating st-096-100gb-ip308-69665.cern.ch from active sources because its quality (995) is higher than 260 and 4 times larger than the other active server st-096-gg500tbp.cern.ch (138) 
%MSG
slurmstepd: error: *** JOB 494833 ON t3wn31 CANCELLED AT 2024-10-23T20:22:48 ***
