HOME: /t3home/frejalom
USER: frejalom
SLURM_JOB_ID: 244173
HOSTNAME: t3wn60
CMSSW RELEASE BASE  /cvmfs/cms.cern.ch/slc7_amd64_gcc12/cms/cmssw/CMSSW_14_2_0_pre4
%MSG-i AlpakaService:  (NoModuleName) 02-Apr-2025 08:44:43 CEST pre-events
AlpakaServiceSerialSync succesfully initialised.
Found 1 device:
  - Intel(R) Xeon(R) Gold 6148 CPU @ 2.40GHz
%MSG
02-Apr-2025 08:44:49 CEST  Initiating request to open file root://t3dcachedb.psi.ch:1094///pnfs/psi.ch/cms/trivcat/store/user/werdmann/store/relval/CMSSW_14_2_0_pre4/RelValTTbar_14TeV/GEN-SIM-RECO/PU_141X_mcRun4_realistic_v3_STD_2026D110_PU-v2/2590000/e7004fb2-84f7-4ef2-9375-2c6783e6acb2.root
[2025-04-02 08:44:49.732597 +0200][Error  ][XRootDTransport   ][90267] [t3dcachedb.psi.ch:1094.0] Authentication with gsi failed: login failed
[2025-04-02 08:44:49.732662 +0200][Error  ][XRootDTransport   ][90267] [t3dcachedb.psi.ch:1094.0] No protocols left to try
[2025-04-02 08:44:49.732677 +0200][Error  ][AsyncSock         ][90267] [t3dcachedb.psi.ch:1094.0] Socket error while handshaking: [FATAL] Auth failed
[2025-04-02 08:44:49.732715 +0200][Error  ][PostMaster        ][90267] [t3dcachedb.psi.ch:1094] elapsed = 0, pConnectionWindow = 31 seconds.
[2025-04-02 08:44:49.732723 +0200][Error  ][PostMaster        ][90267] [t3dcachedb.psi.ch:1094] Unable to recover: [FATAL] Auth failed.
[2025-04-02 08:44:49.732733 +0200][Error  ][XRootD            ][90267] [t3dcachedb.psi.ch:1094] Impossible to send message kXR_prepare (flags: kXR_stage , priority: 0, paths: //pnfs/psi.ch/cms/trivcat/store/user/werdmann/store/relval/CMSSW_14_2_0_pre4/RelValTTbar_14TeV/GEN-SIM-RECO/PU_141X_mcRun4_realistic_v3_STD_2026D110_PU-v2/2590000/e7004fb2-84f7-4ef2-9375-2c6783e6acb2.root). Trying to recover.
[2025-04-02 08:44:49.732881 +0200][Error  ][XRootD            ][90267] [t3dcachedb.psi.ch:1094] Impossible to send message kXR_prepare (flags: kXR_stage , priority: 0, paths: //pnfs/psi.ch/cms/trivcat/store/user/werdmann/store/relval/CMSSW_14_2_0_pre4/RelValTTbar_14TeV/GEN-SIM-RECO/PU_141X_mcRun4_realistic_v3_STD_2026D110_PU-v2/2590000/f13dd1c9-4a96-4cc9-a502-5c0ab793e565.root). Trying to recover.
[2025-04-02 08:44:49.732909 +0200][Error  ][XRootD            ][90267] [t3dcachedb.psi.ch:1094] Impossible to send message kXR_prepare (flags: kXR_stage , priority: 0, paths: //pnfs/psi.ch/cms/trivcat/store/user/werdmann/store/relval/CMSSW_14_2_0_pre4/RelValTTbar_14TeV/GEN-SIM-RECO/PU_141X_mcRun4_realistic_v3_STD_2026D110_PU-v2/2590000/df54e383-9385-45c1-b889-e309ba2d3db3.root). Trying to recover.
[2025-04-02 08:44:49.732935 +0200][Error  ][XRootD            ][90267] [t3dcachedb.psi.ch:1094] Impossible to send message kXR_query (code: kXR_Qconfig, arg length: 9). Trying to recover.
[2025-04-02 08:44:50.749379 +0200][Error  ][XRootDTransport   ][90267] [t3dcachedb.psi.ch:1094.0] Authentication with gsi failed: login failed
[2025-04-02 08:44:50.749436 +0200][Error  ][XRootDTransport   ][90267] [t3dcachedb.psi.ch:1094.0] No protocols left to try
[2025-04-02 08:44:50.749447 +0200][Error  ][AsyncSock         ][90267] [t3dcachedb.psi.ch:1094.0] Socket error while handshaking: [FATAL] Auth failed
[2025-04-02 08:44:50.749480 +0200][Error  ][PostMaster        ][90267] [t3dcachedb.psi.ch:1094] elapsed = 0, pConnectionWindow = 31 seconds.
[2025-04-02 08:44:50.749486 +0200][Error  ][PostMaster        ][90267] [t3dcachedb.psi.ch:1094] Unable to recover: [FATAL] Auth failed.
[2025-04-02 08:44:50.749492 +0200][Error  ][XRootD            ][90267] [t3dcachedb.psi.ch:1094] Impossible to send message kXR_open (file: /pnfs/psi.ch/cms/trivcat/store/user/werdmann/store/relval/CMSSW_14_2_0_pre4/RelValTTbar_14TeV/GEN-SIM-RECO/PU_141X_mcRun4_realistic_v3_STD_2026D110_PU-v2/2590000/e7004fb2-84f7-4ef2-9375-2c6783e6acb2.root, mode: 0660, flags: kXR_open_read kXR_async kXR_retstat ). Trying to recover.
%MSG-w XrdAdaptorInternal:  file_open 02-Apr-2025 08:44:50 CEST pre-events
Failed to open file at URL root://t3dcachedb.psi.ch:1094//pnfs/psi.ch/cms/trivcat/store/user/werdmann/store/relval/CMSSW_14_2_0_pre4/RelValTTbar_14TeV/GEN-SIM-RECO/PU_141X_mcRun4_realistic_v3_STD_2026D110_PU-v2/2590000/e7004fb2-84f7-4ef2-9375-2c6783e6acb2.root?xrdcl.requuid=ff8ad53e-0cfe-4e71-b451-57762aa7dc28.
%MSG
[2025-04-02 08:44:50.776157 +0200][Error  ][XRootDTransport   ][90267] [t3dcachedb.psi.ch:1094.0] Authentication with gsi failed: login failed
[2025-04-02 08:44:50.776228 +0200][Error  ][XRootDTransport   ][90267] [t3dcachedb.psi.ch:1094.0] No protocols left to try
[2025-04-02 08:44:50.776243 +0200][Error  ][AsyncSock         ][90267] [t3dcachedb.psi.ch:1094.0] Socket error while handshaking: [FATAL] Auth failed
[2025-04-02 08:44:50.776282 +0200][Error  ][PostMaster        ][90267] [t3dcachedb.psi.ch:1094] elapsed = 0, pConnectionWindow = 31 seconds.
[2025-04-02 08:44:50.776289 +0200][Error  ][PostMaster        ][90267] [t3dcachedb.psi.ch:1094] Unable to recover: [FATAL] Auth failed.
[2025-04-02 08:44:50.776297 +0200][Error  ][XRootD            ][90267] [t3dcachedb.psi.ch:1094] Impossible to send message kXR_open (file: /pnfs/psi.ch/cms/trivcat/store/user/werdmann/store/relval/CMSSW_14_2_0_pre4/RelValTTbar_14TeV/GEN-SIM-RECO/PU_141X_mcRun4_realistic_v3_STD_2026D110_PU-v2/2590000/e7004fb2-84f7-4ef2-9375-2c6783e6acb2.root?tried=, mode: 0660, flags: kXR_open_read kXR_async kXR_retstat ). Trying to recover.
%MSG-w XrdAdaptorInternal:  file_open 02-Apr-2025 08:44:50 CEST pre-events
Failed to open file at URL root://t3dcachedb.psi.ch:1094//pnfs/psi.ch/cms/trivcat/store/user/werdmann/store/relval/CMSSW_14_2_0_pre4/RelValTTbar_14TeV/GEN-SIM-RECO/PU_141X_mcRun4_realistic_v3_STD_2026D110_PU-v2/2590000/e7004fb2-84f7-4ef2-9375-2c6783e6acb2.root?tried=&xrdcl.requuid=a116ed12-d386-4113-a033-6834ef9a9a14.
%MSG
----- Begin Fatal Exception 02-Apr-2025 08:44:50 CEST-----------------------
An exception of category 'FileOpenError' occurred while
   [0] Constructing the EventProcessor
   [1] Constructing input source of type PoolSource
   [2] Calling RootInputFileSequence::initTheFile()
   [3] Calling StorageFactory::open()
   [4] Calling XrdFile::open()
Exception Message:
Failed to open the file 'root://t3dcachedb.psi.ch//pnfs/psi.ch/cms/trivcat/store/user/werdmann/store/relval/CMSSW_14_2_0_pre4/RelValTTbar_14TeV/GEN-SIM-RECO/PU_141X_mcRun4_realistic_v3_STD_2026D110_PU-v2/2590000/e7004fb2-84f7-4ef2-9375-2c6783e6acb2.root'
   Additional Info:
      [a] Input file root://t3dcachedb.psi.ch:1094///pnfs/psi.ch/cms/trivcat/store/user/werdmann/store/relval/CMSSW_14_2_0_pre4/RelValTTbar_14TeV/GEN-SIM-RECO/PU_141X_mcRun4_realistic_v3_STD_2026D110_PU-v2/2590000/e7004fb2-84f7-4ef2-9375-2c6783e6acb2.root could not be opened.
      [b] XrdCl::File::Open(name='root://t3dcachedb.psi.ch//pnfs/psi.ch/cms/trivcat/store/user/werdmann/store/relval/CMSSW_14_2_0_pre4/RelValTTbar_14TeV/GEN-SIM-RECO/PU_141X_mcRun4_realistic_v3_STD_2026D110_PU-v2/2590000/e7004fb2-84f7-4ef2-9375-2c6783e6acb2.root', flags=0x10, permissions=0660) => error '[FATAL] Auth failed: No protocols left to try' (errno=0, code=204). No additional data servers were found.
      [c] Last URL tried: root://t3dcachedb.psi.ch:1094//pnfs/psi.ch/cms/trivcat/store/user/werdmann/store/relval/CMSSW_14_2_0_pre4/RelValTTbar_14TeV/GEN-SIM-RECO/PU_141X_mcRun4_realistic_v3_STD_2026D110_PU-v2/2590000/e7004fb2-84f7-4ef2-9375-2c6783e6acb2.root?tried=&xrdcl.requuid=a116ed12-d386-4113-a033-6834ef9a9a14
      [d] Problematic data server: t3dcachedb.psi.ch:1094
      [e] Disabled source: t3dcachedb.psi.ch:1094
----- End Fatal Exception -------------------------------------------------
logfile
pv_cfg.py
cp: cannot stat 'pv.root': No such file or directory
