HOME: /t3home/frejalom
USER: frejalom
SLURM_JOB_ID: 244268
HOSTNAME: t3wn60
CMSSW RELEASE BASE  /cvmfs/cms.cern.ch/slc7_amd64_gcc12/cms/cmssw/CMSSW_14_2_0_pre4
%MSG-i AlpakaService:  (NoModuleName) 02-Apr-2025 08:53:10 CEST pre-events
AlpakaServiceSerialSync succesfully initialised.
Found 1 device:
  - Intel(R) Xeon(R) Gold 6148 CPU @ 2.40GHz
%MSG
02-Apr-2025 08:53:14 CEST  Initiating request to open file root://t3dcachedb.psi.ch:1094///pnfs/psi.ch/cms/trivcat/store/user/werdmann/store/relval/CMSSW_14_2_0_pre4/RelValTTbar_14TeV/GEN-SIM-RECO/PU_141X_mcRun4_realistic_v3_STD_2026D110_PU-v2/2590000/e5d805f2-3e83-477a-9b65-ebba57e74b52.root
[2025-04-02 08:53:14.679817 +0200][Error  ][XRootDTransport   ][111562] [t3dcachedb.psi.ch:1094.0] Authentication with gsi failed: login failed
[2025-04-02 08:53:14.679899 +0200][Error  ][XRootDTransport   ][111562] [t3dcachedb.psi.ch:1094.0] No protocols left to try
[2025-04-02 08:53:14.679918 +0200][Error  ][AsyncSock         ][111562] [t3dcachedb.psi.ch:1094.0] Socket error while handshaking: [FATAL] Auth failed
[2025-04-02 08:53:14.679973 +0200][Error  ][PostMaster        ][111562] [t3dcachedb.psi.ch:1094] elapsed = 0, pConnectionWindow = 31 seconds.
[2025-04-02 08:53:14.679983 +0200][Error  ][PostMaster        ][111562] [t3dcachedb.psi.ch:1094] Unable to recover: [FATAL] Auth failed.
[2025-04-02 08:53:14.679995 +0200][Error  ][XRootD            ][111562] [t3dcachedb.psi.ch:1094] Impossible to send message kXR_prepare (flags: kXR_stage , priority: 0, paths: //pnfs/psi.ch/cms/trivcat/store/user/werdmann/store/relval/CMSSW_14_2_0_pre4/RelValTTbar_14TeV/GEN-SIM-RECO/PU_141X_mcRun4_realistic_v3_STD_2026D110_PU-v2/2590000/e5d805f2-3e83-477a-9b65-ebba57e74b52.root). Trying to recover.
[2025-04-02 08:53:14.680088 +0200][Error  ][XRootD            ][111562] [t3dcachedb.psi.ch:1094] Impossible to send message kXR_prepare (flags: kXR_stage , priority: 0, paths: //pnfs/psi.ch/cms/trivcat/store/user/werdmann/store/relval/CMSSW_14_2_0_pre4/RelValTTbar_14TeV/GEN-SIM-RECO/PU_141X_mcRun4_realistic_v3_STD_2026D110_PU-v2/2590000/36db064e-7f57-490e-80f9-39310c13e3ea.root). Trying to recover.
[2025-04-02 08:53:14.680129 +0200][Error  ][XRootD            ][111562] [t3dcachedb.psi.ch:1094] Impossible to send message kXR_prepare (flags: kXR_stage , priority: 0, paths: //pnfs/psi.ch/cms/trivcat/store/user/werdmann/store/relval/CMSSW_14_2_0_pre4/RelValTTbar_14TeV/GEN-SIM-RECO/PU_141X_mcRun4_realistic_v3_STD_2026D110_PU-v2/2590000/a00553ad-3a11-4010-a8d2-79e54a25295c.root). Trying to recover.
[2025-04-02 08:53:14.680153 +0200][Error  ][XRootD            ][111562] [t3dcachedb.psi.ch:1094] Impossible to send message kXR_query (code: kXR_Qconfig, arg length: 9). Trying to recover.
[2025-04-02 08:53:15.692159 +0200][Error  ][XRootDTransport   ][111562] [t3dcachedb.psi.ch:1094.0] Authentication with gsi failed: login failed
[2025-04-02 08:53:15.692223 +0200][Error  ][XRootDTransport   ][111562] [t3dcachedb.psi.ch:1094.0] No protocols left to try
[2025-04-02 08:53:15.692238 +0200][Error  ][AsyncSock         ][111562] [t3dcachedb.psi.ch:1094.0] Socket error while handshaking: [FATAL] Auth failed
[2025-04-02 08:53:15.692271 +0200][Error  ][PostMaster        ][111562] [t3dcachedb.psi.ch:1094] elapsed = 0, pConnectionWindow = 31 seconds.
[2025-04-02 08:53:15.692277 +0200][Error  ][PostMaster        ][111562] [t3dcachedb.psi.ch:1094] Unable to recover: [FATAL] Auth failed.
[2025-04-02 08:53:15.692283 +0200][Error  ][XRootD            ][111562] [t3dcachedb.psi.ch:1094] Impossible to send message kXR_open (file: /pnfs/psi.ch/cms/trivcat/store/user/werdmann/store/relval/CMSSW_14_2_0_pre4/RelValTTbar_14TeV/GEN-SIM-RECO/PU_141X_mcRun4_realistic_v3_STD_2026D110_PU-v2/2590000/e5d805f2-3e83-477a-9b65-ebba57e74b52.root, mode: 0660, flags: kXR_open_read kXR_async kXR_retstat ). Trying to recover.
%MSG-w XrdAdaptorInternal:  file_open 02-Apr-2025 08:53:15 CEST pre-events
Failed to open file at URL root://t3dcachedb.psi.ch:1094//pnfs/psi.ch/cms/trivcat/store/user/werdmann/store/relval/CMSSW_14_2_0_pre4/RelValTTbar_14TeV/GEN-SIM-RECO/PU_141X_mcRun4_realistic_v3_STD_2026D110_PU-v2/2590000/e5d805f2-3e83-477a-9b65-ebba57e74b52.root?xrdcl.requuid=402a904d-68b1-4380-b0e4-962e6bb27dd9.
%MSG
[2025-04-02 08:53:15.710994 +0200][Error  ][XRootDTransport   ][111562] [t3dcachedb.psi.ch:1094.0] Authentication with gsi failed: login failed
[2025-04-02 08:53:15.711055 +0200][Error  ][XRootDTransport   ][111562] [t3dcachedb.psi.ch:1094.0] No protocols left to try
[2025-04-02 08:53:15.711068 +0200][Error  ][AsyncSock         ][111562] [t3dcachedb.psi.ch:1094.0] Socket error while handshaking: [FATAL] Auth failed
[2025-04-02 08:53:15.711097 +0200][Error  ][PostMaster        ][111562] [t3dcachedb.psi.ch:1094] elapsed = 0, pConnectionWindow = 31 seconds.
[2025-04-02 08:53:15.711102 +0200][Error  ][PostMaster        ][111562] [t3dcachedb.psi.ch:1094] Unable to recover: [FATAL] Auth failed.
[2025-04-02 08:53:15.711108 +0200][Error  ][XRootD            ][111562] [t3dcachedb.psi.ch:1094] Impossible to send message kXR_open (file: /pnfs/psi.ch/cms/trivcat/store/user/werdmann/store/relval/CMSSW_14_2_0_pre4/RelValTTbar_14TeV/GEN-SIM-RECO/PU_141X_mcRun4_realistic_v3_STD_2026D110_PU-v2/2590000/e5d805f2-3e83-477a-9b65-ebba57e74b52.root?tried=, mode: 0660, flags: kXR_open_read kXR_async kXR_retstat ). Trying to recover.
%MSG-w XrdAdaptorInternal:  file_open 02-Apr-2025 08:53:15 CEST pre-events
Failed to open file at URL root://t3dcachedb.psi.ch:1094//pnfs/psi.ch/cms/trivcat/store/user/werdmann/store/relval/CMSSW_14_2_0_pre4/RelValTTbar_14TeV/GEN-SIM-RECO/PU_141X_mcRun4_realistic_v3_STD_2026D110_PU-v2/2590000/e5d805f2-3e83-477a-9b65-ebba57e74b52.root?tried=&xrdcl.requuid=9b28be76-5ae5-4941-b36b-6d239231c797.
%MSG
----- Begin Fatal Exception 02-Apr-2025 08:53:15 CEST-----------------------
An exception of category 'FileOpenError' occurred while
   [0] Constructing the EventProcessor
   [1] Constructing input source of type PoolSource
   [2] Calling RootInputFileSequence::initTheFile()
   [3] Calling StorageFactory::open()
   [4] Calling XrdFile::open()
Exception Message:
Failed to open the file 'root://t3dcachedb.psi.ch//pnfs/psi.ch/cms/trivcat/store/user/werdmann/store/relval/CMSSW_14_2_0_pre4/RelValTTbar_14TeV/GEN-SIM-RECO/PU_141X_mcRun4_realistic_v3_STD_2026D110_PU-v2/2590000/e5d805f2-3e83-477a-9b65-ebba57e74b52.root'
   Additional Info:
      [a] Input file root://t3dcachedb.psi.ch:1094///pnfs/psi.ch/cms/trivcat/store/user/werdmann/store/relval/CMSSW_14_2_0_pre4/RelValTTbar_14TeV/GEN-SIM-RECO/PU_141X_mcRun4_realistic_v3_STD_2026D110_PU-v2/2590000/e5d805f2-3e83-477a-9b65-ebba57e74b52.root could not be opened.
      [b] XrdCl::File::Open(name='root://t3dcachedb.psi.ch//pnfs/psi.ch/cms/trivcat/store/user/werdmann/store/relval/CMSSW_14_2_0_pre4/RelValTTbar_14TeV/GEN-SIM-RECO/PU_141X_mcRun4_realistic_v3_STD_2026D110_PU-v2/2590000/e5d805f2-3e83-477a-9b65-ebba57e74b52.root', flags=0x10, permissions=0660) => error '[FATAL] Auth failed: No protocols left to try' (errno=0, code=204). No additional data servers were found.
      [c] Last URL tried: root://t3dcachedb.psi.ch:1094//pnfs/psi.ch/cms/trivcat/store/user/werdmann/store/relval/CMSSW_14_2_0_pre4/RelValTTbar_14TeV/GEN-SIM-RECO/PU_141X_mcRun4_realistic_v3_STD_2026D110_PU-v2/2590000/e5d805f2-3e83-477a-9b65-ebba57e74b52.root?tried=&xrdcl.requuid=9b28be76-5ae5-4941-b36b-6d239231c797
      [d] Problematic data server: t3dcachedb.psi.ch:1094
      [e] Disabled source: t3dcachedb.psi.ch:1094
----- End Fatal Exception -------------------------------------------------
logfile
pv_cfg.py
cp: cannot stat 'pv.root': No such file or directory
