HOME: /t3home/msaxer
USER: msaxer
SLURM_JOB_ID: 367155
HOSTNAME: t3wn39
CMSSW RELEASE BASE  /cvmfs/cms.cern.ch/slc7_amd64_gcc12/cms/cmssw/CMSSW_14_1_0_pre7
%MSG-i AlpakaService:  (NoModuleName) 20-Nov-2024 17:05:10 CET pre-events
AlpakaServiceSerialSync succesfully initialised.
Found 1 device:
  - Intel(R) Xeon(R) CPU E5-2670 0 @ 2.60GHz
%MSG
20-Nov-2024 17:05:25 CET  Initiating request to open file root://xrootd-cms.infn.it//store/relval/CMSSW_14_1_0_pre7/RelValH125GGgluonfusion_14/GEN-SIM-RECO/141X_mcRun4_realistic_v1_STD_2026D110_PU-v1/2580000/77aa0c63-30da-41bc-bd45-682e205dddea.root
20-Nov-2024 17:05:57 CET  Successfully opened file root://xrootd-cms.infn.it//store/relval/CMSSW_14_1_0_pre7/RelValH125GGgluonfusion_14/GEN-SIM-RECO/141X_mcRun4_realistic_v1_STD_2026D110_PU-v1/2580000/77aa0c63-30da-41bc-bd45-682e205dddea.root
%MSG-w XrdAdaptorLvl3:  source 20-Nov-2024 17:06:22 CET PreSource
Deactivating st-096-gg5003qo.cern.ch from active sources because its quality (3322) is higher than 260 and 4 times larger than the other active server st-096-ee857a70.cern.ch (124) 
%MSG
Begin processing the 1st record. Run 1, Event 4802, LumiSection 97 on stream 0 at 20-Nov-2024 17:06:22.581 CET
[2024-11-20 17:10:58.011702 +0100][Error  ][PostMaster        ][125631] [eoscms-ns-ip563.cern.ch:1098] Forcing error on disconnect: [ERROR] Operation interrupted.
