HOME: /t3home/msaxer
USER: msaxer
SLURM_JOB_ID: 366734
HOSTNAME: t3wn31
CMSSW RELEASE BASE  /cvmfs/cms.cern.ch/slc7_amd64_gcc12/cms/cmssw/CMSSW_14_1_0_pre7
%MSG-i AlpakaService:  (NoModuleName) 19-Nov-2024 22:09:02 CET pre-events
AlpakaServiceSerialSync succesfully initialised.
Found 1 device:
  - Intel(R) Xeon(R) CPU E5-2670 0 @ 2.60GHz
%MSG
19-Nov-2024 22:09:25 CET  Initiating request to open file root://t3dcachedb.psi.ch:1094///pnfs/psi.ch/cms/trivcat/store/user/werdmann/store/relval/CMSSW_14_1_0_pre7/RelValUpsilon1SToMuMu_14/GEN-SIM-RECO/141X_mcRun4_realistic_v1_STD_2026D110_PU-v1/2580000/4e878f09-6b50-4210-8f3f-a83a4a020c83.root
19-Nov-2024 22:10:04 CET  Successfully opened file root://t3dcachedb.psi.ch:1094///pnfs/psi.ch/cms/trivcat/store/user/werdmann/store/relval/CMSSW_14_1_0_pre7/RelValUpsilon1SToMuMu_14/GEN-SIM-RECO/141X_mcRun4_realistic_v1_STD_2026D110_PU-v1/2580000/4e878f09-6b50-4210-8f3f-a83a4a020c83.root
Begin processing the 1st record. Run 1, Event 1453, LumiSection 30 on stream 0 at 19-Nov-2024 22:10:22.349 CET
19-Nov-2024 22:12:56 CET  Closed file root://t3dcachedb.psi.ch:1094///pnfs/psi.ch/cms/trivcat/store/user/werdmann/store/relval/CMSSW_14_1_0_pre7/RelValUpsilon1SToMuMu_14/GEN-SIM-RECO/141X_mcRun4_realistic_v1_STD_2026D110_PU-v1/2580000/4e878f09-6b50-4210-8f3f-a83a4a020c83.root
19-Nov-2024 22:12:56 CET  Initiating request to open file root://t3dcachedb.psi.ch:1094///pnfs/psi.ch/cms/trivcat/store/user/werdmann/store/relval/CMSSW_14_1_0_pre7/RelValUpsilon1SToMuMu_14/GEN-SIM-RECO/141X_mcRun4_realistic_v1_STD_2026D110_PU-v1/2580000/e54f57bb-8366-4b6c-975a-036c3a25ef02.root
19-Nov-2024 22:12:57 CET  Successfully opened file root://t3dcachedb.psi.ch:1094///pnfs/psi.ch/cms/trivcat/store/user/werdmann/store/relval/CMSSW_14_1_0_pre7/RelValUpsilon1SToMuMu_14/GEN-SIM-RECO/141X_mcRun4_realistic_v1_STD_2026D110_PU-v1/2580000/e54f57bb-8366-4b6c-975a-036c3a25ef02.root
19-Nov-2024 22:15:50 CET  Closed file root://t3dcachedb.psi.ch:1094///pnfs/psi.ch/cms/trivcat/store/user/werdmann/store/relval/CMSSW_14_1_0_pre7/RelValUpsilon1SToMuMu_14/GEN-SIM-RECO/141X_mcRun4_realistic_v1_STD_2026D110_PU-v1/2580000/e54f57bb-8366-4b6c-975a-036c3a25ef02.root
19-Nov-2024 22:15:50 CET  Initiating request to open file root://t3dcachedb.psi.ch:1094///pnfs/psi.ch/cms/trivcat/store/user/werdmann/store/relval/CMSSW_14_1_0_pre7/RelValUpsilon1SToMuMu_14/GEN-SIM-RECO/141X_mcRun4_realistic_v1_STD_2026D110_PU-v1/2580000/27f44c32-0c11-41b7-a9b9-a3fe72990ef4.root
19-Nov-2024 22:15:51 CET  Successfully opened file root://t3dcachedb.psi.ch:1094///pnfs/psi.ch/cms/trivcat/store/user/werdmann/store/relval/CMSSW_14_1_0_pre7/RelValUpsilon1SToMuMu_14/GEN-SIM-RECO/141X_mcRun4_realistic_v1_STD_2026D110_PU-v1/2580000/27f44c32-0c11-41b7-a9b9-a3fe72990ef4.root
19-Nov-2024 22:18:24 CET  Closed file root://t3dcachedb.psi.ch:1094///pnfs/psi.ch/cms/trivcat/store/user/werdmann/store/relval/CMSSW_14_1_0_pre7/RelValUpsilon1SToMuMu_14/GEN-SIM-RECO/141X_mcRun4_realistic_v1_STD_2026D110_PU-v1/2580000/27f44c32-0c11-41b7-a9b9-a3fe72990ef4.root
19-Nov-2024 22:18:24 CET  Initiating request to open file root://t3dcachedb.psi.ch:1094///pnfs/psi.ch/cms/trivcat/store/user/werdmann/store/relval/CMSSW_14_1_0_pre7/RelValUpsilon1SToMuMu_14/GEN-SIM-RECO/141X_mcRun4_realistic_v1_STD_2026D110_PU-v1/2580000/cba0edc7-b351-4798-9867-36d96209d62b.root
19-Nov-2024 22:18:25 CET  Successfully opened file root://t3dcachedb.psi.ch:1094///pnfs/psi.ch/cms/trivcat/store/user/werdmann/store/relval/CMSSW_14_1_0_pre7/RelValUpsilon1SToMuMu_14/GEN-SIM-RECO/141X_mcRun4_realistic_v1_STD_2026D110_PU-v1/2580000/cba0edc7-b351-4798-9867-36d96209d62b.root
19-Nov-2024 22:20:45 CET  Closed file root://t3dcachedb.psi.ch:1094///pnfs/psi.ch/cms/trivcat/store/user/werdmann/store/relval/CMSSW_14_1_0_pre7/RelValUpsilon1SToMuMu_14/GEN-SIM-RECO/141X_mcRun4_realistic_v1_STD_2026D110_PU-v1/2580000/cba0edc7-b351-4798-9867-36d96209d62b.root
19-Nov-2024 22:20:45 CET  Initiating request to open file root://t3dcachedb.psi.ch:1094///pnfs/psi.ch/cms/trivcat/store/user/werdmann/store/relval/CMSSW_14_1_0_pre7/RelValUpsilon1SToMuMu_14/GEN-SIM-RECO/141X_mcRun4_realistic_v1_STD_2026D110_PU-v1/2580000/88257a80-1581-40b3-9ae3-72f60682562f.root
19-Nov-2024 22:20:46 CET  Successfully opened file root://t3dcachedb.psi.ch:1094///pnfs/psi.ch/cms/trivcat/store/user/werdmann/store/relval/CMSSW_14_1_0_pre7/RelValUpsilon1SToMuMu_14/GEN-SIM-RECO/141X_mcRun4_realistic_v1_STD_2026D110_PU-v1/2580000/88257a80-1581-40b3-9ae3-72f60682562f.root
19-Nov-2024 22:23:18 CET  Closed file root://t3dcachedb.psi.ch:1094///pnfs/psi.ch/cms/trivcat/store/user/werdmann/store/relval/CMSSW_14_1_0_pre7/RelValUpsilon1SToMuMu_14/GEN-SIM-RECO/141X_mcRun4_realistic_v1_STD_2026D110_PU-v1/2580000/88257a80-1581-40b3-9ae3-72f60682562f.root
19-Nov-2024 22:23:18 CET  Initiating request to open file root://t3dcachedb.psi.ch:1094///pnfs/psi.ch/cms/trivcat/store/user/werdmann/store/relval/CMSSW_14_1_0_pre7/RelValUpsilon1SToMuMu_14/GEN-SIM-RECO/141X_mcRun4_realistic_v1_STD_2026D110_PU-v1/2580000/b0994b2e-e5c3-49ef-b949-860dff086971.root
19-Nov-2024 22:23:19 CET  Successfully opened file root://t3dcachedb.psi.ch:1094///pnfs/psi.ch/cms/trivcat/store/user/werdmann/store/relval/CMSSW_14_1_0_pre7/RelValUpsilon1SToMuMu_14/GEN-SIM-RECO/141X_mcRun4_realistic_v1_STD_2026D110_PU-v1/2580000/b0994b2e-e5c3-49ef-b949-860dff086971.root
[2024-11-19 22:23:39.928305 +0100][Error  ][PostMaster        ][114412] [t3fs01.psi.ch:22598] Forcing error on disconnect: [ERROR] Operation interrupted.
