HOME: /t3home/msaxer
USER: msaxer
SLURM_JOB_ID: 810732
HOSTNAME: t3wn36
CMSSW RELEASE BASE  /cvmfs/cms.cern.ch/slc7_amd64_gcc12/cms/cmssw/CMSSW_14_1_0_pre7
slurmstepd: error: *** JOB 810732 ON t3wn36 CANCELLED AT 2024-11-04T23:11:51 ***
