HOME: /t3home/msaxer
USER: msaxer
SLURM_JOB_ID: 158665
HOSTNAME: t3wn58
CMSSW RELEASE BASE  /cvmfs/cms.cern.ch/slc7_amd64_gcc12/cms/cmssw/CMSSW_14_1_0_pre7
%MSG-i AlpakaService:  (NoModuleName) 06-Dec-2024 11:53:26 CET pre-events
AlpakaServiceSerialSync succesfully initialised.
Found 1 device:
  - Intel(R) Xeon(R) CPU E5-2698 v3 @ 2.30GHz
%MSG
06-Dec-2024 11:53:53 CET  Initiating request to open file root://xrootd-cms.infn.it//store/relval/CMSSW_14_1_0_pre7/RelValTTbar_14TeV/GEN-SIM-RECO/141X_mcRun4_realistic_v1_STD_2026D110_PU-v1/2580000/f1c0f125-807b-4bbb-92d8-04b49be031d6.root
06-Dec-2024 11:54:36 CET  Successfully opened file root://xrootd-cms.infn.it//store/relval/CMSSW_14_1_0_pre7/RelValTTbar_14TeV/GEN-SIM-RECO/141X_mcRun4_realistic_v1_STD_2026D110_PU-v1/2580000/f1c0f125-807b-4bbb-92d8-04b49be031d6.root
Begin processing the 1st record. Run 1, Event 5401, LumiSection 55 on stream 0 at 06-Dec-2024 11:55:04.008 CET
[2024-12-06 11:59:51.373000 +0100][Error  ][PostMaster        ][25510] [eoscms-ns-ip700.cern.ch:1098] Forcing error on disconnect: [ERROR] Operation interrupted.
06-Dec-2024 12:08:53 CET  Closed file root://xrootd-cms.infn.it//store/relval/CMSSW_14_1_0_pre7/RelValTTbar_14TeV/GEN-SIM-RECO/141X_mcRun4_realistic_v1_STD_2026D110_PU-v1/2580000/f1c0f125-807b-4bbb-92d8-04b49be031d6.root
06-Dec-2024 12:08:53 CET  Initiating request to open file root://xrootd-cms.infn.it//store/relval/CMSSW_14_1_0_pre7/RelValTTbar_14TeV/GEN-SIM-RECO/141X_mcRun4_realistic_v1_STD_2026D110_PU-v1/2580000/a53db118-5ef9-49f6-b9d7-242b30eab82e.root
06-Dec-2024 12:08:55 CET  Successfully opened file root://xrootd-cms.infn.it//store/relval/CMSSW_14_1_0_pre7/RelValTTbar_14TeV/GEN-SIM-RECO/141X_mcRun4_realistic_v1_STD_2026D110_PU-v1/2580000/a53db118-5ef9-49f6-b9d7-242b30eab82e.root
[2024-12-06 12:14:08.909828 +0100][Error  ][PostMaster        ][25510] [st-048-cc8199ad.cern.ch:1095] Forcing error on disconnect: [ERROR] Operation interrupted.
[2024-12-06 12:14:08.910265 +0100][Error  ][PostMaster        ][25510] [st-096-hh151745.cern.ch:1095] Forcing error on disconnect: [ERROR] Operation interrupted.
[2024-12-06 12:14:15.799811 +0100][Error  ][PostMaster        ][25510] [eoscms-ns-ip700.cern.ch:1098] Forcing error on disconnect: [ERROR] Operation interrupted.
06-Dec-2024 12:21:03 CET  Closed file root://xrootd-cms.infn.it//store/relval/CMSSW_14_1_0_pre7/RelValTTbar_14TeV/GEN-SIM-RECO/141X_mcRun4_realistic_v1_STD_2026D110_PU-v1/2580000/a53db118-5ef9-49f6-b9d7-242b30eab82e.root
06-Dec-2024 12:21:03 CET  Initiating request to open file root://xrootd-cms.infn.it//store/relval/CMSSW_14_1_0_pre7/RelValTTbar_14TeV/GEN-SIM-RECO/141X_mcRun4_realistic_v1_STD_2026D110_PU-v1/2580000/45570743-aad5-4012-8988-11481880176b.root
06-Dec-2024 12:21:05 CET  Successfully opened file root://xrootd-cms.infn.it//store/relval/CMSSW_14_1_0_pre7/RelValTTbar_14TeV/GEN-SIM-RECO/141X_mcRun4_realistic_v1_STD_2026D110_PU-v1/2580000/45570743-aad5-4012-8988-11481880176b.root
%MSG-w XrdAdaptorLvl3:  PreProcPath MPV 06-Dec-2024 12:21:18 CET  Run: 1 Event: 3801
Deactivating st-096-100gb-ip304-31834.cern.ch from active sources because its quality (431) is higher than 260 and 4 times larger than the other active server p06636710r90783.cern.ch (12) 
%MSG
[2024-12-06 12:26:18.876831 +0100][Error  ][PostMaster        ][25510] [st-096-dd904234.cern.ch:1095] Forcing error on disconnect: [ERROR] Operation interrupted.
[2024-12-06 12:26:18.877286 +0100][Error  ][PostMaster        ][25510] [st-096-gg500rrf.cern.ch:1095] Forcing error on disconnect: [ERROR] Operation interrupted.
06-Dec-2024 12:34:01 CET  Closed file root://xrootd-cms.infn.it//store/relval/CMSSW_14_1_0_pre7/RelValTTbar_14TeV/GEN-SIM-RECO/141X_mcRun4_realistic_v1_STD_2026D110_PU-v1/2580000/45570743-aad5-4012-8988-11481880176b.root
06-Dec-2024 12:34:01 CET  Initiating request to open file root://xrootd-cms.infn.it//store/relval/CMSSW_14_1_0_pre7/RelValTTbar_14TeV/GEN-SIM-RECO/141X_mcRun4_realistic_v1_STD_2026D110_PU-v1/2580000/bfce0f9a-aedb-4461-960f-a363ebd6cd1c.root
06-Dec-2024 12:34:03 CET  Successfully opened file root://xrootd-cms.infn.it//store/relval/CMSSW_14_1_0_pre7/RelValTTbar_14TeV/GEN-SIM-RECO/141X_mcRun4_realistic_v1_STD_2026D110_PU-v1/2580000/bfce0f9a-aedb-4461-960f-a363ebd6cd1c.root
[2024-12-06 12:39:16.480817 +0100][Error  ][PostMaster        ][25510] [st-096-100gb-ip304-31834.cern.ch:1095] Forcing error on disconnect: [ERROR] Operation interrupted.
[2024-12-06 12:39:16.610813 +0100][Error  ][PostMaster        ][25510] [p06636710r90783.cern.ch:1095] Forcing error on disconnect: [ERROR] Operation interrupted.
[2024-12-06 12:39:23.487805 +0100][Error  ][PostMaster        ][25510] [eoscms-ns-ip700.cern.ch:1098] Forcing error on disconnect: [ERROR] Operation interrupted.
06-Dec-2024 12:46:50 CET  Closed file root://xrootd-cms.infn.it//store/relval/CMSSW_14_1_0_pre7/RelValTTbar_14TeV/GEN-SIM-RECO/141X_mcRun4_realistic_v1_STD_2026D110_PU-v1/2580000/bfce0f9a-aedb-4461-960f-a363ebd6cd1c.root
06-Dec-2024 12:46:50 CET  Initiating request to open file root://xrootd-cms.infn.it//store/relval/CMSSW_14_1_0_pre7/RelValTTbar_14TeV/GEN-SIM-RECO/141X_mcRun4_realistic_v1_STD_2026D110_PU-v1/2580000/a462251f-4e50-4ec6-a9fe-90d8372e319b.root
06-Dec-2024 12:46:52 CET  Successfully opened file root://xrootd-cms.infn.it//store/relval/CMSSW_14_1_0_pre7/RelValTTbar_14TeV/GEN-SIM-RECO/141X_mcRun4_realistic_v1_STD_2026D110_PU-v1/2580000/a462251f-4e50-4ec6-a9fe-90d8372e319b.root
[2024-12-06 12:52:05.470870 +0100][Error  ][PostMaster        ][25510] [st-096-100gb-ip313-4d084.cern.ch:1095] Forcing error on disconnect: [ERROR] Operation interrupted.
[2024-12-06 12:52:05.871811 +0100][Error  ][PostMaster        ][25510] [st-096-ii2019bd.cern.ch:1095] Forcing error on disconnect: [ERROR] Operation interrupted.
[2024-12-06 12:52:12.463845 +0100][Error  ][PostMaster        ][25510] [eoscms-ns-ip700.cern.ch:1098] Forcing error on disconnect: [ERROR] Operation interrupted.
06-Dec-2024 12:59:13 CET  Closed file root://xrootd-cms.infn.it//store/relval/CMSSW_14_1_0_pre7/RelValTTbar_14TeV/GEN-SIM-RECO/141X_mcRun4_realistic_v1_STD_2026D110_PU-v1/2580000/a462251f-4e50-4ec6-a9fe-90d8372e319b.root
06-Dec-2024 12:59:13 CET  Initiating request to open file root://xrootd-cms.infn.it//store/relval/CMSSW_14_1_0_pre7/RelValTTbar_14TeV/GEN-SIM-RECO/141X_mcRun4_realistic_v1_STD_2026D110_PU-v1/2580000/7629b858-9911-4be5-9f05-f2f164c748dc.root
06-Dec-2024 12:59:15 CET  Successfully opened file root://xrootd-cms.infn.it//store/relval/CMSSW_14_1_0_pre7/RelValTTbar_14TeV/GEN-SIM-RECO/141X_mcRun4_realistic_v1_STD_2026D110_PU-v1/2580000/7629b858-9911-4be5-9f05-f2f164c748dc.root
%MSG-w XrdAdaptorLvl3:  PreProcPath MPV 06-Dec-2024 12:59:23 CET  Run: 1 Event: 1101
Deactivating st-096-ii2019bd.cern.ch from active sources because its quality (412) is higher than 260 and 4 times larger than the other active server st-096-100gb-ip304-27a7f.cern.ch (18) 
%MSG
[2024-12-06 13:04:28.877816 +0100][Error  ][PostMaster        ][25510] [st-096-dd904234.cern.ch:1095] Forcing error on disconnect: [ERROR] Operation interrupted.
[2024-12-06 13:04:28.878257 +0100][Error  ][PostMaster        ][25510] [st-096-dd9063a0.cern.ch:1095] Forcing error on disconnect: [ERROR] Operation interrupted.
06-Dec-2024 13:12:26 CET  Closed file root://xrootd-cms.infn.it//store/relval/CMSSW_14_1_0_pre7/RelValTTbar_14TeV/GEN-SIM-RECO/141X_mcRun4_realistic_v1_STD_2026D110_PU-v1/2580000/7629b858-9911-4be5-9f05-f2f164c748dc.root
06-Dec-2024 13:12:26 CET  Initiating request to open file root://xrootd-cms.infn.it//store/relval/CMSSW_14_1_0_pre7/RelValTTbar_14TeV/GEN-SIM-RECO/141X_mcRun4_realistic_v1_STD_2026D110_PU-v1/2580000/e884391b-e766-4df6-b89b-1518223f0327.root
06-Dec-2024 13:12:28 CET  Successfully opened file root://xrootd-cms.infn.it//store/relval/CMSSW_14_1_0_pre7/RelValTTbar_14TeV/GEN-SIM-RECO/141X_mcRun4_realistic_v1_STD_2026D110_PU-v1/2580000/e884391b-e766-4df6-b89b-1518223f0327.root
[2024-12-06 13:17:33.026844 +0100][Error  ][PostMaster        ][25510] [eoscms-ns-ip700.cern.ch:1098] Forcing error on disconnect: [ERROR] Operation interrupted.
[2024-12-06 13:17:41.857792 +0100][Error  ][PostMaster        ][25510] [st-096-100gb-ip304-27a7f.cern.ch:1095] Forcing error on disconnect: [ERROR] Operation interrupted.
[2024-12-06 13:17:41.858267 +0100][Error  ][PostMaster        ][25510] [st-096-ii2019bd.cern.ch:1095] Forcing error on disconnect: [ERROR] Operation interrupted.
06-Dec-2024 13:24:40 CET  Closed file root://xrootd-cms.infn.it//store/relval/CMSSW_14_1_0_pre7/RelValTTbar_14TeV/GEN-SIM-RECO/141X_mcRun4_realistic_v1_STD_2026D110_PU-v1/2580000/e884391b-e766-4df6-b89b-1518223f0327.root
06-Dec-2024 13:24:40 CET  Initiating request to open file root://xrootd-cms.infn.it//store/relval/CMSSW_14_1_0_pre7/RelValTTbar_14TeV/GEN-SIM-RECO/141X_mcRun4_realistic_v1_STD_2026D110_PU-v1/2580000/022ffcb9-8446-46ad-9f04-7e48e66be96f.root
06-Dec-2024 13:24:42 CET  Successfully opened file root://xrootd-cms.infn.it//store/relval/CMSSW_14_1_0_pre7/RelValTTbar_14TeV/GEN-SIM-RECO/141X_mcRun4_realistic_v1_STD_2026D110_PU-v1/2580000/022ffcb9-8446-46ad-9f04-7e48e66be96f.root
%MSG-w XrdAdaptorLvl3:  PreProcPath MPV 06-Dec-2024 13:24:50 CET  Run: 1 Event: 6602
Deactivating st-096-hh151911.cern.ch from active sources because its quality (284) is higher than 260 and 4 times larger than the other active server st-096-gg50030i.cern.ch (35) 
%MSG
[2024-12-06 13:29:55.639808 +0100][Error  ][PostMaster        ][25510] [st-048-cc820ce4.cern.ch:1095] Forcing error on disconnect: [ERROR] Operation interrupted.
[2024-12-06 13:29:55.912873 +0100][Error  ][PostMaster        ][25510] [st-096-ii201701.cern.ch:1095] Forcing error on disconnect: [ERROR] Operation interrupted.
06-Dec-2024 13:37:36 CET  Closed file root://xrootd-cms.infn.it//store/relval/CMSSW_14_1_0_pre7/RelValTTbar_14TeV/GEN-SIM-RECO/141X_mcRun4_realistic_v1_STD_2026D110_PU-v1/2580000/022ffcb9-8446-46ad-9f04-7e48e66be96f.root
06-Dec-2024 13:37:36 CET  Initiating request to open file root://xrootd-cms.infn.it//store/relval/CMSSW_14_1_0_pre7/RelValTTbar_14TeV/GEN-SIM-RECO/141X_mcRun4_realistic_v1_STD_2026D110_PU-v1/2580000/544c4ffb-39ee-47bb-9d37-cbbd1652c308.root
06-Dec-2024 13:37:38 CET  Successfully opened file root://xrootd-cms.infn.it//store/relval/CMSSW_14_1_0_pre7/RelValTTbar_14TeV/GEN-SIM-RECO/141X_mcRun4_realistic_v1_STD_2026D110_PU-v1/2580000/544c4ffb-39ee-47bb-9d37-cbbd1652c308.root
%MSG-w XrdAdaptorLvl3:  PreProcPath MPV 06-Dec-2024 13:37:45 CET  Run: 1 Event: 701
Deactivating st-096-100gb-ip313-4d084.cern.ch from active sources because its quality (412) is higher than 260 and 4 times larger than the other active server st-096-gg561cnv.cern.ch (21) 
%MSG
[2024-12-06 13:42:37.036826 +0100][Error  ][PostMaster        ][25510] [st-096-gg50030i.cern.ch:1095] Forcing error on disconnect: [ERROR] Operation interrupted.
[2024-12-06 13:42:51.505877 +0100][Error  ][PostMaster        ][25510] [st-096-hh151911.cern.ch:1095] Forcing error on disconnect: [ERROR] Operation interrupted.
06-Dec-2024 13:50:20 CET  Closed file root://xrootd-cms.infn.it//store/relval/CMSSW_14_1_0_pre7/RelValTTbar_14TeV/GEN-SIM-RECO/141X_mcRun4_realistic_v1_STD_2026D110_PU-v1/2580000/544c4ffb-39ee-47bb-9d37-cbbd1652c308.root
06-Dec-2024 13:50:20 CET  Initiating request to open file root://xrootd-cms.infn.it//store/relval/CMSSW_14_1_0_pre7/RelValTTbar_14TeV/GEN-SIM-RECO/141X_mcRun4_realistic_v1_STD_2026D110_PU-v1/2580000/d7e586d0-2a4c-4515-9b54-b687652fba6e.root
06-Dec-2024 13:50:22 CET  Successfully opened file root://xrootd-cms.infn.it//store/relval/CMSSW_14_1_0_pre7/RelValTTbar_14TeV/GEN-SIM-RECO/141X_mcRun4_realistic_v1_STD_2026D110_PU-v1/2580000/d7e586d0-2a4c-4515-9b54-b687652fba6e.root
%MSG-w XrdAdaptorLvl3:  source 06-Dec-2024 13:50:29 CET PreSource
Deactivating st-096-hh151745.cern.ch from active sources because its quality (426) is higher than 260 and 4 times larger than the other active server st-096-100gb-ip306-40da9.cern.ch (58) 
%MSG
[2024-12-06 13:55:21.051793 +0100][Error  ][PostMaster        ][25510] [st-096-100gb-ip313-4d084.cern.ch:1095] Forcing error on disconnect: [ERROR] Operation interrupted.
[2024-12-06 13:55:21.052238 +0100][Error  ][PostMaster        ][25510] [st-096-gg561cnv.cern.ch:1095] Forcing error on disconnect: [ERROR] Operation interrupted.
06-Dec-2024 14:03:04 CET  Closed file root://xrootd-cms.infn.it//store/relval/CMSSW_14_1_0_pre7/RelValTTbar_14TeV/GEN-SIM-RECO/141X_mcRun4_realistic_v1_STD_2026D110_PU-v1/2580000/d7e586d0-2a4c-4515-9b54-b687652fba6e.root
TestAnalyzer::endJob: done
TimeReport> Time report complete in 7848.51 seconds
 Time Summary: 
 - Min event:   3.12468
 - Max event:   45.2821
 - Avg event:   7.01487
 - Total loop:  7684.39
 - Total init:  163.713
 - Total job:   7848.51
 - Total EventSetup: 37.5957
 - Total non-module: 124.612
 Event Throughput: 0.130134 ev/s
 CPU Summary: 
 - Total loop:     6639.3
 - Total init:     108.344
 - Total extra:    0
 - Total children: 0.294358
 - Total job:      6748
 Processing Summary: 
 - Number of Events:  1000
 - Number of Global Begin Lumi Calls:  10
 - Number of Global Begin Run Calls: 1


TrigReport ---------- Event  Summary ------------
TrigReport Events total = 1000 passed = 1000 failed = 0

TrigReport ---------- Path   Summary ------------
TrigReport  Trig Bit#   Executed     Passed     Failed      Error Name
TrigReport     1    0       1000       1000          0          0 MPV
TrigReport     1    1       1000       1000          0          0 analyze


TrigReport -------End-Path   Summary ------------
TrigReport  Trig Bit#   Executed     Passed     Failed      Error Name


TrigReport ---------- Modules in Path: MPV ------------
TrigReport  Trig Bit#    Visited     Passed     Failed      Error Name
TrigReport     1    0       1000       1000          0          0 testVertices


TrigReport ---------- Modules in Path: analyze ------------
TrigReport  Trig Bit#    Visited     Passed     Failed      Error Name
TrigReport     1    0       1000       1000          0          0 tpClusterProducer
TrigReport     1    1       1000       1000          0          0 quickTrackAssociatorByHits
TrigReport     1    2       1000       1000          0          0 trackingParticleRecoTrackAsssociation
TrigReport     1    3       1000       1000          0          0 oldVertexAnalysis


TrigReport ---------- Module Summary ------------
TrigReport    Visited   Executed     Passed     Failed      Error Name
TrigReport       1000       1000       1000          0          0 MPV
TrigReport       1000       1000       1000          0          0 TriggerResults
TrigReport       1000       1000       1000          0          0 analyze
TrigReport       1000       1000       1000          0          0 oldVertexAnalysis
TrigReport       1000       1000       1000          0          0 quickTrackAssociatorByHits
TrigReport       1000       1000       1000          0          0 testVertices
TrigReport       1000       1000       1000          0          0 tpClusterProducer
TrigReport       1000       1000       1000          0          0 trackingParticleRecoTrackAsssociation


TimeReport ---------- Event  Summary ---[sec]----
TimeReport       event loop CPU/event = 6.639308
TimeReport      event loop Real/event = 7.684398
TimeReport     sum Streams Real/event = 7.559497
TimeReport efficiency CPU/Real/thread = 0.863998

TimeReport ---------- Path   Summary ---[Real sec]----
TimeReport  per event     per exec  Name
TimeReport   7.014603     7.014603  MPV
TimeReport   7.014830     7.014830  analyze

TimeReport  per event     per exec  Name

TimeReport -------End-Path   Summary ---[Real sec]----
TimeReport  per event     per exec  Name

TimeReport  per event     per exec  Name

TimeReport ---------- Modules in Path: MPV ---[Real sec]----
TimeReport  per event    per visit  Name
TimeReport   1.430539     1.430539  testVertices


TimeReport ---------- Modules in Path: analyze ---[Real sec]----
TimeReport  per event    per visit  Name
TimeReport   2.013241     2.013241  tpClusterProducer
TimeReport   0.000014     0.000014  quickTrackAssociatorByHits
TimeReport   0.373627     0.373627  trackingParticleRecoTrackAsssociation
TimeReport   0.250882     0.250882  oldVertexAnalysis

TimeReport  per event    per visit  Name

TimeReport ---------- Module Summary ---[Real sec]----
TimeReport  per event     per exec    per visit  Name
TimeReport   0.000002     0.000002     0.000002  MPV
TimeReport   0.000003     0.000003     0.000003  TriggerResults
TimeReport   0.000015     0.000015     0.000015  analyze
TimeReport   0.250882     0.250882     0.250882  oldVertexAnalysis
TimeReport   0.000014     0.000014     0.000014  quickTrackAssociatorByHits
TimeReport   1.430539     1.430539     1.430539  testVertices
TimeReport   2.013241     2.013241     2.013241  tpClusterProducer
TimeReport   0.373627     0.373627     0.373627  trackingParticleRecoTrackAsssociation

TimeReport  per event     per exec    per visit  Name

T---Report end!


