HOME: /t3home/msaxer
USER: msaxer
SLURM_JOB_ID: 494807
HOSTNAME: t3wn73
CMSSW RELEASE BASE  /cvmfs/cms.cern.ch/slc7_amd64_gcc12/cms/cmssw/CMSSW_14_1_0_pre7
%MSG-i AlpakaService:  (NoModuleName) 23-Oct-2024 18:26:36 CEST pre-events
AlpakaServiceSerialSync succesfully initialised.
Found 1 device:
  - AMD EPYC 7702P 64-Core Processor
%MSG
23-Oct-2024 18:26:43 CEST  Initiating request to open file root://xrootd-cms.infn.it//store/relval/CMSSW_14_1_0_pre7/RelValUpsilon1SToMuMu_14/GEN-SIM-RECO/141X_mcRun4_realistic_v1_STD_2026D110_PU-v1/2580000/e342e6fe-fade-4708-9cfa-7f7344b902e4.root
23-Oct-2024 18:27:16 CEST  Successfully opened file root://xrootd-cms.infn.it//store/relval/CMSSW_14_1_0_pre7/RelValUpsilon1SToMuMu_14/GEN-SIM-RECO/141X_mcRun4_realistic_v1_STD_2026D110_PU-v1/2580000/e342e6fe-fade-4708-9cfa-7f7344b902e4.root
%MSG-w XrdAdaptorLvl3:  AfterFile 23-Oct-2024 18:27:23 CEST pre-events
Deactivating ceph-gw11.gridpp.rl.ac.uk from active sources because its quality (334) is higher than 260 and 4 times larger than the other active server ceph-gw10.gridpp.rl.ac.uk (22) 
%MSG
[2024-10-23 18:30:40.021570 +0200][Error  ][XRootD            ][25632] [ceph-gw10.gridpp.rl.ac.uk:1094] Unable to get the response to request kXR_readv (handle: 0x00000000, chunks: [(offset: 256, size: 524288); (offset: 524544, size: 524288); (offset: 1048832, size: 524288); (offset: 1573120, size: 524288); (offset: 2097408, size: 524288); (offset: 2621696, size: 524288); (offset: 3145984, size: 524288); (offset: 3670272, size: 524288); (offset: 4194560, size: 524288); (offset: 4718848, size: 524288); (offset: 5243136, size: 524288); (offset: 5767424, size: 524288); (offset: 6291712, size: 524288); (offset: 6816000, size: 524288); (offset: 7340288, size: 524288); (offset: 7864576, size: 524288); (offset: 8388864, size: 524288); (offset: 8913152, size: 524288); (offset: 9437440, size: 524288); (offset: 9961728, size: 524288); (offset: 10486016, size: 524288); (offset: 11010304, size: 524288); (offset: 11534592, size: 524288); (offset: 12058880, size: 524288); (offset: 12583168, size: 524288); (offset: 13107456, size: 524288); (offset: 13631744, size: 524288); (offset: 14156032, size: 524288); (offset: 14680320, size: 524288); (offset: 15204608, size: 524288); (offset: 15728896, size: 524288); (offset: 16253184, size: 524288); (offset: 16777472, size: 524288); (offset: 17301760, size: 524288); (offset: 17826048, size: 524288); (offset: 18350336, size: 524288); (offset: 18874624, size: 524288); (offset: 19398912, size: 524288); (offset: 19923200, size: 524288); (offset: 20447488, size: 524288); (offset: 20971776, size: 524288); (offset: 21496064, size: 524288); (offset: 22020352, size: 229733); (offset: 22250085, size: 524288); (offset: 22774373, size: 524288); (offset: 23298661, size: 524288); (offset: 23822949, size: 524288); (offset: 24347237, size: 524288); (offset: 24871525, size: 524288); (offset: 25395813, size: 524288); (offset: 25920101, size: 524288); (offset: 26444389, size: 524288); (offset: 26968677, size: 524288); (offset: 27492965, size: 524288); (offset: 28017253, size: 524288); (offset: 28541541, size: 524288); (offset: 29065829, size: 524288); (offset: 29590117, size: 524288); (offset: 30114405, size: 524288); (offset: 30638693, size: 524288); (offset: 31162981, size: 524288); (offset: 31687269, size: 524288); (offset: 32211557, size: 524288); (offset: 32735845, size: 524288); (offset: 33260133, size: 524288); (offset: 33784421, size: 524288); (offset: 34308709, size: 524288); (offset: 34832997, size: 524288); (offset: 35357285, size: 524288); (offset: 35881573, size: 524288); (offset: 36405861, size: 524288); (offset: 36930149, size: 524288); (offset: 37454437, size: 524288); (offset: 37978725, size: 524288); (offset: 38503013, size: 524288); (offset: 39027301, size: 524288); (offset: 39551589, size: 45628); (offset: 39597217, size: 524288); (offset: 40121505, size: 524288); (offset: 40645793, size: 524288); (offset: 41170081, size: 524288); (offset: 41694369, size: 524288); (offset: 42218657, size: 524288); (offset: 42742945, size: 524288); (offset: 43267233, size: 524288); (offset: 43791521, size: 524288); (offset: 44315809, size: 524288); (offset: 44840097, size: 524288); (offset: 45364385, size: 524288); (offset: 45888673, size: 524288); (offset: 46412961, size: 524288); (offset: 46937249, size: 524288); (offset: 47461537, size: 524288); (offset: 47985825, size: 524288); (offset: 48510113, size: 524288); (offset: 49034401, size: 524288); (offset: 49558689, size: 524288); (offset: 50082977, size: 524288); (offset: 50607265, size: 524288); (offset: 51131553, size: 524288); (offset: 51655841, size: 524288); (offset: 52180129, size: 524288); (offset: 52704417, size: 524288); (offset: 53228705, size: 524288); (offset: 53752993, size: 524288); (offset: 54277281, size: 524288); (offset: 54801569, size: 524288); (offset: 55325857, size: 524288); (offset: 55850145, size: 524288); (offset: 56374433, size: 524288); (offset: 56898721, size: 524288); (offset: 57423009, size: 524288); (offset: 57947297, size: 524288); (offset: 58471585, size: 524288); (offset: 58995873, size: 524288); (offset: 59520161, size: 524288); (offset: 60044449, size: 524288); (offset: 60568737, size: 524288); (offset: 61093025, size: 524288); (offset: 61617313, size: 524288); (offset: 62141601, size: 524288); (offset: 62665889, size: 524288); (offset: 63190177, size: 524288); (offset: 63714465, size: 524288); (offset: 64238753, size: 524288); (offset: 64763041, size: 524288); (offset: 65287329, size: 524288); (offset: 65811617, size: 524288); (offset: 66335905, size: 524288); (offset: 66860193, size: 524288); (offset: 67384481, size: 524288); (offset: 67908769, size: 524288); (offset: 68433057, size: 151171); (offset: 68584228, size: 524288); (offset: 69108516, size: 524288); (offset: 69632804, size: 524288); (offset: 70157092, size: 524288); (offset: 70681380, size: 524288); (offset: 71205668, size: 524288); (offset: 71729956, size: 524288); (offset: 72254244, size: 524288); (offset: 72778532, size: 524288); (offset: 73302820, size: 524288); (offset: 73827108, size: 524288); (offset: 74351396, size: 524288); (offset: 74875684, size: 524288); (offset: 75399972, size: 524288); (offset: 75924260, size: 524288); (offset: 76448548, size: 524288); (offset: 76972836, size: 524288); (offset: 77497124, size: 524288); (offset: 78021412, size: 524288); (offset: 78545700, size: 524288); (offset: 79069988, size: 524288); (offset: 79594276, size: 524288); (offset: 80118564, size: 524288); (offset: 80642852, size: 524288); (offset: 81167140, size: 524288); (offset: 81691428, size: 223026); (offset: 82060984, size: 524288); (offset: 82585272, size: 524288); (offset: 83109560, size: 427532); (offset: 128309517, size: 427969); ], total size: 83818275)
[2024-10-23 18:30:55.941840 +0200][Error  ][XRootD            ][25632] [ceph-svc20.gridpp.rl.ac.uk:1094] Unable to get the response to request kXR_readv (handle: 0x00000000, chunks: [(offset: 256, size: 524288); (offset: 524544, size: 524288); (offset: 1048832, size: 524288); (offset: 1573120, size: 524288); (offset: 2097408, size: 524288); (offset: 2621696, size: 524288); (offset: 3145984, size: 524288); (offset: 3670272, size: 524288); (offset: 4194560, size: 524288); (offset: 4718848, size: 524288); (offset: 5243136, size: 524288); (offset: 5767424, size: 524288); (offset: 6291712, size: 524288); (offset: 6816000, size: 524288); (offset: 7340288, size: 524288); (offset: 7864576, size: 524288); (offset: 8388864, size: 524288); (offset: 8913152, size: 524288); (offset: 9437440, size: 524288); (offset: 9961728, size: 524288); (offset: 10486016, size: 524288); (offset: 11010304, size: 524288); (offset: 11534592, size: 524288); (offset: 12058880, size: 524288); (offset: 12583168, size: 524288); (offset: 13107456, size: 524288); (offset: 13631744, size: 524288); (offset: 14156032, size: 524288); (offset: 14680320, size: 524288); (offset: 15204608, size: 524288); (offset: 15728896, size: 524288); (offset: 16253184, size: 524288); (offset: 16777472, size: 524288); (offset: 17301760, size: 524288); (offset: 17826048, size: 524288); (offset: 18350336, size: 524288); (offset: 18874624, size: 524288); (offset: 19398912, size: 524288); (offset: 19923200, size: 524288); (offset: 20447488, size: 524288); (offset: 20971776, size: 524288); (offset: 21496064, size: 524288); (offset: 22020352, size: 229733); (offset: 22250085, size: 524288); (offset: 22774373, size: 524288); (offset: 23298661, size: 524288); (offset: 23822949, size: 524288); (offset: 24347237, size: 524288); (offset: 24871525, size: 524288); (offset: 25395813, size: 524288); (offset: 25920101, size: 524288); (offset: 26444389, size: 524288); (offset: 26968677, size: 524288); (offset: 27492965, size: 524288); (offset: 28017253, size: 524288); (offset: 28541541, size: 524288); (offset: 29065829, size: 524288); (offset: 29590117, size: 524288); (offset: 30114405, size: 524288); (offset: 30638693, size: 524288); (offset: 31162981, size: 524288); (offset: 31687269, size: 524288); (offset: 32211557, size: 524288); (offset: 32735845, size: 524288); (offset: 33260133, size: 524288); (offset: 33784421, size: 524288); (offset: 34308709, size: 524288); (offset: 34832997, size: 524288); (offset: 35357285, size: 524288); (offset: 35881573, size: 524288); (offset: 36405861, size: 524288); (offset: 36930149, size: 524288); (offset: 37454437, size: 524288); (offset: 37978725, size: 524288); (offset: 38503013, size: 524288); (offset: 39027301, size: 524288); (offset: 39551589, size: 45628); (offset: 39597217, size: 524288); (offset: 40121505, size: 524288); (offset: 40645793, size: 524288); (offset: 41170081, size: 524288); (offset: 41694369, size: 524288); (offset: 42218657, size: 524288); (offset: 42742945, size: 524288); (offset: 43267233, size: 524288); (offset: 43791521, size: 524288); (offset: 44315809, size: 524288); (offset: 44840097, size: 524288); (offset: 45364385, size: 524288); (offset: 45888673, size: 524288); (offset: 46412961, size: 524288); (offset: 46937249, size: 524288); (offset: 47461537, size: 524288); (offset: 47985825, size: 524288); (offset: 48510113, size: 524288); (offset: 49034401, size: 524288); (offset: 49558689, size: 524288); (offset: 50082977, size: 524288); (offset: 50607265, size: 524288); (offset: 51131553, size: 524288); (offset: 51655841, size: 524288); (offset: 52180129, size: 524288); (offset: 52704417, size: 524288); (offset: 53228705, size: 524288); (offset: 53752993, size: 524288); (offset: 54277281, size: 524288); (offset: 54801569, size: 524288); (offset: 55325857, size: 524288); (offset: 55850145, size: 524288); (offset: 56374433, size: 524288); (offset: 56898721, size: 524288); (offset: 57423009, size: 524288); (offset: 57947297, size: 524288); (offset: 58471585, size: 524288); (offset: 58995873, size: 524288); (offset: 59520161, size: 524288); (offset: 60044449, size: 524288); (offset: 60568737, size: 524288); (offset: 61093025, size: 524288); (offset: 61617313, size: 524288); (offset: 62141601, size: 524288); (offset: 62665889, size: 524288); (offset: 63190177, size: 524288); (offset: 63714465, size: 524288); (offset: 64238753, size: 524288); (offset: 64763041, size: 524288); (offset: 65287329, size: 524288); (offset: 65811617, size: 524288); (offset: 66335905, size: 524288); (offset: 66860193, size: 524288); (offset: 67384481, size: 524288); (offset: 67908769, size: 524288); (offset: 68433057, size: 151171); (offset: 68584228, size: 524288); (offset: 69108516, size: 524288); (offset: 69632804, size: 524288); (offset: 70157092, size: 524288); (offset: 70681380, size: 524288); (offset: 71205668, size: 524288); (offset: 71729956, size: 524288); (offset: 72254244, size: 524288); (offset: 72778532, size: 524288); (offset: 73302820, size: 524288); (offset: 73827108, size: 524288); (offset: 74351396, size: 524288); (offset: 74875684, size: 524288); (offset: 75399972, size: 524288); (offset: 75924260, size: 524288); (offset: 76448548, size: 524288); (offset: 76972836, size: 524288); (offset: 77497124, size: 524288); (offset: 78021412, size: 524288); (offset: 78545700, size: 524288); (offset: 79069988, size: 524288); (offset: 79594276, size: 524288); (offset: 80118564, size: 524288); (offset: 80642852, size: 524288); (offset: 81167140, size: 524288); (offset: 81691428, size: 223026); (offset: 82060984, size: 524288); (offset: 82585272, size: 524288); (offset: 83109560, size: 427532); (offset: 128309517, size: 427969); ], total size: 83818275)
[2024-10-23 18:30:55.942899 +0200][Error  ][File              ][25632] [0xe5775590@root://xrootd-cms.infn.it:1094//store/relval/CMSSW_14_1_0_pre7/RelValUpsilon1SToMuMu_14/GEN-SIM-RECO/141X_mcRun4_realistic_v1_STD_2026D110_PU-v1/2580000/e342e6fe-fade-4708-9cfa-7f7344b902e4.root?tried=ceph-gw11.gridpp.rl.ac.uk&triedrc=resel&xrdcl.requuid=5df5cc62-e658-4773-aa62-8cf34fb24b49] Fatal file state error. Message kXR_readv (handle: 0x00000000, chunks: [(offset: 256, size: 524288); (offset: 524544, size: 524288); (offset: 1048832, size: 524288); (offset: 1573120, size: 524288); (offset: 2097408, size: 524288); (offset: 2621696, size: 524288); (offset: 3145984, size: 524288); (offset: 3670272, size: 524288); (offset: 4194560, size: 524288); (offset: 4718848, size: 524288); (offset: 5243136, size: 524288); (offset: 5767424, size: 524288); (offset: 6291712, size: 524288); (offset: 6816000, size: 524288); (offset: 7340288, size: 524288); (offset: 7864576, size: 524288); (offset: 8388864, size: 524288); (offset: 8913152, size: 524288); (offset: 9437440, size: 524288); (offset: 9961728, size: 524288); (offset: 10486016, size: 524288); (offset: 11010304, size: 524288); (offset: 11534592, size: 524288); (offset: 12058880, size: 524288); (offset: 12583168, size: 524288); (offset: 13107456, size: 524288); (offset: 13631744, size: 524288); (offset: 14156032, size: 524288); (offset: 14680320, size: 524288); (offset: 15204608, size: 524288); (offset: 15728896, size: 524288); (offset: 16253184, size: 524288); (offset: 16777472, size: 524288); (offset: 17301760, size: 524288); (offset: 17826048, size: 524288); (offset: 18350336, size: 524288); (offset: 18874624, size: 524288); (offset: 19398912, size: 524288); (offset: 19923200, size: 524288); (offset: 20447488, size: 524288); (offset: 20971776, size: 524288); (offset: 21496064, size: 524288); (offset: 22020352, size: 229733); (offset: 22250085, size: 524288); (offset: 22774373, size: 524288); (offset: 23298661, size: 524288); (offset: 23822949, size: 524288); (offset: 24347237, size: 524288); (offset: 24871525, size: 524288); (offset: 25395813, size: 524288); (offset: 25920101, size: 524288); (offset: 26444389, size: 524288); (offset: 26968677, size: 524288); (offset: 27492965, size: 524288); (offset: 28017253, size: 524288); (offset: 28541541, size: 524288); (offset: 29065829, size: 524288); (offset: 29590117, size: 524288); (offset: 30114405, size: 524288); (offset: 30638693, size: 524288); (offset: 31162981, size: 524288); (offset: 31687269, size: 524288); (offset: 32211557, size: 524288); (offset: 32735845, size: 524288); (offset: 33260133, size: 524288); (offset: 33784421, size: 524288); (offset: 34308709, size: 524288); (offset: 34832997, size: 524288); (offset: 35357285, size: 524288); (offset: 35881573, size: 524288); (offset: 36405861, size: 524288); (offset: 36930149, size: 524288); (offset: 37454437, size: 524288); (offset: 37978725, size: 524288); (offset: 38503013, size: 524288); (offset: 39027301, size: 524288); (offset: 39551589, size: 45628); (offset: 39597217, size: 524288); (offset: 40121505, size: 524288); (offset: 40645793, size: 524288); (offset: 41170081, size: 524288); (offset: 41694369, size: 524288); (offset: 42218657, size: 524288); (offset: 42742945, size: 524288); (offset: 43267233, size: 524288); (offset: 43791521, size: 524288); (offset: 44315809, size: 524288); (offset: 44840097, size: 524288); (offset: 45364385, size: 524288); (offset: 45888673, size: 524288); (offset: 46412961, size: 524288); (offset: 46937249, size: 524288); (offset: 47461537, size: 524288); (offset: 47985825, size: 524288); (offset: 48510113, size: 524288); (offset: 49034401, size: 524288); (offset: 49558689, size: 524288); (offset: 50082977, size: 524288); (offset: 50607265, size: 524288); (offset: 51131553, size: 524288); (offset: 51655841, size: 524288); (offset: 52180129, size: 524288); (offset: 52704417, size: 524288); (offset: 53228705, size: 524288); (offset: 53752993, size: 524288); (offset: 54277281, size: 524288); (offset: 54801569, size: 524288); (offset: 55325857, size: 524288); (offset: 55850145, size: 524288); (offset: 56374433, size: 524288); (offset: 56898721, size: 524288); (offset: 57423009, size: 524288); (offset: 57947297, size: 524288); (offset: 58471585, size: 524288); (offset: 58995873, size: 524288); (offset: 59520161, size: 524288); (offset: 60044449, size: 524288); (offset: 60568737, size: 524288); (offset: 61093025, size: 524288); (offset: 61617313, size: 524288); (offset: 62141601, size: 524288); (offset: 62665889, size: 524288); (offset: 63190177, size: 524288); (offset: 63714465, size: 524288); (offset: 64238753, size: 524288); (offset: 64763041, size: 524288); (offset: 65287329, size: 524288); (offset: 65811617, size: 524288); (offset: 66335905, size: 524288); (offset: 66860193, size: 524288); (offset: 67384481, size: 524288); (offset: 67908769, size: 524288); (offset: 68433057, size: 151171); (offset: 68584228, size: 524288); (offset: 69108516, size: 524288); (offset: 69632804, size: 524288); (offset: 70157092, size: 524288); (offset: 70681380, size: 524288); (offset: 71205668, size: 524288); (offset: 71729956, size: 524288); (offset: 72254244, size: 524288); (offset: 72778532, size: 524288); (offset: 73302820, size: 524288); (offset: 73827108, size: 524288); (offset: 74351396, size: 524288); (offset: 74875684, size: 524288); (offset: 75399972, size: 524288); (offset: 75924260, size: 524288); (offset: 76448548, size: 524288); (offset: 76972836, size: 524288); (offset: 77497124, size: 524288); (offset: 78021412, size: 524288); (offset: 78545700, size: 524288); (offset: 79069988, size: 524288); (offset: 79594276, size: 524288); (offset: 80118564, size: 524288); (offset: 80642852, size: 524288); (offset: 81167140, size: 524288); (offset: 81691428, size: 223026); (offset: 82060984, size: 524288); (offset: 82585272, size: 524288); (offset: 83109560, size: 427532); (offset: 128309517, size: 427969); ], total size: 83818275) returned with [ERROR] Operation expired
%MSG-w XrdAdaptorInternal:  (NoModuleName) 23-Oct-2024 18:30:55 CEST pre-events
XrdRequestManager::handle(name='root://xrootd-cms.infn.it//store/relval/CMSSW_14_1_0_pre7/RelValUpsilon1SToMuMu_14/GEN-SIM-RECO/141X_mcRun4_realistic_v1_STD_2026D110_PU-v1/2580000/e342e6fe-fade-4708-9cfa-7f7344b902e4.root) failure when reading from ceph-gw10.gridpp.rl.ac.uk:1094 (site T1_UK_RAL); failed with error '[ERROR] Operation expired' (errno=0, code=206).
%MSG
%MSG-w XrdAdaptorInternal:  (NoModuleName) 23-Oct-2024 18:30:55 CEST pre-events
Request failure when reading from ceph-gw10.gridpp.rl.ac.uk:1094 (site T1_UK_RAL)
%MSG
[2024-10-23 18:33:55.962800 +0200][Error  ][XRootD            ][25632] [ceph-svc20.gridpp.rl.ac.uk:1094] Unable to get the response to request kXR_open (file: /store/relval/CMSSW_14_1_0_pre7/RelValUpsilon1SToMuMu_14/GEN-SIM-RECO/141X_mcRun4_realistic_v1_STD_2026D110_PU-v1/2580000/e342e6fe-fade-4708-9cfa-7f7344b902e4.root?tried=ceph-gw11.gridpp.rl.ac.uk,ceph-gw10.gridpp.rl.ac.uk, mode: 0660, flags: kXR_open_read kXR_async kXR_retstat )
%MSG-w XrdAdaptorInternal:  (NoModuleName) 23-Oct-2024 18:33:55 CEST pre-events
Caught a CMSSW exception when running connection recovery.
%MSG
----- Begin Fatal Exception 23-Oct-2024 18:33:55 CEST-----------------------
An exception of category 'FileReadError' occurred while
   [0] Calling InputSource::readEvent_
   [1] Reading branch EventSelections
   [2] Calling XrdFile::readv()
   [3] XrdAdaptor::ClientRequest::HandleResponse() failure while running connection recovery
   [4] Handling XrdAdaptor::RequestManager::requestFailure()
   [5] In XrdAdaptor::RequestManager::OpenHandler::HandleResponseWithHosts()
Exception Message:
XrdCl::File::Open(name='root://xrootd-cms.infn.it//store/relval/CMSSW_14_1_0_pre7/RelValUpsilon1SToMuMu_14/GEN-SIM-RECO/141X_mcRun4_realistic_v1_STD_2026D110_PU-v1/2580000/e342e6fe-fade-4708-9cfa-7f7344b902e4.root', flags=0x10, permissions=0660) => error '[ERROR] Operation expired' (errno=0, code=206)
   Additional Info:
      [a] Original error: '[ERROR] Operation expired' (errno=0, code=206, source=ceph-gw10.gridpp.rl.ac.uk:1094 (site T1_UK_RAL)).
      [b] Original failed source is ceph-gw10.gridpp.rl.ac.uk:1094 (site T1_UK_RAL)
      [c] Disabled source: ceph-gw10.gridpp.rl.ac.uk:1094
----- End Fatal Exception -------------------------------------------------
23-Oct-2024 18:33:56 CEST  Closed file root://xrootd-cms.infn.it//store/relval/CMSSW_14_1_0_pre7/RelValUpsilon1SToMuMu_14/GEN-SIM-RECO/141X_mcRun4_realistic_v1_STD_2026D110_PU-v1/2580000/e342e6fe-fade-4708-9cfa-7f7344b902e4.root
TestAnalyzer::endJob: done
TimeReport> Time report complete in 469.958 seconds
 Time Summary: 
 - Min event:   1e+06
 - Max event:   0
 - Avg event:   0
 - Total loop:  376.706
 - Total init:  93.1637
 - Total job:   469.958
 - Total EventSetup: 0
 - Total non-module: 0.0932629
 Event Throughput: 0 ev/s
 CPU Summary: 
 - Total loop:     0.430637
 - Total init:     81.1894
 - Total extra:    0
 - Total children: 0.205794
 - Total job:      81.6906
 Processing Summary: 
 - Number of Events:  0
 - Number of Global Begin Lumi Calls:  1
 - Number of Global Begin Run Calls: 1


TrigReport ---------- Event  Summary ------------
TrigReport Events total = 0 passed = 0 failed = 0

TrigReport ---------- Path   Summary ------------
TrigReport  Trig Bit#   Executed     Passed     Failed      Error Name
TrigReport     1    0          0          0          0          0 MPV
TrigReport     1    1          0          0          0          0 analyze


TrigReport -------End-Path   Summary ------------
TrigReport  Trig Bit#   Executed     Passed     Failed      Error Name


TrigReport ---------- Modules in Path: MPV ------------
TrigReport  Trig Bit#    Visited     Passed     Failed      Error Name
TrigReport     1    0          0          0          0          0 testVertices


TrigReport ---------- Modules in Path: analyze ------------
TrigReport  Trig Bit#    Visited     Passed     Failed      Error Name
TrigReport     1    0          0          0          0          0 tpClusterProducer
TrigReport     1    1          0          0          0          0 quickTrackAssociatorByHits
TrigReport     1    2          0          0          0          0 trackingParticleRecoTrackAsssociation
TrigReport     1    3          0          0          0          0 oldVertexAnalysis


TrigReport ---------- Module Summary ------------
TrigReport    Visited   Executed     Passed     Failed      Error Name
TrigReport          0          0          0          0          0 MPV
TrigReport          0          0          0          0          0 TriggerResults
TrigReport          0          0          0          0          0 analyze
TrigReport          0          0          0          0          0 oldVertexAnalysis
TrigReport          0          0          0          0          0 quickTrackAssociatorByHits
TrigReport          0          0          0          0          0 testVertices
TrigReport          0          0          0          0          0 tpClusterProducer
TrigReport          0          0          0          0          0 trackingParticleRecoTrackAsssociation


TimeReport ---------- Event  Summary ---[sec]----
TimeReport       event loop CPU/event = 0.438593
TimeReport      event loop Real/event = 376.714412
TimeReport     sum Streams Real/event = 376.265760
TimeReport efficiency CPU/Real/thread = 0.001164

TimeReport ---------- Path   Summary ---[Real sec]----
TimeReport  per event     per exec  Name
TimeReport   0.000000     0.000000  MPV
TimeReport   0.000000     0.000000  analyze

TimeReport  per event     per exec  Name

TimeReport -------End-Path   Summary ---[Real sec]----
TimeReport  per event     per exec  Name

TimeReport  per event     per exec  Name

TimeReport ---------- Modules in Path: MPV ---[Real sec]----
TimeReport  per event    per visit  Name
TimeReport   0.000000     0.000000  testVertices


TimeReport ---------- Modules in Path: analyze ---[Real sec]----
TimeReport  per event    per visit  Name
TimeReport   0.000000     0.000000  tpClusterProducer
TimeReport   0.000000     0.000000  quickTrackAssociatorByHits
TimeReport   0.000000     0.000000  trackingParticleRecoTrackAsssociation
TimeReport   0.000000     0.000000  oldVertexAnalysis

TimeReport  per event    per visit  Name

TimeReport ---------- Module Summary ---[Real sec]----
TimeReport  per event     per exec    per visit  Name
TimeReport   0.000000     0.000000     0.000000  MPV
TimeReport   0.000000     0.000000     0.000000  TriggerResults
TimeReport   0.000000     0.000000     0.000000  analyze
TimeReport   0.000000     0.000000     0.000000  oldVertexAnalysis
TimeReport   0.000000     0.000000     0.000000  quickTrackAssociatorByHits
TimeReport   0.000000     0.000000     0.000000  testVertices
TimeReport   0.000000     0.000000     0.000000  tpClusterProducer
TimeReport   0.000000     0.000000     0.000000  trackingParticleRecoTrackAsssociation

TimeReport  per event     per exec    per visit  Name

T---Report end!


cp: cannot create regular file '/work/msaxer/experimental_run_5/Subset_SToMuMu_02.txt/40/256/pvSubset_SToMuMu_02.txt_256_20241023_183356.root': No such file or directory
cp: cannot create regular file '/work/msaxer/experimental_run_5/Subset_SToMuMu_02.txt/40/256/pvSubset_SToMuMu_02.txt_256_20241023_183356.log.gz': No such file or directory
