HOME: /t3home/msaxer
USER: msaxer
SLURM_JOB_ID: 277528
HOSTNAME: t3wn63
CMSSW RELEASE BASE  /cvmfs/cms.cern.ch/slc7_amd64_gcc12/cms/cmssw/CMSSW_14_1_0_pre7
%MSG-i AlpakaService:  (NoModuleName) 18-Oct-2024 00:48:35 CEST pre-events
AlpakaServiceSerialSync succesfully initialised.
Found 1 device:
  - Intel(R) Xeon(R) Gold 6148 CPU @ 2.40GHz
%MSG
18-Oct-2024 00:48:44 CEST  Initiating request to open file root://xrootd-cms.infn.it//store/relval/CMSSW_14_1_0_pre7/RelValTTbar_14TeV/GEN-SIM-RECO/141X_mcRun4_realistic_v1_STD_2026D110_PU-v1/2580000/9b91e551-3e2a-43b0-8bc6-d6e3407dd824.root
18-Oct-2024 00:49:22 CEST  Successfully opened file root://xrootd-cms.infn.it//store/relval/CMSSW_14_1_0_pre7/RelValTTbar_14TeV/GEN-SIM-RECO/141X_mcRun4_realistic_v1_STD_2026D110_PU-v1/2580000/9b91e551-3e2a-43b0-8bc6-d6e3407dd824.root
%MSG-w XrdAdaptorLvl3:  source 18-Oct-2024 00:49:49 CEST PreSource
Deactivating st-096-100gb-ip310-722bd.cern.ch from active sources because its quality (440) is higher than 260 and 4 times larger than the other active server st-096-gg50030i.cern.ch (95) 
%MSG
Begin processing the 1st record. Run 1, Event 901, LumiSection 10 on stream 0 at 18-Oct-2024 00:49:49.652 CEST
18-Oct-2024 01:00:03 CEST  Closed file root://xrootd-cms.infn.it//store/relval/CMSSW_14_1_0_pre7/RelValTTbar_14TeV/GEN-SIM-RECO/141X_mcRun4_realistic_v1_STD_2026D110_PU-v1/2580000/9b91e551-3e2a-43b0-8bc6-d6e3407dd824.root
TestAnalyzer::endJob: done
TimeReport> Time report complete in 727.307 seconds
 Time Summary: 
 - Min event:   4.52423
 - Max event:   33.3159
 - Avg event:   5.73152
 - Total loop:  615.786
 - Total init:  111.384
 - Total job:   727.307
 - Total EventSetup: 28.0483
 - Total non-module: 5.64163
 Event Throughput: 0.162394 ev/s
 CPU Summary: 
 - Total loop:     553.846
 - Total init:     91.5458
 - Total extra:    0
 - Total children: 0.223877
 - Total job:      645.497
 Processing Summary: 
 - Number of Events:  100
 - Number of Global Begin Lumi Calls:  1
 - Number of Global Begin Run Calls: 1


TrigReport ---------- Event  Summary ------------
TrigReport Events total = 100 passed = 100 failed = 0

TrigReport ---------- Path   Summary ------------
TrigReport  Trig Bit#   Executed     Passed     Failed      Error Name
TrigReport     1    0        100        100          0          0 MPV
TrigReport     1    1        100        100          0          0 analyze


TrigReport -------End-Path   Summary ------------
TrigReport  Trig Bit#   Executed     Passed     Failed      Error Name


TrigReport ---------- Modules in Path: MPV ------------
TrigReport  Trig Bit#    Visited     Passed     Failed      Error Name
TrigReport     1    0        100        100          0          0 testVertices


TrigReport ---------- Modules in Path: analyze ------------
TrigReport  Trig Bit#    Visited     Passed     Failed      Error Name
TrigReport     1    0        100        100          0          0 tpClusterProducer
TrigReport     1    1        100        100          0          0 quickTrackAssociatorByHits
TrigReport     1    2        100        100          0          0 trackingParticleRecoTrackAsssociation
TrigReport     1    3        100        100          0          0 oldVertexAnalysis


TrigReport ---------- Module Summary ------------
TrigReport    Visited   Executed     Passed     Failed      Error Name
TrigReport        100        100        100          0          0 MPV
TrigReport        100        100        100          0          0 TriggerResults
TrigReport        100        100        100          0          0 analyze
TrigReport        100        100        100          0          0 oldVertexAnalysis
TrigReport        100        100        100          0          0 quickTrackAssociatorByHits
TrigReport        100        100        100          0          0 testVertices
TrigReport        100        100        100          0          0 tpClusterProducer
TrigReport        100        100        100          0          0 trackingParticleRecoTrackAsssociation


TimeReport ---------- Event  Summary ---[sec]----
TimeReport       event loop CPU/event = 5.538564
TimeReport      event loop Real/event = 6.157965
TimeReport     sum Streams Real/event = 6.096499
TimeReport efficiency CPU/Real/thread = 0.899415

TimeReport ---------- Path   Summary ---[Real sec]----
TimeReport  per event     per exec  Name
TimeReport   5.729189     5.729189  MPV
TimeReport   5.731475     5.731475  analyze

TimeReport  per event     per exec  Name

TimeReport -------End-Path   Summary ---[Real sec]----
TimeReport  per event     per exec  Name

TimeReport  per event     per exec  Name

TimeReport ---------- Modules in Path: MPV ---[Real sec]----
TimeReport  per event    per visit  Name
TimeReport   0.495060     0.495060  testVertices


TimeReport ---------- Modules in Path: analyze ---[Real sec]----
TimeReport  per event    per visit  Name
TimeReport   1.892373     1.892373  tpClusterProducer
TimeReport   0.000019     0.000019  quickTrackAssociatorByHits
TimeReport   0.373319     0.373319  trackingParticleRecoTrackAsssociation
TimeReport   0.249114     0.249114  oldVertexAnalysis

TimeReport  per event    per visit  Name

TimeReport ---------- Module Summary ---[Real sec]----
TimeReport  per event     per exec    per visit  Name
TimeReport   0.000002     0.000002     0.000002  MPV
TimeReport   0.000004     0.000004     0.000004  TriggerResults
TimeReport   0.000019     0.000019     0.000019  analyze
TimeReport   0.249114     0.249114     0.249114  oldVertexAnalysis
TimeReport   0.000019     0.000019     0.000019  quickTrackAssociatorByHits
TimeReport   0.495060     0.495060     0.495060  testVertices
TimeReport   1.892373     1.892373     1.892373  tpClusterProducer
TimeReport   0.373319     0.373319     0.373319  trackingParticleRecoTrackAsssociation

TimeReport  per event     per exec    per visit  Name

T---Report end!


