HOME: /t3home/msaxer
USER: msaxer
SLURM_JOB_ID: 485993
HOSTNAME: t3wn36
CMSSW RELEASE BASE  /cvmfs/cms.cern.ch/slc7_amd64_gcc12/cms/cmssw/CMSSW_14_1_0_pre7
%MSG-i AlpakaService:  (NoModuleName) 23-Oct-2024 12:59:09 CEST pre-events
AlpakaServiceSerialSync succesfully initialised.
Found 1 device:
  - Intel(R) Xeon(R) CPU E5-2670 0 @ 2.60GHz
%MSG
23-Oct-2024 12:59:18 CEST  Initiating request to open file root://xrootd-cms.infn.it//store/relval/CMSSW_14_1_0_pre7/RelValTTbar_14TeV/GEN-SIM-RECO/141X_mcRun4_realistic_v1_STD_2026D110_PU-v1/2580000/7629b858-9911-4be5-9f05-f2f164c748dc.root
23-Oct-2024 12:59:48 CEST  Successfully opened file root://xrootd-cms.infn.it//store/relval/CMSSW_14_1_0_pre7/RelValTTbar_14TeV/GEN-SIM-RECO/141X_mcRun4_realistic_v1_STD_2026D110_PU-v1/2580000/7629b858-9911-4be5-9f05-f2f164c748dc.root
%MSG-w XrdAdaptorLvl3:  source 23-Oct-2024 13:00:04 CEST PreSource
Deactivating st-096-100gb-ip304-27a7f.cern.ch from active sources because its quality (463) is higher than 260 and 4 times larger than the other active server st-096-ii2019bd.cern.ch (82) 
%MSG
Begin processing the 1st record. Run 1, Event 1101, LumiSection 12 on stream 0 at 23-Oct-2024 13:00:04.630 CEST
[2024-10-23 13:05:03.705204 +0200][Error  ][PostMaster        ][ 7826] [eoscms-ns-ip700.cern.ch:1098] Forcing error on disconnect: [ERROR] Operation interrupted.
23-Oct-2024 13:12:11 CEST  Closed file root://xrootd-cms.infn.it//store/relval/CMSSW_14_1_0_pre7/RelValTTbar_14TeV/GEN-SIM-RECO/141X_mcRun4_realistic_v1_STD_2026D110_PU-v1/2580000/7629b858-9911-4be5-9f05-f2f164c748dc.root
TestAnalyzer::endJob: done
TimeReport> Time report complete in 807.644 seconds
 Time Summary: 
 - Min event:   4.0727
 - Max event:   28.844
 - Avg event:   5.79041
 - Total loop:  729.935
 - Total init:  77.502
 - Total job:   807.644
 - Total EventSetup: 22.009
 - Total non-module: 5.41137
 Event Throughput: 0.136998 ev/s
 CPU Summary: 
 - Total loop:     461.423
 - Total init:     69.8456
 - Total extra:    0
 - Total children: 0.133069
 - Total job:      531.366
 Processing Summary: 
 - Number of Events:  100
 - Number of Global Begin Lumi Calls:  1
 - Number of Global Begin Run Calls: 1


TrigReport ---------- Event  Summary ------------
TrigReport Events total = 100 passed = 100 failed = 0

TrigReport ---------- Path   Summary ------------
TrigReport  Trig Bit#   Executed     Passed     Failed      Error Name
TrigReport     1    0        100        100          0          0 MPV
TrigReport     1    1        100        100          0          0 analyze


TrigReport -------End-Path   Summary ------------
TrigReport  Trig Bit#   Executed     Passed     Failed      Error Name


TrigReport ---------- Modules in Path: MPV ------------
TrigReport  Trig Bit#    Visited     Passed     Failed      Error Name
TrigReport     1    0        100        100          0          0 testVertices


TrigReport ---------- Modules in Path: analyze ------------
TrigReport  Trig Bit#    Visited     Passed     Failed      Error Name
TrigReport     1    0        100        100          0          0 tpClusterProducer
TrigReport     1    1        100        100          0          0 quickTrackAssociatorByHits
TrigReport     1    2        100        100          0          0 trackingParticleRecoTrackAsssociation
TrigReport     1    3        100        100          0          0 oldVertexAnalysis


TrigReport ---------- Module Summary ------------
TrigReport    Visited   Executed     Passed     Failed      Error Name
TrigReport        100        100        100          0          0 MPV
TrigReport        100        100        100          0          0 TriggerResults
TrigReport        100        100        100          0          0 analyze
TrigReport        100        100        100          0          0 oldVertexAnalysis
TrigReport        100        100        100          0          0 quickTrackAssociatorByHits
TrigReport        100        100        100          0          0 testVertices
TrigReport        100        100        100          0          0 tpClusterProducer
TrigReport        100        100        100          0          0 trackingParticleRecoTrackAsssociation


TimeReport ---------- Event  Summary ---[sec]----
TimeReport       event loop CPU/event = 4.614293
TimeReport      event loop Real/event = 7.299417
TimeReport     sum Streams Real/event = 7.240619
TimeReport efficiency CPU/Real/thread = 0.632145

TimeReport ---------- Path   Summary ---[Real sec]----
TimeReport  per event     per exec  Name
TimeReport   5.787863     5.787863  MPV
TimeReport   5.790378     5.790378  analyze

TimeReport  per event     per exec  Name

TimeReport -------End-Path   Summary ---[Real sec]----
TimeReport  per event     per exec  Name

TimeReport  per event     per exec  Name

TimeReport ---------- Modules in Path: MPV ---[Real sec]----
TimeReport  per event    per visit  Name
TimeReport   0.554277     0.554277  testVertices


TimeReport ---------- Modules in Path: analyze ---[Real sec]----
TimeReport  per event    per visit  Name
TimeReport   1.511418     1.511418  tpClusterProducer
TimeReport   0.000019     0.000019  quickTrackAssociatorByHits
TimeReport   0.290957     0.290957  trackingParticleRecoTrackAsssociation
TimeReport   0.217097     0.217097  oldVertexAnalysis

TimeReport  per event    per visit  Name

TimeReport ---------- Module Summary ---[Real sec]----
TimeReport  per event     per exec    per visit  Name
TimeReport   0.000002     0.000002     0.000002  MPV
TimeReport   0.000003     0.000003     0.000003  TriggerResults
TimeReport   0.000014     0.000014     0.000014  analyze
TimeReport   0.217097     0.217097     0.217097  oldVertexAnalysis
TimeReport   0.000019     0.000019     0.000019  quickTrackAssociatorByHits
TimeReport   0.554277     0.554277     0.554277  testVertices
TimeReport   1.511418     1.511418     1.511418  tpClusterProducer
TimeReport   0.290957     0.290957     0.290957  trackingParticleRecoTrackAsssociation

TimeReport  per event     per exec    per visit  Name

T---Report end!


