HOME: /t3home/msaxer
USER: msaxer
SLURM_JOB_ID: 494865
HOSTNAME: t3wn33
CMSSW RELEASE BASE  /cvmfs/cms.cern.ch/slc7_amd64_gcc12/cms/cmssw/CMSSW_14_1_0_pre7
%MSG-i AlpakaService:  (NoModuleName) 23-Oct-2024 18:28:54 CEST pre-events
AlpakaServiceSerialSync succesfully initialised.
Found 1 device:
  - Intel(R) Xeon(R) CPU E5-2670 0 @ 2.60GHz
%MSG
23-Oct-2024 18:29:17 CEST  Initiating request to open file root://xrootd-cms.infn.it//store/relval/CMSSW_14_1_0_pre7/RelValZMM_14/GEN-SIM-RECO/141X_mcRun4_realistic_v1_STD_2026D110_PU-v1/2580000/d1192c7e-b02f-4d47-8067-cc3f21dbb5c1.root
23-Oct-2024 18:29:55 CEST  Successfully opened file root://xrootd-cms.infn.it//store/relval/CMSSW_14_1_0_pre7/RelValZMM_14/GEN-SIM-RECO/141X_mcRun4_realistic_v1_STD_2026D110_PU-v1/2580000/d1192c7e-b02f-4d47-8067-cc3f21dbb5c1.root
%MSG-w XrdAdaptorLvl3:  source 23-Oct-2024 18:30:13 CEST PreSource
Deactivating st-096-gg50030i.cern.ch from active sources because its quality (811) is higher than 260 and 4 times larger than the other active server st-096-100gb-ip309-275aa.cern.ch (48) 
%MSG
Begin processing the 1st record. Run 1, Event 10003, LumiSection 101 on stream 0 at 23-Oct-2024 18:30:13.126 CEST
[2024-10-23 18:35:10.525115 +0200][Error  ][PostMaster        ][22510] [eoscms-ns-ip700.cern.ch:1098] Forcing error on disconnect: [ERROR] Operation interrupted.
23-Oct-2024 18:41:47 CEST  Closed file root://xrootd-cms.infn.it//store/relval/CMSSW_14_1_0_pre7/RelValZMM_14/GEN-SIM-RECO/141X_mcRun4_realistic_v1_STD_2026D110_PU-v1/2580000/d1192c7e-b02f-4d47-8067-cc3f21dbb5c1.root
23-Oct-2024 18:41:47 CEST  Initiating request to open file root://xrootd-cms.infn.it//store/relval/CMSSW_14_1_0_pre7/RelValZMM_14/GEN-SIM-RECO/141X_mcRun4_realistic_v1_STD_2026D110_PU-v1/2580000/efd94b48-d9e4-4404-9d64-22540e7d0c4d.root
23-Oct-2024 18:41:49 CEST  Successfully opened file root://xrootd-cms.infn.it//store/relval/CMSSW_14_1_0_pre7/RelValZMM_14/GEN-SIM-RECO/141X_mcRun4_realistic_v1_STD_2026D110_PU-v1/2580000/efd94b48-d9e4-4404-9d64-22540e7d0c4d.root
[2024-10-23 18:45:33.945331 +0200][Error  ][PostMaster        ][22510] [eoscms-ns-ip563.cern.ch:1098] Forcing error on disconnect: [ERROR] Operation interrupted.
[2024-10-23 18:47:02.765907 +0200][Error  ][PostMaster        ][22510] [st-096-gg50030i.cern.ch:1095] Forcing error on disconnect: [ERROR] Operation interrupted.
[2024-10-23 18:47:02.766408 +0200][Error  ][PostMaster        ][22510] [st-096-100gb-ip309-275aa.cern.ch:1095] Forcing error on disconnect: [ERROR] Operation interrupted.
[2024-10-23 18:47:11.957910 +0200][Error  ][PostMaster        ][22510] [eoscms-ns-ip700.cern.ch:1098] Forcing error on disconnect: [ERROR] Operation interrupted.
23-Oct-2024 18:52:38 CEST  Closed file root://xrootd-cms.infn.it//store/relval/CMSSW_14_1_0_pre7/RelValZMM_14/GEN-SIM-RECO/141X_mcRun4_realistic_v1_STD_2026D110_PU-v1/2580000/efd94b48-d9e4-4404-9d64-22540e7d0c4d.root
23-Oct-2024 18:52:38 CEST  Initiating request to open file root://xrootd-cms.infn.it//store/relval/CMSSW_14_1_0_pre7/RelValZMM_14/GEN-SIM-RECO/141X_mcRun4_realistic_v1_STD_2026D110_PU-v1/2580000/b50c6742-9a52-4edc-9b11-dda27e2b2a5e.root
23-Oct-2024 18:52:41 CEST  Successfully opened file root://xrootd-cms.infn.it//store/relval/CMSSW_14_1_0_pre7/RelValZMM_14/GEN-SIM-RECO/141X_mcRun4_realistic_v1_STD_2026D110_PU-v1/2580000/b50c6742-9a52-4edc-9b11-dda27e2b2a5e.root
[2024-10-23 18:57:39.276900 +0200][Error  ][PostMaster        ][22510] [st-096-hh151eaf.cern.ch:1095] Forcing error on disconnect: [ERROR] Operation interrupted.
[2024-10-23 18:57:39.277319 +0200][Error  ][PostMaster        ][22510] [st-096-100gb-ip308-69665.cern.ch:1095] Forcing error on disconnect: [ERROR] Operation interrupted.
[2024-10-23 18:57:55.327904 +0200][Error  ][PostMaster        ][22510] [eoscms-ns-ip563.cern.ch:1098] Forcing error on disconnect: [ERROR] Operation interrupted.
[2024-10-23 18:58:03.422894 +0200][Error  ][PostMaster        ][22510] [eoscms-ns-ip700.cern.ch:1098] Forcing error on disconnect: [ERROR] Operation interrupted.
23-Oct-2024 19:03:34 CEST  Closed file root://xrootd-cms.infn.it//store/relval/CMSSW_14_1_0_pre7/RelValZMM_14/GEN-SIM-RECO/141X_mcRun4_realistic_v1_STD_2026D110_PU-v1/2580000/b50c6742-9a52-4edc-9b11-dda27e2b2a5e.root
23-Oct-2024 19:03:34 CEST  Initiating request to open file root://xrootd-cms.infn.it//store/relval/CMSSW_14_1_0_pre7/RelValZMM_14/GEN-SIM-RECO/141X_mcRun4_realistic_v1_STD_2026D110_PU-v1/2580000/74b7ef22-0b2c-436e-9084-e6146c0c6575.root
23-Oct-2024 19:03:36 CEST  Successfully opened file root://xrootd-cms.infn.it//store/relval/CMSSW_14_1_0_pre7/RelValZMM_14/GEN-SIM-RECO/141X_mcRun4_realistic_v1_STD_2026D110_PU-v1/2580000/74b7ef22-0b2c-436e-9084-e6146c0c6575.root
[2024-10-23 19:08:36.174953 +0200][Error  ][PostMaster        ][22510] [eoscms-ns-ip563.cern.ch:1098] Forcing error on disconnect: [ERROR] Operation interrupted.
[2024-10-23 19:08:49.638915 +0200][Error  ][PostMaster        ][22510] [st-096-ii201a6a.cern.ch:1095] Forcing error on disconnect: [ERROR] Operation interrupted.
[2024-10-23 19:08:49.666892 +0200][Error  ][PostMaster        ][22510] [st-096-gg5614ly.cern.ch:1095] Forcing error on disconnect: [ERROR] Operation interrupted.
[2024-10-23 19:08:58.676065 +0200][Error  ][PostMaster        ][22510] [eoscms-ns-ip700.cern.ch:1098] Forcing error on disconnect: [ERROR] Operation interrupted.
23-Oct-2024 19:13:27 CEST  Closed file root://xrootd-cms.infn.it//store/relval/CMSSW_14_1_0_pre7/RelValZMM_14/GEN-SIM-RECO/141X_mcRun4_realistic_v1_STD_2026D110_PU-v1/2580000/74b7ef22-0b2c-436e-9084-e6146c0c6575.root
23-Oct-2024 19:13:27 CEST  Initiating request to open file root://xrootd-cms.infn.it//store/relval/CMSSW_14_1_0_pre7/RelValZMM_14/GEN-SIM-RECO/141X_mcRun4_realistic_v1_STD_2026D110_PU-v1/2580000/458777d5-8558-4ee4-b4f8-9c9a36a9e57d.root
23-Oct-2024 19:13:29 CEST  Successfully opened file root://xrootd-cms.infn.it//store/relval/CMSSW_14_1_0_pre7/RelValZMM_14/GEN-SIM-RECO/141X_mcRun4_realistic_v1_STD_2026D110_PU-v1/2580000/458777d5-8558-4ee4-b4f8-9c9a36a9e57d.root
[2024-10-23 19:18:42.435932 +0200][Error  ][PostMaster        ][22510] [st-096-dd90788c.cern.ch:1095] Forcing error on disconnect: [ERROR] Operation interrupted.
[2024-10-23 19:18:42.436329 +0200][Error  ][PostMaster        ][22510] [st-048-51ea7105.cern.ch:1095] Forcing error on disconnect: [ERROR] Operation interrupted.
[2024-10-23 19:18:51.603901 +0200][Error  ][PostMaster        ][22510] [eoscms-ns-ip700.cern.ch:1098] Forcing error on disconnect: [ERROR] Operation interrupted.
23-Oct-2024 19:22:20 CEST  Closed file root://xrootd-cms.infn.it//store/relval/CMSSW_14_1_0_pre7/RelValZMM_14/GEN-SIM-RECO/141X_mcRun4_realistic_v1_STD_2026D110_PU-v1/2580000/458777d5-8558-4ee4-b4f8-9c9a36a9e57d.root
23-Oct-2024 19:22:20 CEST  Initiating request to open file root://xrootd-cms.infn.it//store/relval/CMSSW_14_1_0_pre7/RelValZMM_14/GEN-SIM-RECO/141X_mcRun4_realistic_v1_STD_2026D110_PU-v1/2580000/810fba4c-79bb-415c-b3da-4c9015b48ac5.root
23-Oct-2024 19:22:22 CEST  Successfully opened file root://xrootd-cms.infn.it//store/relval/CMSSW_14_1_0_pre7/RelValZMM_14/GEN-SIM-RECO/141X_mcRun4_realistic_v1_STD_2026D110_PU-v1/2580000/810fba4c-79bb-415c-b3da-4c9015b48ac5.root
[2024-10-23 19:27:35.325987 +0200][Error  ][PostMaster        ][22510] [st-096-dd9065cd.cern.ch:1095] Forcing error on disconnect: [ERROR] Operation interrupted.
[2024-10-23 19:27:35.326422 +0200][Error  ][PostMaster        ][22510] [st-096-dd904414.cern.ch:1095] Forcing error on disconnect: [ERROR] Operation interrupted.
[2024-10-23 19:27:41.617950 +0200][Error  ][PostMaster        ][22510] [eoscms-ns-ip563.cern.ch:1098] Forcing error on disconnect: [ERROR] Operation interrupted.
23-Oct-2024 19:31:45 CEST  Closed file root://xrootd-cms.infn.it//store/relval/CMSSW_14_1_0_pre7/RelValZMM_14/GEN-SIM-RECO/141X_mcRun4_realistic_v1_STD_2026D110_PU-v1/2580000/810fba4c-79bb-415c-b3da-4c9015b48ac5.root
23-Oct-2024 19:31:45 CEST  Initiating request to open file root://xrootd-cms.infn.it//store/relval/CMSSW_14_1_0_pre7/RelValZMM_14/GEN-SIM-RECO/141X_mcRun4_realistic_v1_STD_2026D110_PU-v1/2580000/c6cf8d7e-73d5-45a8-bd41-e100c14d6095.root
23-Oct-2024 19:31:47 CEST  Successfully opened file root://xrootd-cms.infn.it//store/relval/CMSSW_14_1_0_pre7/RelValZMM_14/GEN-SIM-RECO/141X_mcRun4_realistic_v1_STD_2026D110_PU-v1/2580000/c6cf8d7e-73d5-45a8-bd41-e100c14d6095.root
[2024-10-23 19:37:00.383903 +0200][Error  ][PostMaster        ][22510] [st-096-ii201684.cern.ch:1095] Forcing error on disconnect: [ERROR] Operation interrupted.
[2024-10-23 19:37:00.477890 +0200][Error  ][PostMaster        ][22510] [st-096-100gb-ip309-275aa.cern.ch:1095] Forcing error on disconnect: [ERROR] Operation interrupted.
[2024-10-23 19:37:09.382964 +0200][Error  ][PostMaster        ][22510] [eoscms-ns-ip563.cern.ch:1098] Forcing error on disconnect: [ERROR] Operation interrupted.
23-Oct-2024 19:41:01 CEST  Closed file root://xrootd-cms.infn.it//store/relval/CMSSW_14_1_0_pre7/RelValZMM_14/GEN-SIM-RECO/141X_mcRun4_realistic_v1_STD_2026D110_PU-v1/2580000/c6cf8d7e-73d5-45a8-bd41-e100c14d6095.root
23-Oct-2024 19:41:01 CEST  Initiating request to open file root://xrootd-cms.infn.it//store/relval/CMSSW_14_1_0_pre7/RelValZMM_14/GEN-SIM-RECO/141X_mcRun4_realistic_v1_STD_2026D110_PU-v1/2580000/cff5941d-f215-4417-bb36-52b2d1f45198.root
23-Oct-2024 19:41:03 CEST  Successfully opened file root://xrootd-cms.infn.it//store/relval/CMSSW_14_1_0_pre7/RelValZMM_14/GEN-SIM-RECO/141X_mcRun4_realistic_v1_STD_2026D110_PU-v1/2580000/cff5941d-f215-4417-bb36-52b2d1f45198.root
[2024-10-23 19:46:16.770935 +0200][Error  ][PostMaster        ][22510] [st-096-ii201b02.cern.ch:1095] Forcing error on disconnect: [ERROR] Operation interrupted.
[2024-10-23 19:46:16.771461 +0200][Error  ][PostMaster        ][22510] [st-096-100gb-ip307-f6363.cern.ch:1095] Forcing error on disconnect: [ERROR] Operation interrupted.
[2024-10-23 19:46:26.374958 +0200][Error  ][PostMaster        ][22510] [eoscms-ns-ip700.cern.ch:1098] Forcing error on disconnect: [ERROR] Operation interrupted.
23-Oct-2024 19:50:04 CEST  Closed file root://xrootd-cms.infn.it//store/relval/CMSSW_14_1_0_pre7/RelValZMM_14/GEN-SIM-RECO/141X_mcRun4_realistic_v1_STD_2026D110_PU-v1/2580000/cff5941d-f215-4417-bb36-52b2d1f45198.root
23-Oct-2024 19:50:04 CEST  Initiating request to open file root://xrootd-cms.infn.it//store/relval/CMSSW_14_1_0_pre7/RelValZMM_14/GEN-SIM-RECO/141X_mcRun4_realistic_v1_STD_2026D110_PU-v1/2580000/b35d4636-1e00-4d89-b1c3-fcc91d66b129.root
23-Oct-2024 19:50:07 CEST  Successfully opened file root://xrootd-cms.infn.it//store/relval/CMSSW_14_1_0_pre7/RelValZMM_14/GEN-SIM-RECO/141X_mcRun4_realistic_v1_STD_2026D110_PU-v1/2580000/b35d4636-1e00-4d89-b1c3-fcc91d66b129.root
[2024-10-23 19:55:05.286918 +0200][Error  ][PostMaster        ][22510] [st-096-100gb-ip310-722bd.cern.ch:1095] Forcing error on disconnect: [ERROR] Operation interrupted.
[2024-10-23 19:55:05.287426 +0200][Error  ][PostMaster        ][22510] [p06636710y09463.cern.ch:1095] Forcing error on disconnect: [ERROR] Operation interrupted.
[2024-10-23 19:55:14.076990 +0200][Error  ][PostMaster        ][22510] [eoscms-ns-ip700.cern.ch:1098] Forcing error on disconnect: [ERROR] Operation interrupted.
23-Oct-2024 19:59:49 CEST  Closed file root://xrootd-cms.infn.it//store/relval/CMSSW_14_1_0_pre7/RelValZMM_14/GEN-SIM-RECO/141X_mcRun4_realistic_v1_STD_2026D110_PU-v1/2580000/b35d4636-1e00-4d89-b1c3-fcc91d66b129.root
23-Oct-2024 19:59:49 CEST  Initiating request to open file root://xrootd-cms.infn.it//store/relval/CMSSW_14_1_0_pre7/RelValZMM_14/GEN-SIM-RECO/141X_mcRun4_realistic_v1_STD_2026D110_PU-v1/2580000/b4ab534c-3464-40a8-a5d2-60d8a1f063cd.root
23-Oct-2024 19:59:52 CEST  Successfully opened file root://xrootd-cms.infn.it//store/relval/CMSSW_14_1_0_pre7/RelValZMM_14/GEN-SIM-RECO/141X_mcRun4_realistic_v1_STD_2026D110_PU-v1/2580000/b4ab534c-3464-40a8-a5d2-60d8a1f063cd.root
%MSG-w XrdAdaptorLvl3:  PreProcPath MPV 23-Oct-2024 20:00:01 CEST  Run: 1 Event: 12704
Deactivating st-096-gg50030i.cern.ch from active sources because its quality (811) is higher than 260 and 4 times larger than the other active server st-096-ee8565c4.cern.ch (141) 
%MSG
[2024-10-23 20:04:50.219939 +0200][Error  ][PostMaster        ][22510] [st-096-100gb-ip303-972ee.cern.ch:1095] Forcing error on disconnect: [ERROR] Operation interrupted.
[2024-10-23 20:05:04.249967 +0200][Error  ][PostMaster        ][22510] [st-096-ff8094f7.cern.ch:1095] Forcing error on disconnect: [ERROR] Operation interrupted.
23-Oct-2024 20:09:38 CEST  Closed file root://xrootd-cms.infn.it//store/relval/CMSSW_14_1_0_pre7/RelValZMM_14/GEN-SIM-RECO/141X_mcRun4_realistic_v1_STD_2026D110_PU-v1/2580000/b4ab534c-3464-40a8-a5d2-60d8a1f063cd.root
23-Oct-2024 20:09:38 CEST  Initiating request to open file root://xrootd-cms.infn.it//store/relval/CMSSW_14_1_0_pre7/RelValZMM_14/GEN-SIM-RECO/141X_mcRun4_realistic_v1_STD_2026D110_PU-v1/2580000/449d963f-e810-4f85-90fe-79f2c187bc52.root
23-Oct-2024 20:09:40 CEST  Successfully opened file root://xrootd-cms.infn.it//store/relval/CMSSW_14_1_0_pre7/RelValZMM_14/GEN-SIM-RECO/141X_mcRun4_realistic_v1_STD_2026D110_PU-v1/2580000/449d963f-e810-4f85-90fe-79f2c187bc52.root
[2024-10-23 20:14:53.449905 +0200][Error  ][PostMaster        ][22510] [st-096-gg50030i.cern.ch:1095] Forcing error on disconnect: [ERROR] Operation interrupted.
[2024-10-23 20:14:53.450326 +0200][Error  ][PostMaster        ][22510] [st-096-ee8565c4.cern.ch:1095] Forcing error on disconnect: [ERROR] Operation interrupted.
[2024-10-23 20:14:54.414928 +0200][Error  ][PostMaster        ][22510] [eoscms-ns-ip700.cern.ch:1098] Forcing error on disconnect: [ERROR] Operation interrupted.
[2024-10-23 20:15:01.410947 +0200][Error  ][PostMaster        ][22510] [eoscms-ns-ip563.cern.ch:1098] Forcing error on disconnect: [ERROR] Operation interrupted.
23-Oct-2024 20:18:35 CEST  Closed file root://xrootd-cms.infn.it//store/relval/CMSSW_14_1_0_pre7/RelValZMM_14/GEN-SIM-RECO/141X_mcRun4_realistic_v1_STD_2026D110_PU-v1/2580000/449d963f-e810-4f85-90fe-79f2c187bc52.root
23-Oct-2024 20:18:35 CEST  Initiating request to open file root://xrootd-cms.infn.it//store/relval/CMSSW_14_1_0_pre7/RelValZMM_14/GEN-SIM-RECO/141X_mcRun4_realistic_v1_STD_2026D110_PU-v1/2580000/fa809bac-7959-4af3-81b0-0688f65468db.root
23-Oct-2024 20:18:37 CEST  Successfully opened file root://xrootd-cms.infn.it//store/relval/CMSSW_14_1_0_pre7/RelValZMM_14/GEN-SIM-RECO/141X_mcRun4_realistic_v1_STD_2026D110_PU-v1/2580000/fa809bac-7959-4af3-81b0-0688f65468db.root
slurmstepd: error: *** JOB 494865 ON t3wn33 CANCELLED AT 2024-10-23T20:22:48 ***
