HOME: /t3home/msaxer
USER: msaxer
SLURM_JOB_ID: 158539
HOSTNAME: t3wn35
CMSSW RELEASE BASE  /cvmfs/cms.cern.ch/slc7_amd64_gcc12/cms/cmssw/CMSSW_14_1_0_pre7
%MSG-i AlpakaService:  (NoModuleName) 06-Dec-2024 11:46:24 CET pre-events
AlpakaServiceSerialSync succesfully initialised.
Found 1 device:
  - Intel(R) Xeon(R) CPU E5-2670 0 @ 2.60GHz
%MSG
06-Dec-2024 11:47:00 CET  Initiating request to open file root://t3dcachedb.psi.ch:1094///pnfs/psi.ch/cms/trivcat/store/user/werdmann/store/relval/CMSSW_14_1_0_pre7/RelValTTbar_14TeV/GEN-SIM-RECO/141X_mcRun4_realistic_v1_STD_2026D110_PU-v1/2580000/d7a7c619-06d6-451a-a1fc-9ca3e17e4e27.root
06-Dec-2024 11:47:36 CET  Successfully opened file root://t3dcachedb.psi.ch:1094///pnfs/psi.ch/cms/trivcat/store/user/werdmann/store/relval/CMSSW_14_1_0_pre7/RelValTTbar_14TeV/GEN-SIM-RECO/141X_mcRun4_realistic_v1_STD_2026D110_PU-v1/2580000/d7a7c619-06d6-451a-a1fc-9ca3e17e4e27.root
Begin processing the 1st record. Run 1, Event 8801, LumiSection 89 on stream 0 at 06-Dec-2024 11:47:59.450 CET
06-Dec-2024 11:58:46 CET  Closed file root://t3dcachedb.psi.ch:1094///pnfs/psi.ch/cms/trivcat/store/user/werdmann/store/relval/CMSSW_14_1_0_pre7/RelValTTbar_14TeV/GEN-SIM-RECO/141X_mcRun4_realistic_v1_STD_2026D110_PU-v1/2580000/d7a7c619-06d6-451a-a1fc-9ca3e17e4e27.root
06-Dec-2024 11:58:46 CET  Initiating request to open file root://xrootd-cms.infn.it//store/relval/CMSSW_14_1_0_pre7/RelValTTbar_14TeV/GEN-SIM-RECO/141X_mcRun4_realistic_v1_STD_2026D110_PU-v1/2580000/2424944d-f8a4-4e69-9ac5-1af16d48adbe.root
06-Dec-2024 11:58:49 CET  Successfully opened file root://xrootd-cms.infn.it//store/relval/CMSSW_14_1_0_pre7/RelValTTbar_14TeV/GEN-SIM-RECO/141X_mcRun4_realistic_v1_STD_2026D110_PU-v1/2580000/2424944d-f8a4-4e69-9ac5-1af16d48adbe.root
[2024-12-06 12:03:47.267326 +0100][Error  ][PostMaster        ][36538] [t3fs01.psi.ch:21677] Forcing error on disconnect: [ERROR] Operation interrupted.
[2024-12-06 12:04:09.001293 +0100][Error  ][PostMaster        ][36538] [eoscms-ns-ip700.cern.ch:1098] Forcing error on disconnect: [ERROR] Operation interrupted.
06-Dec-2024 12:13:03 CET  Closed file root://xrootd-cms.infn.it//store/relval/CMSSW_14_1_0_pre7/RelValTTbar_14TeV/GEN-SIM-RECO/141X_mcRun4_realistic_v1_STD_2026D110_PU-v1/2580000/2424944d-f8a4-4e69-9ac5-1af16d48adbe.root
06-Dec-2024 12:13:03 CET  Initiating request to open file root://xrootd-cms.infn.it//store/relval/CMSSW_14_1_0_pre7/RelValTTbar_14TeV/GEN-SIM-RECO/141X_mcRun4_realistic_v1_STD_2026D110_PU-v1/2580000/24e73678-1fb5-47f2-995e-b935934e7a15.root
06-Dec-2024 12:13:05 CET  Successfully opened file root://xrootd-cms.infn.it//store/relval/CMSSW_14_1_0_pre7/RelValTTbar_14TeV/GEN-SIM-RECO/141X_mcRun4_realistic_v1_STD_2026D110_PU-v1/2580000/24e73678-1fb5-47f2-995e-b935934e7a15.root
[2024-12-06 12:18:04.030283 +0100][Error  ][PostMaster        ][36538] [p06636710j43661.cern.ch:1095] Forcing error on disconnect: [ERROR] Operation interrupted.
[2024-12-06 12:18:04.030920 +0100][Error  ][PostMaster        ][36538] [p06636710s48830.cern.ch:1095] Forcing error on disconnect: [ERROR] Operation interrupted.
[2024-12-06 12:18:11.017414 +0100][Error  ][PostMaster        ][36538] [eoscms-ns-ip700.cern.ch:1098] Forcing error on disconnect: [ERROR] Operation interrupted.
[2024-12-06 12:18:40.997201 +0100][Error  ][PostMaster        ][36538] [t3dcachedb.psi.ch:1094] Forcing error on disconnect: [ERROR] Operation interrupted.
06-Dec-2024 12:27:32 CET  Closed file root://xrootd-cms.infn.it//store/relval/CMSSW_14_1_0_pre7/RelValTTbar_14TeV/GEN-SIM-RECO/141X_mcRun4_realistic_v1_STD_2026D110_PU-v1/2580000/24e73678-1fb5-47f2-995e-b935934e7a15.root
06-Dec-2024 12:27:32 CET  Initiating request to open file root://xrootd-cms.infn.it//store/relval/CMSSW_14_1_0_pre7/RelValTTbar_14TeV/GEN-SIM-RECO/141X_mcRun4_realistic_v1_STD_2026D110_PU-v1/2580000/862c7208-d9b6-4a31-b38c-d54a2f0625b0.root
06-Dec-2024 12:27:34 CET  Successfully opened file root://xrootd-cms.infn.it//store/relval/CMSSW_14_1_0_pre7/RelValTTbar_14TeV/GEN-SIM-RECO/141X_mcRun4_realistic_v1_STD_2026D110_PU-v1/2580000/862c7208-d9b6-4a31-b38c-d54a2f0625b0.root
[2024-12-06 12:32:47.831273 +0100][Error  ][PostMaster        ][36538] [st-096-100gb-ip313-4d084.cern.ch:1095] Forcing error on disconnect: [ERROR] Operation interrupted.
[2024-12-06 12:32:47.831928 +0100][Error  ][PostMaster        ][36538] [st-096-dd905bc9.cern.ch:1095] Forcing error on disconnect: [ERROR] Operation interrupted.
[2024-12-06 12:32:55.641202 +0100][Error  ][PostMaster        ][36538] [eoscms-ns-ip700.cern.ch:1098] Forcing error on disconnect: [ERROR] Operation interrupted.
06-Dec-2024 12:41:41 CET  Closed file root://xrootd-cms.infn.it//store/relval/CMSSW_14_1_0_pre7/RelValTTbar_14TeV/GEN-SIM-RECO/141X_mcRun4_realistic_v1_STD_2026D110_PU-v1/2580000/862c7208-d9b6-4a31-b38c-d54a2f0625b0.root
06-Dec-2024 12:41:42 CET  Initiating request to open file root://xrootd-cms.infn.it//store/relval/CMSSW_14_1_0_pre7/RelValTTbar_14TeV/GEN-SIM-RECO/141X_mcRun4_realistic_v1_STD_2026D110_PU-v1/2580000/e0d06464-f0aa-4bfe-8fe0-49e1533b4dfc.root
06-Dec-2024 12:41:44 CET  Successfully opened file root://xrootd-cms.infn.it//store/relval/CMSSW_14_1_0_pre7/RelValTTbar_14TeV/GEN-SIM-RECO/141X_mcRun4_realistic_v1_STD_2026D110_PU-v1/2580000/e0d06464-f0aa-4bfe-8fe0-49e1533b4dfc.root
[2024-12-06 12:46:57.313265 +0100][Error  ][PostMaster        ][36538] [p06636710v96864.cern.ch:1095] Forcing error on disconnect: [ERROR] Operation interrupted.
[2024-12-06 12:46:57.644242 +0100][Error  ][PostMaster        ][36538] [p06636710u87101.cern.ch:1095] Forcing error on disconnect: [ERROR] Operation interrupted.
[2024-12-06 12:47:04.651189 +0100][Error  ][PostMaster        ][36538] [eoscms-ns-ip700.cern.ch:1098] Forcing error on disconnect: [ERROR] Operation interrupted.
06-Dec-2024 12:55:38 CET  Closed file root://xrootd-cms.infn.it//store/relval/CMSSW_14_1_0_pre7/RelValTTbar_14TeV/GEN-SIM-RECO/141X_mcRun4_realistic_v1_STD_2026D110_PU-v1/2580000/e0d06464-f0aa-4bfe-8fe0-49e1533b4dfc.root
06-Dec-2024 12:55:38 CET  Initiating request to open file root://xrootd-cms.infn.it//store/relval/CMSSW_14_1_0_pre7/RelValTTbar_14TeV/GEN-SIM-RECO/141X_mcRun4_realistic_v1_STD_2026D110_PU-v1/2580000/822a294d-79ed-46f1-b8e5-7fe51b316557.root
06-Dec-2024 12:55:40 CET  Successfully opened file root://xrootd-cms.infn.it//store/relval/CMSSW_14_1_0_pre7/RelValTTbar_14TeV/GEN-SIM-RECO/141X_mcRun4_realistic_v1_STD_2026D110_PU-v1/2580000/822a294d-79ed-46f1-b8e5-7fe51b316557.root
[2024-12-06 13:00:53.671252 +0100][Error  ][PostMaster        ][36538] [st-096-ii2019bd.cern.ch:1095] Forcing error on disconnect: [ERROR] Operation interrupted.
[2024-12-06 13:00:53.904157 +0100][Error  ][PostMaster        ][36538] [st-096-gg500gy4.cern.ch:1095] Forcing error on disconnect: [ERROR] Operation interrupted.
[2024-12-06 13:01:00.899233 +0100][Error  ][PostMaster        ][36538] [eoscms-ns-ip700.cern.ch:1098] Forcing error on disconnect: [ERROR] Operation interrupted.
06-Dec-2024 13:10:00 CET  Closed file root://xrootd-cms.infn.it//store/relval/CMSSW_14_1_0_pre7/RelValTTbar_14TeV/GEN-SIM-RECO/141X_mcRun4_realistic_v1_STD_2026D110_PU-v1/2580000/822a294d-79ed-46f1-b8e5-7fe51b316557.root
06-Dec-2024 13:10:00 CET  Initiating request to open file root://xrootd-cms.infn.it//store/relval/CMSSW_14_1_0_pre7/RelValTTbar_14TeV/GEN-SIM-RECO/141X_mcRun4_realistic_v1_STD_2026D110_PU-v1/2580000/ffed9e1e-d406-43ef-b23b-17b63018d497.root
06-Dec-2024 13:10:02 CET  Successfully opened file root://xrootd-cms.infn.it//store/relval/CMSSW_14_1_0_pre7/RelValTTbar_14TeV/GEN-SIM-RECO/141X_mcRun4_realistic_v1_STD_2026D110_PU-v1/2580000/ffed9e1e-d406-43ef-b23b-17b63018d497.root
[2024-12-06 13:15:07.130249 +0100][Error  ][PostMaster        ][36538] [eoscms-ns-ip700.cern.ch:1098] Forcing error on disconnect: [ERROR] Operation interrupted.
[2024-12-06 13:15:15.897249 +0100][Error  ][PostMaster        ][36538] [st-096-ff809e4a.cern.ch:1095] Forcing error on disconnect: [ERROR] Operation interrupted.
[2024-12-06 13:15:15.898142 +0100][Error  ][PostMaster        ][36538] [st-096-ii201c4e.cern.ch:1095] Forcing error on disconnect: [ERROR] Operation interrupted.
06-Dec-2024 13:23:54 CET  Closed file root://xrootd-cms.infn.it//store/relval/CMSSW_14_1_0_pre7/RelValTTbar_14TeV/GEN-SIM-RECO/141X_mcRun4_realistic_v1_STD_2026D110_PU-v1/2580000/ffed9e1e-d406-43ef-b23b-17b63018d497.root
06-Dec-2024 13:23:54 CET  Initiating request to open file root://xrootd-cms.infn.it//store/relval/CMSSW_14_1_0_pre7/RelValTTbar_14TeV/GEN-SIM-RECO/141X_mcRun4_realistic_v1_STD_2026D110_PU-v1/2580000/06f06ac3-cc77-484d-9196-66e6784b7983.root
06-Dec-2024 13:23:57 CET  Successfully opened file root://xrootd-cms.infn.it//store/relval/CMSSW_14_1_0_pre7/RelValTTbar_14TeV/GEN-SIM-RECO/141X_mcRun4_realistic_v1_STD_2026D110_PU-v1/2580000/06f06ac3-cc77-484d-9196-66e6784b7983.root
[2024-12-06 13:29:09.801186 +0100][Error  ][PostMaster        ][36538] [st-096-gg5005ps.cern.ch:1095] Forcing error on disconnect: [ERROR] Operation interrupted.
[2024-12-06 13:29:09.855149 +0100][Error  ][PostMaster        ][36538] [st-048-019593bf.cern.ch:1095] Forcing error on disconnect: [ERROR] Operation interrupted.
[2024-12-06 13:29:17.801201 +0100][Error  ][PostMaster        ][36538] [eoscms-ns-ip700.cern.ch:1098] Forcing error on disconnect: [ERROR] Operation interrupted.
06-Dec-2024 13:37:48 CET  Closed file root://xrootd-cms.infn.it//store/relval/CMSSW_14_1_0_pre7/RelValTTbar_14TeV/GEN-SIM-RECO/141X_mcRun4_realistic_v1_STD_2026D110_PU-v1/2580000/06f06ac3-cc77-484d-9196-66e6784b7983.root
06-Dec-2024 13:37:48 CET  Initiating request to open file root://xrootd-cms.infn.it//store/relval/CMSSW_14_1_0_pre7/RelValTTbar_14TeV/GEN-SIM-RECO/141X_mcRun4_realistic_v1_STD_2026D110_PU-v1/2580000/c4141a74-679f-4de3-9bb4-2f52309ba3e2.root
06-Dec-2024 13:37:50 CET  Successfully opened file root://xrootd-cms.infn.it//store/relval/CMSSW_14_1_0_pre7/RelValTTbar_14TeV/GEN-SIM-RECO/141X_mcRun4_realistic_v1_STD_2026D110_PU-v1/2580000/c4141a74-679f-4de3-9bb4-2f52309ba3e2.root
[2024-12-06 13:42:49.031237 +0100][Error  ][PostMaster        ][36538] [st-096-dd905f33.cern.ch:1095] Forcing error on disconnect: [ERROR] Operation interrupted.
[2024-12-06 13:42:55.026207 +0100][Error  ][PostMaster        ][36538] [eoscms-ns-ip700.cern.ch:1098] Forcing error on disconnect: [ERROR] Operation interrupted.
[2024-12-06 13:43:03.611205 +0100][Error  ][PostMaster        ][36538] [st-096-dd904d00.cern.ch:1095] Forcing error on disconnect: [ERROR] Operation interrupted.
06-Dec-2024 13:51:26 CET  Closed file root://xrootd-cms.infn.it//store/relval/CMSSW_14_1_0_pre7/RelValTTbar_14TeV/GEN-SIM-RECO/141X_mcRun4_realistic_v1_STD_2026D110_PU-v1/2580000/c4141a74-679f-4de3-9bb4-2f52309ba3e2.root
06-Dec-2024 13:51:26 CET  Initiating request to open file root://xrootd-cms.infn.it//store/relval/CMSSW_14_1_0_pre7/RelValTTbar_14TeV/GEN-SIM-RECO/141X_mcRun4_realistic_v1_STD_2026D110_PU-v1/2580000/d033a93e-5073-4430-906e-26ad3edf7bf0.root
06-Dec-2024 13:51:28 CET  Successfully opened file root://xrootd-cms.infn.it//store/relval/CMSSW_14_1_0_pre7/RelValTTbar_14TeV/GEN-SIM-RECO/141X_mcRun4_realistic_v1_STD_2026D110_PU-v1/2580000/d033a93e-5073-4430-906e-26ad3edf7bf0.root
[2024-12-06 13:56:33.059374 +0100][Error  ][PostMaster        ][36538] [eoscms-ns-ip700.cern.ch:1098] Forcing error on disconnect: [ERROR] Operation interrupted.
[2024-12-06 13:56:41.656285 +0100][Error  ][PostMaster        ][36538] [p06636710k97183.cern.ch:1095] Forcing error on disconnect: [ERROR] Operation interrupted.
[2024-12-06 13:56:41.657107 +0100][Error  ][PostMaster        ][36538] [st-096-ii201bfc.cern.ch:1095] Forcing error on disconnect: [ERROR] Operation interrupted.
06-Dec-2024 14:04:47 CET  Closed file root://xrootd-cms.infn.it//store/relval/CMSSW_14_1_0_pre7/RelValTTbar_14TeV/GEN-SIM-RECO/141X_mcRun4_realistic_v1_STD_2026D110_PU-v1/2580000/d033a93e-5073-4430-906e-26ad3edf7bf0.root
TestAnalyzer::endJob: done
TimeReport> Time report complete in 8382.23 seconds
 Time Summary: 
 - Min event:   4.65554
 - Max event:   24.9905
 - Avg event:   6.9748
 - Total loop:  8210.68
 - Total init:  171.018
 - Total job:   8382.23
 - Total EventSetup: 19.3301
 - Total non-module: 150.459
 Event Throughput: 0.121793 ev/s
 CPU Summary: 
 - Total loop:     5893.19
 - Total init:     79.3462
 - Total extra:    0
 - Total children: 0.164983
 - Total job:      5972.98
 Processing Summary: 
 - Number of Events:  1000
 - Number of Global Begin Lumi Calls:  10
 - Number of Global Begin Run Calls: 1


TrigReport ---------- Event  Summary ------------
TrigReport Events total = 1000 passed = 1000 failed = 0

TrigReport ---------- Path   Summary ------------
TrigReport  Trig Bit#   Executed     Passed     Failed      Error Name
TrigReport     1    0       1000       1000          0          0 MPV
TrigReport     1    1       1000       1000          0          0 analyze


TrigReport -------End-Path   Summary ------------
TrigReport  Trig Bit#   Executed     Passed     Failed      Error Name


TrigReport ---------- Modules in Path: MPV ------------
TrigReport  Trig Bit#    Visited     Passed     Failed      Error Name
TrigReport     1    0       1000       1000          0          0 testVertices


TrigReport ---------- Modules in Path: analyze ------------
TrigReport  Trig Bit#    Visited     Passed     Failed      Error Name
TrigReport     1    0       1000       1000          0          0 tpClusterProducer
TrigReport     1    1       1000       1000          0          0 quickTrackAssociatorByHits
TrigReport     1    2       1000       1000          0          0 trackingParticleRecoTrackAsssociation
TrigReport     1    3       1000       1000          0          0 oldVertexAnalysis


TrigReport ---------- Module Summary ------------
TrigReport    Visited   Executed     Passed     Failed      Error Name
TrigReport       1000       1000       1000          0          0 MPV
TrigReport       1000       1000       1000          0          0 TriggerResults
TrigReport       1000       1000       1000          0          0 analyze
TrigReport       1000       1000       1000          0          0 oldVertexAnalysis
TrigReport       1000       1000       1000          0          0 quickTrackAssociatorByHits
TrigReport       1000       1000       1000          0          0 testVertices
TrigReport       1000       1000       1000          0          0 tpClusterProducer
TrigReport       1000       1000       1000          0          0 trackingParticleRecoTrackAsssociation


TimeReport ---------- Event  Summary ---[sec]----
TimeReport       event loop CPU/event = 5.893195
TimeReport      event loop Real/event = 8.210688
TimeReport     sum Streams Real/event = 8.060136
TimeReport efficiency CPU/Real/thread = 0.717747

TimeReport ---------- Path   Summary ---[Real sec]----
TimeReport  per event     per exec  Name
TimeReport   6.974338     6.974338  MPV
TimeReport   6.974732     6.974732  analyze

TimeReport  per event     per exec  Name

TimeReport -------End-Path   Summary ---[Real sec]----
TimeReport  per event     per exec  Name

TimeReport  per event     per exec  Name

TimeReport ---------- Modules in Path: MPV ---[Real sec]----
TimeReport  per event    per visit  Name
TimeReport   1.186818     1.186818  testVertices


TimeReport ---------- Modules in Path: analyze ---[Real sec]----
TimeReport  per event    per visit  Name
TimeReport   1.676030     1.676030  tpClusterProducer
TimeReport   0.000034     0.000034  quickTrackAssociatorByHits
TimeReport   0.380528     0.380528  trackingParticleRecoTrackAsssociation
TimeReport   0.344551     0.344551  oldVertexAnalysis

TimeReport  per event    per visit  Name

TimeReport ---------- Module Summary ---[Real sec]----
TimeReport  per event     per exec    per visit  Name
TimeReport   0.000004     0.000004     0.000004  MPV
TimeReport   0.000009     0.000009     0.000009  TriggerResults
TimeReport   0.000027     0.000027     0.000027  analyze
TimeReport   0.344551     0.344551     0.344551  oldVertexAnalysis
TimeReport   0.000034     0.000034     0.000034  quickTrackAssociatorByHits
TimeReport   1.186818     1.186818     1.186818  testVertices
TimeReport   1.676030     1.676030     1.676030  tpClusterProducer
TimeReport   0.380528     0.380528     0.380528  trackingParticleRecoTrackAsssociation

TimeReport  per event     per exec    per visit  Name

T---Report end!


