HOME: /t3home/frejalom
USER: frejalom
SLURM_JOB_ID: 807823
HOSTNAME: t3wn72
CMSSW RELEASE BASE  /cvmfs/cms.cern.ch/slc7_amd64_gcc12/cms/cmssw/CMSSW_14_2_0_pre4
%MSG-i AlpakaService:  (NoModuleName) 12-Mar-2025 15:31:48 CET pre-events
AlpakaServiceSerialSync succesfully initialised.
Found 1 device:
  - AMD EPYC 7702P 64-Core Processor
%MSG
12-Mar-2025 15:32:47 CET  Initiating request to open file root://xrootd-cms.infn.it//store/relval/CMSSW_14_2_0_pre4/RelValTTbar_14TeV/GEN-SIM-RECO/PU_141X_mcRun4_realistic_v3_STD_2026D110_PU-v2/2590000/f6600449-5fa8-4e84-81cf-4f9df8425f9c.root
12-Mar-2025 15:33:11 CET  Successfully opened file root://xrootd-cms.infn.it//store/relval/CMSSW_14_2_0_pre4/RelValTTbar_14TeV/GEN-SIM-RECO/PU_141X_mcRun4_realistic_v3_STD_2026D110_PU-v2/2590000/f6600449-5fa8-4e84-81cf-4f9df8425f9c.root
Begin processing the 1st record. Run 1, Event 2501, LumiSection 26 on stream 0 at 12-Mar-2025 15:33:26.121 CET
[2025-03-12 15:38:03.958785 +0100][Error  ][PostMaster        ][130216] [cms03.lcg.cscs.ch:1094] Forcing error on disconnect: [ERROR] Operation interrupted.
[2025-03-12 15:52:50.308704 +0100][Error  ][PostMaster        ][130216] [storage01.lcg.cscs.ch:1095] Forcing error on disconnect: [ERROR] Operation interrupted.
[2025-03-12 16:18:54.257441 +0100][Error  ][XRootD            ][130216] [cms-xrd-global.cern.ch:1094] Unable to get the response to request kXR_open (file: /store/relval/CMSSW_14_2_0_pre4/RelValTTbar_14TeV/GEN-SIM-RECO/PU_141X_mcRun4_realistic_v3_STD_2026D110_PU-v2/2590000/f6600449-5fa8-4e84-81cf-4f9df8425f9c.root?tried=+1098cms-xrd-global01.cern.ch,+1213llrxrd-redir.in2p3.fr,+1213xrootd-cms-redir-int.cr.cnaf.infn.it,+1213xrootd-redic.pi.infn.it,cms03.lcg.cscs.ch,cms-xrd-transit.cern.ch&triedrc=resel,enoent, mode: 0460, flags: kXR_open_read kXR_async kXR_retstat )
[2025-03-12 16:36:00.200681 +0100][Error  ][PostMaster        ][130216] [xrootd-cms.infn.it:1094] Forcing error on disconnect: [ERROR] Operation interrupted.
[2025-03-12 16:36:00.229597 +0100][Error  ][PostMaster        ][130216] [xrootd-cms-redir-int.cr.cnaf.infn.it:1094] Forcing error on disconnect: [ERROR] Operation interrupted.
[2025-03-12 16:36:00.249585 +0100][Error  ][PostMaster        ][130216] [llrxrd-redir.in2p3.fr:1094] Forcing error on disconnect: [ERROR] Operation interrupted.
[2025-03-12 16:37:45.471613 +0100][Error  ][PostMaster        ][130216] [cms-xrd-transit.cern.ch:1094] Forcing error on disconnect: [ERROR] Operation interrupted.
[2025-03-12 16:38:55.456617 +0100][Error  ][PostMaster        ][130216] [cms-xrd-global.cern.ch:1094] Forcing error on disconnect: [ERROR] Operation interrupted.
[2025-03-12 16:43:00.361832 +0100][Error  ][XRootD            ][130216] [cms-xrd-global.cern.ch:1094] Unable to get the response to request kXR_open (file: /store/relval/CMSSW_14_2_0_pre4/RelValTTbar_14TeV/GEN-SIM-RECO/PU_141X_mcRun4_realistic_v3_STD_2026D110_PU-v2/2590000/f6600449-5fa8-4e84-81cf-4f9df8425f9c.root?tried=+1098cms-xrd-global01.cern.ch,+1213llrxrd-redir.in2p3.fr,+1213xrootd-cms-redir-int.cr.cnaf.infn.it,+1213xrootd-redic.pi.infn.it,cms03.lcg.cscs.ch,cms-xrd-transit.cern.ch&triedrc=resel,enoent, mode: 0460, flags: kXR_open_read kXR_async kXR_retstat )
[2025-03-12 17:00:06.103629 +0100][Error  ][PostMaster        ][130216] [xrootd-cms.infn.it:1094] Forcing error on disconnect: [ERROR] Operation interrupted.
[2025-03-12 17:00:06.214608 +0100][Error  ][PostMaster        ][130216] [xrootd-cms-redir-int.cr.cnaf.infn.it:1094] Forcing error on disconnect: [ERROR] Operation interrupted.
[2025-03-12 17:00:06.274601 +0100][Error  ][PostMaster        ][130216] [llrxrd-redir.in2p3.fr:1094] Forcing error on disconnect: [ERROR] Operation interrupted.
[2025-03-12 17:02:56.561623 +0100][Error  ][PostMaster        ][130216] [cms-xrd-transit.cern.ch:1094] Forcing error on disconnect: [ERROR] Operation interrupted.
[2025-03-12 17:05:37.460453 +0100][Error  ][XRootD            ][130216] [cms-xrd-global.cern.ch:1094] Unable to get the response to request kXR_open (file: /store/relval/CMSSW_14_2_0_pre4/RelValTTbar_14TeV/GEN-SIM-RECO/PU_141X_mcRun4_realistic_v3_STD_2026D110_PU-v2/2590000/f6600449-5fa8-4e84-81cf-4f9df8425f9c.root?tried=+1213llrxrd-redir.in2p3.fr,+1213xrootd-redic.pi.infn.it,+1213xrootd-cms-redir-int.cr.cnaf.infn.it,cms03.lcg.cscs.ch&triedrc=resel, mode: 0460, flags: kXR_open_read kXR_async kXR_retstat )
[2025-03-12 17:22:43.686627 +0100][Error  ][PostMaster        ][130216] [xrootd-cms.infn.it:1094] Forcing error on disconnect: [ERROR] Operation interrupted.
[2025-03-12 17:22:44.008670 +0100][Error  ][PostMaster        ][130216] [xrootd-redic.pi.infn.it:1094] Forcing error on disconnect: [ERROR] Operation interrupted.
[2025-03-12 17:22:44.067594 +0100][Error  ][PostMaster        ][130216] [llrxrd-redir.in2p3.fr:1094] Forcing error on disconnect: [ERROR] Operation interrupted.
[2025-03-12 17:25:38.659618 +0100][Error  ][PostMaster        ][130216] [cms-xrd-global.cern.ch:1094] Forcing error on disconnect: [ERROR] Operation interrupted.
[2025-03-12 17:31:28.571274 +0100][Error  ][XRootD            ][130216] [cms-xrd-global.cern.ch:1094] Unable to get the response to request kXR_open (file: /store/relval/CMSSW_14_2_0_pre4/RelValTTbar_14TeV/GEN-SIM-RECO/PU_141X_mcRun4_realistic_v3_STD_2026D110_PU-v2/2590000/f6600449-5fa8-4e84-81cf-4f9df8425f9c.root?tried=+1213llrxrd-redir.in2p3.fr,+1213xrootd-redic.pi.infn.it,+1213xrootd-cms-redir-int.cr.cnaf.infn.it,cms03.lcg.cscs.ch&triedrc=resel, mode: 0460, flags: kXR_open_read kXR_async kXR_retstat )
[2025-03-12 17:48:34.500681 +0100][Error  ][PostMaster        ][130216] [xrootd-cms.infn.it:1094] Forcing error on disconnect: [ERROR] Operation interrupted.
[2025-03-12 17:48:34.619620 +0100][Error  ][PostMaster        ][130216] [xrootd-redic.pi.infn.it:1094] Forcing error on disconnect: [ERROR] Operation interrupted.
[2025-03-12 17:48:34.680601 +0100][Error  ][PostMaster        ][130216] [llrxrd-redir.in2p3.fr:1094] Forcing error on disconnect: [ERROR] Operation interrupted.
[2025-03-12 17:51:29.770629 +0100][Error  ][PostMaster        ][130216] [cms-xrd-global.cern.ch:1094] Forcing error on disconnect: [ERROR] Operation interrupted.
[2025-03-12 18:00:57.698782 +0100][Error  ][XRootD            ][130216] [cms-xrd-global.cern.ch:1094] Unable to get the response to request kXR_open (file: /store/relval/CMSSW_14_2_0_pre4/RelValTTbar_14TeV/GEN-SIM-RECO/PU_141X_mcRun4_realistic_v3_STD_2026D110_PU-v2/2590000/f6600449-5fa8-4e84-81cf-4f9df8425f9c.root?tried=+1213llrxrd-redir.in2p3.fr,+1213xrootd-cms-redir-int.cr.cnaf.infn.it,+1213xrootd-redic.pi.infn.it,cms03.lcg.cscs.ch&triedrc=resel, mode: 0460, flags: kXR_open_read kXR_async kXR_retstat )
[2025-03-12 18:18:03.116625 +0100][Error  ][PostMaster        ][130216] [xrootd-cms.infn.it:1094] Forcing error on disconnect: [ERROR] Operation interrupted.
[2025-03-12 18:18:03.234609 +0100][Error  ][PostMaster        ][130216] [xrootd-cms-redir-int.cr.cnaf.infn.it:1094] Forcing error on disconnect: [ERROR] Operation interrupted.
[2025-03-12 18:18:03.987621 +0100][Error  ][PostMaster        ][130216] [llrxrd-redir.in2p3.fr:1094] Forcing error on disconnect: [ERROR] Operation interrupted.
[2025-03-12 18:20:58.898635 +0100][Error  ][PostMaster        ][130216] [cms-xrd-global.cern.ch:1094] Forcing error on disconnect: [ERROR] Operation interrupted.
[2025-03-12 18:33:29.846374 +0100][Error  ][XRootD            ][130216] [cms-xrd-global.cern.ch:1094] Unable to get the response to request kXR_open (file: /store/relval/CMSSW_14_2_0_pre4/RelValTTbar_14TeV/GEN-SIM-RECO/PU_141X_mcRun4_realistic_v3_STD_2026D110_PU-v2/2590000/f6600449-5fa8-4e84-81cf-4f9df8425f9c.root?tried=+1213llrxrd-redir.in2p3.fr,+1213xrootd-redic.pi.infn.it,+1213xrootd-cms-redir-int.cr.cnaf.infn.it,cms03.lcg.cscs.ch&triedrc=resel, mode: 0460, flags: kXR_open_read kXR_async kXR_retstat )
[2025-03-12 18:50:35.295678 +0100][Error  ][PostMaster        ][130216] [xrootd-cms.infn.it:1094] Forcing error on disconnect: [ERROR] Operation interrupted.
[2025-03-12 18:50:35.415608 +0100][Error  ][PostMaster        ][130216] [xrootd-redic.pi.infn.it:1094] Forcing error on disconnect: [ERROR] Operation interrupted.
[2025-03-12 18:50:35.477597 +0100][Error  ][PostMaster        ][130216] [llrxrd-redir.in2p3.fr:1094] Forcing error on disconnect: [ERROR] Operation interrupted.
[2025-03-12 18:53:31.045619 +0100][Error  ][PostMaster        ][130216] [cms-xrd-global.cern.ch:1094] Forcing error on disconnect: [ERROR] Operation interrupted.
[2025-03-12 19:08:47.006959 +0100][Error  ][XRootD            ][130216] [cms-xrd-global.cern.ch:1094] Unable to get the response to request kXR_open (file: /store/relval/CMSSW_14_2_0_pre4/RelValTTbar_14TeV/GEN-SIM-RECO/PU_141X_mcRun4_realistic_v3_STD_2026D110_PU-v2/2590000/f6600449-5fa8-4e84-81cf-4f9df8425f9c.root?tried=+1213llrxrd-redir.in2p3.fr,+1213xrootd-redic.pi.infn.it,+1213xrootd-cms-redir-int.cr.cnaf.infn.it,cms03.lcg.cscs.ch&triedrc=resel, mode: 0460, flags: kXR_open_read kXR_async kXR_retstat )
[2025-03-12 19:25:49.931617 +0100][Error  ][PostMaster        ][130216] [xrootd-cms.infn.it:1094] Forcing error on disconnect: [ERROR] Operation interrupted.
[2025-03-12 19:25:50.052606 +0100][Error  ][PostMaster        ][130216] [xrootd-redic.pi.infn.it:1094] Forcing error on disconnect: [ERROR] Operation interrupted.
[2025-03-12 19:25:50.113596 +0100][Error  ][PostMaster        ][130216] [llrxrd-redir.in2p3.fr:1094] Forcing error on disconnect: [ERROR] Operation interrupted.
[2025-03-12 19:28:48.206620 +0100][Error  ][PostMaster        ][130216] [cms-xrd-global.cern.ch:1094] Forcing error on disconnect: [ERROR] Operation interrupted.
[2025-03-12 19:47:19.178713 +0100][Error  ][XRootD            ][130216] [cms-xrd-global.cern.ch:1094] Unable to get the response to request kXR_open (file: /store/relval/CMSSW_14_2_0_pre4/RelValTTbar_14TeV/GEN-SIM-RECO/PU_141X_mcRun4_realistic_v3_STD_2026D110_PU-v2/2590000/f6600449-5fa8-4e84-81cf-4f9df8425f9c.root?tried=+1098cms-xrd-global01.cern.ch,+1213xrootd-cms-redir-int.cr.cnaf.infn.it,+1213xrootd-redic.pi.infn.it,+1213llrxrd-redir.in2p3.fr,cms03.lcg.cscs.ch,cms-xrd-transit.cern.ch&triedrc=resel,enoent, mode: 0460, flags: kXR_open_read kXR_async kXR_retstat )
[2025-03-12 20:04:25.360627 +0100][Error  ][PostMaster        ][130216] [xrootd-cms.infn.it:1094] Forcing error on disconnect: [ERROR] Operation interrupted.
[2025-03-12 20:04:25.466602 +0100][Error  ][PostMaster        ][130216] [xrootd-redic.pi.infn.it:1094] Forcing error on disconnect: [ERROR] Operation interrupted.
[2025-03-12 20:04:25.547619 +0100][Error  ][PostMaster        ][130216] [xrootd-cms-redir-int.cr.cnaf.infn.it:1094] Forcing error on disconnect: [ERROR] Operation interrupted.
[2025-03-12 20:06:15.408634 +0100][Error  ][PostMaster        ][130216] [cms-xrd-transit.cern.ch:1094] Forcing error on disconnect: [ERROR] Operation interrupted.
[2025-03-12 20:07:20.377621 +0100][Error  ][PostMaster        ][130216] [cms-xrd-global.cern.ch:1094] Forcing error on disconnect: [ERROR] Operation interrupted.
[2025-03-12 20:29:06.358811 +0100][Error  ][XRootD            ][130216] [cms-xrd-global.cern.ch:1094] Unable to get the response to request kXR_open (file: /store/relval/CMSSW_14_2_0_pre4/RelValTTbar_14TeV/GEN-SIM-RECO/PU_141X_mcRun4_realistic_v3_STD_2026D110_PU-v2/2590000/f6600449-5fa8-4e84-81cf-4f9df8425f9c.root?tried=+1213llrxrd-redir.in2p3.fr,+1213xrootd-cms-redir-int.cr.cnaf.infn.it,+1213xrootd-redic.pi.infn.it,cms03.lcg.cscs.ch&triedrc=resel, mode: 0460, flags: kXR_open_read kXR_async kXR_retstat )
[2025-03-12 20:46:12.635623 +0100][Error  ][PostMaster        ][130216] [xrootd-cms.infn.it:1094] Forcing error on disconnect: [ERROR] Operation interrupted.
[2025-03-12 20:46:12.741613 +0100][Error  ][PostMaster        ][130216] [xrootd-cms-redir-int.cr.cnaf.infn.it:1094] Forcing error on disconnect: [ERROR] Operation interrupted.
[2025-03-12 20:46:12.803592 +0100][Error  ][PostMaster        ][130216] [llrxrd-redir.in2p3.fr:1094] Forcing error on disconnect: [ERROR] Operation interrupted.
[2025-03-12 20:49:07.558684 +0100][Error  ][PostMaster        ][130216] [cms-xrd-global.cern.ch:1094] Forcing error on disconnect: [ERROR] Operation interrupted.
[2025-03-12 21:14:44.554224 +0100][Error  ][XRootD            ][130216] [cms-xrd-global.cern.ch:1094] Unable to get the response to request kXR_open (file: /store/relval/CMSSW_14_2_0_pre4/RelValTTbar_14TeV/GEN-SIM-RECO/PU_141X_mcRun4_realistic_v3_STD_2026D110_PU-v2/2590000/f6600449-5fa8-4e84-81cf-4f9df8425f9c.root?tried=+1213xrootd-redic.pi.infn.it,+1213xrootd-cms-redir-int.cr.cnaf.infn.it,+1213llrxrd-redir.in2p3.fr,cms03.lcg.cscs.ch&triedrc=resel, mode: 0460, flags: kXR_open_read kXR_async kXR_retstat )
[2025-03-12 21:31:49.786617 +0100][Error  ][PostMaster        ][130216] [xrootd-cms-redir-int.cr.cnaf.infn.it:1094] Forcing error on disconnect: [ERROR] Operation interrupted.
[2025-03-12 21:31:50.039616 +0100][Error  ][PostMaster        ][130216] [xrootd-cms.infn.it:1094] Forcing error on disconnect: [ERROR] Operation interrupted.
[2025-03-12 21:31:50.237605 +0100][Error  ][PostMaster        ][130216] [xrootd-redic.pi.infn.it:1094] Forcing error on disconnect: [ERROR] Operation interrupted.
[2025-03-12 21:34:45.753622 +0100][Error  ][PostMaster        ][130216] [cms-xrd-global.cern.ch:1094] Forcing error on disconnect: [ERROR] Operation interrupted.
[2025-03-12 22:04:24.764915 +0100][Error  ][XRootD            ][130216] [cms-xrd-global.cern.ch:1094] Unable to get the response to request kXR_open (file: /store/relval/CMSSW_14_2_0_pre4/RelValTTbar_14TeV/GEN-SIM-RECO/PU_141X_mcRun4_realistic_v3_STD_2026D110_PU-v2/2590000/f6600449-5fa8-4e84-81cf-4f9df8425f9c.root?tried=+1213xrootd-cms-redir-int.cr.cnaf.infn.it,+1213xrootd-redic.pi.infn.it,+1213llrxrd-redir.in2p3.fr,cms03.lcg.cscs.ch&triedrc=resel, mode: 0460, flags: kXR_open_read kXR_async kXR_retstat )
[2025-03-12 22:21:30.482623 +0100][Error  ][PostMaster        ][130216] [xrootd-cms.infn.it:1094] Forcing error on disconnect: [ERROR] Operation interrupted.
[2025-03-12 22:21:30.590619 +0100][Error  ][PostMaster        ][130216] [xrootd-redic.pi.infn.it:1094] Forcing error on disconnect: [ERROR] Operation interrupted.
[2025-03-12 22:21:30.671597 +0100][Error  ][PostMaster        ][130216] [xrootd-cms-redir-int.cr.cnaf.infn.it:1094] Forcing error on disconnect: [ERROR] Operation interrupted.
[2025-03-12 22:24:25.964618 +0100][Error  ][PostMaster        ][130216] [cms-xrd-global.cern.ch:1094] Forcing error on disconnect: [ERROR] Operation interrupted.
[2025-03-12 22:56:54.987987 +0100][Error  ][XRootD            ][130216] [cms-xrd-global.cern.ch:1094] Unable to get the response to request kXR_open (file: /store/relval/CMSSW_14_2_0_pre4/RelValTTbar_14TeV/GEN-SIM-RECO/PU_141X_mcRun4_realistic_v3_STD_2026D110_PU-v2/2590000/f6600449-5fa8-4e84-81cf-4f9df8425f9c.root?tried=+1213xrootd-cms-redir-int.cr.cnaf.infn.it,+1213xrootd-redic.pi.infn.it,+1213llrxrd-redir.in2p3.fr,cms03.lcg.cscs.ch&triedrc=resel, mode: 0460, flags: kXR_open_read kXR_async kXR_retstat )
[2025-03-12 23:14:00.326622 +0100][Error  ][PostMaster        ][130216] [xrootd-cms.infn.it:1094] Forcing error on disconnect: [ERROR] Operation interrupted.
[2025-03-12 23:14:00.454604 +0100][Error  ][PostMaster        ][130216] [xrootd-redic.pi.infn.it:1094] Forcing error on disconnect: [ERROR] Operation interrupted.
[2025-03-12 23:14:00.536619 +0100][Error  ][PostMaster        ][130216] [xrootd-cms-redir-int.cr.cnaf.infn.it:1094] Forcing error on disconnect: [ERROR] Operation interrupted.
[2025-03-12 23:16:56.187622 +0100][Error  ][PostMaster        ][130216] [cms-xrd-global.cern.ch:1094] Forcing error on disconnect: [ERROR] Operation interrupted.
[2025-03-12 23:52:27.226191 +0100][Error  ][XRootD            ][130216] [cms-xrd-global.cern.ch:1094] Unable to get the response to request kXR_open (file: /store/relval/CMSSW_14_2_0_pre4/RelValTTbar_14TeV/GEN-SIM-RECO/PU_141X_mcRun4_realistic_v3_STD_2026D110_PU-v2/2590000/f6600449-5fa8-4e84-81cf-4f9df8425f9c.root?tried=+1213llrxrd-redir.in2p3.fr,+1213xrootd-cms-redir-int.cr.cnaf.infn.it,+1213xrootd-redic.pi.infn.it,cms03.lcg.cscs.ch&triedrc=resel, mode: 0460, flags: kXR_open_read kXR_async kXR_retstat )
[2025-03-13 00:09:33.324616 +0100][Error  ][PostMaster        ][130216] [xrootd-cms.infn.it:1094] Forcing error on disconnect: [ERROR] Operation interrupted.
[2025-03-13 00:09:33.816620 +0100][Error  ][PostMaster        ][130216] [xrootd-cms-redir-int.cr.cnaf.infn.it:1094] Forcing error on disconnect: [ERROR] Operation interrupted.
[2025-03-13 00:09:33.879583 +0100][Error  ][PostMaster        ][130216] [llrxrd-redir.in2p3.fr:1094] Forcing error on disconnect: [ERROR] Operation interrupted.
[2025-03-13 00:12:28.425620 +0100][Error  ][PostMaster        ][130216] [cms-xrd-global.cern.ch:1094] Forcing error on disconnect: [ERROR] Operation interrupted.
[2025-03-13 00:51:31.476834 +0100][Error  ][XRootD            ][130216] [cms-xrd-global.cern.ch:1094] Unable to get the response to request kXR_open (file: /store/relval/CMSSW_14_2_0_pre4/RelValTTbar_14TeV/GEN-SIM-RECO/PU_141X_mcRun4_realistic_v3_STD_2026D110_PU-v2/2590000/f6600449-5fa8-4e84-81cf-4f9df8425f9c.root?tried=+1213xrootd-redic.pi.infn.it,+1213xrootd-cms-redir-int.cr.cnaf.infn.it,+1213llrxrd-redir.in2p3.fr,cms03.lcg.cscs.ch&triedrc=resel, mode: 0460, flags: kXR_open_read kXR_async kXR_retstat )
[2025-03-13 01:08:37.693666 +0100][Error  ][PostMaster        ][130216] [xrootd-cms.infn.it:1094] Forcing error on disconnect: [ERROR] Operation interrupted.
[2025-03-13 01:08:42.727610 +0100][Error  ][PostMaster        ][130216] [xrootd-cms-redir-int.cr.cnaf.infn.it:1094] Forcing error on disconnect: [ERROR] Operation interrupted.
[2025-03-13 01:08:42.818580 +0100][Error  ][PostMaster        ][130216] [xrootd-redic.pi.infn.it:1094] Forcing error on disconnect: [ERROR] Operation interrupted.
[2025-03-13 01:11:32.676607 +0100][Error  ][PostMaster        ][130216] [cms-xrd-global.cern.ch:1094] Forcing error on disconnect: [ERROR] Operation interrupted.
[2025-03-13 01:44:53.707856 +0100][Error  ][XRootD            ][130216] [cms-xrd-global.cern.ch:1094] Unable to get the response to request kXR_open (file: /store/relval/CMSSW_14_2_0_pre4/RelValTTbar_14TeV/GEN-SIM-RECO/PU_141X_mcRun4_realistic_v3_STD_2026D110_PU-v2/2590000/f6600449-5fa8-4e84-81cf-4f9df8425f9c.root?tried=+1213llrxrd-redir.in2p3.fr,+1213xrootd-redic.pi.infn.it,+1213xrootd-cms-redir-int.cr.cnaf.infn.it,cms03.lcg.cscs.ch&triedrc=resel, mode: 0460, flags: kXR_open_read kXR_async kXR_retstat )
[2025-03-13 02:01:58.906660 +0100][Error  ][PostMaster        ][130216] [xrootd-redic.pi.infn.it:1094] Forcing error on disconnect: [ERROR] Operation interrupted.
[2025-03-13 02:01:59.069600 +0100][Error  ][PostMaster        ][130216] [xrootd-cms.infn.it:1094] Forcing error on disconnect: [ERROR] Operation interrupted.
[2025-03-13 02:01:59.247578 +0100][Error  ][PostMaster        ][130216] [llrxrd-redir.in2p3.fr:1094] Forcing error on disconnect: [ERROR] Operation interrupted.
[2025-03-13 02:04:54.907606 +0100][Error  ][PostMaster        ][130216] [cms-xrd-global.cern.ch:1094] Forcing error on disconnect: [ERROR] Operation interrupted.
[2025-03-13 02:37:02.927092 +0100][Error  ][XRootD            ][130216] [cms-xrd-global.cern.ch:1094] Unable to get the response to request kXR_open (file: /store/relval/CMSSW_14_2_0_pre4/RelValTTbar_14TeV/GEN-SIM-RECO/PU_141X_mcRun4_realistic_v3_STD_2026D110_PU-v2/2590000/f6600449-5fa8-4e84-81cf-4f9df8425f9c.root?tried=+1213llrxrd-redir.in2p3.fr,+1213xrootd-cms-redir-int.cr.cnaf.infn.it,+1213xrootd-redic.pi.infn.it,cms03.lcg.cscs.ch&triedrc=resel, mode: 0460, flags: kXR_open_read kXR_async kXR_retstat )
[2025-03-13 02:54:08.646606 +0100][Error  ][PostMaster        ][130216] [xrootd-cms.infn.it:1094] Forcing error on disconnect: [ERROR] Operation interrupted.
[2025-03-13 02:54:08.741575 +0100][Error  ][PostMaster        ][130216] [xrootd-cms-redir-int.cr.cnaf.infn.it:1094] Forcing error on disconnect: [ERROR] Operation interrupted.
[2025-03-13 02:54:08.804568 +0100][Error  ][PostMaster        ][130216] [llrxrd-redir.in2p3.fr:1094] Forcing error on disconnect: [ERROR] Operation interrupted.
[2025-03-13 02:57:04.126604 +0100][Error  ][PostMaster        ][130216] [cms-xrd-global.cern.ch:1094] Forcing error on disconnect: [ERROR] Operation interrupted.
slurmstepd: error: *** JOB 807823 ON t3wn72 CANCELLED AT 2025-03-13T03:29:45 DUE TO TIME LIMIT ***
