HOME: /t3home/msaxer
USER: msaxer
SLURM_JOB_ID: 36694
HOSTNAME: t3wn73
CMSSW RELEASE BASE  /cvmfs/cms.cern.ch/slc7_amd64_gcc12/cms/cmssw/CMSSW_14_1_0_pre7
%MSG-i AlpakaService:  (NoModuleName) 27-Feb-2025 10:22:13 CET pre-events
AlpakaServiceSerialSync succesfully initialised.
Found 1 device:
  - AMD EPYC 7702P 64-Core Processor
%MSG
27-Feb-2025 10:22:20 CET  Initiating request to open file root://t3dcachedb.psi.ch:1094///pnfs/psi.ch/cms/trivcat/store/user/werdmann/store/relval/CMSSW_14_1_0_pre7/RelValTTbar_14TeV/GEN-SIM-RECO/141X_mcRun4_realistic_v1_STD_2026D110_PU-v1/2580000/d7a7c619-06d6-451a-a1fc-9ca3e17e4e27.root
27-Feb-2025 10:22:49 CET  Successfully opened file root://t3dcachedb.psi.ch:1094///pnfs/psi.ch/cms/trivcat/store/user/werdmann/store/relval/CMSSW_14_1_0_pre7/RelValTTbar_14TeV/GEN-SIM-RECO/141X_mcRun4_realistic_v1_STD_2026D110_PU-v1/2580000/d7a7c619-06d6-451a-a1fc-9ca3e17e4e27.root
Begin processing the 1st record. Run 1, Event 8801, LumiSection 89 on stream 0 at 27-Feb-2025 10:23:06.796 CET
27-Feb-2025 10:34:19 CET  Closed file root://t3dcachedb.psi.ch:1094///pnfs/psi.ch/cms/trivcat/store/user/werdmann/store/relval/CMSSW_14_1_0_pre7/RelValTTbar_14TeV/GEN-SIM-RECO/141X_mcRun4_realistic_v1_STD_2026D110_PU-v1/2580000/d7a7c619-06d6-451a-a1fc-9ca3e17e4e27.root
TestAnalyzer::endJob: done
TimeReport> Time report complete in 757.567 seconds
 Time Summary: 
 - Min event:   4.74141
 - Max event:   34.1867
 - Avg event:   6.57154
 - Total loop:  673.28
 - Total init:  83.8115
 - Total job:   757.567
 - Total EventSetup: 27.9082
 - Total non-module: 5.83552
 Event Throughput: 0.148527 ev/s
 CPU Summary: 
 - Total loop:     652.893
 - Total init:     70.9186
 - Total extra:    0
 - Total children: 0.128017
 - Total job:      724.236
 Processing Summary: 
 - Number of Events:  100
 - Number of Global Begin Lumi Calls:  1
 - Number of Global Begin Run Calls: 1


TrigReport ---------- Event  Summary ------------
TrigReport Events total = 100 passed = 100 failed = 0

TrigReport ---------- Path   Summary ------------
TrigReport  Trig Bit#   Executed     Passed     Failed      Error Name
TrigReport     1    0        100        100          0          0 MPV
TrigReport     1    1        100        100          0          0 analyze


TrigReport -------End-Path   Summary ------------
TrigReport  Trig Bit#   Executed     Passed     Failed      Error Name


TrigReport ---------- Modules in Path: MPV ------------
TrigReport  Trig Bit#    Visited     Passed     Failed      Error Name
TrigReport     1    0        100        100          0          0 testVertices


TrigReport ---------- Modules in Path: analyze ------------
TrigReport  Trig Bit#    Visited     Passed     Failed      Error Name
TrigReport     1    0        100        100          0          0 tpClusterProducer
TrigReport     1    1        100        100          0          0 quickTrackAssociatorByHits
TrigReport     1    2        100        100          0          0 trackingParticleRecoTrackAsssociation
TrigReport     1    3        100        100          0          0 oldVertexAnalysis


TrigReport ---------- Module Summary ------------
TrigReport    Visited   Executed     Passed     Failed      Error Name
TrigReport        100        100        100          0          0 MPV
TrigReport        100        100        100          0          0 TriggerResults
TrigReport        100        100        100          0          0 analyze
TrigReport        100        100        100          0          0 oldVertexAnalysis
TrigReport        100        100        100          0          0 quickTrackAssociatorByHits
TrigReport        100        100        100          0          0 testVertices
TrigReport        100        100        100          0          0 tpClusterProducer
TrigReport        100        100        100          0          0 trackingParticleRecoTrackAsssociation


TimeReport ---------- Event  Summary ---[sec]----
TimeReport       event loop CPU/event = 6.529013
TimeReport      event loop Real/event = 6.732881
TimeReport     sum Streams Real/event = 6.669840
TimeReport efficiency CPU/Real/thread = 0.969720

TimeReport ---------- Path   Summary ---[Real sec]----
TimeReport  per event     per exec  Name
TimeReport   6.569039     6.569039  MPV
TimeReport   6.571504     6.571504  analyze

TimeReport  per event     per exec  Name

TimeReport -------End-Path   Summary ---[Real sec]----
TimeReport  per event     per exec  Name

TimeReport  per event     per exec  Name

TimeReport ---------- Modules in Path: MPV ---[Real sec]----
TimeReport  per event    per visit  Name
TimeReport   1.298025     1.298025  testVertices


TimeReport ---------- Modules in Path: analyze ---[Real sec]----
TimeReport  per event    per visit  Name
TimeReport   2.083141     2.083141  tpClusterProducer
TimeReport   0.000014     0.000014  quickTrackAssociatorByHits
TimeReport   0.352805     0.352805  trackingParticleRecoTrackAsssociation
TimeReport   0.213969     0.213969  oldVertexAnalysis

TimeReport  per event    per visit  Name

TimeReport ---------- Module Summary ---[Real sec]----
TimeReport  per event     per exec    per visit  Name
TimeReport   0.000002     0.000002     0.000002  MPV
TimeReport   0.000003     0.000003     0.000003  TriggerResults
TimeReport   0.000016     0.000016     0.000016  analyze
TimeReport   0.213969     0.213969     0.213969  oldVertexAnalysis
TimeReport   0.000014     0.000014     0.000014  quickTrackAssociatorByHits
TimeReport   1.298025     1.298025     1.298025  testVertices
TimeReport   2.083141     2.083141     2.083141  tpClusterProducer
TimeReport   0.352805     0.352805     0.352805  trackingParticleRecoTrackAsssociation

TimeReport  per event     per exec    per visit  Name

T---Report end!


