HOME: /t3home/msaxer
USER: msaxer
SLURM_JOB_ID: 912679
HOSTNAME: t3wn60
CMSSW RELEASE BASE  /cvmfs/cms.cern.ch/slc7_amd64_gcc12/cms/cmssw/CMSSW_14_2_0_pre4
%MSG-i AlpakaService:  (NoModuleName) 18-Mar-2025 10:32:45 CET pre-events
AlpakaServiceSerialSync succesfully initialised.
Found 1 device:
  - Intel(R) Xeon(R) Gold 6148 CPU @ 2.40GHz
%MSG
18-Mar-2025 10:32:51 CET  Initiating request to open file root://xrootd-cms.infn.it//store/relval/CMSSW_14_2_0_pre4/RelValTTbar_14TeV/GEN-SIM-RECO/PU_141X_mcRun4_realistic_v3_STD_2026D110_PU-v2/2590000/f6600449-5fa8-4e84-81cf-4f9df8425f9c.root
18-Mar-2025 10:33:21 CET  Successfully opened file root://xrootd-cms.infn.it//store/relval/CMSSW_14_2_0_pre4/RelValTTbar_14TeV/GEN-SIM-RECO/PU_141X_mcRun4_realistic_v3_STD_2026D110_PU-v2/2590000/f6600449-5fa8-4e84-81cf-4f9df8425f9c.root
Begin processing the 1st record. Run 1, Event 2501, LumiSection 26 on stream 0 at 18-Mar-2025 10:33:38.974 CET
Begin processing the 2nd record. Run 1, Event 2502, LumiSection 26 on stream 0 at 18-Mar-2025 10:34:31.294 CET
Begin processing the 3rd record. Run 1, Event 2503, LumiSection 26 on stream 0 at 18-Mar-2025 10:34:42.642 CET
Begin processing the 4th record. Run 1, Event 2504, LumiSection 26 on stream 0 at 18-Mar-2025 10:35:03.822 CET
Begin processing the 5th record. Run 1, Event 2505, LumiSection 26 on stream 0 at 18-Mar-2025 10:35:13.959 CET
Begin processing the 6th record. Run 1, Event 2506, LumiSection 26 on stream 0 at 18-Mar-2025 10:35:23.261 CET
Begin processing the 7th record. Run 1, Event 2507, LumiSection 26 on stream 0 at 18-Mar-2025 10:35:29.752 CET
Begin processing the 8th record. Run 1, Event 2508, LumiSection 26 on stream 0 at 18-Mar-2025 10:35:36.114 CET
Begin processing the 9th record. Run 1, Event 2509, LumiSection 26 on stream 0 at 18-Mar-2025 10:35:43.741 CET
Begin processing the 10th record. Run 1, Event 2510, LumiSection 26 on stream 0 at 18-Mar-2025 10:35:59.269 CET
Begin processing the 11th record. Run 1, Event 2511, LumiSection 26 on stream 0 at 18-Mar-2025 10:36:09.388 CET
Begin processing the 12th record. Run 1, Event 2512, LumiSection 26 on stream 0 at 18-Mar-2025 10:36:27.356 CET
Begin processing the 13th record. Run 1, Event 2513, LumiSection 26 on stream 0 at 18-Mar-2025 10:36:36.333 CET
Begin processing the 14th record. Run 1, Event 2514, LumiSection 26 on stream 0 at 18-Mar-2025 10:36:45.165 CET
Begin processing the 15th record. Run 1, Event 2515, LumiSection 26 on stream 0 at 18-Mar-2025 10:36:54.821 CET
Begin processing the 16th record. Run 1, Event 2516, LumiSection 26 on stream 0 at 18-Mar-2025 10:37:01.536 CET
Begin processing the 17th record. Run 1, Event 2517, LumiSection 26 on stream 0 at 18-Mar-2025 10:37:16.114 CET
Begin processing the 18th record. Run 1, Event 2518, LumiSection 26 on stream 0 at 18-Mar-2025 10:37:27.064 CET
Begin processing the 19th record. Run 1, Event 2519, LumiSection 26 on stream 0 at 18-Mar-2025 10:37:37.403 CET
Begin processing the 20th record. Run 1, Event 2520, LumiSection 26 on stream 0 at 18-Mar-2025 10:37:46.296 CET
[2025-03-18 10:37:53.204900 +0100][Error  ][PostMaster        ][247770] [cms03.lcg.cscs.ch:1094] Forcing error on disconnect: [ERROR] Operation interrupted.
Begin processing the 21st record. Run 1, Event 2521, LumiSection 26 on stream 0 at 18-Mar-2025 10:37:53.233 CET
Begin processing the 22nd record. Run 1, Event 2522, LumiSection 26 on stream 0 at 18-Mar-2025 10:38:05.978 CET
Begin processing the 23rd record. Run 1, Event 2523, LumiSection 26 on stream 0 at 18-Mar-2025 10:38:21.807 CET
Begin processing the 24th record. Run 1, Event 2524, LumiSection 26 on stream 0 at 18-Mar-2025 10:38:32.192 CET
Begin processing the 25th record. Run 1, Event 2525, LumiSection 26 on stream 0 at 18-Mar-2025 10:38:38.400 CET
Begin processing the 26th record. Run 1, Event 2526, LumiSection 26 on stream 0 at 18-Mar-2025 10:38:52.822 CET
Begin processing the 27th record. Run 1, Event 2527, LumiSection 26 on stream 0 at 18-Mar-2025 10:39:04.594 CET
Begin processing the 28th record. Run 1, Event 2528, LumiSection 26 on stream 0 at 18-Mar-2025 10:39:15.825 CET
Begin processing the 29th record. Run 1, Event 2529, LumiSection 26 on stream 0 at 18-Mar-2025 10:39:38.453 CET
Begin processing the 30th record. Run 1, Event 2530, LumiSection 26 on stream 0 at 18-Mar-2025 10:39:51.853 CET
Begin processing the 31st record. Run 1, Event 2531, LumiSection 26 on stream 0 at 18-Mar-2025 10:39:59.315 CET
Begin processing the 32nd record. Run 1, Event 2532, LumiSection 26 on stream 0 at 18-Mar-2025 10:40:08.281 CET
Begin processing the 33rd record. Run 1, Event 2533, LumiSection 26 on stream 0 at 18-Mar-2025 10:40:28.555 CET
Begin processing the 34th record. Run 1, Event 2534, LumiSection 26 on stream 0 at 18-Mar-2025 10:40:42.190 CET
Begin processing the 35th record. Run 1, Event 2535, LumiSection 26 on stream 0 at 18-Mar-2025 10:40:50.337 CET
Begin processing the 36th record. Run 1, Event 2536, LumiSection 26 on stream 0 at 18-Mar-2025 10:41:05.084 CET
Begin processing the 37th record. Run 1, Event 2537, LumiSection 26 on stream 0 at 18-Mar-2025 10:41:14.359 CET
Begin processing the 38th record. Run 1, Event 2538, LumiSection 26 on stream 0 at 18-Mar-2025 10:41:27.192 CET
Begin processing the 39th record. Run 1, Event 2539, LumiSection 26 on stream 0 at 18-Mar-2025 10:41:35.640 CET
Begin processing the 40th record. Run 1, Event 2540, LumiSection 26 on stream 0 at 18-Mar-2025 10:41:42.409 CET
Begin processing the 41st record. Run 1, Event 2541, LumiSection 26 on stream 0 at 18-Mar-2025 10:42:05.663 CET
Begin processing the 42nd record. Run 1, Event 2542, LumiSection 26 on stream 0 at 18-Mar-2025 10:42:21.267 CET
Begin processing the 43rd record. Run 1, Event 2543, LumiSection 26 on stream 0 at 18-Mar-2025 10:42:27.717 CET
Begin processing the 44th record. Run 1, Event 2544, LumiSection 26 on stream 0 at 18-Mar-2025 10:42:41.226 CET
Begin processing the 45th record. Run 1, Event 2545, LumiSection 26 on stream 0 at 18-Mar-2025 10:43:07.723 CET
Begin processing the 46th record. Run 1, Event 2546, LumiSection 26 on stream 0 at 18-Mar-2025 10:43:36.232 CET
Begin processing the 47th record. Run 1, Event 2547, LumiSection 26 on stream 0 at 18-Mar-2025 10:43:40.915 CET
Begin processing the 48th record. Run 1, Event 2548, LumiSection 26 on stream 0 at 18-Mar-2025 10:43:45.460 CET
Begin processing the 49th record. Run 1, Event 2549, LumiSection 26 on stream 0 at 18-Mar-2025 10:43:49.883 CET
Begin processing the 50th record. Run 1, Event 2550, LumiSection 26 on stream 0 at 18-Mar-2025 10:44:01.537 CET
18-Mar-2025 10:44:07 CET  Closed file root://xrootd-cms.infn.it//store/relval/CMSSW_14_2_0_pre4/RelValTTbar_14TeV/GEN-SIM-RECO/PU_141X_mcRun4_realistic_v3_STD_2026D110_PU-v2/2590000/f6600449-5fa8-4e84-81cf-4f9df8425f9c.root
TestAnalyzer::endJob: done
TimeReport> Time report complete in 707.465 seconds
 Time Summary: 
 - Min event:   4.30328
 - Max event:   52.0715
 - Avg event:   12.4163
 - Total loop:  636.627
 - Total init:  70.552
 - Total job:   707.465
 - Total EventSetup: 30.6511
 - Total non-module: 3.03339
 Event Throughput: 0.0785389 ev/s
 CPU Summary: 
 - Total loop:     614.614
 - Total init:     66.7953
 - Total extra:    0
 - Total children: 0.126312
 - Total job:      681.68
 Processing Summary: 
 - Number of Events:  50
 - Number of Global Begin Lumi Calls:  1
 - Number of Global Begin Run Calls: 1


TrigReport ---------- Event  Summary ------------
TrigReport Events total = 50 passed = 50 failed = 0

TrigReport ---------- Path   Summary ------------
TrigReport  Trig Bit#   Executed     Passed     Failed      Error Name
TrigReport     1    0         50         50          0          0 MPV
TrigReport     1    1         50         50          0          0 analyze


TrigReport -------End-Path   Summary ------------
TrigReport  Trig Bit#   Executed     Passed     Failed      Error Name


TrigReport ---------- Modules in Path: MPV ------------
TrigReport  Trig Bit#    Visited     Passed     Failed      Error Name
TrigReport     1    0         50         50          0          0 testVertices


TrigReport ---------- Modules in Path: analyze ------------
TrigReport  Trig Bit#    Visited     Passed     Failed      Error Name
TrigReport     1    0         50         50          0          0 tpClusterProducer
TrigReport     1    1         50         50          0          0 quickTrackAssociatorByHits
TrigReport     1    2         50         50          0          0 trackingParticleRecoTrackAsssociation
TrigReport     1    3         50         50          0          0 oldVertexAnalysis


TrigReport ---------- Module Summary ------------
TrigReport    Visited   Executed     Passed     Failed      Error Name
TrigReport         50         50         50          0          0 MPV
TrigReport         50         50         50          0          0 TriggerResults
TrigReport         50         50         50          0          0 analyze
TrigReport         50         50         50          0          0 oldVertexAnalysis
TrigReport         50         50         50          0          0 quickTrackAssociatorByHits
TrigReport         50         50         50          0          0 testVertices
TrigReport         50         50         50          0          0 tpClusterProducer
TrigReport         50         50         50          0          0 trackingParticleRecoTrackAsssociation


TimeReport ---------- Event  Summary ---[sec]----
TimeReport       event loop CPU/event = 12.292426
TimeReport      event loop Real/event = 12.732675
TimeReport     sum Streams Real/event = 12.626994
TimeReport efficiency CPU/Real/thread = 0.965424

TimeReport ---------- Path   Summary ---[Real sec]----
TimeReport  per event     per exec  Name
TimeReport  12.411117    12.411117  MPV
TimeReport  12.416275    12.416275  analyze

TimeReport  per event     per exec  Name

TimeReport -------End-Path   Summary ---[Real sec]----
TimeReport  per event     per exec  Name

TimeReport  per event     per exec  Name

TimeReport ---------- Modules in Path: MPV ---[Real sec]----
TimeReport  per event    per visit  Name
TimeReport   7.433983     7.433983  testVertices


TimeReport ---------- Modules in Path: analyze ---[Real sec]----
TimeReport  per event    per visit  Name
TimeReport   1.750740     1.750740  tpClusterProducer
TimeReport   0.000022     0.000022  quickTrackAssociatorByHits
TimeReport   0.324763     0.324763  trackingParticleRecoTrackAsssociation
TimeReport   0.217238     0.217238  oldVertexAnalysis

TimeReport  per event    per visit  Name

TimeReport ---------- Module Summary ---[Real sec]----
TimeReport  per event     per exec    per visit  Name
TimeReport   0.000003     0.000003     0.000003  MPV
TimeReport   0.000004     0.000004     0.000004  TriggerResults
TimeReport   0.000018     0.000018     0.000018  analyze
TimeReport   0.217238     0.217238     0.217238  oldVertexAnalysis
TimeReport   0.000022     0.000022     0.000022  quickTrackAssociatorByHits
TimeReport   7.433983     7.433983     7.433983  testVertices
TimeReport   1.750740     1.750740     1.750740  tpClusterProducer
TimeReport   0.324763     0.324763     0.324763  trackingParticleRecoTrackAsssociation

TimeReport  per event     per exec    per visit  Name

T---Report end!


daten_20250318_103416.csv
daten_20250318_103435.csv
daten_20250318_103446.csv
daten_20250318_103507.csv
daten_20250318_103518.csv
daten_20250318_103528.csv
daten_20250318_103532.csv
daten_20250318_103539.csv
daten_20250318_103548.csv
daten_20250318_103603.csv
daten_20250318_103614.csv
daten_20250318_103632.csv
daten_20250318_103640.csv
daten_20250318_103649.csv
daten_20250318_103659.csv
daten_20250318_103705.csv
daten_20250318_103720.csv
daten_20250318_103730.csv
daten_20250318_103741.csv
daten_20250318_103749.csv
daten_20250318_103757.csv
daten_20250318_103809.csv
daten_20250318_103826.csv
daten_20250318_103836.csv
daten_20250318_103842.csv
daten_20250318_103857.csv
daten_20250318_103908.csv
daten_20250318_103921.csv
daten_20250318_103942.csv
daten_20250318_103956.csv
daten_20250318_104003.csv
daten_20250318_104012.csv
daten_20250318_104033.csv
daten_20250318_104045.csv
daten_20250318_104054.csv
daten_20250318_104109.csv
daten_20250318_104118.csv
daten_20250318_104132.csv
daten_20250318_104139.csv
daten_20250318_104148.csv
daten_20250318_104209.csv
daten_20250318_104225.csv
daten_20250318_104231.csv
daten_20250318_104245.csv
daten_20250318_104312.csv
daten_20250318_104338.csv
daten_20250318_104343.csv
daten_20250318_104347.csv
daten_20250318_104352.csv
daten_20250318_104404.csv
logfile
pv.root
pv_cfg.py
