HOME: /t3home/msaxer
USER: msaxer
SLURM_JOB_ID: 494756
HOSTNAME: t3wn60
CMSSW RELEASE BASE  /cvmfs/cms.cern.ch/slc7_amd64_gcc12/cms/cmssw/CMSSW_14_1_0_pre7
%MSG-i AlpakaService:  (NoModuleName) 23-Oct-2024 17:56:54 CEST pre-events
AlpakaServiceSerialSync succesfully initialised.
Found 1 device:
  - Intel(R) Xeon(R) Gold 6148 CPU @ 2.40GHz
%MSG
23-Oct-2024 17:57:02 CEST  Initiating request to open file root://xrootd-cms.infn.it//store/relval/CMSSW_14_1_0_pre7/RelValTTbar_14TeV/GEN-SIM-RECO/141X_mcRun4_realistic_v1_STD_2026D110_PU-v1/2580000/f1c0f125-807b-4bbb-92d8-04b49be031d6.root
23-Oct-2024 17:57:34 CEST  Successfully opened file root://xrootd-cms.infn.it//store/relval/CMSSW_14_1_0_pre7/RelValTTbar_14TeV/GEN-SIM-RECO/141X_mcRun4_realistic_v1_STD_2026D110_PU-v1/2580000/f1c0f125-807b-4bbb-92d8-04b49be031d6.root
Begin processing the 1st record. Run 1, Event 5401, LumiSection 55 on stream 0 at 23-Oct-2024 17:57:55.056 CEST
[2024-10-23 18:02:35.132198 +0200][Error  ][PostMaster        ][308726] [eoscms-ns-ip700.cern.ch:1098] Forcing error on disconnect: [ERROR] Operation interrupted.
23-Oct-2024 18:08:53 CEST  Closed file root://xrootd-cms.infn.it//store/relval/CMSSW_14_1_0_pre7/RelValTTbar_14TeV/GEN-SIM-RECO/141X_mcRun4_realistic_v1_STD_2026D110_PU-v1/2580000/f1c0f125-807b-4bbb-92d8-04b49be031d6.root
23-Oct-2024 18:08:53 CEST  Initiating request to open file root://xrootd-cms.infn.it//store/relval/CMSSW_14_1_0_pre7/RelValTTbar_14TeV/GEN-SIM-RECO/141X_mcRun4_realistic_v1_STD_2026D110_PU-v1/2580000/a53db118-5ef9-49f6-b9d7-242b30eab82e.root
23-Oct-2024 18:08:55 CEST  Successfully opened file root://xrootd-cms.infn.it//store/relval/CMSSW_14_1_0_pre7/RelValTTbar_14TeV/GEN-SIM-RECO/141X_mcRun4_realistic_v1_STD_2026D110_PU-v1/2580000/a53db118-5ef9-49f6-b9d7-242b30eab82e.root
[2024-10-23 18:13:55.029693 +0200][Error  ][PostMaster        ][308726] [eoscms-ns-ip700.cern.ch:1098] Forcing error on disconnect: [ERROR] Operation interrupted.
[2024-10-23 18:14:08.997727 +0200][Error  ][PostMaster        ][308726] [st-048-cc8199ad.cern.ch:1095] Forcing error on disconnect: [ERROR] Operation interrupted.
[2024-10-23 18:14:08.998453 +0200][Error  ][PostMaster        ][308726] [st-096-hh151745.cern.ch:1095] Forcing error on disconnect: [ERROR] Operation interrupted.
[2024-10-23 18:14:17.553715 +0200][Error  ][PostMaster        ][308726] [eoscms-ns-ip563.cern.ch:1098] Forcing error on disconnect: [ERROR] Operation interrupted.
23-Oct-2024 18:19:46 CEST  Closed file root://xrootd-cms.infn.it//store/relval/CMSSW_14_1_0_pre7/RelValTTbar_14TeV/GEN-SIM-RECO/141X_mcRun4_realistic_v1_STD_2026D110_PU-v1/2580000/a53db118-5ef9-49f6-b9d7-242b30eab82e.root
23-Oct-2024 18:19:46 CEST  Initiating request to open file root://xrootd-cms.infn.it//store/relval/CMSSW_14_1_0_pre7/RelValTTbar_14TeV/GEN-SIM-RECO/141X_mcRun4_realistic_v1_STD_2026D110_PU-v1/2580000/45570743-aad5-4012-8988-11481880176b.root
23-Oct-2024 18:19:48 CEST  Successfully opened file root://xrootd-cms.infn.it//store/relval/CMSSW_14_1_0_pre7/RelValTTbar_14TeV/GEN-SIM-RECO/141X_mcRun4_realistic_v1_STD_2026D110_PU-v1/2580000/45570743-aad5-4012-8988-11481880176b.root
[2024-10-23 18:24:47.085708 +0200][Error  ][PostMaster        ][308726] [st-096-gg500rrf.cern.ch:1095] Forcing error on disconnect: [ERROR] Operation interrupted.
[2024-10-23 18:24:47.087128 +0200][Error  ][PostMaster        ][308726] [st-096-dd904234.cern.ch:1095] Forcing error on disconnect: [ERROR] Operation interrupted.
[2024-10-23 18:25:10.459702 +0200][Error  ][PostMaster        ][308726] [eoscms-ns-ip700.cern.ch:1098] Forcing error on disconnect: [ERROR] Operation interrupted.
23-Oct-2024 18:30:33 CEST  Closed file root://xrootd-cms.infn.it//store/relval/CMSSW_14_1_0_pre7/RelValTTbar_14TeV/GEN-SIM-RECO/141X_mcRun4_realistic_v1_STD_2026D110_PU-v1/2580000/45570743-aad5-4012-8988-11481880176b.root
23-Oct-2024 18:30:33 CEST  Initiating request to open file root://xrootd-cms.infn.it//store/relval/CMSSW_14_1_0_pre7/RelValTTbar_14TeV/GEN-SIM-RECO/141X_mcRun4_realistic_v1_STD_2026D110_PU-v1/2580000/bfce0f9a-aedb-4461-960f-a363ebd6cd1c.root
23-Oct-2024 18:30:35 CEST  Successfully opened file root://xrootd-cms.infn.it//store/relval/CMSSW_14_1_0_pre7/RelValTTbar_14TeV/GEN-SIM-RECO/141X_mcRun4_realistic_v1_STD_2026D110_PU-v1/2580000/bfce0f9a-aedb-4461-960f-a363ebd6cd1c.root
%MSG-w XrdAdaptorLvl3:  source 23-Oct-2024 18:31:47 CEST PreSource
Deactivating st-096-ii2019bd.cern.ch from active sources because its quality (727) is higher than 260 and 4 times larger than the other active server st-048-90b07efe.cern.ch (176) 
%MSG
[2024-10-23 18:35:48.173744 +0200][Error  ][PostMaster        ][308726] [st-096-100gb-ip304-31834.cern.ch:1095] Forcing error on disconnect: [ERROR] Operation interrupted.
[2024-10-23 18:35:48.493699 +0200][Error  ][PostMaster        ][308726] [p06636710r90783.cern.ch:1095] Forcing error on disconnect: [ERROR] Operation interrupted.
[2024-10-23 18:40:06.423689 +0200][Error  ][PostMaster        ][308726] [eoscms-ns-ip563.cern.ch:1098] Forcing error on disconnect: [ERROR] Operation interrupted.
23-Oct-2024 18:41:52 CEST  Closed file root://xrootd-cms.infn.it//store/relval/CMSSW_14_1_0_pre7/RelValTTbar_14TeV/GEN-SIM-RECO/141X_mcRun4_realistic_v1_STD_2026D110_PU-v1/2580000/bfce0f9a-aedb-4461-960f-a363ebd6cd1c.root
23-Oct-2024 18:41:52 CEST  Initiating request to open file root://xrootd-cms.infn.it//store/relval/CMSSW_14_1_0_pre7/RelValTTbar_14TeV/GEN-SIM-RECO/141X_mcRun4_realistic_v1_STD_2026D110_PU-v1/2580000/a462251f-4e50-4ec6-a9fe-90d8372e319b.root
23-Oct-2024 18:41:54 CEST  Successfully opened file root://xrootd-cms.infn.it//store/relval/CMSSW_14_1_0_pre7/RelValTTbar_14TeV/GEN-SIM-RECO/141X_mcRun4_realistic_v1_STD_2026D110_PU-v1/2580000/a462251f-4e50-4ec6-a9fe-90d8372e319b.root
[2024-10-23 18:46:53.065721 +0200][Error  ][PostMaster        ][308726] [st-096-ii2019bd.cern.ch:1095] Forcing error on disconnect: [ERROR] Operation interrupted.
[2024-10-23 18:46:53.066145 +0200][Error  ][PostMaster        ][308726] [st-048-90b07efe.cern.ch:1095] Forcing error on disconnect: [ERROR] Operation interrupted.
[2024-10-23 18:47:16.724700 +0200][Error  ][PostMaster        ][308726] [eoscms-ns-ip700.cern.ch:1098] Forcing error on disconnect: [ERROR] Operation interrupted.
23-Oct-2024 18:52:46 CEST  Closed file root://xrootd-cms.infn.it//store/relval/CMSSW_14_1_0_pre7/RelValTTbar_14TeV/GEN-SIM-RECO/141X_mcRun4_realistic_v1_STD_2026D110_PU-v1/2580000/a462251f-4e50-4ec6-a9fe-90d8372e319b.root
23-Oct-2024 18:52:46 CEST  Initiating request to open file root://xrootd-cms.infn.it//store/relval/CMSSW_14_1_0_pre7/RelValTTbar_14TeV/GEN-SIM-RECO/141X_mcRun4_realistic_v1_STD_2026D110_PU-v1/2580000/7629b858-9911-4be5-9f05-f2f164c748dc.root
23-Oct-2024 18:52:48 CEST  Successfully opened file root://xrootd-cms.infn.it//store/relval/CMSSW_14_1_0_pre7/RelValTTbar_14TeV/GEN-SIM-RECO/141X_mcRun4_realistic_v1_STD_2026D110_PU-v1/2580000/7629b858-9911-4be5-9f05-f2f164c748dc.root
[2024-10-23 18:58:01.505698 +0200][Error  ][PostMaster        ][308726] [st-096-dd904234.cern.ch:1095] Forcing error on disconnect: [ERROR] Operation interrupted.
[2024-10-23 18:58:01.508648 +0200][Error  ][PostMaster        ][308726] [st-096-dd9063a0.cern.ch:1095] Forcing error on disconnect: [ERROR] Operation interrupted.
[2024-10-23 18:58:09.816813 +0200][Error  ][PostMaster        ][308726] [eoscms-ns-ip700.cern.ch:1098] Forcing error on disconnect: [ERROR] Operation interrupted.
23-Oct-2024 19:04:03 CEST  Closed file root://xrootd-cms.infn.it//store/relval/CMSSW_14_1_0_pre7/RelValTTbar_14TeV/GEN-SIM-RECO/141X_mcRun4_realistic_v1_STD_2026D110_PU-v1/2580000/7629b858-9911-4be5-9f05-f2f164c748dc.root
23-Oct-2024 19:04:03 CEST  Initiating request to open file root://xrootd-cms.infn.it//store/relval/CMSSW_14_1_0_pre7/RelValTTbar_14TeV/GEN-SIM-RECO/141X_mcRun4_realistic_v1_STD_2026D110_PU-v1/2580000/e884391b-e766-4df6-b89b-1518223f0327.root
23-Oct-2024 19:04:05 CEST  Successfully opened file root://xrootd-cms.infn.it//store/relval/CMSSW_14_1_0_pre7/RelValTTbar_14TeV/GEN-SIM-RECO/141X_mcRun4_realistic_v1_STD_2026D110_PU-v1/2580000/e884391b-e766-4df6-b89b-1518223f0327.root
[2024-10-23 19:09:18.432683 +0200][Error  ][PostMaster        ][308726] [st-096-ii2019bd.cern.ch:1095] Forcing error on disconnect: [ERROR] Operation interrupted.
[2024-10-23 19:09:18.967683 +0200][Error  ][PostMaster        ][308726] [st-096-100gb-ip304-27a7f.cern.ch:1095] Forcing error on disconnect: [ERROR] Operation interrupted.
[2024-10-23 19:09:26.975666 +0200][Error  ][PostMaster        ][308726] [eoscms-ns-ip563.cern.ch:1098] Forcing error on disconnect: [ERROR] Operation interrupted.
23-Oct-2024 19:14:55 CEST  Closed file root://xrootd-cms.infn.it//store/relval/CMSSW_14_1_0_pre7/RelValTTbar_14TeV/GEN-SIM-RECO/141X_mcRun4_realistic_v1_STD_2026D110_PU-v1/2580000/e884391b-e766-4df6-b89b-1518223f0327.root
23-Oct-2024 19:14:55 CEST  Initiating request to open file root://xrootd-cms.infn.it//store/relval/CMSSW_14_1_0_pre7/RelValTTbar_14TeV/GEN-SIM-RECO/141X_mcRun4_realistic_v1_STD_2026D110_PU-v1/2580000/022ffcb9-8446-46ad-9f04-7e48e66be96f.root
23-Oct-2024 19:14:57 CEST  Successfully opened file root://xrootd-cms.infn.it//store/relval/CMSSW_14_1_0_pre7/RelValTTbar_14TeV/GEN-SIM-RECO/141X_mcRun4_realistic_v1_STD_2026D110_PU-v1/2580000/022ffcb9-8446-46ad-9f04-7e48e66be96f.root
[2024-10-23 19:20:10.446681 +0200][Error  ][PostMaster        ][308726] [st-096-ii201701.cern.ch:1095] Forcing error on disconnect: [ERROR] Operation interrupted.
[2024-10-23 19:20:10.555681 +0200][Error  ][PostMaster        ][308726] [st-048-cc820ce4.cern.ch:1095] Forcing error on disconnect: [ERROR] Operation interrupted.
[2024-10-23 19:20:19.552676 +0200][Error  ][PostMaster        ][308726] [eoscms-ns-ip563.cern.ch:1098] Forcing error on disconnect: [ERROR] Operation interrupted.
23-Oct-2024 19:25:51 CEST  Closed file root://xrootd-cms.infn.it//store/relval/CMSSW_14_1_0_pre7/RelValTTbar_14TeV/GEN-SIM-RECO/141X_mcRun4_realistic_v1_STD_2026D110_PU-v1/2580000/022ffcb9-8446-46ad-9f04-7e48e66be96f.root
23-Oct-2024 19:25:51 CEST  Initiating request to open file root://xrootd-cms.infn.it//store/relval/CMSSW_14_1_0_pre7/RelValTTbar_14TeV/GEN-SIM-RECO/141X_mcRun4_realistic_v1_STD_2026D110_PU-v1/2580000/544c4ffb-39ee-47bb-9d37-cbbd1652c308.root
23-Oct-2024 19:25:54 CEST  Successfully opened file root://xrootd-cms.infn.it//store/relval/CMSSW_14_1_0_pre7/RelValTTbar_14TeV/GEN-SIM-RECO/141X_mcRun4_realistic_v1_STD_2026D110_PU-v1/2580000/544c4ffb-39ee-47bb-9d37-cbbd1652c308.root
[2024-10-23 19:30:52.155672 +0200][Error  ][PostMaster        ][308726] [st-096-gg50030i.cern.ch:1095] Forcing error on disconnect: [ERROR] Operation interrupted.
[2024-10-23 19:30:52.156138 +0200][Error  ][PostMaster        ][308726] [st-096-hh151911.cern.ch:1095] Forcing error on disconnect: [ERROR] Operation interrupted.
[2024-10-23 19:31:08.424690 +0200][Error  ][PostMaster        ][308726] [eoscms-ns-ip700.cern.ch:1098] Forcing error on disconnect: [ERROR] Operation interrupted.
[2024-10-23 19:31:14.772675 +0200][Error  ][PostMaster        ][308726] [eoscms-ns-ip563.cern.ch:1098] Forcing error on disconnect: [ERROR] Operation interrupted.
23-Oct-2024 19:36:23 CEST  Closed file root://xrootd-cms.infn.it//store/relval/CMSSW_14_1_0_pre7/RelValTTbar_14TeV/GEN-SIM-RECO/141X_mcRun4_realistic_v1_STD_2026D110_PU-v1/2580000/544c4ffb-39ee-47bb-9d37-cbbd1652c308.root
23-Oct-2024 19:36:23 CEST  Initiating request to open file root://xrootd-cms.infn.it//store/relval/CMSSW_14_1_0_pre7/RelValTTbar_14TeV/GEN-SIM-RECO/141X_mcRun4_realistic_v1_STD_2026D110_PU-v1/2580000/d7e586d0-2a4c-4515-9b54-b687652fba6e.root
23-Oct-2024 19:36:25 CEST  Successfully opened file root://xrootd-cms.infn.it//store/relval/CMSSW_14_1_0_pre7/RelValTTbar_14TeV/GEN-SIM-RECO/141X_mcRun4_realistic_v1_STD_2026D110_PU-v1/2580000/d7e586d0-2a4c-4515-9b54-b687652fba6e.root
%MSG-w XrdAdaptorLvl3:  source 23-Oct-2024 19:36:32 CEST PreSource
Deactivating st-096-hh151745.cern.ch from active sources because its quality (331) is higher than 260 and 4 times larger than the other active server st-096-100gb-ip306-40da9.cern.ch (58) 
%MSG
[2024-10-23 19:41:38.624672 +0200][Error  ][PostMaster        ][308726] [st-096-gg561cnv.cern.ch:1095] Forcing error on disconnect: [ERROR] Operation interrupted.
[2024-10-23 19:41:38.929705 +0200][Error  ][PostMaster        ][308726] [st-096-100gb-ip313-4d084.cern.ch:1095] Forcing error on disconnect: [ERROR] Operation interrupted.
[2024-10-23 19:43:37.024699 +0200][Error  ][PostMaster        ][308726] [eoscms-ns-ip563.cern.ch:1098] Forcing error on disconnect: [ERROR] Operation interrupted.
23-Oct-2024 19:47:25 CEST  Closed file root://xrootd-cms.infn.it//store/relval/CMSSW_14_1_0_pre7/RelValTTbar_14TeV/GEN-SIM-RECO/141X_mcRun4_realistic_v1_STD_2026D110_PU-v1/2580000/d7e586d0-2a4c-4515-9b54-b687652fba6e.root
23-Oct-2024 19:47:25 CEST  Initiating request to open file root://xrootd-cms.infn.it//store/relval/CMSSW_14_1_0_pre7/RelValTTbar_14TeV/GEN-SIM-RECO/141X_mcRun4_realistic_v1_STD_2026D110_PU-v1/2580000/1b154a8e-fed4-4b35-9d1e-e9da6f9307f2.root
23-Oct-2024 19:47:28 CEST  Successfully opened file root://xrootd-cms.infn.it//store/relval/CMSSW_14_1_0_pre7/RelValTTbar_14TeV/GEN-SIM-RECO/141X_mcRun4_realistic_v1_STD_2026D110_PU-v1/2580000/1b154a8e-fed4-4b35-9d1e-e9da6f9307f2.root
Begin processing the 1001st record. Run 1, Event 2801, LumiSection 29 on stream 0 at 23-Oct-2024 19:47:35.471 CEST
[2024-10-23 19:52:06.961700 +0200][Error  ][PostMaster        ][308726] [eoscms-ns-ip563.cern.ch:1098] Forcing error on disconnect: [ERROR] Operation interrupted.
[2024-10-23 19:52:26.073693 +0200][Error  ][PostMaster        ][308726] [st-096-hh151745.cern.ch:1095] Forcing error on disconnect: [ERROR] Operation interrupted.
[2024-10-23 19:52:35.159749 +0200][Error  ][PostMaster        ][308726] [eoscms-ns-ip700.cern.ch:1098] Forcing error on disconnect: [ERROR] Operation interrupted.
[2024-10-23 19:52:40.188711 +0200][Error  ][PostMaster        ][308726] [st-096-100gb-ip306-40da9.cern.ch:1095] Forcing error on disconnect: [ERROR] Operation interrupted.
23-Oct-2024 19:58:38 CEST  Closed file root://xrootd-cms.infn.it//store/relval/CMSSW_14_1_0_pre7/RelValTTbar_14TeV/GEN-SIM-RECO/141X_mcRun4_realistic_v1_STD_2026D110_PU-v1/2580000/1b154a8e-fed4-4b35-9d1e-e9da6f9307f2.root
23-Oct-2024 19:58:38 CEST  Initiating request to open file root://xrootd-cms.infn.it//store/relval/CMSSW_14_1_0_pre7/RelValTTbar_14TeV/GEN-SIM-RECO/141X_mcRun4_realistic_v1_STD_2026D110_PU-v1/2580000/3f406359-9f51-4bb4-a8d7-db48b1b5d918.root
23-Oct-2024 19:58:40 CEST  Successfully opened file root://xrootd-cms.infn.it//store/relval/CMSSW_14_1_0_pre7/RelValTTbar_14TeV/GEN-SIM-RECO/141X_mcRun4_realistic_v1_STD_2026D110_PU-v1/2580000/3f406359-9f51-4bb4-a8d7-db48b1b5d918.root
[2024-10-23 20:03:53.433693 +0200][Error  ][PostMaster        ][308726] [st-096-gg500f11.cern.ch:1095] Forcing error on disconnect: [ERROR] Operation interrupted.
[2024-10-23 20:03:53.434210 +0200][Error  ][PostMaster        ][308726] [st-096-100gb-ip308-69665.cern.ch:1095] Forcing error on disconnect: [ERROR] Operation interrupted.
[2024-10-23 20:03:54.479701 +0200][Error  ][PostMaster        ][308726] [eoscms-ns-ip563.cern.ch:1098] Forcing error on disconnect: [ERROR] Operation interrupted.
[2024-10-23 20:04:01.820707 +0200][Error  ][PostMaster        ][308726] [eoscms-ns-ip700.cern.ch:1098] Forcing error on disconnect: [ERROR] Operation interrupted.
23-Oct-2024 20:09:52 CEST  Closed file root://xrootd-cms.infn.it//store/relval/CMSSW_14_1_0_pre7/RelValTTbar_14TeV/GEN-SIM-RECO/141X_mcRun4_realistic_v1_STD_2026D110_PU-v1/2580000/3f406359-9f51-4bb4-a8d7-db48b1b5d918.root
23-Oct-2024 20:09:52 CEST  Initiating request to open file root://xrootd-cms.infn.it//store/relval/CMSSW_14_1_0_pre7/RelValTTbar_14TeV/GEN-SIM-RECO/141X_mcRun4_realistic_v1_STD_2026D110_PU-v1/2580000/26b16f9b-8210-46dd-b7a6-9ffec1531638.root
23-Oct-2024 20:09:54 CEST  Successfully opened file root://xrootd-cms.infn.it//store/relval/CMSSW_14_1_0_pre7/RelValTTbar_14TeV/GEN-SIM-RECO/141X_mcRun4_realistic_v1_STD_2026D110_PU-v1/2580000/26b16f9b-8210-46dd-b7a6-9ffec1531638.root
[2024-10-23 20:15:07.824682 +0200][Error  ][PostMaster        ][308726] [st-096-ii201d18.cern.ch:1095] Forcing error on disconnect: [ERROR] Operation interrupted.
[2024-10-23 20:15:07.825173 +0200][Error  ][PostMaster        ][308726] [st-096-ff809e4a.cern.ch:1095] Forcing error on disconnect: [ERROR] Operation interrupted.
[2024-10-23 20:15:08.397701 +0200][Error  ][PostMaster        ][308726] [eoscms-ns-ip563.cern.ch:1098] Forcing error on disconnect: [ERROR] Operation interrupted.
[2024-10-23 20:15:16.405678 +0200][Error  ][PostMaster        ][308726] [eoscms-ns-ip700.cern.ch:1098] Forcing error on disconnect: [ERROR] Operation interrupted.
23-Oct-2024 20:20:44 CEST  Closed file root://xrootd-cms.infn.it//store/relval/CMSSW_14_1_0_pre7/RelValTTbar_14TeV/GEN-SIM-RECO/141X_mcRun4_realistic_v1_STD_2026D110_PU-v1/2580000/26b16f9b-8210-46dd-b7a6-9ffec1531638.root
23-Oct-2024 20:20:44 CEST  Initiating request to open file root://xrootd-cms.infn.it//store/relval/CMSSW_14_1_0_pre7/RelValTTbar_14TeV/GEN-SIM-RECO/141X_mcRun4_realistic_v1_STD_2026D110_PU-v1/2580000/6a8ff7cf-e6d2-4246-819b-45ae001f1df4.root
23-Oct-2024 20:20:47 CEST  Successfully opened file root://xrootd-cms.infn.it//store/relval/CMSSW_14_1_0_pre7/RelValTTbar_14TeV/GEN-SIM-RECO/141X_mcRun4_realistic_v1_STD_2026D110_PU-v1/2580000/6a8ff7cf-e6d2-4246-819b-45ae001f1df4.root
slurmstepd: error: *** JOB 494756 ON t3wn60 CANCELLED AT 2024-10-23T20:22:47 ***
