HOME: /t3home/msaxer
USER: msaxer
SLURM_JOB_ID: 833552
HOSTNAME: t3wn72
CMSSW RELEASE BASE  /cvmfs/cms.cern.ch/slc7_amd64_gcc12/cms/cmssw/CMSSW_14_2_0_pre4
%MSG-i AlpakaService:  (NoModuleName) 14-Mar-2025 14:15:03 CET pre-events
AlpakaServiceSerialSync succesfully initialised.
Found 1 device:
  - AMD EPYC 7702P 64-Core Processor
%MSG
14-Mar-2025 14:15:09 CET  Initiating request to open file root://t3dcachedb.psi.ch:1094///pnfs/psi.ch/cms/trivcat/store/user/werdmann/store/relval/CMSSW_14_2_0_pre4/RelValTTbar_14TeV/GEN-SIM-RECO/PU_141X_mcRun4_realistic_v3_STD_2026D110_PU-v2/2590000/7fdaaa50-5863-4108-b350-12036bf29ad0.root
14-Mar-2025 14:15:38 CET  Successfully opened file root://t3dcachedb.psi.ch:1094///pnfs/psi.ch/cms/trivcat/store/user/werdmann/store/relval/CMSSW_14_2_0_pre4/RelValTTbar_14TeV/GEN-SIM-RECO/PU_141X_mcRun4_realistic_v3_STD_2026D110_PU-v2/2590000/7fdaaa50-5863-4108-b350-12036bf29ad0.root
Begin processing the 1st record. Run 1, Event 6701, LumiSection 68 on stream 0 at 14-Mar-2025 14:15:50.789 CET
[2025-03-14 14:35:11.032636 +0100][Error  ][PostMaster        ][49545] [xrootd-cms.infn.it:1094] Forcing error on disconnect: [ERROR] Operation interrupted.
14-Mar-2025 15:23:05 CET  Closed file root://t3dcachedb.psi.ch:1094///pnfs/psi.ch/cms/trivcat/store/user/werdmann/store/relval/CMSSW_14_2_0_pre4/RelValTTbar_14TeV/GEN-SIM-RECO/PU_141X_mcRun4_realistic_v3_STD_2026D110_PU-v2/2590000/7fdaaa50-5863-4108-b350-12036bf29ad0.root
14-Mar-2025 15:23:05 CET  Initiating request to open file root://t3dcachedb.psi.ch:1094///pnfs/psi.ch/cms/trivcat/store/user/werdmann/store/relval/CMSSW_14_2_0_pre4/RelValTTbar_14TeV/GEN-SIM-RECO/PU_141X_mcRun4_realistic_v3_STD_2026D110_PU-v2/2590000/5211ea53-d2cd-4f1e-b7ea-8b7c48ee827a.root
14-Mar-2025 15:23:07 CET  Successfully opened file root://t3dcachedb.psi.ch:1094///pnfs/psi.ch/cms/trivcat/store/user/werdmann/store/relval/CMSSW_14_2_0_pre4/RelValTTbar_14TeV/GEN-SIM-RECO/PU_141X_mcRun4_realistic_v3_STD_2026D110_PU-v2/2590000/5211ea53-d2cd-4f1e-b7ea-8b7c48ee827a.root
[2025-03-14 15:28:06.109572 +0100][Error  ][PostMaster        ][49545] [t3fs02.psi.ch:22358] Forcing error on disconnect: [ERROR] Operation interrupted.
14-Mar-2025 16:24:35 CET  Closed file root://t3dcachedb.psi.ch:1094///pnfs/psi.ch/cms/trivcat/store/user/werdmann/store/relval/CMSSW_14_2_0_pre4/RelValTTbar_14TeV/GEN-SIM-RECO/PU_141X_mcRun4_realistic_v3_STD_2026D110_PU-v2/2590000/5211ea53-d2cd-4f1e-b7ea-8b7c48ee827a.root
14-Mar-2025 16:24:35 CET  Initiating request to open file root://t3dcachedb.psi.ch:1094///pnfs/psi.ch/cms/trivcat/store/user/werdmann/store/relval/CMSSW_14_2_0_pre4/RelValTTbar_14TeV/GEN-SIM-RECO/PU_141X_mcRun4_realistic_v3_STD_2026D110_PU-v2/2590000/0c34fdf2-774c-4da4-8676-bfd61ef7cffd.root
14-Mar-2025 16:24:36 CET  Successfully opened file root://t3dcachedb.psi.ch:1094///pnfs/psi.ch/cms/trivcat/store/user/werdmann/store/relval/CMSSW_14_2_0_pre4/RelValTTbar_14TeV/GEN-SIM-RECO/PU_141X_mcRun4_realistic_v3_STD_2026D110_PU-v2/2590000/0c34fdf2-774c-4da4-8676-bfd61ef7cffd.root
[2025-03-14 16:29:50.828595 +0100][Error  ][PostMaster        ][49545] [t3fs01.psi.ch:20194] Forcing error on disconnect: [ERROR] Operation interrupted.
14-Mar-2025 17:29:35 CET  Closed file root://t3dcachedb.psi.ch:1094///pnfs/psi.ch/cms/trivcat/store/user/werdmann/store/relval/CMSSW_14_2_0_pre4/RelValTTbar_14TeV/GEN-SIM-RECO/PU_141X_mcRun4_realistic_v3_STD_2026D110_PU-v2/2590000/0c34fdf2-774c-4da4-8676-bfd61ef7cffd.root
14-Mar-2025 17:29:35 CET  Initiating request to open file root://t3dcachedb.psi.ch:1094///pnfs/psi.ch/cms/trivcat/store/user/werdmann/store/relval/CMSSW_14_2_0_pre4/RelValTTbar_14TeV/GEN-SIM-RECO/PU_141X_mcRun4_realistic_v3_STD_2026D110_PU-v2/2590000/e5d805f2-3e83-477a-9b65-ebba57e74b52.root
14-Mar-2025 17:29:36 CET  Successfully opened file root://t3dcachedb.psi.ch:1094///pnfs/psi.ch/cms/trivcat/store/user/werdmann/store/relval/CMSSW_14_2_0_pre4/RelValTTbar_14TeV/GEN-SIM-RECO/PU_141X_mcRun4_realistic_v3_STD_2026D110_PU-v2/2590000/e5d805f2-3e83-477a-9b65-ebba57e74b52.root
[2025-03-14 17:34:50.968581 +0100][Error  ][PostMaster        ][49545] [t3fs02.psi.ch:22358] Forcing error on disconnect: [ERROR] Operation interrupted.
14-Mar-2025 18:40:08 CET  Closed file root://t3dcachedb.psi.ch:1094///pnfs/psi.ch/cms/trivcat/store/user/werdmann/store/relval/CMSSW_14_2_0_pre4/RelValTTbar_14TeV/GEN-SIM-RECO/PU_141X_mcRun4_realistic_v3_STD_2026D110_PU-v2/2590000/e5d805f2-3e83-477a-9b65-ebba57e74b52.root
14-Mar-2025 18:40:08 CET  Initiating request to open file root://t3dcachedb.psi.ch:1094///pnfs/psi.ch/cms/trivcat/store/user/werdmann/store/relval/CMSSW_14_2_0_pre4/RelValTTbar_14TeV/GEN-SIM-RECO/PU_141X_mcRun4_realistic_v3_STD_2026D110_PU-v2/2590000/36db064e-7f57-490e-80f9-39310c13e3ea.root
14-Mar-2025 18:40:09 CET  Successfully opened file root://t3dcachedb.psi.ch:1094///pnfs/psi.ch/cms/trivcat/store/user/werdmann/store/relval/CMSSW_14_2_0_pre4/RelValTTbar_14TeV/GEN-SIM-RECO/PU_141X_mcRun4_realistic_v3_STD_2026D110_PU-v2/2590000/36db064e-7f57-490e-80f9-39310c13e3ea.root
[2025-03-14 18:45:09.029588 +0100][Error  ][PostMaster        ][49545] [t3fs07.psi.ch:23060] Forcing error on disconnect: [ERROR] Operation interrupted.
14-Mar-2025 19:38:16 CET  Closed file root://t3dcachedb.psi.ch:1094///pnfs/psi.ch/cms/trivcat/store/user/werdmann/store/relval/CMSSW_14_2_0_pre4/RelValTTbar_14TeV/GEN-SIM-RECO/PU_141X_mcRun4_realistic_v3_STD_2026D110_PU-v2/2590000/36db064e-7f57-490e-80f9-39310c13e3ea.root
14-Mar-2025 19:38:16 CET  Initiating request to open file root://t3dcachedb.psi.ch:1094///pnfs/psi.ch/cms/trivcat/store/user/werdmann/store/relval/CMSSW_14_2_0_pre4/RelValTTbar_14TeV/GEN-SIM-RECO/PU_141X_mcRun4_realistic_v3_STD_2026D110_PU-v2/2590000/a00553ad-3a11-4010-a8d2-79e54a25295c.root
14-Mar-2025 19:38:17 CET  Successfully opened file root://t3dcachedb.psi.ch:1094///pnfs/psi.ch/cms/trivcat/store/user/werdmann/store/relval/CMSSW_14_2_0_pre4/RelValTTbar_14TeV/GEN-SIM-RECO/PU_141X_mcRun4_realistic_v3_STD_2026D110_PU-v2/2590000/a00553ad-3a11-4010-a8d2-79e54a25295c.root
14-Mar-2025 20:32:08 CET  Closed file root://t3dcachedb.psi.ch:1094///pnfs/psi.ch/cms/trivcat/store/user/werdmann/store/relval/CMSSW_14_2_0_pre4/RelValTTbar_14TeV/GEN-SIM-RECO/PU_141X_mcRun4_realistic_v3_STD_2026D110_PU-v2/2590000/a00553ad-3a11-4010-a8d2-79e54a25295c.root
14-Mar-2025 20:32:08 CET  Initiating request to open file root://t3dcachedb.psi.ch:1094///pnfs/psi.ch/cms/trivcat/store/user/werdmann/store/relval/CMSSW_14_2_0_pre4/RelValTTbar_14TeV/GEN-SIM-RECO/PU_141X_mcRun4_realistic_v3_STD_2026D110_PU-v2/2590000/adacaf3b-257e-4b72-83db-c2e7ce3b1d92.root
14-Mar-2025 20:32:09 CET  Successfully opened file root://t3dcachedb.psi.ch:1094///pnfs/psi.ch/cms/trivcat/store/user/werdmann/store/relval/CMSSW_14_2_0_pre4/RelValTTbar_14TeV/GEN-SIM-RECO/PU_141X_mcRun4_realistic_v3_STD_2026D110_PU-v2/2590000/adacaf3b-257e-4b72-83db-c2e7ce3b1d92.root
[2025-03-14 20:37:09.006563 +0100][Error  ][PostMaster        ][49545] [t3fs02.psi.ch:22358] Forcing error on disconnect: [ERROR] Operation interrupted.
14-Mar-2025 21:30:27 CET  Closed file root://t3dcachedb.psi.ch:1094///pnfs/psi.ch/cms/trivcat/store/user/werdmann/store/relval/CMSSW_14_2_0_pre4/RelValTTbar_14TeV/GEN-SIM-RECO/PU_141X_mcRun4_realistic_v3_STD_2026D110_PU-v2/2590000/adacaf3b-257e-4b72-83db-c2e7ce3b1d92.root
14-Mar-2025 21:30:27 CET  Initiating request to open file root://t3dcachedb.psi.ch:1094///pnfs/psi.ch/cms/trivcat/store/user/werdmann/store/relval/CMSSW_14_2_0_pre4/RelValTTbar_14TeV/GEN-SIM-RECO/PU_141X_mcRun4_realistic_v3_STD_2026D110_PU-v2/2590000/8d7bc027-7fe3-435e-be21-7efe21805a34.root
14-Mar-2025 21:30:29 CET  Successfully opened file root://t3dcachedb.psi.ch:1094///pnfs/psi.ch/cms/trivcat/store/user/werdmann/store/relval/CMSSW_14_2_0_pre4/RelValTTbar_14TeV/GEN-SIM-RECO/PU_141X_mcRun4_realistic_v3_STD_2026D110_PU-v2/2590000/8d7bc027-7fe3-435e-be21-7efe21805a34.root
[2025-03-14 21:35:28.276587 +0100][Error  ][PostMaster        ][49545] [t3fs07.psi.ch:23060] Forcing error on disconnect: [ERROR] Operation interrupted.
14-Mar-2025 22:28:38 CET  Closed file root://t3dcachedb.psi.ch:1094///pnfs/psi.ch/cms/trivcat/store/user/werdmann/store/relval/CMSSW_14_2_0_pre4/RelValTTbar_14TeV/GEN-SIM-RECO/PU_141X_mcRun4_realistic_v3_STD_2026D110_PU-v2/2590000/8d7bc027-7fe3-435e-be21-7efe21805a34.root
14-Mar-2025 22:28:38 CET  Initiating request to open file root://t3dcachedb.psi.ch:1094///pnfs/psi.ch/cms/trivcat/store/user/werdmann/store/relval/CMSSW_14_2_0_pre4/RelValTTbar_14TeV/GEN-SIM-RECO/PU_141X_mcRun4_realistic_v3_STD_2026D110_PU-v2/2590000/dfc58a85-ee6a-424b-93d0-62e2a91f07c0.root
14-Mar-2025 22:28:39 CET  Successfully opened file root://t3dcachedb.psi.ch:1094///pnfs/psi.ch/cms/trivcat/store/user/werdmann/store/relval/CMSSW_14_2_0_pre4/RelValTTbar_14TeV/GEN-SIM-RECO/PU_141X_mcRun4_realistic_v3_STD_2026D110_PU-v2/2590000/dfc58a85-ee6a-424b-93d0-62e2a91f07c0.root
[2025-03-14 22:33:53.353565 +0100][Error  ][PostMaster        ][49545] [t3fs02.psi.ch:22358] Forcing error on disconnect: [ERROR] Operation interrupted.
14-Mar-2025 23:19:16 CET  Closed file root://t3dcachedb.psi.ch:1094///pnfs/psi.ch/cms/trivcat/store/user/werdmann/store/relval/CMSSW_14_2_0_pre4/RelValTTbar_14TeV/GEN-SIM-RECO/PU_141X_mcRun4_realistic_v3_STD_2026D110_PU-v2/2590000/dfc58a85-ee6a-424b-93d0-62e2a91f07c0.root
14-Mar-2025 23:19:16 CET  Initiating request to open file root://t3dcachedb.psi.ch:1094///pnfs/psi.ch/cms/trivcat/store/user/werdmann/store/relval/CMSSW_14_2_0_pre4/RelValTTbar_14TeV/GEN-SIM-RECO/PU_141X_mcRun4_realistic_v3_STD_2026D110_PU-v2/2590000/4b01730a-f29c-4a6d-9545-b6b486c8d06e.root
14-Mar-2025 23:19:17 CET  Successfully opened file root://t3dcachedb.psi.ch:1094///pnfs/psi.ch/cms/trivcat/store/user/werdmann/store/relval/CMSSW_14_2_0_pre4/RelValTTbar_14TeV/GEN-SIM-RECO/PU_141X_mcRun4_realistic_v3_STD_2026D110_PU-v2/2590000/4b01730a-f29c-4a6d-9545-b6b486c8d06e.root
[2025-03-14 23:24:31.525597 +0100][Error  ][PostMaster        ][49545] [t3fs07.psi.ch:23060] Forcing error on disconnect: [ERROR] Operation interrupted.
15-Mar-2025 00:12:38 CET  Closed file root://t3dcachedb.psi.ch:1094///pnfs/psi.ch/cms/trivcat/store/user/werdmann/store/relval/CMSSW_14_2_0_pre4/RelValTTbar_14TeV/GEN-SIM-RECO/PU_141X_mcRun4_realistic_v3_STD_2026D110_PU-v2/2590000/4b01730a-f29c-4a6d-9545-b6b486c8d06e.root
15-Mar-2025 00:12:38 CET  Initiating request to open file root://t3dcachedb.psi.ch:1094///pnfs/psi.ch/cms/trivcat/store/user/werdmann/store/relval/CMSSW_14_2_0_pre4/RelValTTbar_14TeV/GEN-SIM-RECO/PU_141X_mcRun4_realistic_v3_STD_2026D110_PU-v2/2590000/b80b4890-f6d6-456b-b845-681ca9d7ccd4.root
15-Mar-2025 00:12:39 CET  Successfully opened file root://t3dcachedb.psi.ch:1094///pnfs/psi.ch/cms/trivcat/store/user/werdmann/store/relval/CMSSW_14_2_0_pre4/RelValTTbar_14TeV/GEN-SIM-RECO/PU_141X_mcRun4_realistic_v3_STD_2026D110_PU-v2/2590000/b80b4890-f6d6-456b-b845-681ca9d7ccd4.root
Begin processing the 1001st record. Run 1, Event 601, LumiSection 7 on stream 0 at 15-Mar-2025 00:12:43.636 CET
[2025-03-15 00:17:53.596596 +0100][Error  ][PostMaster        ][49545] [t3fs02.psi.ch:22358] Forcing error on disconnect: [ERROR] Operation interrupted.
15-Mar-2025 00:59:12 CET  Closed file root://t3dcachedb.psi.ch:1094///pnfs/psi.ch/cms/trivcat/store/user/werdmann/store/relval/CMSSW_14_2_0_pre4/RelValTTbar_14TeV/GEN-SIM-RECO/PU_141X_mcRun4_realistic_v3_STD_2026D110_PU-v2/2590000/b80b4890-f6d6-456b-b845-681ca9d7ccd4.root
15-Mar-2025 00:59:12 CET  Initiating request to open file root://t3dcachedb.psi.ch:1094///pnfs/psi.ch/cms/trivcat/store/user/werdmann/store/relval/CMSSW_14_2_0_pre4/RelValTTbar_14TeV/GEN-SIM-RECO/PU_141X_mcRun4_realistic_v3_STD_2026D110_PU-v2/2590000/6cd398d2-51f8-4cd9-9e16-92e3e14d61e8.root
15-Mar-2025 00:59:13 CET  Successfully opened file root://t3dcachedb.psi.ch:1094///pnfs/psi.ch/cms/trivcat/store/user/werdmann/store/relval/CMSSW_14_2_0_pre4/RelValTTbar_14TeV/GEN-SIM-RECO/PU_141X_mcRun4_realistic_v3_STD_2026D110_PU-v2/2590000/6cd398d2-51f8-4cd9-9e16-92e3e14d61e8.root
[2025-03-15 01:04:27.628605 +0100][Error  ][PostMaster        ][49545] [t3fs10.psi.ch:23195] Forcing error on disconnect: [ERROR] Operation interrupted.
15-Mar-2025 01:51:36 CET  Closed file root://t3dcachedb.psi.ch:1094///pnfs/psi.ch/cms/trivcat/store/user/werdmann/store/relval/CMSSW_14_2_0_pre4/RelValTTbar_14TeV/GEN-SIM-RECO/PU_141X_mcRun4_realistic_v3_STD_2026D110_PU-v2/2590000/6cd398d2-51f8-4cd9-9e16-92e3e14d61e8.root
15-Mar-2025 01:51:36 CET  Initiating request to open file root://t3dcachedb.psi.ch:1094///pnfs/psi.ch/cms/trivcat/store/user/werdmann/store/relval/CMSSW_14_2_0_pre4/RelValTTbar_14TeV/GEN-SIM-RECO/PU_141X_mcRun4_realistic_v3_STD_2026D110_PU-v2/2590000/dd6c3876-6a4b-454a-b96e-116f65eed88c.root
15-Mar-2025 01:51:37 CET  Successfully opened file root://t3dcachedb.psi.ch:1094///pnfs/psi.ch/cms/trivcat/store/user/werdmann/store/relval/CMSSW_14_2_0_pre4/RelValTTbar_14TeV/GEN-SIM-RECO/PU_141X_mcRun4_realistic_v3_STD_2026D110_PU-v2/2590000/dd6c3876-6a4b-454a-b96e-116f65eed88c.root
[2025-03-15 01:56:37.043564 +0100][Error  ][PostMaster        ][49545] [t3fs02.psi.ch:22358] Forcing error on disconnect: [ERROR] Operation interrupted.
slurmstepd: error: *** JOB 833552 ON t3wn72 CANCELLED AT 2025-03-15T02:14:53 DUE TO TIME LIMIT ***
