HOME: /t3home/msaxer
USER: msaxer
SLURM_JOB_ID: 485997
HOSTNAME: t3wn30
CMSSW RELEASE BASE  /cvmfs/cms.cern.ch/slc7_amd64_gcc12/cms/cmssw/CMSSW_14_1_0_pre7
%MSG-i AlpakaService:  (NoModuleName) 23-Oct-2024 12:59:52 CEST pre-events
AlpakaServiceSerialSync succesfully initialised.
Found 1 device:
  - Intel(R) Xeon(R) CPU E5-2670 0 @ 2.60GHz
%MSG
23-Oct-2024 13:00:01 CEST  Initiating request to open file root://xrootd-cms.infn.it//store/relval/CMSSW_14_1_0_pre7/RelValTTbar_14TeV/GEN-SIM-RECO/141X_mcRun4_realistic_v1_STD_2026D110_PU-v1/2580000/7629b858-9911-4be5-9f05-f2f164c748dc.root
23-Oct-2024 13:00:31 CEST  Successfully opened file root://xrootd-cms.infn.it//store/relval/CMSSW_14_1_0_pre7/RelValTTbar_14TeV/GEN-SIM-RECO/141X_mcRun4_realistic_v1_STD_2026D110_PU-v1/2580000/7629b858-9911-4be5-9f05-f2f164c748dc.root
%MSG-w XrdAdaptorLvl3:  source 23-Oct-2024 13:00:46 CEST PreSource
Deactivating st-096-100gb-ip304-27a7f.cern.ch from active sources because its quality (839) is higher than 260 and 4 times larger than the other active server st-096-ii2019bd.cern.ch (71) 
%MSG
Begin processing the 1st record. Run 1, Event 1101, LumiSection 12 on stream 0 at 23-Oct-2024 13:00:46.178 CEST
23-Oct-2024 13:11:06 CEST  Closed file root://xrootd-cms.infn.it//store/relval/CMSSW_14_1_0_pre7/RelValTTbar_14TeV/GEN-SIM-RECO/141X_mcRun4_realistic_v1_STD_2026D110_PU-v1/2580000/7629b858-9911-4be5-9f05-f2f164c748dc.root
TestAnalyzer::endJob: done
TimeReport> Time report complete in 702.115 seconds
 Time Summary: 
 - Min event:   3.57597
 - Max event:   27.3528
 - Avg event:   5.04224
 - Total loop:  622.801
 - Total init:  79.1745
 - Total job:   702.115
 - Total EventSetup: 20.7867
 - Total non-module: 4.85542
 Event Throughput: 0.160565 ev/s
 CPU Summary: 
 - Total loop:     415.792
 - Total init:     65.7211
 - Total extra:    0
 - Total children: 0.135968
 - Total job:      481.607
 Processing Summary: 
 - Number of Events:  100
 - Number of Global Begin Lumi Calls:  1
 - Number of Global Begin Run Calls: 1


TrigReport ---------- Event  Summary ------------
TrigReport Events total = 100 passed = 100 failed = 0

TrigReport ---------- Path   Summary ------------
TrigReport  Trig Bit#   Executed     Passed     Failed      Error Name
TrigReport     1    0        100        100          0          0 MPV
TrigReport     1    1        100        100          0          0 analyze


TrigReport -------End-Path   Summary ------------
TrigReport  Trig Bit#   Executed     Passed     Failed      Error Name


TrigReport ---------- Modules in Path: MPV ------------
TrigReport  Trig Bit#    Visited     Passed     Failed      Error Name
TrigReport     1    0        100        100          0          0 testVertices


TrigReport ---------- Modules in Path: analyze ------------
TrigReport  Trig Bit#    Visited     Passed     Failed      Error Name
TrigReport     1    0        100        100          0          0 tpClusterProducer
TrigReport     1    1        100        100          0          0 quickTrackAssociatorByHits
TrigReport     1    2        100        100          0          0 trackingParticleRecoTrackAsssociation
TrigReport     1    3        100        100          0          0 oldVertexAnalysis


TrigReport ---------- Module Summary ------------
TrigReport    Visited   Executed     Passed     Failed      Error Name
TrigReport        100        100        100          0          0 MPV
TrigReport        100        100        100          0          0 TriggerResults
TrigReport        100        100        100          0          0 analyze
TrigReport        100        100        100          0          0 oldVertexAnalysis
TrigReport        100        100        100          0          0 quickTrackAssociatorByHits
TrigReport        100        100        100          0          0 testVertices
TrigReport        100        100        100          0          0 tpClusterProducer
TrigReport        100        100        100          0          0 trackingParticleRecoTrackAsssociation


TimeReport ---------- Event  Summary ---[sec]----
TimeReport       event loop CPU/event = 4.157989
TimeReport      event loop Real/event = 6.228075
TimeReport     sum Streams Real/event = 6.176300
TimeReport efficiency CPU/Real/thread = 0.667620

TimeReport ---------- Path   Summary ---[Real sec]----
TimeReport  per event     per exec  Name
TimeReport   5.039947     5.039947  MPV
TimeReport   5.042208     5.042208  analyze

TimeReport  per event     per exec  Name

TimeReport -------End-Path   Summary ---[Real sec]----
TimeReport  per event     per exec  Name

TimeReport  per event     per exec  Name

TimeReport ---------- Modules in Path: MPV ---[Real sec]----
TimeReport  per event    per visit  Name
TimeReport   0.421587     0.421587  testVertices


TimeReport ---------- Modules in Path: analyze ---[Real sec]----
TimeReport  per event    per visit  Name
TimeReport   1.405895     1.405895  tpClusterProducer
TimeReport   0.000018     0.000018  quickTrackAssociatorByHits
TimeReport   0.274088     0.274088  trackingParticleRecoTrackAsssociation
TimeReport   0.184486     0.184486  oldVertexAnalysis

TimeReport  per event    per visit  Name

TimeReport ---------- Module Summary ---[Real sec]----
TimeReport  per event     per exec    per visit  Name
TimeReport   0.000002     0.000002     0.000002  MPV
TimeReport   0.000003     0.000003     0.000003  TriggerResults
TimeReport   0.000014     0.000014     0.000014  analyze
TimeReport   0.184486     0.184486     0.184486  oldVertexAnalysis
TimeReport   0.000018     0.000018     0.000018  quickTrackAssociatorByHits
TimeReport   0.421587     0.421587     0.421587  testVertices
TimeReport   1.405895     1.405895     1.405895  tpClusterProducer
TimeReport   0.274088     0.274088     0.274088  trackingParticleRecoTrackAsssociation

TimeReport  per event     per exec    per visit  Name

T---Report end!


