HOME: /t3home/msaxer
USER: msaxer
SLURM_JOB_ID: 699639
HOSTNAME: t3wn70
CMSSW RELEASE BASE  /cvmfs/cms.cern.ch/slc7_amd64_gcc12/cms/cmssw/CMSSW_14_2_0_pre4
%MSG-i AlpakaService:  (NoModuleName) 07-Mar-2025 15:45:24 CET pre-events
AlpakaServiceSerialSync succesfully initialised.
Found 1 device:
  - AMD EPYC 7702P 64-Core Processor
%MSG
07-Mar-2025 15:45:29 CET  Initiating request to open file root://t3dcachedb.psi.ch:1094///pnfs/psi.ch/cms/trivcat/store/user/werdmann/store/relval/CMSSW_14_2_0_pre4/RelValTTbar_14TeV/GEN-SIM-RECO/PU_141X_mcRun4_realistic_v3_STD_2026D110_PU-v2/2590000/7fdaaa50-5863-4108-b350-12036bf29ad0.root
07-Mar-2025 15:45:45 CET  Successfully opened file root://t3dcachedb.psi.ch:1094///pnfs/psi.ch/cms/trivcat/store/user/werdmann/store/relval/CMSSW_14_2_0_pre4/RelValTTbar_14TeV/GEN-SIM-RECO/PU_141X_mcRun4_realistic_v3_STD_2026D110_PU-v2/2590000/7fdaaa50-5863-4108-b350-12036bf29ad0.root
Begin processing the 1st record. Run 1, Event 6701, LumiSection 68 on stream 0 at 07-Mar-2025 15:45:50.363 CET
07-Mar-2025 15:51:18 CET  Closed file root://t3dcachedb.psi.ch:1094///pnfs/psi.ch/cms/trivcat/store/user/werdmann/store/relval/CMSSW_14_2_0_pre4/RelValTTbar_14TeV/GEN-SIM-RECO/PU_141X_mcRun4_realistic_v3_STD_2026D110_PU-v2/2590000/7fdaaa50-5863-4108-b350-12036bf29ad0.root
07-Mar-2025 15:51:18 CET  Initiating request to open file root://t3dcachedb.psi.ch:1094///pnfs/psi.ch/cms/trivcat/store/user/werdmann/store/relval/CMSSW_14_2_0_pre4/RelValTTbar_14TeV/GEN-SIM-RECO/PU_141X_mcRun4_realistic_v3_STD_2026D110_PU-v2/2590000/5211ea53-d2cd-4f1e-b7ea-8b7c48ee827a.root
[2025-03-07 15:52:04.586490 +0100][Error  ][AsyncSock         ][29291] [t3fs01.psi.ch:23396.0] Socket error while handshaking: [ERROR] Socket timeout
[2025-03-07 15:52:04.587078 +0100][Error  ][PostMaster        ][29291] [t3fs01.psi.ch:23396] elapsed = 45, pConnectionWindow = 31 seconds.
[2025-03-07 15:52:49.625453 +0100][Error  ][AsyncSock         ][29291] [t3fs01.psi.ch:23396.0] Socket error while handshaking: [ERROR] Socket timeout
[2025-03-07 15:52:49.625938 +0100][Error  ][PostMaster        ][29291] [t3fs01.psi.ch:23396] elapsed = 45, pConnectionWindow = 31 seconds.
[2025-03-07 15:52:49.625977 +0100][Error  ][PostMaster        ][29291] [t3fs01.psi.ch:23396] Unable to recover: [ERROR] Socket timeout.
[2025-03-07 15:52:49.626003 +0100][Error  ][XRootD            ][29291] [t3fs01.psi.ch:23396] Impossible to send message kXR_open (file: /pnfs/psi.ch/cms/trivcat/store/user/werdmann/store/relval/CMSSW_14_2_0_pre4/RelValTTbar_14TeV/GEN-SIM-RECO/PU_141X_mcRun4_realistic_v3_STD_2026D110_PU-v2/2590000/5211ea53-d2cd-4f1e-b7ea-8b7c48ee827a.root?org.dcache.uuid=14ef4701-111e-4352-8183-0068bc1504a3&org.dcache.xrootd.client=msaxer.29291@t3wn70.psi.ch&xrd.logintoken=org.dcache.door=t3dcachedb03.psi.ch:1094, mode: 0660, flags: kXR_open_read kXR_async kXR_retstat ). Trying to recover.
[2025-03-07 15:52:49.849428 +0100][Warning][XRootD            ][29291] [t3dcachedb.psi.ch:1094] Redirect limit has been reached for message kXR_open (file: /pnfs/psi.ch/cms/trivcat/store/user/werdmann/store/relval/CMSSW_14_2_0_pre4/RelValTTbar_14TeV/GEN-SIM-RECO/PU_141X_mcRun4_realistic_v3_STD_2026D110_PU-v2/2590000/5211ea53-d2cd-4f1e-b7ea-8b7c48ee827a.root?org.dcache.uuid=057bd03d-2e29-4781-9927-f41701cc5e91&org.dcache.xrootd.client=msaxer.29291@t3wn70.psi.ch&tried=t3fs01.psi.ch,t3fs01.psi.ch,t3fs01.psi.ch,t3fs01.psi.ch,t3fs01.psi.ch,t3fs01.psi.ch,t3fs01.psi.ch,t3fs01.psi.ch,t3fs01.psi.ch,t3fs01.psi.ch,t3fs01.psi.ch,t3fs01.psi.ch,t3fs01.psi.ch,t3fs01.psi.ch,t3fs01.psi.ch,t3fs01.psi.ch&triedrc=srverr,srverr,srverr,srverr,srverr,srverr,srverr,srverr,srverr,srverr,srverr,srverr,srverr,srverr,srverr,srverr&xrd.logintoken=org.dcache.door=t3dcachedb03.psi.ch:1094, mode: 0660, flags: kXR_open_read kXR_async kXR_retstat ), the last known error is: [FATAL] Socket timeout
[2025-03-07 15:52:49.857883 +0100][Warning][XRootD            ][29291] Redirect trace-back:
[2025-03-07 15:52:49.857883 +0100][Warning][XRootD            ][29291] 	0. Redirected from: root://t3dcachedb.psi.ch:1094//pnfs/psi.ch/cms/trivcat/store/user/werdmann/store/relval/CMSSW_14_2_0_pre4/RelValTTbar_14TeV/GEN-SIM-RECO/PU_141X_mcRun4_realistic_v3_STD_2026D110_PU-v2/2590000/5211ea53-d2cd-4f1e-b7ea-8b7c48ee827a.root to: root://t3fs01.psi.ch:23396/
[2025-03-07 15:52:49.857883 +0100][Warning][XRootD            ][29291] 	1. Retrying: root://t3dcachedb.psi.ch:1094//pnfs/psi.ch/cms/trivcat/store/user/werdmann/store/relval/CMSSW_14_2_0_pre4/RelValTTbar_14TeV/GEN-SIM-RECO/PU_141X_mcRun4_realistic_v3_STD_2026D110_PU-v2/2590000/5211ea53-d2cd-4f1e-b7ea-8b7c48ee827a.root
[2025-03-07 15:52:49.857883 +0100][Warning][XRootD            ][29291] 	2. Redirected from: root://t3dcachedb.psi.ch:1094//pnfs/psi.ch/cms/trivcat/store/user/werdmann/store/relval/CMSSW_14_2_0_pre4/RelValTTbar_14TeV/GEN-SIM-RECO/PU_141X_mcRun4_realistic_v3_STD_2026D110_PU-v2/2590000/5211ea53-d2cd-4f1e-b7ea-8b7c48ee827a.root to: root://t3fs01.psi.ch:23396/
[2025-03-07 15:52:49.857883 +0100][Warning][XRootD            ][29291] 	3. Retrying: root://t3dcachedb.psi.ch:1094//pnfs/psi.ch/cms/trivcat/store/user/werdmann/store/relval/CMSSW_14_2_0_pre4/RelValTTbar_14TeV/GEN-SIM-RECO/PU_141X_mcRun4_realistic_v3_STD_2026D110_PU-v2/2590000/5211ea53-d2cd-4f1e-b7ea-8b7c48ee827a.root
[2025-03-07 15:52:49.857883 +0100][Warning][XRootD            ][29291] 	4. Redirected from: root://t3dcachedb.psi.ch:1094//pnfs/psi.ch/cms/trivcat/store/user/werdmann/store/relval/CMSSW_14_2_0_pre4/RelValTTbar_14TeV/GEN-SIM-RECO/PU_141X_mcRun4_realistic_v3_STD_2026D110_PU-v2/2590000/5211ea53-d2cd-4f1e-b7ea-8b7c48ee827a.root to: root://t3fs01.psi.ch:23396/
[2025-03-07 15:52:49.857883 +0100][Warning][XRootD            ][29291] 	5. Retrying: root://t3dcachedb.psi.ch:1094//pnfs/psi.ch/cms/trivcat/store/user/werdmann/store/relval/CMSSW_14_2_0_pre4/RelValTTbar_14TeV/GEN-SIM-RECO/PU_141X_mcRun4_realistic_v3_STD_2026D110_PU-v2/2590000/5211ea53-d2cd-4f1e-b7ea-8b7c48ee827a.root
[2025-03-07 15:52:49.857883 +0100][Warning][XRootD            ][29291] 	6. Redirected from: root://t3dcachedb.psi.ch:1094//pnfs/psi.ch/cms/trivcat/store/user/werdmann/store/relval/CMSSW_14_2_0_pre4/RelValTTbar_14TeV/GEN-SIM-RECO/PU_141X_mcRun4_realistic_v3_STD_2026D110_PU-v2/2590000/5211ea53-d2cd-4f1e-b7ea-8b7c48ee827a.root to: root://t3fs01.psi.ch:23396/
[2025-03-07 15:52:49.857883 +0100][Warning][XRootD            ][29291] 	7. Retrying: root://t3dcachedb.psi.ch:1094//pnfs/psi.ch/cms/trivcat/store/user/werdmann/store/relval/CMSSW_14_2_0_pre4/RelValTTbar_14TeV/GEN-SIM-RECO/PU_141X_mcRun4_realistic_v3_STD_2026D110_PU-v2/2590000/5211ea53-d2cd-4f1e-b7ea-8b7c48ee827a.root
[2025-03-07 15:52:49.857883 +0100][Warning][XRootD            ][29291] 	8. Redirected from: root://t3dcachedb.psi.ch:1094//pnfs/psi.ch/cms/trivcat/store/user/werdmann/store/relval/CMSSW_14_2_0_pre4/RelValTTbar_14TeV/GEN-SIM-RECO/PU_141X_mcRun4_realistic_v3_STD_2026D110_PU-v2/2590000/5211ea53-d2cd-4f1e-b7ea-8b7c48ee827a.root to: root://t3fs01.psi.ch:23396/
[2025-03-07 15:52:49.857883 +0100][Warning][XRootD            ][29291] 	9. Retrying: root://t3dcachedb.psi.ch:1094//pnfs/psi.ch/cms/trivcat/store/user/werdmann/store/relval/CMSSW_14_2_0_pre4/RelValTTbar_14TeV/GEN-SIM-RECO/PU_141X_mcRun4_realistic_v3_STD_2026D110_PU-v2/2590000/5211ea53-d2cd-4f1e-b7ea-8b7c48ee827a.root
[2025-03-07 15:52:49.857883 +0100][Warning][XRootD            ][29291] 	10. Redirected from: root://t3dcachedb.psi.ch:1094//pnfs/psi.ch/cms/trivcat/store/user/werdmann/store/relval/CMSSW_14_2_0_pre4/RelValTTbar_14TeV/GEN-SIM-RECO/PU_141X_mcRun4_realistic_v3_STD_2026D110_PU-v2/2590000/5211ea53-d2cd-4f1e-b7ea-8b7c48ee827a.root to: root://t3fs01.psi.ch:23396/
[2025-03-07 15:52:49.857883 +0100][Warning][XRootD            ][29291] 	11. Retrying: root://t3dcachedb.psi.ch:1094//pnfs/psi.ch/cms/trivcat/store/user/werdmann/store/relval/CMSSW_14_2_0_pre4/RelValTTbar_14TeV/GEN-SIM-RECO/PU_141X_mcRun4_realistic_v3_STD_2026D110_PU-v2/2590000/5211ea53-d2cd-4f1e-b7ea-8b7c48ee827a.root
[2025-03-07 15:52:49.857883 +0100][Warning][XRootD            ][29291] 	12. Redirected from: root://t3dcachedb.psi.ch:1094//pnfs/psi.ch/cms/trivcat/store/user/werdmann/store/relval/CMSSW_14_2_0_pre4/RelValTTbar_14TeV/GEN-SIM-RECO/PU_141X_mcRun4_realistic_v3_STD_2026D110_PU-v2/2590000/5211ea53-d2cd-4f1e-b7ea-8b7c48ee827a.root to: root://t3fs01.psi.ch:23396/
[2025-03-07 15:52:49.857883 +0100][Warning][XRootD            ][29291] 	13. Retrying: root://t3dcachedb.psi.ch:1094//pnfs/psi.ch/cms/trivcat/store/user/werdmann/store/relval/CMSSW_14_2_0_pre4/RelValTTbar_14TeV/GEN-SIM-RECO/PU_141X_mcRun4_realistic_v3_STD_2026D110_PU-v2/2590000/5211ea53-d2cd-4f1e-b7ea-8b7c48ee827a.root
[2025-03-07 15:52:49.857883 +0100][Warning][XRootD            ][29291] 	14. Redirected from: root://t3dcachedb.psi.ch:1094//pnfs/psi.ch/cms/trivcat/store/user/werdmann/store/relval/CMSSW_14_2_0_pre4/RelValTTbar_14TeV/GEN-SIM-RECO/PU_141X_mcRun4_realistic_v3_STD_2026D110_PU-v2/2590000/5211ea53-d2cd-4f1e-b7ea-8b7c48ee827a.root to: root://t3fs01.psi.ch:23396/
[2025-03-07 15:52:49.857883 +0100][Warning][XRootD            ][29291] 	15. Retrying: root://t3dcachedb.psi.ch:1094//pnfs/psi.ch/cms/trivcat/store/user/werdmann/store/relval/CMSSW_14_2_0_pre4/RelValTTbar_14TeV/GEN-SIM-RECO/PU_141X_mcRun4_realistic_v3_STD_2026D110_PU-v2/2590000/5211ea53-d2cd-4f1e-b7ea-8b7c48ee827a.root
[2025-03-07 15:52:49.857883 +0100][Warning][XRootD            ][29291] 	16. Redirected from: root://t3dcachedb.psi.ch:1094//pnfs/psi.ch/cms/trivcat/store/user/werdmann/store/relval/CMSSW_14_2_0_pre4/RelValTTbar_14TeV/GEN-SIM-RECO/PU_141X_mcRun4_realistic_v3_STD_2026D110_PU-v2/2590000/5211ea53-d2cd-4f1e-b7ea-8b7c48ee827a.root to: root://t3fs01.psi.ch:23396/
[2025-03-07 15:52:49.857883 +0100][Warning][XRootD            ][29291] 	17. Retrying: root://t3dcachedb.psi.ch:1094//pnfs/psi.ch/cms/trivcat/store/user/werdmann/store/relval/CMSSW_14_2_0_pre4/RelValTTbar_14TeV/GEN-SIM-RECO/PU_141X_mcRun4_realistic_v3_STD_2026D110_PU-v2/2590000/5211ea53-d2cd-4f1e-b7ea-8b7c48ee827a.root
[2025-03-07 15:52:49.857883 +0100][Warning][XRootD            ][29291] 	18. Redirected from: root://t3dcachedb.psi.ch:1094//pnfs/psi.ch/cms/trivcat/store/user/werdmann/store/relval/CMSSW_14_2_0_pre4/RelValTTbar_14TeV/GEN-SIM-RECO/PU_141X_mcRun4_realistic_v3_STD_2026D110_PU-v2/2590000/5211ea53-d2cd-4f1e-b7ea-8b7c48ee827a.root to: root://t3fs01.psi.ch:23396/
[2025-03-07 15:52:49.857883 +0100][Warning][XRootD            ][29291] 	19. Retrying: root://t3dcachedb.psi.ch:1094//pnfs/psi.ch/cms/trivcat/store/user/werdmann/store/relval/CMSSW_14_2_0_pre4/RelValTTbar_14TeV/GEN-SIM-RECO/PU_141X_mcRun4_realistic_v3_STD_2026D110_PU-v2/2590000/5211ea53-d2cd-4f1e-b7ea-8b7c48ee827a.root
[2025-03-07 15:52:49.857883 +0100][Warning][XRootD            ][29291] 	20. Redirected from: root://t3dcachedb.psi.ch:1094//pnfs/psi.ch/cms/trivcat/store/user/werdmann/store/relval/CMSSW_14_2_0_pre4/RelValTTbar_14TeV/GEN-SIM-RECO/PU_141X_mcRun4_realistic_v3_STD_2026D110_PU-v2/2590000/5211ea53-d2cd-4f1e-b7ea-8b7c48ee827a.root to: root://t3fs01.psi.ch:23396/
[2025-03-07 15:52:49.857883 +0100][Warning][XRootD            ][29291] 	21. Retrying: root://t3dcachedb.psi.ch:1094//pnfs/psi.ch/cms/trivcat/store/user/werdmann/store/relval/CMSSW_14_2_0_pre4/RelValTTbar_14TeV/GEN-SIM-RECO/PU_141X_mcRun4_realistic_v3_STD_2026D110_PU-v2/2590000/5211ea53-d2cd-4f1e-b7ea-8b7c48ee827a.root
[2025-03-07 15:52:49.857883 +0100][Warning][XRootD            ][29291] 	22. Redirected from: root://t3dcachedb.psi.ch:1094//pnfs/psi.ch/cms/trivcat/store/user/werdmann/store/relval/CMSSW_14_2_0_pre4/RelValTTbar_14TeV/GEN-SIM-RECO/PU_141X_mcRun4_realistic_v3_STD_2026D110_PU-v2/2590000/5211ea53-d2cd-4f1e-b7ea-8b7c48ee827a.root to: root://t3fs01.psi.ch:23396/
[2025-03-07 15:52:49.857883 +0100][Warning][XRootD            ][29291] 	23. Retrying: root://t3dcachedb.psi.ch:1094//pnfs/psi.ch/cms/trivcat/store/user/werdmann/store/relval/CMSSW_14_2_0_pre4/RelValTTbar_14TeV/GEN-SIM-RECO/PU_141X_mcRun4_realistic_v3_STD_2026D110_PU-v2/2590000/5211ea53-d2cd-4f1e-b7ea-8b7c48ee827a.root
[2025-03-07 15:52:49.857883 +0100][Warning][XRootD            ][29291] 	24. Redirected from: root://t3dcachedb.psi.ch:1094//pnfs/psi.ch/cms/trivcat/store/user/werdmann/store/relval/CMSSW_14_2_0_pre4/RelValTTbar_14TeV/GEN-SIM-RECO/PU_141X_mcRun4_realistic_v3_STD_2026D110_PU-v2/2590000/5211ea53-d2cd-4f1e-b7ea-8b7c48ee827a.root to: root://t3fs01.psi.ch:23396/
[2025-03-07 15:52:49.857883 +0100][Warning][XRootD            ][29291] 	25. Retrying: root://t3dcachedb.psi.ch:1094//pnfs/psi.ch/cms/trivcat/store/user/werdmann/store/relval/CMSSW_14_2_0_pre4/RelValTTbar_14TeV/GEN-SIM-RECO/PU_141X_mcRun4_realistic_v3_STD_2026D110_PU-v2/2590000/5211ea53-d2cd-4f1e-b7ea-8b7c48ee827a.root
[2025-03-07 15:52:49.857883 +0100][Warning][XRootD            ][29291] 	26. Redirected from: root://t3dcachedb.psi.ch:1094//pnfs/psi.ch/cms/trivcat/store/user/werdmann/store/relval/CMSSW_14_2_0_pre4/RelValTTbar_14TeV/GEN-SIM-RECO/PU_141X_mcRun4_realistic_v3_STD_2026D110_PU-v2/2590000/5211ea53-d2cd-4f1e-b7ea-8b7c48ee827a.root to: root://t3fs01.psi.ch:23396/
[2025-03-07 15:52:49.857883 +0100][Warning][XRootD            ][29291] 	27. Retrying: root://t3dcachedb.psi.ch:1094//pnfs/psi.ch/cms/trivcat/store/user/werdmann/store/relval/CMSSW_14_2_0_pre4/RelValTTbar_14TeV/GEN-SIM-RECO/PU_141X_mcRun4_realistic_v3_STD_2026D110_PU-v2/2590000/5211ea53-d2cd-4f1e-b7ea-8b7c48ee827a.root
[2025-03-07 15:52:49.857883 +0100][Warning][XRootD            ][29291] 	28. Redirected from: root://t3dcachedb.psi.ch:1094//pnfs/psi.ch/cms/trivcat/store/user/werdmann/store/relval/CMSSW_14_2_0_pre4/RelValTTbar_14TeV/GEN-SIM-RECO/PU_141X_mcRun4_realistic_v3_STD_2026D110_PU-v2/2590000/5211ea53-d2cd-4f1e-b7ea-8b7c48ee827a.root to: root://t3fs01.psi.ch:23396/
[2025-03-07 15:52:49.857883 +0100][Warning][XRootD            ][29291] 	29. Retrying: root://t3dcachedb.psi.ch:1094//pnfs/psi.ch/cms/trivcat/store/user/werdmann/store/relval/CMSSW_14_2_0_pre4/RelValTTbar_14TeV/GEN-SIM-RECO/PU_141X_mcRun4_realistic_v3_STD_2026D110_PU-v2/2590000/5211ea53-d2cd-4f1e-b7ea-8b7c48ee827a.root
[2025-03-07 15:52:49.857883 +0100][Warning][XRootD            ][29291] 	30. Redirected from: root://t3dcachedb.psi.ch:1094//pnfs/psi.ch/cms/trivcat/store/user/werdmann/store/relval/CMSSW_14_2_0_pre4/RelValTTbar_14TeV/GEN-SIM-RECO/PU_141X_mcRun4_realistic_v3_STD_2026D110_PU-v2/2590000/5211ea53-d2cd-4f1e-b7ea-8b7c48ee827a.root to: root://t3fs01.psi.ch:23396/
[2025-03-07 15:52:49.857883 +0100][Warning][XRootD            ][29291] 	31. Retrying: root://t3dcachedb.psi.ch:1094//pnfs/psi.ch/cms/trivcat/store/user/werdmann/store/relval/CMSSW_14_2_0_pre4/RelValTTbar_14TeV/GEN-SIM-RECO/PU_141X_mcRun4_realistic_v3_STD_2026D110_PU-v2/2590000/5211ea53-d2cd-4f1e-b7ea-8b7c48ee827a.root
%MSG-w XrdAdaptorInternal:  file_open 07-Mar-2025 15:52:49 CET PostProcessEvent
Failed to open file at URL root://t3dcachedb.psi.ch:1094//pnfs/psi.ch/cms/trivcat/store/user/werdmann/store/relval/CMSSW_14_2_0_pre4/RelValTTbar_14TeV/GEN-SIM-RECO/PU_141X_mcRun4_realistic_v3_STD_2026D110_PU-v2/2590000/5211ea53-d2cd-4f1e-b7ea-8b7c48ee827a.root?org.dcache.uuid=057bd03d-2e29-4781-9927-f41701cc5e91&org.dcache.xrootd.client=msaxer.29291@t3wn70.psi.ch&tried=t3fs01.psi.ch,t3fs01.psi.ch,t3fs01.psi.ch,t3fs01.psi.ch,t3fs01.psi.ch,t3fs01.psi.ch,t3fs01.psi.ch,t3fs01.psi.ch,t3fs01.psi.ch,t3fs01.psi.ch,t3fs01.psi.ch,t3fs01.psi.ch,t3fs01.psi.ch,t3fs01.psi.ch,t3fs01.psi.ch&triedrc=srverr,srverr,srverr,srverr,srverr,srverr,srverr,srverr,srverr,srverr,srverr,srverr,srverr,srverr,srverr&xrd.logintoken=org.dcache.door=t3dcachedb03.psi.ch:1094&xrdcl.requuid=1c4a62ed-8a84-4c90-8a3e-0de7fbc01ad9.
%MSG
[2025-03-07 15:52:50.084145 +0100][Warning][XRootD            ][29291] [t3dcachedb.psi.ch:1094] Redirect limit has been reached for message kXR_open (file: /pnfs/psi.ch/cms/trivcat/store/user/werdmann/store/relval/CMSSW_14_2_0_pre4/RelValTTbar_14TeV/GEN-SIM-RECO/PU_141X_mcRun4_realistic_v3_STD_2026D110_PU-v2/2590000/5211ea53-d2cd-4f1e-b7ea-8b7c48ee827a.root?org.dcache.uuid=1fe57405-f4da-4826-83e5-685ebf4ac7b5&org.dcache.xrootd.client=msaxer.29291@t3wn70.psi.ch&tried=t3fs01.psi.ch,t3fs01.psi.ch,t3fs01.psi.ch,t3fs01.psi.ch,t3fs01.psi.ch,t3fs01.psi.ch,t3fs01.psi.ch,t3fs01.psi.ch,t3fs01.psi.ch,t3fs01.psi.ch,t3fs01.psi.ch,t3fs01.psi.ch,t3fs01.psi.ch,t3fs01.psi.ch,t3fs01.psi.ch,t3fs01.psi.ch&triedrc=srverr,srverr,srverr,srverr,srverr,srverr,srverr,srverr,srverr,srverr,srverr,srverr,srverr,srverr,srverr,srverr&xrd.logintoken=org.dcache.door=t3dcachedb03.psi.ch:1094, mode: 0660, flags: kXR_open_read kXR_async kXR_retstat ), the last known error is: [FATAL] Socket timeout
[2025-03-07 15:52:50.084923 +0100][Warning][XRootD            ][29291] Redirect trace-back:
[2025-03-07 15:52:50.084923 +0100][Warning][XRootD            ][29291] 	0. Redirected from: root://t3dcachedb.psi.ch:1094//pnfs/psi.ch/cms/trivcat/store/user/werdmann/store/relval/CMSSW_14_2_0_pre4/RelValTTbar_14TeV/GEN-SIM-RECO/PU_141X_mcRun4_realistic_v3_STD_2026D110_PU-v2/2590000/5211ea53-d2cd-4f1e-b7ea-8b7c48ee827a.root to: root://t3fs01.psi.ch:23396/
[2025-03-07 15:52:50.084923 +0100][Warning][XRootD            ][29291] 	1. Retrying: root://t3dcachedb.psi.ch:1094//pnfs/psi.ch/cms/trivcat/store/user/werdmann/store/relval/CMSSW_14_2_0_pre4/RelValTTbar_14TeV/GEN-SIM-RECO/PU_141X_mcRun4_realistic_v3_STD_2026D110_PU-v2/2590000/5211ea53-d2cd-4f1e-b7ea-8b7c48ee827a.root
[2025-03-07 15:52:50.084923 +0100][Warning][XRootD            ][29291] 	2. Redirected from: root://t3dcachedb.psi.ch:1094//pnfs/psi.ch/cms/trivcat/store/user/werdmann/store/relval/CMSSW_14_2_0_pre4/RelValTTbar_14TeV/GEN-SIM-RECO/PU_141X_mcRun4_realistic_v3_STD_2026D110_PU-v2/2590000/5211ea53-d2cd-4f1e-b7ea-8b7c48ee827a.root to: root://t3fs01.psi.ch:23396/
[2025-03-07 15:52:50.084923 +0100][Warning][XRootD            ][29291] 	3. Retrying: root://t3dcachedb.psi.ch:1094//pnfs/psi.ch/cms/trivcat/store/user/werdmann/store/relval/CMSSW_14_2_0_pre4/RelValTTbar_14TeV/GEN-SIM-RECO/PU_141X_mcRun4_realistic_v3_STD_2026D110_PU-v2/2590000/5211ea53-d2cd-4f1e-b7ea-8b7c48ee827a.root
[2025-03-07 15:52:50.084923 +0100][Warning][XRootD            ][29291] 	4. Redirected from: root://t3dcachedb.psi.ch:1094//pnfs/psi.ch/cms/trivcat/store/user/werdmann/store/relval/CMSSW_14_2_0_pre4/RelValTTbar_14TeV/GEN-SIM-RECO/PU_141X_mcRun4_realistic_v3_STD_2026D110_PU-v2/2590000/5211ea53-d2cd-4f1e-b7ea-8b7c48ee827a.root to: root://t3fs01.psi.ch:23396/
[2025-03-07 15:52:50.084923 +0100][Warning][XRootD            ][29291] 	5. Retrying: root://t3dcachedb.psi.ch:1094//pnfs/psi.ch/cms/trivcat/store/user/werdmann/store/relval/CMSSW_14_2_0_pre4/RelValTTbar_14TeV/GEN-SIM-RECO/PU_141X_mcRun4_realistic_v3_STD_2026D110_PU-v2/2590000/5211ea53-d2cd-4f1e-b7ea-8b7c48ee827a.root
[2025-03-07 15:52:50.084923 +0100][Warning][XRootD            ][29291] 	6. Redirected from: root://t3dcachedb.psi.ch:1094//pnfs/psi.ch/cms/trivcat/store/user/werdmann/store/relval/CMSSW_14_2_0_pre4/RelValTTbar_14TeV/GEN-SIM-RECO/PU_141X_mcRun4_realistic_v3_STD_2026D110_PU-v2/2590000/5211ea53-d2cd-4f1e-b7ea-8b7c48ee827a.root to: root://t3fs01.psi.ch:23396/
[2025-03-07 15:52:50.084923 +0100][Warning][XRootD            ][29291] 	7. Retrying: root://t3dcachedb.psi.ch:1094//pnfs/psi.ch/cms/trivcat/store/user/werdmann/store/relval/CMSSW_14_2_0_pre4/RelValTTbar_14TeV/GEN-SIM-RECO/PU_141X_mcRun4_realistic_v3_STD_2026D110_PU-v2/2590000/5211ea53-d2cd-4f1e-b7ea-8b7c48ee827a.root
[2025-03-07 15:52:50.084923 +0100][Warning][XRootD            ][29291] 	8. Redirected from: root://t3dcachedb.psi.ch:1094//pnfs/psi.ch/cms/trivcat/store/user/werdmann/store/relval/CMSSW_14_2_0_pre4/RelValTTbar_14TeV/GEN-SIM-RECO/PU_141X_mcRun4_realistic_v3_STD_2026D110_PU-v2/2590000/5211ea53-d2cd-4f1e-b7ea-8b7c48ee827a.root to: root://t3fs01.psi.ch:23396/
[2025-03-07 15:52:50.084923 +0100][Warning][XRootD            ][29291] 	9. Retrying: root://t3dcachedb.psi.ch:1094//pnfs/psi.ch/cms/trivcat/store/user/werdmann/store/relval/CMSSW_14_2_0_pre4/RelValTTbar_14TeV/GEN-SIM-RECO/PU_141X_mcRun4_realistic_v3_STD_2026D110_PU-v2/2590000/5211ea53-d2cd-4f1e-b7ea-8b7c48ee827a.root
[2025-03-07 15:52:50.084923 +0100][Warning][XRootD            ][29291] 	10. Redirected from: root://t3dcachedb.psi.ch:1094//pnfs/psi.ch/cms/trivcat/store/user/werdmann/store/relval/CMSSW_14_2_0_pre4/RelValTTbar_14TeV/GEN-SIM-RECO/PU_141X_mcRun4_realistic_v3_STD_2026D110_PU-v2/2590000/5211ea53-d2cd-4f1e-b7ea-8b7c48ee827a.root to: root://t3fs01.psi.ch:23396/
[2025-03-07 15:52:50.084923 +0100][Warning][XRootD            ][29291] 	11. Retrying: root://t3dcachedb.psi.ch:1094//pnfs/psi.ch/cms/trivcat/store/user/werdmann/store/relval/CMSSW_14_2_0_pre4/RelValTTbar_14TeV/GEN-SIM-RECO/PU_141X_mcRun4_realistic_v3_STD_2026D110_PU-v2/2590000/5211ea53-d2cd-4f1e-b7ea-8b7c48ee827a.root
[2025-03-07 15:52:50.084923 +0100][Warning][XRootD            ][29291] 	12. Redirected from: root://t3dcachedb.psi.ch:1094//pnfs/psi.ch/cms/trivcat/store/user/werdmann/store/relval/CMSSW_14_2_0_pre4/RelValTTbar_14TeV/GEN-SIM-RECO/PU_141X_mcRun4_realistic_v3_STD_2026D110_PU-v2/2590000/5211ea53-d2cd-4f1e-b7ea-8b7c48ee827a.root to: root://t3fs01.psi.ch:23396/
[2025-03-07 15:52:50.084923 +0100][Warning][XRootD            ][29291] 	13. Retrying: root://t3dcachedb.psi.ch:1094//pnfs/psi.ch/cms/trivcat/store/user/werdmann/store/relval/CMSSW_14_2_0_pre4/RelValTTbar_14TeV/GEN-SIM-RECO/PU_141X_mcRun4_realistic_v3_STD_2026D110_PU-v2/2590000/5211ea53-d2cd-4f1e-b7ea-8b7c48ee827a.root
[2025-03-07 15:52:50.084923 +0100][Warning][XRootD            ][29291] 	14. Redirected from: root://t3dcachedb.psi.ch:1094//pnfs/psi.ch/cms/trivcat/store/user/werdmann/store/relval/CMSSW_14_2_0_pre4/RelValTTbar_14TeV/GEN-SIM-RECO/PU_141X_mcRun4_realistic_v3_STD_2026D110_PU-v2/2590000/5211ea53-d2cd-4f1e-b7ea-8b7c48ee827a.root to: root://t3fs01.psi.ch:23396/
[2025-03-07 15:52:50.084923 +0100][Warning][XRootD            ][29291] 	15. Retrying: root://t3dcachedb.psi.ch:1094//pnfs/psi.ch/cms/trivcat/store/user/werdmann/store/relval/CMSSW_14_2_0_pre4/RelValTTbar_14TeV/GEN-SIM-RECO/PU_141X_mcRun4_realistic_v3_STD_2026D110_PU-v2/2590000/5211ea53-d2cd-4f1e-b7ea-8b7c48ee827a.root
[2025-03-07 15:52:50.084923 +0100][Warning][XRootD            ][29291] 	16. Redirected from: root://t3dcachedb.psi.ch:1094//pnfs/psi.ch/cms/trivcat/store/user/werdmann/store/relval/CMSSW_14_2_0_pre4/RelValTTbar_14TeV/GEN-SIM-RECO/PU_141X_mcRun4_realistic_v3_STD_2026D110_PU-v2/2590000/5211ea53-d2cd-4f1e-b7ea-8b7c48ee827a.root to: root://t3fs01.psi.ch:23396/
[2025-03-07 15:52:50.084923 +0100][Warning][XRootD            ][29291] 	17. Retrying: root://t3dcachedb.psi.ch:1094//pnfs/psi.ch/cms/trivcat/store/user/werdmann/store/relval/CMSSW_14_2_0_pre4/RelValTTbar_14TeV/GEN-SIM-RECO/PU_141X_mcRun4_realistic_v3_STD_2026D110_PU-v2/2590000/5211ea53-d2cd-4f1e-b7ea-8b7c48ee827a.root
[2025-03-07 15:52:50.084923 +0100][Warning][XRootD            ][29291] 	18. Redirected from: root://t3dcachedb.psi.ch:1094//pnfs/psi.ch/cms/trivcat/store/user/werdmann/store/relval/CMSSW_14_2_0_pre4/RelValTTbar_14TeV/GEN-SIM-RECO/PU_141X_mcRun4_realistic_v3_STD_2026D110_PU-v2/2590000/5211ea53-d2cd-4f1e-b7ea-8b7c48ee827a.root to: root://t3fs01.psi.ch:23396/
[2025-03-07 15:52:50.084923 +0100][Warning][XRootD            ][29291] 	19. Retrying: root://t3dcachedb.psi.ch:1094//pnfs/psi.ch/cms/trivcat/store/user/werdmann/store/relval/CMSSW_14_2_0_pre4/RelValTTbar_14TeV/GEN-SIM-RECO/PU_141X_mcRun4_realistic_v3_STD_2026D110_PU-v2/2590000/5211ea53-d2cd-4f1e-b7ea-8b7c48ee827a.root
[2025-03-07 15:52:50.084923 +0100][Warning][XRootD            ][29291] 	20. Redirected from: root://t3dcachedb.psi.ch:1094//pnfs/psi.ch/cms/trivcat/store/user/werdmann/store/relval/CMSSW_14_2_0_pre4/RelValTTbar_14TeV/GEN-SIM-RECO/PU_141X_mcRun4_realistic_v3_STD_2026D110_PU-v2/2590000/5211ea53-d2cd-4f1e-b7ea-8b7c48ee827a.root to: root://t3fs01.psi.ch:23396/
[2025-03-07 15:52:50.084923 +0100][Warning][XRootD            ][29291] 	21. Retrying: root://t3dcachedb.psi.ch:1094//pnfs/psi.ch/cms/trivcat/store/user/werdmann/store/relval/CMSSW_14_2_0_pre4/RelValTTbar_14TeV/GEN-SIM-RECO/PU_141X_mcRun4_realistic_v3_STD_2026D110_PU-v2/2590000/5211ea53-d2cd-4f1e-b7ea-8b7c48ee827a.root
[2025-03-07 15:52:50.084923 +0100][Warning][XRootD            ][29291] 	22. Redirected from: root://t3dcachedb.psi.ch:1094//pnfs/psi.ch/cms/trivcat/store/user/werdmann/store/relval/CMSSW_14_2_0_pre4/RelValTTbar_14TeV/GEN-SIM-RECO/PU_141X_mcRun4_realistic_v3_STD_2026D110_PU-v2/2590000/5211ea53-d2cd-4f1e-b7ea-8b7c48ee827a.root to: root://t3fs01.psi.ch:23396/
[2025-03-07 15:52:50.084923 +0100][Warning][XRootD            ][29291] 	23. Retrying: root://t3dcachedb.psi.ch:1094//pnfs/psi.ch/cms/trivcat/store/user/werdmann/store/relval/CMSSW_14_2_0_pre4/RelValTTbar_14TeV/GEN-SIM-RECO/PU_141X_mcRun4_realistic_v3_STD_2026D110_PU-v2/2590000/5211ea53-d2cd-4f1e-b7ea-8b7c48ee827a.root
[2025-03-07 15:52:50.084923 +0100][Warning][XRootD            ][29291] 	24. Redirected from: root://t3dcachedb.psi.ch:1094//pnfs/psi.ch/cms/trivcat/store/user/werdmann/store/relval/CMSSW_14_2_0_pre4/RelValTTbar_14TeV/GEN-SIM-RECO/PU_141X_mcRun4_realistic_v3_STD_2026D110_PU-v2/2590000/5211ea53-d2cd-4f1e-b7ea-8b7c48ee827a.root to: root://t3fs01.psi.ch:23396/
[2025-03-07 15:52:50.084923 +0100][Warning][XRootD            ][29291] 	25. Retrying: root://t3dcachedb.psi.ch:1094//pnfs/psi.ch/cms/trivcat/store/user/werdmann/store/relval/CMSSW_14_2_0_pre4/RelValTTbar_14TeV/GEN-SIM-RECO/PU_141X_mcRun4_realistic_v3_STD_2026D110_PU-v2/2590000/5211ea53-d2cd-4f1e-b7ea-8b7c48ee827a.root
[2025-03-07 15:52:50.084923 +0100][Warning][XRootD            ][29291] 	26. Redirected from: root://t3dcachedb.psi.ch:1094//pnfs/psi.ch/cms/trivcat/store/user/werdmann/store/relval/CMSSW_14_2_0_pre4/RelValTTbar_14TeV/GEN-SIM-RECO/PU_141X_mcRun4_realistic_v3_STD_2026D110_PU-v2/2590000/5211ea53-d2cd-4f1e-b7ea-8b7c48ee827a.root to: root://t3fs01.psi.ch:23396/
[2025-03-07 15:52:50.084923 +0100][Warning][XRootD            ][29291] 	27. Retrying: root://t3dcachedb.psi.ch:1094//pnfs/psi.ch/cms/trivcat/store/user/werdmann/store/relval/CMSSW_14_2_0_pre4/RelValTTbar_14TeV/GEN-SIM-RECO/PU_141X_mcRun4_realistic_v3_STD_2026D110_PU-v2/2590000/5211ea53-d2cd-4f1e-b7ea-8b7c48ee827a.root
[2025-03-07 15:52:50.084923 +0100][Warning][XRootD            ][29291] 	28. Redirected from: root://t3dcachedb.psi.ch:1094//pnfs/psi.ch/cms/trivcat/store/user/werdmann/store/relval/CMSSW_14_2_0_pre4/RelValTTbar_14TeV/GEN-SIM-RECO/PU_141X_mcRun4_realistic_v3_STD_2026D110_PU-v2/2590000/5211ea53-d2cd-4f1e-b7ea-8b7c48ee827a.root to: root://t3fs01.psi.ch:23396/
[2025-03-07 15:52:50.084923 +0100][Warning][XRootD            ][29291] 	29. Retrying: root://t3dcachedb.psi.ch:1094//pnfs/psi.ch/cms/trivcat/store/user/werdmann/store/relval/CMSSW_14_2_0_pre4/RelValTTbar_14TeV/GEN-SIM-RECO/PU_141X_mcRun4_realistic_v3_STD_2026D110_PU-v2/2590000/5211ea53-d2cd-4f1e-b7ea-8b7c48ee827a.root
[2025-03-07 15:52:50.084923 +0100][Warning][XRootD            ][29291] 	30. Redirected from: root://t3dcachedb.psi.ch:1094//pnfs/psi.ch/cms/trivcat/store/user/werdmann/store/relval/CMSSW_14_2_0_pre4/RelValTTbar_14TeV/GEN-SIM-RECO/PU_141X_mcRun4_realistic_v3_STD_2026D110_PU-v2/2590000/5211ea53-d2cd-4f1e-b7ea-8b7c48ee827a.root to: root://t3fs01.psi.ch:23396/
[2025-03-07 15:52:50.084923 +0100][Warning][XRootD            ][29291] 	31. Retrying: root://t3dcachedb.psi.ch:1094//pnfs/psi.ch/cms/trivcat/store/user/werdmann/store/relval/CMSSW_14_2_0_pre4/RelValTTbar_14TeV/GEN-SIM-RECO/PU_141X_mcRun4_realistic_v3_STD_2026D110_PU-v2/2590000/5211ea53-d2cd-4f1e-b7ea-8b7c48ee827a.root
%MSG-w XrdAdaptorInternal:  file_open 07-Mar-2025 15:52:50 CET PostProcessEvent
Failed to open file at URL root://t3dcachedb.psi.ch:1094//pnfs/psi.ch/cms/trivcat/store/user/werdmann/store/relval/CMSSW_14_2_0_pre4/RelValTTbar_14TeV/GEN-SIM-RECO/PU_141X_mcRun4_realistic_v3_STD_2026D110_PU-v2/2590000/5211ea53-d2cd-4f1e-b7ea-8b7c48ee827a.root?org.dcache.uuid=1fe57405-f4da-4826-83e5-685ebf4ac7b5&org.dcache.xrootd.client=msaxer.29291@t3wn70.psi.ch&tried=&triedrc=srverr,srverr,srverr,srverr,srverr,srverr,srverr,srverr,srverr,srverr,srverr,srverr,srverr,srverr,srverr&xrd.logintoken=org.dcache.door=t3dcachedb03.psi.ch:1094&xrdcl.requuid=386eb44e-040d-4c2c-91bb-23595ce3b4f3.
%MSG
----- Begin Fatal Exception 07-Mar-2025 15:52:50 CET-----------------------
An exception of category 'FileOpenError' occurred while
   [0] Calling InputSource::readFile_
   [1] Calling RootInputFileSequence::initTheFile()
   [2] Calling StorageFactory::open()
   [3] Calling XrdFile::open()
Exception Message:
Failed to open the file 'root://t3dcachedb.psi.ch//pnfs/psi.ch/cms/trivcat/store/user/werdmann/store/relval/CMSSW_14_2_0_pre4/RelValTTbar_14TeV/GEN-SIM-RECO/PU_141X_mcRun4_realistic_v3_STD_2026D110_PU-v2/2590000/5211ea53-d2cd-4f1e-b7ea-8b7c48ee827a.root'
   Additional Info:
      [a] Input file root://t3dcachedb.psi.ch:1094///pnfs/psi.ch/cms/trivcat/store/user/werdmann/store/relval/CMSSW_14_2_0_pre4/RelValTTbar_14TeV/GEN-SIM-RECO/PU_141X_mcRun4_realistic_v3_STD_2026D110_PU-v2/2590000/5211ea53-d2cd-4f1e-b7ea-8b7c48ee827a.root could not be opened.
      [b] XrdCl::File::Open(name='root://t3dcachedb.psi.ch//pnfs/psi.ch/cms/trivcat/store/user/werdmann/store/relval/CMSSW_14_2_0_pre4/RelValTTbar_14TeV/GEN-SIM-RECO/PU_141X_mcRun4_realistic_v3_STD_2026D110_PU-v2/2590000/5211ea53-d2cd-4f1e-b7ea-8b7c48ee827a.root', flags=0x10, permissions=0660) => error '[FATAL] Redirect limit has been reached' (errno=0, code=306). No additional data servers were found.
      [c] Last URL tried: root://t3dcachedb.psi.ch:1094//pnfs/psi.ch/cms/trivcat/store/user/werdmann/store/relval/CMSSW_14_2_0_pre4/RelValTTbar_14TeV/GEN-SIM-RECO/PU_141X_mcRun4_realistic_v3_STD_2026D110_PU-v2/2590000/5211ea53-d2cd-4f1e-b7ea-8b7c48ee827a.root?org.dcache.uuid=1fe57405-f4da-4826-83e5-685ebf4ac7b5&org.dcache.xrootd.client=msaxer.29291@t3wn70.psi.ch&tried=&triedrc=srverr,srverr,srverr,srverr,srverr,srverr,srverr,srverr,srverr,srverr,srverr,srverr,srverr,srverr,srverr&xrd.logintoken=org.dcache.door=t3dcachedb03.psi.ch:1094&xrdcl.requuid=386eb44e-040d-4c2c-91bb-23595ce3b4f3
      [d] Problematic data server: t3dcachedb.psi.ch:1094
      [e] Disabled source: t3dcachedb.psi.ch:1094
----- End Fatal Exception -------------------------------------------------
TestAnalyzer::endJob: done
TimeReport> Time report complete in 463.239 seconds
 Time Summary: 
 - Min event:   2.36535
 - Max event:   15.6377
 - Avg event:   3.19138
 - Total loop:  420.366
 - Total init:  42.6468
 - Total job:   463.239
 - Total EventSetup: 12.5803
 - Total non-module: 94.9407
 Event Throughput: 0.237888 ev/s
 CPU Summary: 
 - Total loop:     321.464
 - Total init:     36.3024
 - Total extra:    0
 - Total children: 0.076227
 - Total job:      357.988
 Processing Summary: 
 - Number of Events:  100
 - Number of Global Begin Lumi Calls:  1
 - Number of Global Begin Run Calls: 1


TrigReport ---------- Event  Summary ------------
TrigReport Events total = 100 passed = 100 failed = 0

TrigReport ---------- Path   Summary ------------
TrigReport  Trig Bit#   Executed     Passed     Failed      Error Name
TrigReport     1    0        100        100          0          0 MPV
TrigReport     1    1        100        100          0          0 analyze


TrigReport -------End-Path   Summary ------------
TrigReport  Trig Bit#   Executed     Passed     Failed      Error Name


TrigReport ---------- Modules in Path: MPV ------------
TrigReport  Trig Bit#    Visited     Passed     Failed      Error Name
TrigReport     1    0        100        100          0          0 testVertices


TrigReport ---------- Modules in Path: analyze ------------
TrigReport  Trig Bit#    Visited     Passed     Failed      Error Name
TrigReport     1    0        100        100          0          0 tpClusterProducer
TrigReport     1    1        100        100          0          0 quickTrackAssociatorByHits
TrigReport     1    2        100        100          0          0 trackingParticleRecoTrackAsssociation
TrigReport     1    3        100        100          0          0 oldVertexAnalysis


TrigReport ---------- Module Summary ------------
TrigReport    Visited   Executed     Passed     Failed      Error Name
TrigReport        100        100        100          0          0 MPV
TrigReport        100        100        100          0          0 TriggerResults
TrigReport        100        100        100          0          0 analyze
TrigReport        100        100        100          0          0 oldVertexAnalysis
TrigReport        100        100        100          0          0 quickTrackAssociatorByHits
TrigReport        100        100        100          0          0 testVertices
TrigReport        100        100        100          0          0 tpClusterProducer
TrigReport        100        100        100          0          0 trackingParticleRecoTrackAsssociation


TimeReport ---------- Event  Summary ---[sec]----
TimeReport       event loop CPU/event = 3.214687
TimeReport      event loop Real/event = 4.203705
TimeReport     sum Streams Real/event = 3.249847
TimeReport efficiency CPU/Real/thread = 0.764727

TimeReport ---------- Path   Summary ---[Real sec]----
TimeReport  per event     per exec  Name
TimeReport   3.190100     3.190100  MPV
TimeReport   3.191355     3.191355  analyze

TimeReport  per event     per exec  Name

TimeReport -------End-Path   Summary ---[Real sec]----
TimeReport  per event     per exec  Name

TimeReport  per event     per exec  Name

TimeReport ---------- Modules in Path: MPV ---[Real sec]----
TimeReport  per event    per visit  Name
TimeReport   0.656016     0.656016  testVertices


TimeReport ---------- Modules in Path: analyze ---[Real sec]----
TimeReport  per event    per visit  Name
TimeReport   0.915978     0.915978  tpClusterProducer
TimeReport   0.000015     0.000015  quickTrackAssociatorByHits
TimeReport   0.187554     0.187554  trackingParticleRecoTrackAsssociation
TimeReport   0.114004     0.114004  oldVertexAnalysis

TimeReport  per event    per visit  Name

TimeReport ---------- Module Summary ---[Real sec]----
TimeReport  per event     per exec    per visit  Name
TimeReport   0.000002     0.000002     0.000002  MPV
TimeReport   0.000003     0.000003     0.000003  TriggerResults
TimeReport   0.000015     0.000015     0.000015  analyze
TimeReport   0.114004     0.114004     0.114004  oldVertexAnalysis
TimeReport   0.000015     0.000015     0.000015  quickTrackAssociatorByHits
TimeReport   0.656016     0.656016     0.656016  testVertices
TimeReport   0.915978     0.915978     0.915978  tpClusterProducer
TimeReport   0.187554     0.187554     0.187554  trackingParticleRecoTrackAsssociation

TimeReport  per event     per exec    per visit  Name

T---Report end!


daten_20250307_154605.csv
daten_20250307_154608.csv
daten_20250307_154610.csv
daten_20250307_154613.csv
daten_20250307_154617.csv
daten_20250307_154620.csv
daten_20250307_154623.csv
daten_20250307_154626.csv
daten_20250307_154629.csv
daten_20250307_154632.csv
daten_20250307_154636.csv
daten_20250307_154639.csv
daten_20250307_154642.csv
daten_20250307_154645.csv
daten_20250307_154648.csv
daten_20250307_154652.csv
daten_20250307_154655.csv
daten_20250307_154658.csv
daten_20250307_154702.csv
daten_20250307_154706.csv
daten_20250307_154709.csv
daten_20250307_154712.csv
daten_20250307_154715.csv
daten_20250307_154718.csv
daten_20250307_154722.csv
daten_20250307_154725.csv
daten_20250307_154728.csv
daten_20250307_154731.csv
daten_20250307_154734.csv
daten_20250307_154737.csv
daten_20250307_154741.csv
daten_20250307_154744.csv
daten_20250307_154747.csv
daten_20250307_154750.csv
daten_20250307_154752.csv
daten_20250307_154755.csv
daten_20250307_154758.csv
daten_20250307_154801.csv
daten_20250307_154804.csv
daten_20250307_154807.csv
daten_20250307_154810.csv
daten_20250307_154813.csv
daten_20250307_154816.csv
daten_20250307_154820.csv
daten_20250307_154823.csv
daten_20250307_154826.csv
daten_20250307_154829.csv
daten_20250307_154832.csv
daten_20250307_154835.csv
daten_20250307_154838.csv
daten_20250307_154841.csv
daten_20250307_154844.csv
daten_20250307_154847.csv
daten_20250307_154850.csv
daten_20250307_154853.csv
daten_20250307_154857.csv
daten_20250307_154900.csv
daten_20250307_154904.csv
daten_20250307_154907.csv
daten_20250307_154910.csv
daten_20250307_154913.csv
daten_20250307_154916.csv
daten_20250307_154920.csv
daten_20250307_154923.csv
daten_20250307_154926.csv
daten_20250307_154929.csv
daten_20250307_154932.csv
daten_20250307_154934.csv
daten_20250307_154938.csv
daten_20250307_154942.csv
daten_20250307_154944.csv
daten_20250307_154948.csv
daten_20250307_154951.csv
daten_20250307_154954.csv
daten_20250307_154957.csv
daten_20250307_155000.csv
daten_20250307_155003.csv
daten_20250307_155007.csv
daten_20250307_155010.csv
daten_20250307_155013.csv
daten_20250307_155016.csv
daten_20250307_155020.csv
daten_20250307_155023.csv
daten_20250307_155026.csv
daten_20250307_155029.csv
daten_20250307_155032.csv
daten_20250307_155035.csv
daten_20250307_155038.csv
daten_20250307_155042.csv
daten_20250307_155045.csv
daten_20250307_155048.csv
daten_20250307_155051.csv
daten_20250307_155054.csv
daten_20250307_155057.csv
daten_20250307_155100.csv
daten_20250307_155103.csv
daten_20250307_155107.csv
daten_20250307_155110.csv
daten_20250307_155114.csv
daten_20250307_155117.csv
logfile
pv.root
pv_cfg.py
